=== GBA Test Suite Runner ===
ROM:  tests/assets/roms/suite.gba
BIOS: tests/assets/roms/gba_bios.bin
Booting...
After 60 frames: PC=0x00000348 CPSR=0x6000005F halted=1 cycle=16769984

--- Suite 01: Memory ---
Frames: 147  PC=0x0802BB8C  CPSR=0x8000001F  halted=0  cycle=130532869
[sram]
Game Boy Advance Test Suite
===
Memory test: ROM load
Memory test: ROM store
Memory test: ROM out-of-bounds load
U8: Got 0x00000027 vs 0x00000056: FAIL
S8: Got 0x00000027 vs 0x00000056: FAIL
U16: Got 0x00000127 vs 0x00003456: FAIL
U16 (unaligned): Got 0x27000001 vs 0x56000034: FAIL
S16: Got 0x00000127 vs 0x00003456: FAIL
S16 (unaligned): Got 0x00000001 vs 0x00000034: FAIL
32: Got 0x00000127 vs 0x34573456: FAIL
32 (unaligned 1): Got 0x27000001 vs 0x56345734: FAIL
32 (unaligned 2): Got 0x01270000 vs 0x34563457: FAIL
32 (unaligned 3): Got 0x00012700 vs 0x57345634: FAIL
DMA1 16: Got 0x00000127 vs 0x00003456: FAIL
DMA1 16 (unaligned): Got 0x00000127 vs 0x00003456: FAIL
DMA1 32: Got 0x00000127 vs 0x34573456: FAIL
DMA1 32 (unaligned 1): Got 0x00000127 vs 0x34573456: FAIL
DMA1 32 (unaligned 2): Got 0x00000127 vs 0x34573456: FAIL
DMA1 32 (unaligned 3): Got 0x00000127 vs 0x34573456: FAIL
DMA2 16: Got 0x00000127 vs 0x00003456: FAIL
DMA2 16 (unaligned): Got 0x00000127 vs 0x00003456: FAIL
DMA2 32: Got 0x00000127 vs 0x34573456: FAIL
DMA2 32 (unaligned 1): Got 0x00000127 vs 0x34573456: FAIL
DMA2 32 (unaligned 2): Got 0x00000127 vs 0x34573456: FAIL
DMA2 32 (unaligned 3): Got 0x00000127 vs 0x34573456: FAIL
DMA3 16: Got 0x00000127 vs 0x00003456: FAIL
DMA3 16 (unaligned): Got 0x00000127 vs 0x00003456: FAIL
DMA3 32: Got 0x00000127 vs 0x34573456: FAIL
DMA3 32 (unaligned 1): Got 0x00000127 vs 0x34573456: FAIL
DMA3 32 (unaligned 2): Got 0x00000127 vs 0x34573456: FAIL
DMA3 32 (unaligned 3): Got 0x00000127 vs 0x34573456: FAIL
swi B 16: Got 0x00000127 vs 0x34573456: FAIL
swi B 16 (unaligned): Got 0x00000001 vs 0x00340034: FAIL
swi B 32: Got 0x00000127 vs 0x34573456: FAIL
swi B 32 (unaligned 1): Got 0x00000127 vs 0x34573456: FAIL
swi B 32 (unaligned 2): Got 0x00000127 vs 0x34573456: FAIL
swi B 32 (unaligned 3): Got 0x00000127 vs 0x34573456: FAIL
swi C 32: Got 0x00000127 vs 0x34573456: FAIL
swi C 32 (unaligned 1): Got 0x00000127 vs 0x34573456: FAIL
swi C 32 (unaligned 2): Got 0x00000127 vs 0x34573456: FAIL
swi C 32 (unaligned 3): Got 0x00000127 vs 0x34573456: FAIL
Memory test: IWRAM load
Memory test: IWRAM mirror load
Memory test: IWRAM store
Memory test: IWRAM mirror store
Memory test: EWRAM load
Memory test: EWRAM mirror load
Memory test: EWRAM store
Memory test: EWRAM mirror store
Memory test: Palette load
Memory test: Palette mirror load
Memory test: Palette store
Memory test: Palette mirror store
Memory test: VRAM load
Memory test: VRAM mirror load
Memory test: VRAM OBJ load
Memory test: VRAM OBJ mirror load
Memory test: VRAM OBJ mirror 2 load
Memory test: VRAM store
Memory test: VRAM mirror store
Memory test: VRAM OBJ store
Memory test: VRAM OBJ mirror store
Memory test: VRAM OBJ mirror 2 store
Memory test: OAM load
Memory test: OAM mirror load
Memory test: OAM store
Memory test: OAM mirror store
Memory test: SRAM load
Memory test: SRAM mirror load
Memory test: SRAM store
Memory test: SRAM mirror store
Memory test: BIOS load
U8: Got 0x00000018 vs 0x00000004: FAIL
S8: Got 0x00000018 vs 0x00000004: FAIL
U16: Got 0x00000018 vs 0x00002004: FAIL
U16 (unaligned): Got 0x18000000 vs 0x04000020: FAIL
S16: Got 0x00000018 vs 0x00002004: FAIL
S16 (unaligned): Got 0x00000000 vs 0x00000020: FAIL
32: Got 0xEA000018 vs 0xE3A02004: FAIL
32 (unaligned 1): Got 0x18EA0000 vs 0x04E3A020: FAIL
32 (unaligned 2): Got 0x0018EA00 vs 0x2004E3A0: FAIL
32 (unaligned 3): Got 0x000018EA vs 0xA02004E3: FAIL
Memory test: BIOS out-of-bounds load
U8: Got 0x00000000 vs 0x00000001: FAIL
S8: Got 0xFFFFFFD0 vs 0x00000002: FAIL
U16: Got 0x000030B0 vs 0x00002003: FAIL
U16 (unaligned): Got 0xB1000030 vs 0x04000020: FAIL
S16: Got 0x000030F0 vs 0x00002005: FAIL
S16 (unaligned): Got 0xFFFFFFF1 vs 0x00000020: FAIL
32: Got 0xE5903000 vs 0xE3A02007: FAIL
32 (unaligned 1): Got 0x01E59030 vs 0x08E3A020: FAIL
32 (unaligned 2): Got 0x3002E590 vs 0x2009E3A0: FAIL
32 (unaligned 3): Got 0x903003E5 vs 0x9F000CE5: FAIL
Memory test: Out-of-bounds load
U8: Got 0x00000000 vs 0x00000001: FAIL
S8: Got 0xFFFFFFD0 vs 0x00000002: FAIL
U16: Got 0x000030B0 vs 0x00002003: FAIL
U16 (unaligned): Got 0xB1000030 vs 0x04000020: FAIL
S16: Got 0x000030F0 vs 0x00002005: FAIL
S16 (unaligned): Got 0xFFFFFFF1 vs 0x00000020: FAIL
32: Got 0xE5903000 vs 0xE3A02007: FAIL
32 (unaligned 1): Got 0x01E59030 vs 0x08E3A020: FAIL
32 (unaligned 2): Got 0x3002E590 vs 0x2009E3A0: FAIL
32 (unaligned 3): Got 0x903003E5 vs 0x9F000CE5: FAIL
DBG STRH addr=0x04000010 val=0xFFFFFFFF pc=0x0800207E r1=0xFFFFFFFF

--- Suite 02: I/O read ---
Frames: 94  PC=0x0802BABC  CPSR=0x0000003F  halted=0  cycle=125757635
[sram]
Game Boy Advance Test Suite
===
BG0HOFS: Got 0xFFFF vs 0xDEAD: FAIL
BG0VOFS: Got 0xFFFF vs 0xDEAD: FAIL
BG1HOFS: Got 0xFFFF vs 0xDEAD: FAIL
BG1VOFS: Got 0xFFFF vs 0xDEAD: FAIL
BG2HOFS: Got 0xFFFF vs 0xDEAD: FAIL
BG2VOFS: Got 0xFFFF vs 0xDEAD: FAIL
BG3HOFS: Got 0xFFFF vs 0xDEAD: FAIL
BG3VOFS: Got 0xFFFF vs 0xDEAD: FAIL
BG2PA: Got 0xFFFF vs 0xDEAD: FAIL
BG2PB: Got 0xFFFF vs 0xDEAD: FAIL
BG2PC: Got 0xFFFF vs 0xDEAD: FAIL
BG2PD: Got 0xFFFF vs 0xDEAD: FAIL
BG2X_LO: Got 0xFFFF vs 0xDEAD: FAIL
BG2X_HI: Got 0xFFFF vs 0xDEAD: FAIL
BG2Y_LO: Got 0xFFFF vs 0xDEAD: FAIL
BG2Y_HI: Got 0xFFFF vs 0xDEAD: FAIL
BG3PA: Got 0xFFFF vs 0xDEAD: FAIL
BG3PB: Got 0xFFFF vs 0xDEAD: FAIL
BG3PC: Got 0xFFFF vs 0xDEAD: FAIL
BG3PD: Got 0xFFFF vs 0xDEAD: FAIL
BG3X_LO: Got 0xFFFF vs 0xDEAD: FAIL
BG3X_HI: Got 0xFFFF vs 0xDEAD: FAIL
BG3Y_LO: Got 0xFFFF vs 0xDEAD: FAIL
BG3Y_HI: Got 0xFFFF vs 0xDEAD: FAIL
WIN0H: Got 0xFFFF vs 0xDEAD: FAIL
WIN1H: Got 0xFFFF vs 0xDEAD: FAIL
WIN0V: Got 0xFFFF vs 0xDEAD: FAIL
WIN1V: Got 0xFFFF vs 0xDEAD: FAIL
MOSAIC: Got 0xFFFF vs 0xDEAD: FAIL
INVALID (4E): Got 0x0000 vs 0xDEAD: FAIL
BLDY: Got 0xFFFF vs 0xDEAD: FAIL
INVALID (56): Got 0x881D vs 0xDEAD: FAIL
INVALID (58): Got 0x881D vs 0xDEAD: FAIL
INVALID (5A): Got 0x881D vs 0xDEAD: FAIL
INVALID (5C): Got 0x881D vs 0xDEAD: FAIL
INVALID (5E): Got 0x881D vs 0xDEAD: FAIL
INVALID (8C): Got 0x0000 vs 0xDEAD: FAIL
INVALID (8E): Got 0x0000 vs 0xDEAD: FAIL
FIFO_A_LO: Got 0xFFFF vs 0xDEAD: FAIL
FIFO_A_HI: Got 0xFFFF vs 0xDEAD: FAIL
FIFO_B_LO: Got 0xFFFF vs 0xDEAD: FAIL
FIFO_B_HI: Got 0xFFFF vs 0xDEAD: FAIL
INVALID (A8): Got 0x881D vs 0xDEAD: FAIL
INVALID (AA): Got 0x881D vs 0xDEAD: FAIL
INVALID (AC): Got 0x881D vs 0xDEAD: FAIL
INVALID (AE): Got 0x881D vs 0xDEAD: FAIL
DMA0SAD_LO: Got 0xFFFF vs 0xDEAD: FAIL
DMA0SAD_HI: Got 0x07FF vs 0xDEAD: FAIL
DMA0DAD_LO: Got 0xFFFF vs 0xDEAD: FAIL
DMA0DAD_HI: Got 0x07FF vs 0xDEAD: FAIL
DMA0CNT_HI: Got 0xFFFF vs 0xF7E0: FAIL
DMA1SAD_LO: Got 0xFFFF vs 0xDEAD: FAIL
DMA1SAD_HI: Got 0x0FFF vs 0xDEAD: FAIL
DMA1DAD_LO: Got 0xFFFF vs 0xDEAD: FAIL
DMA1DAD_HI: Got 0x07FF vs 0xDEAD: FAIL
DMA1CNT_HI: Got 0xFFFF vs 0xF7E0: FAIL
DMA2SAD_LO: Got 0xFFFF vs 0xDEAD: FAIL
DMA2SAD_HI: Got 0x0FFF vs 0xDEAD: FAIL
DMA2DAD_LO: Got 0xFFFF vs 0xDEAD: FAIL
DMA2DAD_HI: Got 0x07FF vs 0xDEAD: FAIL
DMA2CNT_HI: Got 0xFFFF vs 0xF7E0: FAIL
DMA3SAD_LO: Got 0xFFFF vs 0xDEAD: FAIL
DMA3SAD_HI: Got 0x0FFF vs 0xDEAD: FAIL
DMA3DAD_LO: Got 0xFFFF vs 0xDEAD: FAIL
DMA3DAD_HI: Got 0x0FFF vs 0xDEAD: FAIL
DMA3CNT_HI: Got 0xFFFF vs 0xFFE0: FAIL
INVALID (E0): Got 0x881D vs 0xDEAD: FAIL
INVALID (E2): Got 0x881D vs 0xDEAD: FAIL
INVALID (E4): Got 0x881D vs 0xDEAD: FAIL
INVALID (E6): Got 0x881D vs 0xDEAD: FAIL
INVALID (E8): Got 0x881D vs 0xDEAD: FAIL
INVALID (EA): Got 0x881D vs 0xDEAD: FAIL
INVALID (EC): Got 0x881D vs 0xDEAD: FAIL
INVALID (EE): Got 0x881D vs 0xDEAD: FAIL
INVALID (F0): Got 0x881D vs 0xDEAD: FAIL
INVALID (F2): Got 0x881D vs 0xDEAD: FAIL
INVALID (F4): Got 0x881D vs 0xDEAD: FAIL
INVALID (F6): Got 0x881D vs 0xDEAD: FAIL
INVALID (F8): Got 0x881D vs 0xDEAD: FAIL
INVALID (FA): Got 0x881D vs 0xDEAD: FAIL
INVALID (FC): Got 0x881D vs 0xDEAD: FAIL
INVALID (FE): Got 0x881D vs 0xDEAD: FAIL
INVALID (136): Got 0x881D vs 0x0000: FAIL
INVALID (142): Got 0x881D vs 0x0000: FAIL
INVALID (15A): Got 0x881D vs 0x0000: FAIL
INVALID (206): Got 0x881D vs 0x0000: FAIL
INVALID (20A): Got 0x881D vs 0x0000: FAIL
INVALID (302): Got 0x881D vs 0x0000: FAIL
INVALID (100C): Got 0x881D vs 0xDEAD: FAIL

--- Suite 03: Timing ---
Frames: 96  PC=0x0802B9EA  CPSR=0x8000003F  halted=0  cycle=136431683
[sram]
Game Boy Advance Test Suite
===
Timing test: Calibration
ARM/ROM P..: Got     7 vs     4: FAIL
ARM/ROM .N.: Got     7 vs     6: FAIL
ARM/ROM PN.: Got     7 vs     4: FAIL
ARM/ROM ..S: Got     7 vs     6: FAIL
ARM/ROM P.S: Got     7 vs     2: FAIL
ARM/ROM .NS: Got     7 vs     5: FAIL
ARM/ROM PNS: Got     7 vs     2: FAIL
ARM/WRAM: Got     7 vs     5: FAIL
ARM/IWRAM: Got     2 vs     0: FAIL
Thumb/ROM ...: Got     5 vs     4: FAIL
Thumb/ROM P..: Got     5 vs     1: FAIL
Thumb/ROM .N.: Got     5 vs     3: FAIL
Thumb/ROM PN.: Got     5 vs     1: FAIL
Thumb/ROM ..S: Got     5 vs     4: FAIL
Thumb/ROM P.S: Got     5 vs     0: FAIL
Thumb/ROM .NS: Got     5 vs     3: FAIL
Thumb/ROM PNS: Got     5 vs     0: FAIL
Thumb/WRAM: Got     5 vs     2: FAIL
Thumb/IWRAM: Got     3 vs     0: FAIL
Timing test: nop
ARM/ROM ...: Got     7 vs     6: FAIL
ARM/ROM P..: Got     7 vs     6: FAIL
ARM/ROM .N.: Got     7 vs     6: FAIL
ARM/ROM PN.: Got     7 vs     6: FAIL
ARM/ROM ..S: Got     7 vs     4: FAIL
ARM/ROM P.S: Got     7 vs     4: FAIL
ARM/ROM .NS: Got     7 vs     4: FAIL
ARM/ROM PNS: Got     7 vs     4: FAIL
ARM/WRAM: Got     7 vs     6: FAIL
ARM/IWRAM: Got     2 vs     1: FAIL
Thumb/ROM ...: Got     4 vs     3: FAIL
Thumb/ROM P..: Got     4 vs     3: FAIL
Thumb/ROM .N.: Got     4 vs     3: FAIL
Thumb/ROM PN.: Got     4 vs     3: FAIL
Thumb/ROM ..S: Got     4 vs     2: FAIL
Thumb/ROM P.S: Got     4 vs     2: FAIL
Thumb/ROM .NS: Got     4 vs     2: FAIL
Thumb/ROM PNS: Got     4 vs     2: FAIL
Thumb/WRAM: Got     4 vs     3: FAIL
Thumb/IWRAM: Got     2 vs     1: FAIL
Timing test: nop / nop
ARM/ROM ...: Got    14 vs    12: FAIL
ARM/ROM P..: Got    14 vs    12: FAIL
ARM/ROM .N.: Got    14 vs    12: FAIL
ARM/ROM PN.: Got    14 vs    12: FAIL
ARM/ROM ..S: Got    14 vs     8: FAIL
ARM/ROM P.S: Got    14 vs     8: FAIL
ARM/ROM .NS: Got    14 vs     8: FAIL
ARM/ROM PNS: Got    14 vs     8: FAIL
ARM/WRAM: Got    14 vs    12: FAIL
ARM/IWRAM: Got     4 vs     2: FAIL
Thumb/ROM ...: Got     8 vs     6: FAIL
Thumb/ROM P..: Got     8 vs     6: FAIL
Thumb/ROM .N.: Got     8 vs     6: FAIL
Thumb/ROM PN.: Got     8 vs     6: FAIL
Thumb/ROM ..S: Got     8 vs     4: FAIL
Thumb/ROM P.S: Got     8 vs     4: FAIL
Thumb/ROM .NS: Got     8 vs     4: FAIL
Thumb/ROM PNS: Got     8 vs     4: FAIL
Thumb/WRAM: Got     8 vs     6: FAIL
Thumb/IWRAM: Got     4 vs     2: FAIL
Timing test: ldrh r2, [sp]
ARM/ROM ...: Got     8 vs    10: FAIL
ARM/ROM P..: Got     8 vs     6: FAIL
ARM/ROM .N.: Got     8 vs     9: FAIL
ARM/ROM PN.: Got     8 vs     6: FAIL
ARM/ROM ..S: Got     8 vs     9: FAIL
ARM/ROM P.S: Got     8 vs     4: FAIL
ARM/ROM PNS: Got     8 vs     4: FAIL
Thumb/ROM ...: Got     5 vs     7: FAIL
Thumb/ROM P..: Got     5 vs     3: FAIL
Thumb/ROM .N.: Got     5 vs     6: FAIL
Thumb/ROM PN.: Got     5 vs     3: FAIL
Thumb/ROM ..S: Got     5 vs     7: FAIL
Thumb/ROM P.S: Got     5 vs     3: FAIL
Thumb/ROM .NS: Got     5 vs     6: FAIL
Thumb/ROM PNS: Got     5 vs     3: FAIL
Timing test: ldrh r2, [sp] / nop

--- Suite 04: Timer count-up ---
Frames: 187  PC=0x0802BACC  CPSR=0x2000003F  halted=0  cycle=172105474
[sram]
Game Boy Advance Test Suite
===
Timer count-up test: 0b, 0x0001
1xs 1d 1i: Got 00000001 vs 00000002: FAIL
1xs 2d 1i: Got 00000001 vs 00000002: FAIL
1xs 4d 1i: Got 00000001 vs 00000002: FAIL
1xs 1d 2i: Got 00000001 vs 00000002: FAIL
1xs 2d 2i: Got 00000001 vs 00000002: FAIL
1xs 4d 2i: Got 00000001 vs 00000002: FAIL
1xs 1d 4i: Got 00000001 vs 00000002: FAIL
1xs 2d 4i: Got 00000001 vs 00000002: FAIL
1xs 4d 4i: Got 00000001 vs 00000002: FAIL
Timer count-up test: 0b, 0x0005
1xs 1d 1i: Got 00000002 vs 00000003: FAIL
1xv 1d 1i: Got FFFB vs FFFF: FAIL
16xv 1d 1i: Got FFFF vs FFFD: FAIL
1xs 2d 1i: Got 00000002 vs 00000003: FAIL
1xv 2d 1i: Got FFFB vs FFFF: FAIL
16xv 2d 1i: Got FFFF vs FFFD: FAIL
1xs 4d 1i: Got 00000002 vs 00000003: FAIL
1xv 4d 1i: Got FFFB vs FFFF: FAIL
16xv 4d 1i: Got FFFF vs FFFD: FAIL
1xs 1d 2i: Got 00000002 vs 00000003: FAIL
16xv 1d 2i: Got FFFF vs FFFE: FAIL
1xs 2d 2i: Got 00000002 vs 00000003: FAIL
16xv 2d 2i: Got FFFF vs FFFE: FAIL
1xs 4d 2i: Got 00000002 vs 00000003: FAIL
16xv 4d 2i: Got FFFF vs FFFE: FAIL
1xs 1d 4i: Got 00000002 vs 00000003: FAIL
1xv 1d 4i: Got FFFB vs FFFD: FAIL
16xv 1d 4i: Got FFFF vs FFFB: FAIL
1xs 2d 4i: Got 00000002 vs 00000003: FAIL
1xv 2d 4i: Got FFFB vs FFFD: FAIL
16xv 2d 4i: Got FFFF vs FFFB: FAIL
1xs 4d 4i: Got 00000002 vs 00000003: FAIL
1xv 4d 4i: Got FFFB vs FFFD: FAIL
16xv 4d 4i: Got FFFF vs FFFB: FAIL
Timer count-up test: 0b, 0x000C
1xs 1d 1i: Got 00000002 vs 00000003: FAIL
16xs 1d 1i: Got 00000010 vs 00000020: FAIL
1xv 1d 1i: Got FFF6 vs FFFC: FAIL
16xv 1d 1i: Got FFF6 vs FFFE: FAIL
1xs 2d 1i: Got 00000002 vs 00000003: FAIL
16xs 2d 1i: Got 00000010 vs 00000020: FAIL
1xv 2d 1i: Got FFF6 vs FFFC: FAIL
16xv 2d 1i: Got FFF6 vs FFFE: FAIL
1xs 4d 1i: Got 00000002 vs 00000003: FAIL
16xs 4d 1i: Got 00000010 vs 00000020: FAIL
1xv 4d 1i: Got FFF6 vs FFFC: FAIL
16xv 4d 1i: Got FFF6 vs FFFE: FAIL
1xs 1d 2i: Got 00000002 vs 00000003: FAIL
16xs 1d 2i: Got 00000010 vs 00000020: FAIL
1xv 1d 2i: Got FFF7 vs FFFD: FAIL
16xv 1d 2i: Got FFF7 vs FFFF: FAIL
1xs 2d 2i: Got 00000002 vs 00000003: FAIL
16xs 2d 2i: Got 00000010 vs 00000020: FAIL
1xv 2d 2i: Got FFF7 vs FFFD: FAIL
16xv 2d 2i: Got FFF7 vs FFFF: FAIL
1xs 4d 2i: Got 00000002 vs 00000003: FAIL
16xs 4d 2i: Got 00000010 vs 00000020: FAIL
1xv 4d 2i: Got FFF7 vs FFFD: FAIL
16xv 4d 2i: Got FFF7 vs FFFF: FAIL
1xs 1d 4i: Got 00000002 vs 00000003: FAIL
16xs 1d 4i: Got 00000010 vs 00000020: FAIL
1xv 1d 4i: Got FFF9 vs FFFF: FAIL
16xv 1d 4i: Got FFF9 vs FFF5: FAIL
1xs 2d 4i: Got 00000002 vs 00000003: FAIL
16xs 2d 4i: Got 00000010 vs 00000020: FAIL
1xv 2d 4i: Got FFF9 vs FFFF: FAIL
16xv 2d 4i: Got FFF9 vs FFF5: FAIL
1xs 4d 4i: Got 00000002 vs 00000003: FAIL
16xs 4d 4i: Got 00000010 vs 00000020: FAIL
1xv 4d 4i: Got FFF9 vs FFFF: FAIL
16xv 4d 4i: Got FFF9 vs FFF5: FAIL
Timer count-up test: 0b, 0x000D
1xs 1d 1i: Got 00000002 vs 00000004: FAIL
16xs 1d 1i: Got 00000010 vs 00000020: FAIL
1xv 1d 1i: Got FFF8 vs FFF6: FAIL
16xv 1d 1i: Got FFF8 vs FFF5: FAIL
1xs 2d 1i: Got 00000002 vs 00000004: FAIL
16xs 2d 1i: Got 00000010 vs 00000020: FAIL
1xv 2d 1i: Got FFF8 vs FFF6: FAIL
16xv 2d 1i: Got FFF8 vs FFF5: FAIL
1xs 4d 1i: Got 00000002 vs 00000004: FAIL
16xs 4d 1i: Got 00000010 vs 00000020: FAIL
1xv 4d 1i: Got FFF8 vs FFF6: FAIL
16xv 4d 1i: Got FFF8 vs FFF5: FAIL
1xs 1d 2i: Got 00000002 vs 00000004: FAIL
16xs 1d 2i: Got 00000010 vs 00000020: FAIL
16xv 1d 2i: Got FFFA vs FFF9: FAIL
1xs 2d 2i: Got 00000002 vs 00000004: FAIL
16xs 2d 2i: Got 00000010 vs 00000020: FAIL
16xv 2d 2i: Got FFFA vs FFF9: FAIL
1xs 4d 2i: Got 00000002 vs 00000004: FAIL
16xs 4d 2i: Got 00000010 vs 00000020: FAIL
16xv 4d 2i: Got FFFA vs FFF9: FAIL
1xs 1d 4i: Got 00000002 vs 00000004: FAIL
16xs 1d 4i: Got 00000010 vs 00000020: FAIL
1xv 1d 4i: Got FFFE vs FFF5: FAIL
16xv 1d 4i: Got FFFE vs FFF4: FAIL
1xs 2d 4i: Got 00000002 vs 00000004: FAIL
16xs 2d 4i: Got 00000010 vs 00000020: FAIL
1xv 2d 4i: Got FFFE vs FFF5: FAIL
16xv 2d 4i: Got FFFE vs FFF4: FAIL
1xs 4d 4i: Got 00000002 vs 00000004: FAIL
16xs 4d 4i: Got 00000010 vs 00000020: FAIL
1xv 4d 4i: Got FFFE vs FFF5: FAIL
16xv 4d 4i: Got FFFE vs FFF4: FAIL
Timer count-up test: 0b, 0x0010
1xs 1d 1i: Got 00000003 vs 00000004: FAIL
16xs 1d 1i: Got 00000010 vs 00000020: FAIL
1xv 1d 1i: Got FFFD vs FFFC: FAIL
1xs 2d 1i: Got 00000003 vs 00000004: FAIL
16xs 2d 1i: Got 00000010 vs 00000020: FAIL
1xv 2d 1i: Got FFFD vs FFFC: FAIL
1xs 4d 1i: Got 00000003 vs 00000004: FAIL
16xs 4d 1i: Got 00000010 vs 00000020: FAIL
1xv 4d 1i: Got FFFD vs FFFC: FAIL
1xs 1d 2i: Got 00000003 vs 00000004: FAIL
16xs 1d 2i: Got 00000010 vs 00000020: FAIL
1xv 1d 2i: Got FFFE vs FFF5: FAIL
16xv 1d 2i: Got FFFF vs FFF7: FAIL
1xs 2d 2i: Got 00000003 vs 00000004: FAIL
16xs 2d 2i: Got 00000010 vs 00000020: FAIL
1xv 2d 2i: Got FFFE vs FFF5: FAIL
16xv 2d 2i: Got FFFF vs FFF7: FAIL
1xs 4d 2i: Got 00000003 vs 00000004: FAIL
16xs 4d 2i: Got 00000010 vs 00000020: FAIL
1xv 4d 2i: Got FFFE vs FFF5: FAIL
16xv 4d 2i: Got FFFF vs FFF7: FAIL
1xs 1d 4i: Got 00000003 vs 00000004: FAIL
16xs 1d 4i: Got 00000010 vs 00000020: FAIL
1xv 1d 4i: Got FFF0 vs FFF7: FAIL
16xv 1d 4i: Got FFF1 vs FFF9: FAIL
1xs 2d 4i: Got 00000003 vs 00000004: FAIL
16xs 2d 4i: Got 00000010 vs 00000020: FAIL
1xv 2d 4i: Got FFF0 vs FFF7: FAIL
16xv 2d 4i: Got FFF1 vs FFF9: FAIL
1xs 4d 4i: Got 00000003 vs 00000004: FAIL
16xs 4d 4i: Got 00000010 vs 00000020: FAIL
1xv 4d 4i: Got FFF0 vs FFF7: FAIL
16xv 4d 4i: Got FFF1 vs FFF9: FAIL
Timer count-up test: 0b, 0x0014
1xs 1d 1i: Got 00000003 vs 00000004: FAIL
16xs 1d 1i: Got 00000010 vs 00000020: FAIL
1xv 1d 1i: Got FFF6 vs FFF8: FAIL
16xv 1d 1i: Got FFF6 vs FFF8: FAIL
1xs 2d 1i: Got 00000003 vs 00000004: FAIL
16xs 2d 1i: Got 00000010 vs 00000020: FAIL
1xv 2d 1i: Got FFF6 vs FFF8: FAIL
16xv 2d 1i: Got FFF6 vs FFF8: FAIL
1xs 4d 1i: Got 00000003 vs 00000004: FAIL
16xs 4d 1i: Got 00000010 vs 00000020: FAIL
1xv 4d 1i: Got FFF6 vs FFF8: FAIL
16xv 4d 1i: Got FFF6 vs FFF8: FAIL
1xs 1d 2i: Got 00000003 vs 00000004: FAIL
16xs 1d 2i: Got 00000010 vs 00000020: FAIL
1xv 1d 2i: Got FFFB vs FFF9: FAIL
16xv 1d 2i: Got FFFB vs FFF9: FAIL
1xs 2d 2i: Got 00000003 vs 00000004: FAIL
16xs 2d 2i: Got 00000010 vs 00000020: FAIL
1xv 2d 2i: Got FFFB vs FFF9: FAIL
16xv 2d 2i: Got FFFB vs FFF9: FAIL
1xs 4d 2i: Got 00000003 vs 00000004: FAIL
16xs 4d 2i: Got 00000010 vs 00000020: FAIL
1xv 4d 2i: Got FFFB vs FFF9: FAIL
16xv 4d 2i: Got FFFB vs FFF9: FAIL
1xs 1d 4i: Got 00000003 vs 00000004: FAIL
16xs 1d 4i: Got 00000010 vs 00000020: FAIL
1xv 1d 4i: Got FFF1 vs FFFB: FAIL
16xv 1d 4i: Got FFF1 vs FFFB: FAIL
1xs 2d 4i: Got 00000003 vs 00000004: FAIL
16xs 2d 4i: Got 00000010 vs 00000020: FAIL
1xv 2d 4i: Got FFF1 vs FFFB: FAIL
16xv 2d 4i: Got FFF1 vs FFFB: FAIL
1xs 4d 4i: Got 00000003 vs 00000004: FAIL
16xs 4d 4i: Got 00000010 vs 00000020: FAIL
1xv 4d 4i: Got FFF1 vs FFFB: FAIL
16xv 4d 4i: Got FFF1 vs FFFB: FAIL
Timer count-up test: 0b, 0x0015
1xs 1d 1i: Got 00000003 vs 00000005: FAIL
16xs 1d 1i: Got 00000010 vs 00000020: FAIL
1xv 1d 1i: Got FFEF vs FFF5: FAIL
16xv 1d 1i: Got FFEF vs FFF3: FAIL
1xs 2d 1i: Got 00000003 vs 00000005: FAIL
16xs 2d 1i: Got 00000010 vs 00000020: FAIL
1xv 2d 1i: Got FFEF vs FFF5: FAIL
16xv 2d 1i: Got FFEF vs FFF3: FAIL
1xs 4d 1i: Got 00000003 vs 00000005: FAIL
16xs 4d 1i: Got 00000010 vs 00000020: FAIL
1xv 4d 1i: Got FFEF vs FFF5: FAIL
16xv 4d 1i: Got FFEF vs FFF3: FAIL
1xs 1d 2i: Got 00000003 vs 00000005: FAIL
16xs 1d 2i: Got 00000010 vs 00000020: FAIL
1xv 1d 2i: Got FFED vs FFF0: FAIL
16xv 1d 2i: Got FFED vs FFEE: FAIL
1xs 2d 2i: Got 00000003 vs 00000005: FAIL
16xs 2d 2i: Got 00000010 vs 00000020: FAIL
1xv 2d 2i: Got FFED vs FFF0: FAIL
16xv 2d 2i: Got FFED vs FFEE: FAIL
1xs 4d 2i: Got 00000003 vs 00000005: FAIL
16xs 4d 2i: Got 00000010 vs 00000020: FAIL
1xv 4d 2i: Got FFED vs FFF0: FAIL
16xv 4d 2i: Got FFED vs FFEE: FAIL
1xs 1d 4i: Got 00000003 vs 00000005: FAIL
16xs 1d 4i: Got 00000010 vs 00000020: FAIL
1xv 1d 4i: Got FFFE vs FFFB: FAIL
16xv 1d 4i: Got FFFE vs FFF9: FAIL
1xs 2d 4i: Got 00000003 vs 00000005: FAIL
16xs 2d 4i: Got 00000010 vs 00000020: FAIL
1xv 2d 4i: Got FFFE vs FFFB: FAIL
16xv 2d 4i: Got FFFE vs FFF9: FAIL
1xs 4d 4i: Got 00000003 vs 00000005: FAIL
16xs 4d 4i: Got 00000010 vs 00000020: FAIL
1xv 4d 4i: Got FFFE vs FFFB: FAIL
16xv 4d 4i: Got FFFE vs FFF9: FAIL
Timer count-up test: 0b, 0x0020
1xs 1d 1i: Got 00000004 vs 00000006: FAIL
16xs 1d 1i: Got 00000010 vs 00000020: FAIL
1xv 1d 1i: Got FFEE vs FFFC: FAIL
16xv 1d 1i: Got FFEE vs FFFC: FAIL
1xs 2d 1i: Got 00000004 vs 00000006: FAIL
16xs 2d 1i: Got 00000010 vs 00000020: FAIL
1xv 2d 1i: Got FFEE vs FFFC: FAIL
16xv 2d 1i: Got FFEE vs FFFC: FAIL
1xs 4d 1i: Got 00000004 vs 00000006: FAIL
16xs 4d 1i: Got 00000010 vs 00000020: FAIL
1xv 4d 1i: Got FFEE vs FFFC: FAIL
16xv 4d 1i: Got FFEE vs FFFC: FAIL
1xs 1d 2i: Got 00000004 vs 00000006: FAIL
16xs 1d 2i: Got 00000010 vs 00000020: FAIL
1xv 1d 2i: Got FFFF vs FFF5: FAIL
16xv 1d 2i: Got FFFF vs FFF5: FAIL
1xs 2d 2i: Got 00000004 vs 00000006: FAIL
16xs 2d 2i: Got 00000010 vs 00000020: FAIL
1xv 2d 2i: Got FFFF vs FFF5: FAIL
16xv 2d 2i: Got FFFF vs FFF5: FAIL
1xs 4d 2i: Got 00000004 vs 00000006: FAIL
16xs 4d 2i: Got 00000010 vs 00000020: FAIL
1xv 4d 2i: Got FFFF vs FFF5: FAIL
16xv 4d 2i: Got FFFF vs FFF5: FAIL
1xs 1d 4i: Got 00000004 vs 00000006: FAIL
16xs 1d 4i: Got 00000010 vs 00000020: FAIL
1xv 1d 4i: Got FFE1 vs FFE7: FAIL
16xv 1d 4i: Got FFE1 vs FFE7: FAIL
1xs 2d 4i: Got 00000004 vs 00000006: FAIL
16xs 2d 4i: Got 00000010 vs 00000020: FAIL
1xv 2d 4i: Got FFE1 vs FFE7: FAIL
16xv 2d 4i: Got FFE1 vs FFE7: FAIL
1xs 4d 4i: Got 00000004 vs 00000006: FAIL
16xs 4d 4i: Got 00000010 vs 00000020: FAIL
1xv 4d 4i: Got FFE1 vs FFE7: FAIL
16xv 4d 4i: Got FFE1 vs FFE7: FAIL
Timer count-up test: 0b, 0x0024
1xs 1d 1i: Got 00000005 vs 00000006: FAIL
16xs 1d 1i: Got 00000020 vs 00000030: FAIL
1xv 1d 1i: Got FFDD vs FFF0: FAIL
16xv 1d 1i: Got FFDD vs FFF1: FAIL
1xs 2d 1i: Got 00000005 vs 00000006: FAIL
16xs 2d 1i: Got 00000020 vs 00000030: FAIL
1xv 2d 1i: Got FFDD vs FFF0: FAIL
16xv 2d 1i: Got FFDD vs FFF1: FAIL
1xs 4d 1i: Got 00000005 vs 00000006: FAIL
16xs 4d 1i: Got 00000020 vs 00000030: FAIL
1xv 4d 1i: Got FFDD vs FFF0: FAIL
16xv 4d 1i: Got FFDD vs FFF1: FAIL
1xs 1d 2i: Got 00000005 vs 00000006: FAIL
16xs 1d 2i: Got 00000020 vs 00000030: FAIL
1xv 1d 2i: Got FFDE vs FFFD: FAIL
16xv 1d 2i: Got FFDE vs FFFE: FAIL
1xs 2d 2i: Got 00000005 vs 00000006: FAIL
16xs 2d 2i: Got 00000020 vs 00000030: FAIL
1xv 2d 2i: Got FFDE vs FFFD: FAIL
16xv 2d 2i: Got FFDE vs FFFE: FAIL
1xs 4d 2i: Got 00000005 vs 00000006: FAIL
16xs 4d 2i: Got 00000020 vs 00000030: FAIL
1xv 4d 2i: Got FFDE vs FFFD: FAIL
16xv 4d 2i: Got FFDE vs FFFE: FAIL
1xs 1d 4i: Got 00000005 vs 00000006: FAIL
16xs 1d 4i: Got 00000020 vs 00000030: FAIL
1xv 1d 4i: Got FFE0 vs FFF3: FAIL
16xv 1d 4i: Got FFE0 vs FFF4: FAIL
1xs 2d 4i: Got 00000005 vs 00000006: FAIL
16xs 2d 4i: Got 00000020 vs 00000030: FAIL
1xv 2d 4i: Got FFE0 vs FFF3: FAIL
16xv 2d 4i: Got FFE0 vs FFF4: FAIL
1xs 4d 4i: Got 00000005 vs 00000006: FAIL
16xs 4d 4i: Got 00000020 vs 00000030: FAIL
1xv 4d 4i: Got FFE0 vs FFF3: FAIL
16xv 4d 4i: Got FFE0 vs FFF4: FAIL
Timer count-up test: 0b, 0x0025
1xs 1d 1i: Got 00000005 vs 00000007: FAIL
16xs 1d 1i: Got 00000020 vs 00000030: FAIL
1xv 1d 1i: Got FFFF vs FFEF: FAIL
16xv 1d 1i: Got FFFF vs FFED: FAIL
1xs 2d 1i: Got 00000005 vs 00000007: FAIL
16xs 2d 1i: Got 00000020 vs 00000030: FAIL
1xv 2d 1i: Got FFFF vs FFEF: FAIL
16xv 2d 1i: Got FFFF vs FFED: FAIL
1xs 4d 1i: Got 00000005 vs 00000007: FAIL
16xs 4d 1i: Got 00000020 vs 00000030: FAIL
1xv 4d 1i: Got FFFF vs FFEF: FAIL
16xv 4d 1i: Got FFFF vs FFED: FAIL
1xs 1d 2i: Got 00000005 vs 00000007: FAIL
16xs 1d 2i: Got 00000020 vs 00000030: FAIL
1xv 1d 2i: Got FFFC vs FFF9: FAIL
16xv 1d 2i: Got FFFC vs FFF7: FAIL
1xs 2d 2i: Got 00000005 vs 00000007: FAIL
16xs 2d 2i: Got 00000020 vs 00000030: FAIL
1xv 2d 2i: Got FFFC vs FFF9: FAIL
16xv 2d 2i: Got FFFC vs FFF7: FAIL
1xs 4d 2i: Got 00000005 vs 00000007: FAIL
16xs 4d 2i: Got 00000020 vs 00000030: FAIL
1xv 4d 2i: Got FFFC vs FFF9: FAIL
16xv 4d 2i: Got FFFC vs FFF7: FAIL
1xs 1d 4i: Got 00000005 vs 00000007: FAIL
16xs 1d 4i: Got 00000020 vs 00000030: FAIL
1xv 1d 4i: Got FFF6 vs FFE8: FAIL
16xv 1d 4i: Got FFF6 vs FFE6: FAIL
1xs 2d 4i: Got 00000005 vs 00000007: FAIL
16xs 2d 4i: Got 00000020 vs 00000030: FAIL
1xv 2d 4i: Got FFF6 vs FFE8: FAIL
16xv 2d 4i: Got FFF6 vs FFE6: FAIL
1xs 4d 4i: Got 00000005 vs 00000007: FAIL
16xs 4d 4i: Got 00000020 vs 00000030: FAIL
1xv 4d 4i: Got FFF6 vs FFE8: FAIL
16xv 4d 4i: Got FFF6 vs FFE6: FAIL
Timer count-up test: 0b, 0x0040
1xs 1d 1i: Got 00000008 vs 0000000A: FAIL
16xs 1d 1i: Got 00000020 vs 00000040: FAIL
1xv 1d 1i: Got FFEF vs FFDC: FAIL
16xv 1d 1i: Got FFEE vs FFDC: FAIL
1xs 2d 1i: Got 00000008 vs 0000000A: FAIL
16xs 2d 1i: Got 00000020 vs 00000040: FAIL
1xv 2d 1i: Got FFEF vs FFDC: FAIL
16xv 2d 1i: Got FFEE vs FFDC: FAIL
1xs 4d 1i: Got 00000008 vs 0000000A: FAIL
16xs 4d 1i: Got 00000020 vs 00000040: FAIL
1xv 4d 1i: Got FFEF vs FFDC: FAIL
16xv 4d 1i: Got FFEE vs FFDC: FAIL
1xs 1d 2i: Got 00000008 vs 0000000B: FAIL
16xs 1d 2i: Got 00000020 vs 00000040: FAIL
1xv 1d 2i: Got FFC0 vs FFDC: FAIL
16xv 1d 2i: Got FFFF vs FFDC: FAIL
1xs 2d 2i: Got 00000008 vs 0000000B: FAIL
16xs 2d 2i: Got 00000020 vs 00000040: FAIL
1xv 2d 2i: Got FFC0 vs FFDC: FAIL
16xv 2d 2i: Got FFFF vs FFDC: FAIL
1xs 4d 2i: Got 00000008 vs 0000000B: FAIL
16xs 4d 2i: Got 00000020 vs 00000040: FAIL
1xv 4d 2i: Got FFC0 vs FFDC: FAIL
16xv 4d 2i: Got FFFF vs FFDC: FAIL
1xs 1d 4i: Got 00000008 vs 0000000D: FAIL
16xs 1d 4i: Got 00000020 vs 00000050: FAIL
1xv 1d 4i: Got FFE2 vs FFDE: FAIL
16xv 1d 4i: Got FFE1 vs FFDE: FAIL
1xs 2d 4i: Got 00000008 vs 0000000D: FAIL
16xs 2d 4i: Got 00000020 vs 00000050: FAIL
1xv 2d 4i: Got FFE2 vs FFDE: FAIL
16xv 2d 4i: Got FFE1 vs FFDE: FAIL
1xs 4d 4i: Got 00000008 vs 0000000D: FAIL
16xs 4d 4i: Got 00000020 vs 00000050: FAIL
1xv 4d 4i: Got FFE2 vs FFDE: FAIL
16xv 4d 4i: Got FFE1 vs FFDE: FAIL
Timer count-up test: 0b, 0x0080
1xs 1d 1i: Got 0000000E vs 00000012: FAIL
16xs 1d 1i: Got 00000040 vs 00000070: FAIL
1xv 1d 1i: Got FFED vs FFDC: FAIL
16xv 1d 1i: Got FFEE vs FFDD: FAIL
1xs 2d 1i: Got 0000000E vs 00000012: FAIL
16xs 2d 1i: Got 00000040 vs 00000070: FAIL
1xv 2d 1i: Got FFED vs FFDC: FAIL
16xv 2d 1i: Got FFEE vs FFDD: FAIL
1xs 4d 1i: Got 0000000E vs 00000012: FAIL
16xs 4d 1i: Got 00000040 vs 00000070: FAIL
1xv 4d 1i: Got FFED vs FFDC: FAIL
16xv 4d 1i: Got FFEE vs FFDD: FAIL
1xs 1d 2i: Got 0000000E vs 00000013: FAIL
16xs 1d 2i: Got 00000040 vs 00000070: FAIL
1xv 1d 2i: Got FFFE vs FFDC: FAIL
16xv 1d 2i: Got FFFF vs FFDC: FAIL
1xs 2d 2i: Got 0000000E vs 00000013: FAIL
16xs 2d 2i: Got 00000040 vs 00000070: FAIL
1xv 2d 2i: Got FFFE vs FFDC: FAIL
16xv 2d 2i: Got FFFF vs FFDC: FAIL
1xs 4d 2i: Got 0000000E vs 00000013: FAIL
16xs 4d 2i: Got 00000040 vs 00000070: FAIL
1xv 4d 2i: Got FFFE vs FFDC: FAIL
16xv 4d 2i: Got FFFF vs FFDC: FAIL
1xs 1d 4i: Got 0000000E vs 00000015: FAIL
16xs 1d 4i: Got 00000040 vs 00000070: FAIL
1xv 1d 4i: Got FFA0 vs FFDE: FAIL
16xv 1d 4i: Got FFA1 vs FFDC: FAIL
1xs 2d 4i: Got 0000000E vs 00000015: FAIL
16xs 2d 4i: Got 00000040 vs 00000070: FAIL
1xv 2d 4i: Got FFA0 vs FFDE: FAIL
16xv 2d 4i: Got FFA1 vs FFDC: FAIL
1xs 4d 4i: Got 0000000E vs 00000015: FAIL
16xs 4d 4i: Got 00000040 vs 00000070: FAIL
1xv 4d 4i: Got FFA0 vs FFDE: FAIL
16xv 4d 4i: Got FFA1 vs FFDC: FAIL
Timer count-up test: 0b, 0x0800
1xs 1d 1i: Got 000000CE vs 00000102: FAIL
16xs 1d 1i: Got 00000340 vs 000005A0: FAIL
1xv 1d 1i: Got F86D vs F85C: FAIL
16xv 1d 1i: Got F86E vs F85C: FAIL
1xs 2d 1i: Got 000000CE vs 00000102: FAIL
16xs 2d 1i: Got 00000340 vs 000005A0: FAIL
1xv 2d 1i: Got F86D vs F85C: FAIL
16xv 2d 1i: Got F86E vs F85C: FAIL
1xs 4d 1i: Got 000000CE vs 00000102: FAIL
16xs 4d 1i: Got 00000340 vs 000005A0: FAIL
1xv 4d 1i: Got F86D vs F85C: FAIL
16xv 4d 1i: Got F86E vs F85C: FAIL
1xs 1d 2i: Got 0000018C vs 000001F3: FAIL
16xs 1d 2i: Got 00000630 vs 00000AE0: FAIL
1xv 1d 2i: Got F86D vs F85C: FAIL
16xv 1d 2i: Got F86D vs F85C: FAIL
1xs 2d 2i: Got 0000018C vs 000001F3: FAIL
16xs 2d 2i: Got 00000630 vs 00000AE0: FAIL
1xv 2d 2i: Got F86D vs F85C: FAIL
16xv 2d 2i: Got F86D vs F85C: FAIL
1xs 4d 2i: Got 0000018C vs 000001F3: FAIL
16xs 4d 2i: Got 00000630 vs 00000AE0: FAIL
1xv 4d 2i: Got F86D vs F85C: FAIL
16xv 4d 2i: Got F86D vs F85C: FAIL
1xs 1d 4i: Got 00000309 vs 000003D5: FAIL
16xs 1d 4i: Got 00000C30 vs 00001550: FAIL
1xv 1d 4i: Got F86E vs F85E: FAIL
16xv 1d 4i: Got F86E vs F85C: FAIL
1xs 2d 4i: Got 00000309 vs 000003D5: FAIL
16xs 2d 4i: Got 00000C30 vs 00001550: FAIL
1xv 2d 4i: Got F86E vs F85E: FAIL
16xv 2d 4i: Got F86E vs F85C: FAIL
1xs 4d 4i: Got 00000309 vs 000003D5: FAIL
16xs 4d 4i: Got 00000C30 vs 00001550: FAIL
1xv 4d 4i: Got F86E vs F85E: FAIL
16xv 4d 4i: Got F86E vs F85C: FAIL
Timer count-up test: 0b, 0x8000
1xs 1d 1i: Got 00000CCE vs 00001002: FAIL
16xs 1d 1i: Got 00003340 vs 00005920: FAIL
1xv 1d 1i: Got 806D vs 805C: FAIL
16xv 1d 1i: Got 806E vs 805E: FAIL
1xs 2d 1i: Got 00000CCE vs 00001002: FAIL
16xs 2d 1i: Got 00003340 vs 00005920: FAIL
1xv 2d 1i: Got 806D vs 805C: FAIL
16xv 2d 1i: Got 806E vs 805E: FAIL
1xs 4d 1i: Got 00000CCE vs 00001002: FAIL
16xs 4d 1i: Got 00003340 vs 00005920: FAIL
1xv 4d 1i: Got 806D vs 805C: FAIL
16xv 4d 1i: Got 806E vs 805E: FAIL
1xs 1d 2i: Got 0000198C vs 00001FF3: FAIL
16xs 1d 2i: Got 00006630 vs 0000B1D0: FAIL
1xv 1d 2i: Got 806D vs 805C: FAIL
16xv 1d 2i: Got 806D vs 805C: FAIL
1xs 2d 2i: Got 0000198C vs 00001FF3: FAIL
16xs 2d 2i: Got 00006630 vs 0000B1D0: FAIL
1xv 2d 2i: Got 806D vs 805C: FAIL
16xv 2d 2i: Got 806D vs 805C: FAIL
1xs 4d 2i: Got 0000198C vs 00001FF3: FAIL
16xs 4d 2i: Got 00006630 vs 0000B1D0: FAIL
1xv 4d 2i: Got 806D vs 805C: FAIL
16xv 4d 2i: Got 806D vs 805C: FAIL
1xs 1d 4i: Got 00003309 vs 00003FD5: FAIL
16xs 1d 4i: Got 0000CC30 vs 00016340: FAIL
1xv 1d 4i: Got 806E vs 805E: FAIL
16xv 1d 4i: Got 806E vs 805C: FAIL
1xs 2d 4i: Got 00003309 vs 00003FD5: FAIL
16xs 2d 4i: Got 0000CC30 vs 00016340: FAIL
1xv 2d 4i: Got 806E vs 805E: FAIL
16xv 2d 4i: Got 806E vs 805C: FAIL
1xs 4d 4i: Got 00003309 vs 00003FD5: FAIL
16xs 4d 4i: Got 0000CC30 vs 00016340: FAIL
1xv 4d 4i: Got 806E vs 805E: FAIL
16xv 4d 4i: Got 806E vs 805C: FAIL
Timer count-up test: 6b, 0x0010
1xs 1d 1i: Got 00000068 vs 0000007B: FAIL
16xs 1d 1i: Got 000001A0 vs 000002B0: FAIL
1xs 2d 1i: Got 00000068 vs 0000007B: FAIL
16xs 2d 1i: Got 000001A0 vs 000002B0: FAIL
1xs 4d 1i: Got 00000068 vs 00000081: FAIL
16xs 4d 1i: Got 000001A0 vs 000002D0: FAIL
1xs 1d 2i: Got 000000BF vs 000000EC: FAIL
16xs 1d 2i: Got 00000300 vs 00000520: FAIL
1xs 2d 2i: Got 000000BF vs 000000EB: FAIL
16xs 2d 2i: Got 00000300 vs 00000520: FAIL
1xs 4d 2i: Got 000000BF vs 000000F2: FAIL
16xs 4d 2i: Got 00000300 vs 00000550: FAIL
1xs 1d 4i: Got 0000016F vs 000001CE: FAIL
16xs 1d 4i: Got 000005C0 vs 00000A10: FAIL
1xs 2d 4i: Got 0000016F vs 000001CD: FAIL
16xs 2d 4i: Got 000005C0 vs 00000A10: FAIL
1xs 4d 4i: Got 0000016F vs 000001D4: FAIL
16xs 4d 4i: Got 000005C0 vs 00000A30: FAIL
Timer count-up test: 6b, 0x0011
1xs 1d 1i: Got 0000006E vs 00000083: FAIL
16xs 1d 1i: Got 000001C0 vs 000002E0: FAIL
1xs 2d 1i: Got 0000006E vs 00000083: FAIL
16xs 2d 1i: Got 000001C0 vs 000002E0: FAIL
1xs 4d 1i: Got 0000006E vs 00000089: FAIL
16xs 4d 1i: Got 000001C0 vs 00000300: FAIL
1xs 1d 2i: Got 000000CC vs 000000FC: FAIL
16xs 1d 2i: Got 00000330 vs 00000580: FAIL
1xs 2d 2i: Got 000000CC vs 000000FB: FAIL
16xs 2d 2i: Got 00000330 vs 00000580: FAIL
1xs 4d 2i: Got 000000CC vs 00000102: FAIL
16xs 4d 2i: Got 00000330 vs 000005A0: FAIL
1xs 1d 4i: Got 00000189 vs 000001EE: FAIL
16xs 1d 4i: Got 00000630 vs 00000AC0: FAIL
1xs 2d 4i: Got 00000189 vs 000001ED: FAIL
16xs 2d 4i: Got 00000630 vs 00000AC0: FAIL
1xs 4d 4i: Got 00000189 vs 000001F4: FAIL
16xs 4d 4i: Got 00000630 vs 00000AE0: FAIL
Timer count-up test: 6b, 0x0012
1xs 1d 1i: Got 00000074 vs 0000008B: FAIL
16xs 1d 1i: Got 000001D0 vs 00000310: FAIL
1xs 2d 1i: Got 00000074 vs 0000008B: FAIL
16xs 2d 1i: Got 000001D0 vs 00000310: FAIL
1xs 4d 1i: Got 00000074 vs 00000091: FAIL
16xs 4d 1i: Got 000001D0 vs 00000330: FAIL
1xs 1d 2i: Got 000000D9 vs 0000010C: FAIL
16xs 1d 2i: Got 00000370 vs 000005E0: FAIL
1xs 2d 2i: Got 000000D9 vs 0000010B: FAIL
16xs 2d 2i: Got 00000370 vs 000005D0: FAIL
1xs 4d 2i: Got 000000D9 vs 00000112: FAIL
16xs 4d 2i: Got 00000370 vs 00000600: FAIL
1xs 1d 4i: Got 000001A2 vs 0000020E: FAIL
16xs 1d 4i: Got 00000690 vs 00000B70: FAIL
1xs 2d 4i: Got 000001A2 vs 0000020D: FAIL
16xs 2d 4i: Got 00000690 vs 00000B70: FAIL
1xs 4d 4i: Got 000001A2 vs 00000214: FAIL
16xs 4d 4i: Got 00000690 vs 00000B90: FAIL
Timer count-up test: 6b, 0x0013
1xs 1d 1i: Got 0000007B vs 00000093: FAIL
16xs 1d 1i: Got 000001F0 vs 00000340: FAIL
1xs 2d 1i: Got 0000007B vs 00000093: FAIL
16xs 2d 1i: Got 000001F0 vs 00000330: FAIL
1xs 4d 1i: Got 0000007B vs 00000099: FAIL
16xs 4d 1i: Got 000001F0 vs 00000360: FAIL
1xs 1d 2i: Got 000000E6 vs 0000011C: FAIL
16xs 1d 2i: Got 000003A0 vs 00000630: FAIL
1xs 2d 2i: Got 000000E6 vs 0000011B: FAIL
16xs 2d 2i: Got 000003A0 vs 00000630: FAIL
1xs 4d 2i: Got 000000E6 vs 00000122: FAIL
16xs 4d 2i: Got 000003A0 vs 00000650: FAIL
1xs 1d 4i: Got 000001BC vs 0000022E: FAIL
16xs 1d 4i: Got 000006F0 vs 00000C20: FAIL
1xs 2d 4i: Got 000001BC vs 0000022D: FAIL
16xs 2d 4i: Got 000006F0 vs 00000C20: FAIL
1xs 4d 4i: Got 000001BC vs 00000234: FAIL
16xs 4d 4i: Got 000006F0 vs 00000C40: FAIL
Timer count-up test: 8b, 0x0010
1xs 1d 1i: Got 0000019B vs 000001EB: FAIL
16xs 1d 1i: Got 00000670 vs 00000AB0: FAIL
1xs 2d 1i: Got 0000019B vs 000001EB: FAIL
16xs 2d 1i: Got 00000670 vs 00000AB0: FAIL
1xs 4d 1i: Got 0000019B vs 000001E9: FAIL
16xs 4d 1i: Got 00000670 vs 00000AB0: FAIL
1xs 1d 2i: Got 00000326 vs 000003DC: FAIL
16xs 1d 2i: Got 00000CA0 vs 00001580: FAIL
1xs 2d 2i: Got 00000326 vs 000003DB: FAIL
16xs 2d 2i: Got 00000CA0 vs 00001580: FAIL
1xs 4d 2i: Got 00000326 vs 000003DA: FAIL
16xs 4d 2i: Got 00000CA0 vs 00001570: FAIL
1xs 1d 4i: Got 0000063C vs 000007BE: FAIL
16xs 1d 4i: Got 000018F0 vs 00002B20: FAIL
1xs 2d 4i: Got 0000063C vs 000007BD: FAIL
16xs 2d 4i: Got 000018F0 vs 00002B10: FAIL
1xs 4d 4i: Got 0000063C vs 000007BC: FAIL
16xs 4d 4i: Got 000018F0 vs 00002B10: FAIL
Timer count-up test: 8b, 0x0011
1xs 1d 1i: Got 000001B4 vs 0000020B: FAIL
16xs 1d 1i: Got 000006D0 vs 00000B60: FAIL
1xs 2d 1i: Got 000001B4 vs 0000020B: FAIL
16xs 2d 1i: Got 000006D0 vs 00000B60: FAIL
1xs 4d 1i: Got 000001B4 vs 00000209: FAIL
16xs 4d 1i: Got 000006D0 vs 00000B60: FAIL
1xs 1d 2i: Got 00000359 vs 0000041C: FAIL
16xs 1d 2i: Got 00000D70 vs 000016E0: FAIL
1xs 2d 2i: Got 00000359 vs 0000041B: FAIL
16xs 2d 2i: Got 00000D70 vs 000016E0: FAIL
1xs 4d 2i: Got 00000359 vs 0000041A: FAIL
16xs 4d 2i: Got 00000D70 vs 000016E0: FAIL
1xs 1d 4i: Got 000006A2 vs 0000083E: FAIL
16xs 1d 4i: Got 00001A90 vs 00002DE0: FAIL
1xs 2d 4i: Got 000006A2 vs 0000083D: FAIL
16xs 2d 4i: Got 00001A90 vs 00002DE0: FAIL
1xs 4d 4i: Got 000006A2 vs 0000083C: FAIL
16xs 4d 4i: Got 00001A90 vs 00002DE0: FAIL
Timer count-up test: 8b, 0x0012
1xs 1d 1i: Got 000001CE vs 0000022B: FAIL
16xs 1d 1i: Got 00000740 vs 00000C10: FAIL
1xs 2d 1i: Got 000001CE vs 0000022B: FAIL
16xs 2d 1i: Got 00000740 vs 00000C10: FAIL
1xs 4d 1i: Got 000001CE vs 00000229: FAIL
16xs 4d 1i: Got 00000740 vs 00000C10: FAIL
1xs 1d 2i: Got 0000038C vs 0000045C: FAIL
16xs 1d 2i: Got 00000E30 vs 00001850: FAIL
1xs 2d 2i: Got 0000038C vs 0000045B: FAIL
16xs 2d 2i: Got 00000E30 vs 00001840: FAIL
1xs 4d 2i: Got 0000038C vs 0000045A: FAIL
16xs 4d 2i: Got 00000E30 vs 00001840: FAIL
1xs 1d 4i: Got 00000709 vs 000008BE: FAIL
16xs 1d 4i: Got 00001C30 vs 000030B0: FAIL
1xs 2d 4i: Got 00000709 vs 000008BD: FAIL
16xs 2d 4i: Got 00001C30 vs 000030A0: FAIL
1xs 4d 4i: Got 00000709 vs 000008BC: FAIL
16xs 4d 4i: Got 00001C30 vs 000030A0: FAIL
Timer count-up test: 8b, 0x0013
1xs 1d 1i: Got 000001E8 vs 0000024B: FAIL
16xs 1d 1i: Got 000007A0 vs 00000CD0: FAIL
1xs 2d 1i: Got 000001E8 vs 0000024B: FAIL
16xs 2d 1i: Got 000007A0 vs 00000CC0: FAIL
1xs 4d 1i: Got 000001E8 vs 00000249: FAIL
16xs 4d 1i: Got 000007A0 vs 00000CC0: FAIL
1xs 1d 2i: Got 000003BF vs 0000049C: FAIL
16xs 1d 2i: Got 00000F00 vs 000019B0: FAIL
1xs 2d 2i: Got 000003BF vs 0000049B: FAIL
16xs 2d 2i: Got 00000F00 vs 000019B0: FAIL
1xs 4d 2i: Got 000003BF vs 0000049A: FAIL
16xs 4d 2i: Got 00000F00 vs 000019A0: FAIL
1xs 1d 4i: Got 0000076F vs 0000093E: FAIL
16xs 1d 4i: Got 00001DC0 vs 00003370: FAIL
1xs 2d 4i: Got 0000076F vs 0000093D: FAIL
16xs 2d 4i: Got 00001DC0 vs 00003370: FAIL
1xs 4d 4i: Got 0000076F vs 0000093C: FAIL
16xs 4d 4i: Got 00001DC0 vs 00003370: FAIL
Timer count-up test: 10b, 0x0010
1xs 1d 1i: Got 00000668 vs 000007EB: FAIL
16xs 1d 1i: Got 000019A0 vs 00002C10: FAIL
1xs 2d 1i: Got 00000668 vs 000007EB: FAIL
16xs 2d 1i: Got 000019A0 vs 00002C10: FAIL
1xs 4d 1i: Got 00000668 vs 000007E9: FAIL
16xs 4d 1i: Got 000019A0 vs 00002C10: FAIL
1xs 1d 2i: Got 00000CBF vs 00000FDC: FAIL
16xs 1d 2i: Got 00003300 vs 00005850: FAIL
1xs 2d 2i: Got 00000CBF vs 00000FDB: FAIL
16xs 2d 2i: Got 00003300 vs 00005840: FAIL
1xs 4d 2i: Got 00000CBF vs 00000FDA: FAIL
16xs 4d 2i: Got 00003300 vs 00005840: FAIL
1xs 1d 4i: Got 0000196F vs 00001FBE: FAIL
16xs 1d 4i: Got 000065C0 vs 0000B0B0: FAIL
1xs 2d 4i: Got 0000196F vs 00001FBD: FAIL
16xs 2d 4i: Got 000065C0 vs 0000B0A0: FAIL
1xs 4d 4i: Got 0000196F vs 00001FBC: FAIL
16xs 4d 4i: Got 000065C0 vs 0000B0A0: FAIL
Timer count-up test: 10b, 0x0011
1xs 1d 1i: Got 000006CE vs 0000086B: FAIL
16xs 1d 1i: Got 00001B40 vs 00002EE0: FAIL
1xs 2d 1i: Got 000006CE vs 0000086B: FAIL
16xs 2d 1i: Got 00001B40 vs 00002EE0: FAIL
1xs 4d 1i: Got 000006CE vs 00000869: FAIL
16xs 4d 1i: Got 00001B40 vs 00002ED0: FAIL
1xs 1d 2i: Got 00000D8C vs 000010DC: FAIL
16xs 1d 2i: Got 00003630 vs 00005DE0: FAIL
1xs 2d 2i: Got 00000D8C vs 000010DB: FAIL
16xs 2d 2i: Got 00003630 vs 00005DD0: FAIL
1xs 4d 2i: Got 00000D8C vs 000010DA: FAIL
16xs 4d 2i: Got 00003630 vs 00005DD0: FAIL
1xs 1d 4i: Got 00001B09 vs 000021BE: FAIL
16xs 1d 4i: Got 00006C30 vs 0000BBD0: FAIL
1xs 2d 4i: Got 00001B09 vs 000021BD: FAIL
16xs 2d 4i: Got 00006C30 vs 0000BBD0: FAIL
1xs 4d 4i: Got 00001B09 vs 000021BC: FAIL
16xs 4d 4i: Got 00006C30 vs 0000BBC0: FAIL
Timer count-up test: 10b, 0x0012
1xs 1d 1i: Got 00000734 vs 000008EB: FAIL
16xs 1d 1i: Got 00001CD0 vs 000031A0: FAIL
1xs 2d 1i: Got 00000734 vs 000008EB: FAIL
16xs 2d 1i: Got 00001CD0 vs 000031A0: FAIL
1xs 4d 1i: Got 00000734 vs 000008E9: FAIL
16xs 4d 1i: Got 00001CD0 vs 000031A0: FAIL
1xs 1d 2i: Got 00000E59 vs 000011DC: FAIL
16xs 1d 2i: Got 00003970 vs 00006370: FAIL
1xs 2d 2i: Got 00000E59 vs 000011DB: FAIL
16xs 2d 2i: Got 00003970 vs 00006360: FAIL
1xs 4d 2i: Got 00000E59 vs 000011DA: FAIL
16xs 4d 2i: Got 00003970 vs 00006360: FAIL
1xs 1d 4i: Got 00001CA2 vs 000023BE: FAIL
16xs 1d 4i: Got 00007290 vs 0000C6F0: FAIL
1xs 2d 4i: Got 00001CA2 vs 000023BD: FAIL
16xs 2d 4i: Got 00007290 vs 0000C6F0: FAIL
1xs 4d 4i: Got 00001CA2 vs 000023BC: FAIL
16xs 4d 4i: Got 00007290 vs 0000C6E0: FAIL
Timer count-up test: 10b, 0x0013
1xs 1d 1i: Got 0000079B vs 0000096B: FAIL
16xs 1d 1i: Got 00001E70 vs 00003470: FAIL
1xs 2d 1i: Got 0000079B vs 0000096B: FAIL
16xs 2d 1i: Got 00001E70 vs 00003470: FAIL
1xs 4d 1i: Got 0000079B vs 00000969: FAIL
16xs 4d 1i: Got 00001E70 vs 00003460: FAIL
1xs 1d 2i: Got 00000F26 vs 000012DC: FAIL
16xs 1d 2i: Got 00003CA0 vs 00006900: FAIL
1xs 2d 2i: Got 00000F26 vs 000012DB: FAIL
16xs 2d 2i: Got 00003CA0 vs 000068F0: FAIL
1xs 4d 2i: Got 00000F26 vs 000012DA: FAIL
16xs 4d 2i: Got 00003CA0 vs 000068F0: FAIL
1xs 1d 4i: Got 00001E3C vs 000025BE: FAIL
16xs 1d 4i: Got 000078F0 vs 0000D210: FAIL
1xs 2d 4i: Got 00001E3C vs 000025BD: FAIL
16xs 2d 4i: Got 000078F0 vs 0000D210: FAIL
1xs 4d 4i: Got 00001E3C vs 000025BC: FAIL
16xs 4d 4i: Got 000078F0 vs 0000D200: FAIL

--- Suite 05: Timer IRQ ---
Frames: 93  PC=0x0802BAC2  CPSR=0x2000003F  halted=0  cycle=155813509
[sram]
Game Boy Advance Test Suite
===
Timer IRQ test: FFFF
Got FFFF != 0000: FAIL
Got FFFF != 0001: FAIL
Got FFFF != 0002: FAIL
Got FFFF != 0003: FAIL
Got FFFF != 0051: FAIL
Got FFFF != 0051: FAIL
Got FFFF != 0051: FAIL
Got FFFF != 0051: FAIL
Got FFFF != 0051: FAIL
Got FFFF != 0051: FAIL
Timer IRQ test: FFFE
Got 0061 != 0001: FAIL
Got 0061 != 0002: FAIL
Got 0061 != 0003: FAIL
Got 0061 != 0004: FAIL
Got 0061 != 0052: FAIL
Got 0061 != 0052: FAIL
Got 0061 != 0052: FAIL
Got 0061 != 0052: FAIL
Got 0061 != 0052: FAIL
Timer IRQ test: FFFD
Got 0060 != FFFF: FAIL
Got 0060 != 0000: FAIL
Got 0060 != 0001: FAIL
Got 0060 != 0002: FAIL
Got 0060 != 0003: FAIL
Got 0060 != 0004: FAIL
Got 0060 != 0052: FAIL
Got 0060 != 0052: FAIL
Got 0060 != 0052: FAIL
Got 0060 != 0052: FAIL
Timer IRQ test: FFFC
Got 0000 != FFFE: FAIL
Got 0061 != FFFF: FAIL
Got 0061 != 0000: FAIL
Got 0061 != 0001: FAIL
Got 0061 != 0002: FAIL
Got 0061 != 0003: FAIL
Got 0061 != 0004: FAIL
Got 0061 != 0052: FAIL
Got 0061 != 0052: FAIL
Got 0061 != 0052: FAIL
Timer IRQ test: FFFB
Got FFFF != FFFD: FAIL
Got 0060 != FFFE: FAIL
Got 0060 != FFFF: FAIL
Got 0060 != 0000: FAIL
Got 0060 != 0001: FAIL
Got 0060 != 0002: FAIL
Got 0060 != 0003: FAIL
Got 0060 != 0004: FAIL
Got 0060 != 0052: FAIL
Got 0060 != 0052: FAIL
Timer IRQ test: FFFA
Got FFFE != FFFC: FAIL
Got 0000 != FFFD: FAIL
Got 0061 != FFFE: FAIL
Got 0061 != FFFF: FAIL
Got 0061 != 0000: FAIL
Got 0061 != 0001: FAIL
Got 0061 != 0002: FAIL
Got 0061 != 0003: FAIL
Got 0061 != 0004: FAIL
Got 0061 != 0052: FAIL
Timer IRQ test: FFF9
Got FFFD != FFFB: FAIL
Got FFFF != FFFC: FAIL
Got 0060 != FFFD: FAIL
Got 0060 != FFFE: FAIL
Got 0060 != FFFF: FAIL
Got 0060 != 0000: FAIL
Got 0060 != 0001: FAIL
Got 0060 != 0002: FAIL
Got 0060 != 0003: FAIL
Got 0060 != 0004: FAIL
Timer IRQ test: FFF8
Got FFFC != FFFA: FAIL
Got FFFE != FFFB: FAIL
Got 0000 != FFFC: FAIL
Got 0061 != FFFD: FAIL
Got 0061 != FFFE: FAIL
Got 0061 != FFFF: FAIL
Got 0061 != 0000: FAIL
Got 0061 != 0001: FAIL
Got 0061 != 0002: FAIL
Got 0061 != 0003: FAIL
Timer IRQ test: FFF7
Got FFFB != FFF9: FAIL
Got FFFD != FFFA: FAIL
Got FFFF != FFFB: FAIL
Got 0060 != FFFC: FAIL
Got 0060 != FFFD: FAIL
Got 0060 != FFFE: FAIL
Got 0060 != FFFF: FAIL
Got 0060 != 0000: FAIL
Got 0060 != 0001: FAIL
Got 0060 != 0002: FAIL

--- Suite 06: Shifter ---
Frames: 91  PC=0x0802BAC0  CPSR=0x2000003F  halted=0  cycle=165363970
[sram]
Game Boy Advance Test Suite
===
Shifter test: #0
Shifter test: #FF
Shifter test: #FF000000
Shifter test: #F000000F
Shifter test: r1
Shifter test: r1, lsl #0
Shifter test: r1, lsl #1
Shifter test: r1, lsl #31
Shifter test: r1, lsl r0 (0)
Shifter test: r1, lsl r0 (1)
Shifter test: r1, lsl r0 (31)
Shifter test: r1, lsl r0 (32)
Shifter test: r1, lsl r0 (33)
Shifter test: r1, lsl r0 (-1)
Shifter test: r1, lsr #1
Shifter test: r1, lsr #31
Shifter test: r1, lsr #32
Shifter test: r1, lsr r0 (0)
Shifter test: r1, lsr r0 (1)
Shifter test: r1, lsr r0 (31)
Shifter test: r1, lsr r0 (32)
Shifter test: r1, lsr r0 (33)
Shifter test: r1, lsr r0 (-1)
Shifter test: r1, asr #1
Shifter test: r1, asr #31
Shifter test: r1, asr #32
Shifter test: r1, asr r0 (0)
Shifter test: r1, asr r0 (1)
Shifter test: r1, asr r0 (31)
Shifter test: r1, asr r0 (32)
Shifter test: r1, asr r0 (33)
Shifter test: r1, asr r0 (-1)
Shifter test: r1, ror #1
Shifter test: r1, ror #31
Shifter test: r1, ror r0 (0)
Shifter test: r1, ror r0 (1)
Shifter test: r1, ror r0 (31)
Shifter test: r1, ror r0 (32)
Shifter test: r1, ror r0 (33)
Shifter test: r1, ror r0 (-1)
Shifter test: r1, rrx (+)
Shifter test: r1, rrx (-)
Shifter test: pc
Shifter test: pc, lsl #0
Shifter test: pc, lsl #31
Shifter test: pc, lsl r0 (0)
Got 0800BF48 vs 0800BF4C: FAIL
Shifter test: pc, lsr #31
Shifter test: pc, lsr #32
Shifter test: pc, lsr r0 (0)
Got 0800BFA8 vs 0800BFAC: FAIL
Shifter test: pc, lsr r0 (24)
Shifter test: pc, asr #31
Shifter test: pc, asr #32
Shifter test: pc, asr r0 (0)
Got 0800C008 vs 0800C00C: FAIL
Shifter test: pc, asr r0 (24)
Shifter test: add r0, pc, r1
Shifter test: add r0, pc, r1, lsl #0
Shifter test: add r0, pc, r1, lsl #1
Shifter test: add r0, pc, r1, lsl r0 (0)
Got 0800BF51 vs 0800BF55: FAIL
Shifter test: add r0, pc, r1, lsl r0 (1)
Got 0800BF52 vs 0800BF56: FAIL
Shifter test: add r0, pc, r1, lsr #1
Shifter test: add r0, pc, r1, lsr #32
Shifter test: add r0, pc, r1, lsr r0 (0)
Got 0800BFB1 vs 0800BFB5: FAIL
Shifter test: add r0, pc, r1, lsr r0 (1)
Got 0800BFB0 vs 0800BFB4: FAIL
Shifter test: add r0, pc, r1, asr #1
Shifter test: add r0, pc, r1, asr #32
Shifter test: add r0, pc, r1, asr r0 (0)
Got 8800C010 vs 8800C014: FAIL
Shifter test: add r0, pc, r1, asr r0 (1)
Got C800C010 vs C800C014: FAIL
Shifter test: add r0, pc, r1, ror #1
Shifter test: add r0, pc, r1, ror r0 (0)
Got A800C05D vs A800C061: FAIL
Shifter test: add r0, pc, r1, ror r0 (1)
Got D800C05A vs D800C05E: FAIL

--- Suite 07: Carry ---
Frames: 91  PC=0x0802B9EE  CPSR=0x0000003F  halted=0  cycle=175476226
[sram]
Game Boy Advance Test Suite
===
Carry test: 0, 0 (.)
Carry test: 0, 0 (C)
Carry test: 0, 0x7FFFFFFF (.)
sbcs: Got 80000000 (CSPR 9) vs 80000000 (CSPR 8): FAIL
Carry test: 0, 0x7FFFFFFF (C)
adcs: Got 80000000 (CSPR 8) vs 80000000 (CSPR 9): FAIL
Carry test: 0, 0x80000000 (.)
Carry test: 0, 0x80000000 (C)
Carry test: 0, 0xFFFFFFFF (.)
sbcs: Got 00000000 (CSPR 6) vs 00000000 (CSPR 4): FAIL
Carry test: 0, 0xFFFFFFFF (C)
Carry test: 0x7FFFFFFF, 0 (.)
rscs: Got 80000000 (CSPR 9) vs 80000000 (CSPR 8): FAIL
Carry test: 0x7FFFFFFF, 0 (C)
Carry test: 0x7FFFFFFF, 0x7FFFFFFF (.)
sbcs: Got FFFFFFFF (CSPR 9) vs FFFFFFFF (CSPR 8): FAIL
rscs: Got FFFFFFFF (CSPR 9) vs FFFFFFFF (CSPR 8): FAIL
Carry test: 0x7FFFFFFF, 0x7FFFFFFF (C)
adcs: Got FFFFFFFF (CSPR 8) vs FFFFFFFF (CSPR 9): FAIL
Carry test: 0x7FFFFFFF, 0x80000000 (.)
rscs: Got 00000000 (CSPR 6) vs 00000000 (CSPR 7): FAIL
Carry test: 0x7FFFFFFF, 0x80000000 (C)
Carry test: 0x7FFFFFFF, 0xFFFFFFFF (.)
sbcs: Got 7FFFFFFF (CSPR 2) vs 7FFFFFFF (CSPR 0): FAIL
rscs: Got 7FFFFFFF (CSPR 2) vs 7FFFFFFF (CSPR 3): FAIL
Carry test: 0x80000000, 0 (.)
Carry test: 0x80000000, 0 (C)
Carry test: 0x80000000, 0x7FFFFFFF (.)
sbcs: Got 00000000 (CSPR 6) vs 00000000 (CSPR 7): FAIL
Carry test: 0x80000000, 0x7FFFFFFF (C)
adcs: Got 00000000 (CSPR 7) vs 00000000 (CSPR 6): FAIL
Carry test: 0x80000000, 0x80000000 (.)
Carry test: 0x80000000, 0x80000000 (C)
Carry test: 0x80000000, 0xFFFFFFFF (.)
sbcs: Got 80000000 (CSPR A) vs 80000000 (CSPR 8): FAIL
Carry test: 0x80000000, 0xFFFFFFFF (C)
Carry test: 0xFFFFFFFF, 0 (.)
rscs: Got 00000000 (CSPR 6) vs 00000000 (CSPR 4): FAIL
Carry test: 0xFFFFFFFF, 0 (C)
Carry test: 0xFFFFFFFF, 0x7FFFFFFF (.)
sbcs: Got 7FFFFFFF (CSPR 2) vs 7FFFFFFF (CSPR 3): FAIL
rscs: Got 7FFFFFFF (CSPR 2) vs 7FFFFFFF (CSPR 0): FAIL
Carry test: 0xFFFFFFFF, 0x7FFFFFFF (C)
adcs: Got 7FFFFFFF (CSPR 3) vs 7FFFFFFF (CSPR 2): FAIL
Carry test: 0xFFFFFFFF, 0x80000000 (.)
rscs: Got 80000000 (CSPR A) vs 80000000 (CSPR 8): FAIL
Carry test: 0xFFFFFFFF, 0x80000000 (C)
Carry test: 0xFFFFFFFF, 0xFFFFFFFF (.)
sbcs: Got FFFFFFFF (CSPR A) vs FFFFFFFF (CSPR 8): FAIL
rscs: Got FFFFFFFF (CSPR A) vs FFFFFFFF (CSPR 8): FAIL
Carry test: 0xFFFFFFFF, 0xFFFFFFFF (C)

--- Suite 08: Multiply long ---
Frames: 91  PC=0x0802BAC4  CPSR=0x2000003F  halted=0  cycle=185588480
[sram]
Game Boy Advance Test Suite
===
Multiply Long test:   0 *   0
Multiply Long test:   1 *   0
Multiply Long test:  -1 *   0
Multiply Long test: $7F *   0
Multiply Long test: $80 *   0
Multiply Long test: $81 *   0
Multiply Long test:   0 *   1
Multiply Long test:   1 *   1
Multiply Long test:  -1 *   1
smulls: Got FFFFFFFF:FFFFFFFF (CSPR A) vs FFFFFFFF:FFFFFFFF (CSPR 8): FAIL
Multiply Long test: $7F *   1
Multiply Long test: $80 *   1
smulls: Got FFFFFFFF:80000000 (CSPR A) vs FFFFFFFF:80000000 (CSPR 8): FAIL
Multiply Long test: $81 *   1
smulls: Got FFFFFFFF:80000001 (CSPR A) vs FFFFFFFF:80000001 (CSPR 8): FAIL
Multiply Long test:   0 *  -1
Multiply Long test:   1 *  -1
smulls: Got FFFFFFFF:FFFFFFFF (CSPR A) vs FFFFFFFF:FFFFFFFF (CSPR 8): FAIL
Multiply Long test:  -1 *  -1
Multiply Long test: $7F *  -1
smulls: Got FFFFFFFF:80000001 (CSPR A) vs FFFFFFFF:80000001 (CSPR 8): FAIL
umulls: Got 7FFFFFFE:80000001 (CSPR 0) vs 7FFFFFFE:80000001 (CSPR 2): FAIL
Multiply Long test: $80 *  -1
Multiply Long test: $81 *  -1
umulls: Got 80000000:7FFFFFFF (CSPR A) vs 80000000:7FFFFFFF (CSPR 8): FAIL
Multiply Long test:   0 * $7F
Multiply Long test:   1 * $7F
Multiply Long test:  -1 * $7F
umulls: Got 7FFFFFFE:80000001 (CSPR 0) vs 7FFFFFFE:80000001 (CSPR 2): FAIL
Multiply Long test: $7F * $7F
Multiply Long test: $80 * $7F
umulls: Got 3FFFFFFF:80000000 (CSPR 0) vs 3FFFFFFF:80000000 (CSPR 2): FAIL
Multiply Long test: $81 * $7F
umulls: Got 3FFFFFFF:FFFFFFFF (CSPR 0) vs 3FFFFFFF:FFFFFFFF (CSPR 2): FAIL
Multiply Long test:   0 * $80
smulls: Got 00000000:00000000 (CSPR 4) vs 00000000:00000000 (CSPR 6): FAIL
Multiply Long test:   1 * $80
Multiply Long test:  -1 * $80
umulls: Got 7FFFFFFF:80000000 (CSPR 0) vs 7FFFFFFF:80000000 (CSPR 2): FAIL
Multiply Long test: $7F * $80
Multiply Long test: $80 * $80
umulls: Got 40000000:00000000 (CSPR 0) vs 40000000:00000000 (CSPR 2): FAIL
Multiply Long test: $81 * $80
umulls: Got 40000000:80000000 (CSPR 0) vs 40000000:80000000 (CSPR 2): FAIL
Multiply Long test:   0 * $81
smulls: Got 00000000:00000000 (CSPR 4) vs 00000000:00000000 (CSPR 6): FAIL
Multiply Long test:   1 * $81
Multiply Long test:  -1 * $81
Multiply Long test: $7F * $81
Multiply Long test: $80 * $81
umulls: Got 40000000:80000000 (CSPR 0) vs 40000000:80000000 (CSPR 2): FAIL
Multiply Long test: $81 * $81
umulls: Got 40000001:00000001 (CSPR 0) vs 40000001:00000001 (CSPR 2): FAIL

--- Suite 09: BIOS math ---
Frames: 93  PC=0x0802BBB4  CPSR=0x8000001F  halted=0  cycle=196262537
[sram]
Game Boy Advance Test Suite
===
Math test: ArcTan 00000000
Math test: ArcTan 00000001
Math test: ArcTan 00003FFF
Math test: ArcTan 00004000
Math test: ArcTan 00004001
Math test: ArcTan 00007FFF
Math test: ArcTan 00008000
Math test: ArcTan 00008001
Math test: ArcTan 0000BFFF
Math test: ArcTan 0000C000
Math test: ArcTan 0000C001
Math test: ArcTan 0000FFFF
Math test: ArcTan FFFF0000
Math test: ArcTan FFFF0001
Math test: ArcTan FFFF3FFF
Math test: ArcTan FFFF4000
Math test: ArcTan FFFF4001
Math test: ArcTan FFFF7FFF
Math test: ArcTan FFFF8000
Math test: ArcTan FFFF8001
Math test: ArcTan FFFFBFFF
Math test: ArcTan FFFFC000
Math test: ArcTan FFFFC001
Math test: ArcTan FFFFFFFF
Math test: ArcTan2 00000000,00000000
Math test: ArcTan2 00000001,00000000
Math test: ArcTan2 00003FFF,00000000
Math test: ArcTan2 00004000,00000000
Math test: ArcTan2 00004001,00000000
Math test: ArcTan2 00007FFF,00000000
Math test: ArcTan2 00008000,00000000
Math test: ArcTan2 00008001,00000000
Math test: ArcTan2 0000BFFF,00000000
Math test: ArcTan2 0000C000,00000000
Math test: ArcTan2 0000C001,00000000
Math test: ArcTan2 0000FFFF,00000000
Math test: ArcTan2 FFFF0000,00000000
Math test: ArcTan2 FFFF0001,00000000
Math test: ArcTan2 FFFF3FFF,00000000
Math test: ArcTan2 FFFF4000,00000000
Math test: ArcTan2 FFFF4001,00000000
Math test: ArcTan2 FFFF7FFF,00000000
Math test: ArcTan2 FFFF8000,00000000
Math test: ArcTan2 FFFF8001,00000000
Math test: ArcTan2 FFFFBFFF,00000000
Math test: ArcTan2 FFFFC000,00000000
Math test: ArcTan2 FFFFC001,00000000
Math test: ArcTan2 FFFFFFFF,00000000
Math test: ArcTan2 00000000,00000001
Math test: ArcTan2 00000001,00000001
Math test: ArcTan2 00004000,00000001
Math test: ArcTan2 00008000,00000001
Math test: ArcTan2 0000C000,00000001
Math test: ArcTan2 0000FFFF,00000001
Math test: ArcTan2 FFFF0000,00000001
Math test: ArcTan2 FFFF4000,00000001
Math test: ArcTan2 FFFF8000,00000001
Math test: ArcTan2 FFFFC000,00000001
Math test: ArcTan2 FFFFFFFF,00000001
Math test: ArcTan2 00000000,00004000
Math test: ArcTan2 00000001,00004000
Math test: ArcTan2 00004000,00004000
Math test: ArcTan2 00008000,00004000
Math test: ArcTan2 0000C000,00004000
Math test: ArcTan2 0000FFFF,00004000
Math test: ArcTan2 FFFF0000,00004000
Math test: ArcTan2 FFFF0001,00004000
Math test: ArcTan2 FFFF4000,00004000
Math test: ArcTan2 FFFF8000,00004000
Math test: ArcTan2 FFFFC000,00004000
Math test: ArcTan2 FFFFFFFF,00004000
Math test: ArcTan2 00000000,00008000
Math test: ArcTan2 00000001,00008000
Math test: ArcTan2 00004000,00008000
Math test: ArcTan2 00008000,00008000
Math test: ArcTan2 0000C000,00008000
Math test: ArcTan2 0000FFFF,00008000
Math test: ArcTan2 FFFF0000,00008000
Math test: ArcTan2 FFFF0001,00008000
Math test: ArcTan2 FFFF4000,00008000
Math test: ArcTan2 FFFF8000,00008000
Math test: ArcTan2 FFFFC000,00008000
Math test: ArcTan2 FFFFFFFF,00008000
Math test: ArcTan2 00000000,0000C000
Math test: ArcTan2 00000001,0000C000
Math test: ArcTan2 00004000,0000C000
Math test: ArcTan2 00008000,0000C000
Math test: ArcTan2 0000C000,0000C000
Math test: ArcTan2 0000FFFF,0000C000
Math test: ArcTan2 FFFF0000,0000C000
Math test: ArcTan2 FFFF0001,0000C000
Math test: ArcTan2 FFFF4000,0000C000
Math test: ArcTan2 FFFF8000,0000C000
Math test: ArcTan2 FFFFC000,0000C000
Math test: ArcTan2 FFFFFFFF,0000C000
Math test: ArcTan2 00000000,00010000
Math test: ArcTan2 00000001,00010000
Math test: ArcTan2 00004000,00010000
Math test: ArcTan2 00008000,00010000
Math test: ArcTan2 0000C000,00010000
Math test: ArcTan2 0000FFFF,00010000
Math test: ArcTan2 FFFF0000,00010000
Math test: ArcTan2 FFFF0001,00010000
Math test: ArcTan2 FFFF4000,00010000
Math test: ArcTan2 FFFF8000,00010000
Math test: ArcTan2 FFFFC000,00010000
Math test: ArcTan2 FFFFFFFF,00010000
Math test: ArcTan2 00000000,FFFF0000
Math test: ArcTan2 00000001,FFFF0000
Math test: ArcTan2 00004000,FFFF0000
Math test: ArcTan2 00008000,FFFF0000
Math test: ArcTan2 0000C000,FFFF0000
Math test: ArcTan2 0000FFFF,FFFF0000
Math test: ArcTan2 FFFF0000,FFFF0000
Math test: ArcTan2 FFFF0001,FFFF0000
Math test: ArcTan2 FFFF4000,FFFF0000
Math test: ArcTan2 FFFF8000,FFFF0000
Math test: ArcTan2 FFFFC000,FFFF0000
Math test: ArcTan2 FFFFFFFF,FFFF0000
Math test: Div 00000000/00000000
Math test: Div 00000001/00000000
Math test: Div FFFFFFFF/00000000
Math test: Div 80000000/FFFFFFFF

--- Suite 10: DMA ---
Frames: 168  PC=0x0802BB64  CPSR=0xA000001F  halted=0  cycle=227441987
[sram]
Game Boy Advance Test Suite
===
DMA test: 0 Imm H =IWRAM/=IWRAM
DMA test: 1 Imm H =IWRAM/=IWRAM
DMA test: 2 Imm H =IWRAM/=IWRAM
DMA test: 3 Imm H =IWRAM/=IWRAM
DMA test: 0 Imm H =IWRAM/=EWRAM
DMA test: 1 Imm H =IWRAM/=EWRAM
DMA test: 2 Imm H =IWRAM/=EWRAM
DMA test: 3 Imm H =IWRAM/=EWRAM
DMA test: 0 Imm H =IWRAM/=ROM
DMA test: 1 Imm H =IWRAM/=ROM
DMA test: 2 Imm H =IWRAM/=ROM
DMA test: 3 Imm H =IWRAM/=ROM
DMA test: 0 Imm H =EWRAM/=IWRAM
DMA test: 1 Imm H =EWRAM/=IWRAM
DMA test: 2 Imm H =EWRAM/=IWRAM
DMA test: 3 Imm H =EWRAM/=IWRAM
DMA test: 0 Imm H =EWRAM/=EWRAM
DMA test: 1 Imm H =EWRAM/=EWRAM
DMA test: 2 Imm H =EWRAM/=EWRAM
DMA test: 3 Imm H =EWRAM/=EWRAM
DMA test: 0 Imm H =EWRAM/=ROM
DMA test: 1 Imm H =EWRAM/=ROM
DMA test: 2 Imm H =EWRAM/=ROM
DMA test: 3 Imm H =EWRAM/=ROM
DMA test: 0 Imm H =ROM/=IWRAM
DMA test: 1 Imm H =ROM/=IWRAM
3: Got CB0EBEEF vs CB0EDEAD: FAIL
DMA test: 2 Imm H =ROM/=IWRAM
3: Got CB0EBEEF vs CB0EDEAD: FAIL
DMA test: 3 Imm H =ROM/=IWRAM
3: Got CB0EBEEF vs CB0EDEAD: FAIL
DMA test: 0 Imm H =ROM/=EWRAM
DMA test: 1 Imm H =ROM/=EWRAM
3: Got FEFDBEEF vs FEFDDEAD: FAIL
DMA test: 2 Imm H =ROM/=EWRAM
3: Got FEFDBEEF vs FEFDDEAD: FAIL
DMA test: 3 Imm H =ROM/=EWRAM
3: Got FEFDBEEF vs FEFDDEAD: FAIL
DMA test: 0 Imm H =ROM/=ROM
DMA test: 1 Imm H =ROM/=ROM
DMA test: 2 Imm H =ROM/=ROM
DMA test: 3 Imm H =ROM/=ROM
DMA test: 0 Imm H =BIOS/=IWRAM
DMA test: 1 Imm H =BIOS/=IWRAM
DMA test: 2 Imm H =BIOS/=IWRAM
DMA test: 3 Imm H =BIOS/=IWRAM
DMA test: 0 Imm H =BIOS/=EWRAM
DMA test: 1 Imm H =BIOS/=EWRAM
DMA test: 2 Imm H =BIOS/=EWRAM
DMA test: 3 Imm H =BIOS/=EWRAM
DMA test: 0 Imm H =BIOS/=ROM
DMA test: 1 Imm H =BIOS/=ROM
DMA test: 2 Imm H =BIOS/=ROM
DMA test: 3 Imm H =BIOS/=ROM
DMA test: 0 Imm H =SRAM/=IWRAM
DMA test: 1 Imm H =SRAM/=IWRAM
DMA test: 2 Imm H =SRAM/=IWRAM
DMA test: 3 Imm H =SRAM/=IWRAM
DMA test: 0 Imm H =SRAM/=EWRAM
DMA test: 1 Imm H =SRAM/=EWRAM
DMA test: 2 Imm H =SRAM/=EWRAM
DMA test: 3 Imm H =SRAM/=EWRAM
DMA test: 0 Imm H =SRAM/=ROM
DMA test: 1 Imm H =SRAM/=ROM
DMA test: 2 Imm H =SRAM/=ROM
DMA test: 0 Imm W =IWRAM/=IWRAM
DMA test: 1 Imm W =IWRAM/=IWRAM
DMA test: 2 Imm W =IWRAM/=IWRAM
DMA test: 3 Imm W =IWRAM/=IWRAM
DMA test: 0 Imm W =IWRAM/=EWRAM
DMA test: 1 Imm W =IWRAM/=EWRAM
DMA test: 2 Imm W =IWRAM/=EWRAM
DMA test: 3 Imm W =IWRAM/=EWRAM
DMA test: 0 Imm W =IWRAM/=ROM
DMA test: 1 Imm W =IWRAM/=ROM
DMA test: 2 Imm W =IWRAM/=ROM
DMA test: 3 Imm W =IWRAM/=ROM
DMA test: 0 Imm W =EWRAM/=IWRAM
DMA test: 1 Imm W =EWRAM/=IWRAM
DMA test: 2 Imm W =EWRAM/=IWRAM
DMA test: 3 Imm W =EWRAM/=IWRAM
DMA test: 0 Imm W =EWRAM/=EWRAM
DMA test: 1 Imm W =EWRAM/=EWRAM
DMA test: 2 Imm W =EWRAM/=EWRAM
DMA test: 3 Imm W =EWRAM/=EWRAM
DMA test: 0 Imm W =EWRAM/=ROM
DMA test: 1 Imm W =EWRAM/=ROM
DMA test: 2 Imm W =EWRAM/=ROM
DMA test: 3 Imm W =EWRAM/=ROM
DMA test: 0 Imm W =ROM/=IWRAM
DMA test: 1 Imm W =ROM/=IWRAM
3: Got DEADBEEF vs DEADBEF2: FAIL
DMA test: 2 Imm W =ROM/=IWRAM
3: Got DEADBEEF vs DEADBEF2: FAIL
DMA test: 3 Imm W =ROM/=IWRAM
3: Got DEADBEEF vs DEADBEF2: FAIL
DMA test: 0 Imm W =ROM/=EWRAM
DMA test: 1 Imm W =ROM/=EWRAM
3: Got DEADBEEF vs DEADBEF2: FAIL
DMA test: 2 Imm W =ROM/=EWRAM
3: Got DEADBEEF vs DEADBEF2: FAIL
DMA test: 3 Imm W =ROM/=EWRAM
3: Got DEADBEEF vs DEADBEF2: FAIL
DMA test: 0 Imm W =ROM/=ROM
DMA test: 1 Imm W =ROM/=ROM
DMA test: 2 Imm W =ROM/=ROM
DMA test: 3 Imm W =ROM/=ROM
DMA test: 0 Imm W =BIOS/=IWRAM
DMA test: 1 Imm W =BIOS/=IWRAM
DMA test: 2 Imm W =BIOS/=IWRAM
DMA test: 3 Imm W =BIOS/=IWRAM
DMA test: 0 Imm W =BIOS/=EWRAM
DMA test: 1 Imm W =BIOS/=EWRAM
DMA test: 2 Imm W =BIOS/=EWRAM
DMA test: 3 Imm W =BIOS/=EWRAM
DMA test: 0 Imm W =BIOS/=ROM
DMA test: 1 Imm W =BIOS/=ROM
DMA test: 2 Imm W =BIOS/=ROM
DMA test: 3 Imm W =BIOS/=ROM
DMA test: 0 Imm W =SRAM/=IWRAM
DMA test: 1 Imm W =SRAM/=IWRAM
DMA test: 2 Imm W =SRAM/=IWRAM
DMA test: 3 Imm W =SRAM/=IWRAM
DMA test: 0 Imm W =SRAM/=EWRAM
DMA test: 1 Imm W =SRAM/=EWRAM
DMA test: 2 Imm W =SRAM/=EWRAM
DMA test: 3 Imm W =SRAM/=EWRAM
DMA test: 0 Imm W =SRAM/=ROM
DMA test: 1 Imm W =SRAM/=ROM
DMA test: 2 Imm W =SRAM/=ROM
DMA test: 0 Imm H +IWRAM/=IWRAM
DMA test: 1 Imm H +IWRAM/=IWRAM
DMA test: 2 Imm H +IWRAM/=IWRAM
DMA test: 3 Imm H +IWRAM/=IWRAM
DMA test: 0 Imm H +IWRAM/=EWRAM
DMA test: 1 Imm H +IWRAM/=EWRAM
DMA test: 2 Imm H +IWRAM/=EWRAM
DMA test: 3 Imm H +IWRAM/=EWRAM
DMA test: 0 Imm H +IWRAM/=ROM
DMA test: 1 Imm H +IWRAM/=ROM
DMA test: 2 Imm H +IWRAM/=ROM
DMA test: 3 Imm H +IWRAM/=ROM
DMA test: 0 Imm H +EWRAM/=IWRAM
DMA test: 1 Imm H +EWRAM/=IWRAM
DMA test: 2 Imm H +EWRAM/=IWRAM
DMA test: 3 Imm H +EWRAM/=IWRAM
DMA test: 0 Imm H +EWRAM/=EWRAM
DMA test: 1 Imm H +EWRAM/=EWRAM
DMA test: 2 Imm H +EWRAM/=EWRAM
DMA test: 3 Imm H +EWRAM/=EWRAM
DMA test: 0 Imm H +EWRAM/=ROM
DMA test: 1 Imm H +EWRAM/=ROM
DMA test: 2 Imm H +EWRAM/=ROM
DMA test: 3 Imm H +EWRAM/=ROM
DMA test: 0 Imm H +ROM/=IWRAM
DMA test: 1 Imm H +ROM/=IWRAM
DMA test: 2 Imm H +ROM/=IWRAM
DMA test: 3 Imm H +ROM/=IWRAM
DMA test: 0 Imm H +ROM/=EWRAM
DMA test: 1 Imm H +ROM/=EWRAM
DMA test: 2 Imm H +ROM/=EWRAM
DMA test: 3 Imm H +ROM/=EWRAM
DMA test: 0 Imm H +ROM/=ROM
DMA test: 1 Imm H +ROM/=ROM
DMA test: 2 Imm H +ROM/=ROM
DMA test: 3 Imm H +ROM/=ROM
DMA test: 0 Imm H +BIOS/=IWRAM
DMA test: 1 Imm H +BIOS/=IWRAM
DMA test: 2 Imm H +BIOS/=IWRAM
DMA test: 3 Imm H +BIOS/=IWRAM
DMA test: 0 Imm H +BIOS/=EWRAM
DMA test: 1 Imm H +BIOS/=EWRAM
DMA test: 2 Imm H +BIOS/=EWRAM
DMA test: 3 Imm H +BIOS/=EWRAM
DMA test: 0 Imm H +BIOS/=ROM
DMA test: 1 Imm H +BIOS/=ROM
DMA test: 2 Imm H +BIOS/=ROM
DMA test: 3 Imm H +BIOS/=ROM
DMA test: 0 Imm H +SRAM/=IWRAM
DMA test: 1 Imm H +SRAM/=IWRAM
DMA test: 2 Imm H +SRAM/=IWRAM
DMA test: 3 Imm H +SRAM/=IWRAM
DMA test: 0 Imm H +SRAM/=EWRAM
DMA test: 1 Imm H +SRAM/=EWRAM
DMA test: 2 Imm H +SRAM/=EWRAM
DMA test: 3 Imm H +SRAM/=EWRAM
DMA test: 0 Imm H +SRAM/=ROM
DMA test: 1 Imm H +SRAM/=ROM
DMA test: 2 Imm H +SRAM/=ROM
DMA test: 0 Imm W +IWRAM/=IWRAM
DMA test: 1 Imm W +IWRAM/=IWRAM
DMA test: 2 Imm W +IWRAM/=IWRAM
DMA test: 3 Imm W +IWRAM/=IWRAM
DMA test: 0 Imm W +IWRAM/=EWRAM
DMA test: 1 Imm W +IWRAM/=EWRAM
DMA test: 2 Imm W +IWRAM/=EWRAM
DMA test: 3 Imm W +IWRAM/=EWRAM
DMA test: 0 Imm W +IWRAM/=ROM
DMA test: 1 Imm W +IWRAM/=ROM
DMA test: 2 Imm W +IWRAM/=ROM
DMA test: 3 Imm W +IWRAM/=ROM
DMA test: 0 Imm W +EWRAM/=IWRAM
DMA test: 1 Imm W +EWRAM/=IWRAM
DMA test: 2 Imm W +EWRAM/=IWRAM
DMA test: 3 Imm W +EWRAM/=IWRAM
DMA test: 0 Imm W +EWRAM/=EWRAM
DMA test: 1 Imm W +EWRAM/=EWRAM
DMA test: 2 Imm W +EWRAM/=EWRAM
DMA test: 3 Imm W +EWRAM/=EWRAM
DMA test: 0 Imm W +EWRAM/=ROM
DMA test: 1 Imm W +EWRAM/=ROM
DMA test: 2 Imm W +EWRAM/=ROM
DMA test: 3 Imm W +EWRAM/=ROM
DMA test: 0 Imm W +ROM/=IWRAM
DMA test: 1 Imm W +ROM/=IWRAM
DMA test: 2 Imm W +ROM/=IWRAM
DMA test: 3 Imm W +ROM/=IWRAM
DMA test: 0 Imm W +ROM/=EWRAM
DMA test: 1 Imm W +ROM/=EWRAM
DMA test: 2 Imm W +ROM/=EWRAM
DMA test: 3 Imm W +ROM/=EWRAM
DMA test: 0 Imm W +ROM/=ROM
DMA test: 1 Imm W +ROM/=ROM
DMA test: 2 Imm W +ROM/=ROM
DMA test: 3 Imm W +ROM/=ROM
DMA test: 0 Imm W +BIOS/=IWRAM
DMA test: 1 Imm W +BIOS/=IWRAM
DMA test: 2 Imm W +BIOS/=IWRAM
DMA test: 3 Imm W +BIOS/=IWRAM
DMA test: 0 Imm W +BIOS/=EWRAM
DMA test: 1 Imm W +BIOS/=EWRAM
DMA test: 2 Imm W +BIOS/=EWRAM
DMA test: 3 Imm W +BIOS/=EWRAM
DMA test: 0 Imm W +BIOS/=ROM
DMA test: 1 Imm W +BIOS/=ROM
DMA test: 2 Imm W +BIOS/=ROM
DMA test: 3 Imm W +BIOS/=ROM
DMA test: 0 Imm W +SRAM/=IWRAM
DMA test: 1 Imm W +SRAM/=IWRAM
DMA test: 2 Imm W +SRAM/=IWRAM
DMA test: 3 Imm W +SRAM/=IWRAM
DMA test: 0 Imm W +SRAM/=EWRAM
DMA test: 1 Imm W +SRAM/=EWRAM
DMA test: 2 Imm W +SRAM/=EWRAM
DMA test: 3 Imm W +SRAM/=EWRAM
DMA test: 0 Imm W +SRAM/=ROM
DMA test: 1 Imm W +SRAM/=ROM
DMA test: 2 Imm W +SRAM/=ROM
DMA test: 0 Imm H -IWRAM/=IWRAM
DMA test: 1 Imm H -IWRAM/=IWRAM
DMA test: 2 Imm H -IWRAM/=IWRAM
DMA test: 3 Imm H -IWRAM/=IWRAM
DMA test: 0 Imm H -IWRAM/=EWRAM
DMA test: 1 Imm H -IWRAM/=EWRAM
DMA test: 2 Imm H -IWRAM/=EWRAM
DMA test: 3 Imm H -IWRAM/=EWRAM
DMA test: 0 Imm H -IWRAM/=ROM
DMA test: 1 Imm H -IWRAM/=ROM
DMA test: 2 Imm H -IWRAM/=ROM
DMA test: 3 Imm H -IWRAM/=ROM
DMA test: 0 Imm H -EWRAM/=IWRAM
DMA test: 1 Imm H -EWRAM/=IWRAM
DMA test: 2 Imm H -EWRAM/=IWRAM
DMA test: 3 Imm H -EWRAM/=IWRAM
DMA test: 0 Imm H -EWRAM/=EWRAM
DMA test: 1 Imm H -EWRAM/=EWRAM
DMA test: 2 Imm H -EWRAM/=EWRAM
DMA test: 3 Imm H -EWRAM/=EWRAM
DMA test: 0 Imm H -EWRAM/=ROM
DMA test: 1 Imm H -EWRAM/=ROM
DMA test: 2 Imm H -EWRAM/=ROM
DMA test: 3 Imm H -EWRAM/=ROM
DMA test: 0 Imm H -ROM/=IWRAM
DMA test: 1 Imm H -ROM/=IWRAM
DMA test: 2 Imm H -ROM/=IWRAM
DMA test: 3 Imm H -ROM/=IWRAM
DMA test: 0 Imm H -ROM/=EWRAM
DMA test: 1 Imm H -ROM/=EWRAM
DMA test: 2 Imm H -ROM/=EWRAM
DMA test: 3 Imm H -ROM/=EWRAM
DMA test: 0 Imm H -ROM/=ROM
DMA test: 1 Imm H -ROM/=ROM
DMA test: 2 Imm H -ROM/=ROM
DMA test: 3 Imm H -ROM/=ROM
DMA test: 0 Imm H -BIOS/=IWRAM
DMA test: 1 Imm H -BIOS/=IWRAM
DMA test: 2 Imm H -BIOS/=IWRAM
DMA test: 3 Imm H -BIOS/=IWRAM
DMA test: 0 Imm H -BIOS/=EWRAM
DMA test: 1 Imm H -BIOS/=EWRAM
DMA test: 2 Imm H -BIOS/=EWRAM
DMA test: 3 Imm H -BIOS/=EWRAM
DMA test: 0 Imm H -BIOS/=ROM
DMA test: 1 Imm H -BIOS/=ROM
DMA test: 2 Imm H -BIOS/=ROM
DMA test: 3 Imm H -BIOS/=ROM
DMA test: 0 Imm H -SRAM/=IWRAM
DMA test: 1 Imm H -SRAM/=IWRAM
DMA test: 2 Imm H -SRAM/=IWRAM
DMA test: 3 Imm H -SRAM/=IWRAM
DMA test: 0 Imm H -SRAM/=EWRAM
DMA test: 1 Imm H -SRAM/=EWRAM
DMA test: 2 Imm H -SRAM/=EWRAM
DMA test: 3 Imm H -SRAM/=EWRAM
DMA test: 0 Imm H -SRAM/=ROM
DMA test: 1 Imm H -SRAM/=ROM
DMA test: 2 Imm H -SRAM/=ROM
DMA test: 0 Imm W -IWRAM/=IWRAM
DMA test: 1 Imm W -IWRAM/=IWRAM
DMA test: 2 Imm W -IWRAM/=IWRAM
DMA test: 3 Imm W -IWRAM/=IWRAM
DMA test: 0 Imm W -IWRAM/=EWRAM
DMA test: 1 Imm W -IWRAM/=EWRAM
DMA test: 2 Imm W -IWRAM/=EWRAM
DMA test: 3 Imm W -IWRAM/=EWRAM
DMA test: 0 Imm W -IWRAM/=ROM
DMA test: 1 Imm W -IWRAM/=ROM
DMA test: 2 Imm W -IWRAM/=ROM
DMA test: 3 Imm W -IWRAM/=ROM
DMA test: 0 Imm W -EWRAM/=IWRAM
DMA test: 1 Imm W -EWRAM/=IWRAM
DMA test: 2 Imm W -EWRAM/=IWRAM
DMA test: 3 Imm W -EWRAM/=IWRAM
DMA test: 0 Imm W -EWRAM/=EWRAM
DMA test: 1 Imm W -EWRAM/=EWRAM
DMA test: 2 Imm W -EWRAM/=EWRAM
DMA test: 3 Imm W -EWRAM/=EWRAM
DMA test: 0 Imm W -EWRAM/=ROM
DMA test: 1 Imm W -EWRAM/=ROM
DMA test: 2 Imm W -EWRAM/=ROM
DMA test: 3 Imm W -EWRAM/=ROM
DMA test: 0 Imm W -ROM/=IWRAM
DMA test: 1 Imm W -ROM/=IWRAM
3: Got DEADBEEC vs DEADBEF2: FAIL
DMA test: 2 Imm W -ROM/=IWRAM
3: Got DEADBEEC vs DEADBEF2: FAIL
DMA test: 3 Imm W -ROM/=IWRAM
3: Got DEADBEEC vs DEADBEF2: FAIL
DMA test: 0 Imm W -ROM/=EWRAM
DMA test: 1 Imm W -ROM/=EWRAM
3: Got DEADBEEC vs DEADBEF2: FAIL
DMA test: 2 Imm W -ROM/=EWRAM
3: Got DEADBEEC vs DEADBEF2: FAIL
DMA test: 3 Imm W -ROM/=EWRAM
3: Got DEADBEEC vs DEADBEF2: FAIL
DMA test: 0 Imm W -ROM/=ROM
DMA test: 1 Imm W -ROM/=ROM
DMA test: 2 Imm W -ROM/=ROM
DMA test: 3 Imm W -ROM/=ROM
DMA test: 0 Imm W -BIOS/=IWRAM
DMA test: 1 Imm W -BIOS/=IWRAM
DMA test: 2 Imm W -BIOS/=IWRAM
DMA test: 3 Imm W -BIOS/=IWRAM
DMA test: 0 Imm W -BIOS/=EWRAM
DMA test: 1 Imm W -BIOS/=EWRAM
DMA test: 2 Imm W -BIOS/=EWRAM
DMA test: 3 Imm W -BIOS/=EWRAM
DMA test: 0 Imm W -BIOS/=ROM
DMA test: 1 Imm W -BIOS/=ROM
DMA test: 2 Imm W -BIOS/=ROM
DMA test: 3 Imm W -BIOS/=ROM
DMA test: 0 Imm W -SRAM/=IWRAM
DMA test: 1 Imm W -SRAM/=IWRAM
DMA test: 2 Imm W -SRAM/=IWRAM
DMA test: 3 Imm W -SRAM/=IWRAM
DMA test: 0 Imm W -SRAM/=EWRAM
DMA test: 1 Imm W -SRAM/=EWRAM
DMA test: 2 Imm W -SRAM/=EWRAM
DMA test: 3 Imm W -SRAM/=EWRAM
DMA test: 0 Imm W -SRAM/=ROM
DMA test: 1 Imm W -SRAM/=ROM
DMA test: 2 Imm W -SRAM/=ROM
DMA test: 0 HBl H =IWRAM/=IWRAM
DMA test: 1 HBl H =IWRAM/=IWRAM
DMA test: 2 HBl H =IWRAM/=IWRAM
DMA test: 3 HBl H =IWRAM/=IWRAM
DMA test: 0 HBl H =IWRAM/=EWRAM
DMA test: 1 HBl H =IWRAM/=EWRAM
DMA test: 2 HBl H =IWRAM/=EWRAM
DMA test: 3 HBl H =IWRAM/=EWRAM
DMA test: 0 HBl H =IWRAM/=ROM
DMA test: 1 HBl H =IWRAM/=ROM
DMA test: 2 HBl H =IWRAM/=ROM
DMA test: 3 HBl H =IWRAM/=ROM
DMA test: 0 HBl H =EWRAM/=IWRAM
DMA test: 1 HBl H =EWRAM/=IWRAM
DMA test: 2 HBl H =EWRAM/=IWRAM
DMA test: 3 HBl H =EWRAM/=IWRAM
DMA test: 0 HBl H =EWRAM/=EWRAM
DMA test: 1 HBl H =EWRAM/=EWRAM
DMA test: 2 HBl H =EWRAM/=EWRAM
DMA test: 3 HBl H =EWRAM/=EWRAM
DMA test: 0 HBl H =EWRAM/=ROM
DMA test: 1 HBl H =EWRAM/=ROM
DMA test: 2 HBl H =EWRAM/=ROM
DMA test: 3 HBl H =EWRAM/=ROM
DMA test: 0 HBl H =ROM/=IWRAM
DMA test: 1 HBl H =ROM/=IWRAM
3: Got CB0EBEEF vs CB0EDEAD: FAIL
DMA test: 2 HBl H =ROM/=IWRAM
3: Got CB0EBEEF vs CB0EDEAD: FAIL
DMA test: 3 HBl H =ROM/=IWRAM
3: Got CB0EBEEF vs CB0EDEAD: FAIL
DMA test: 0 HBl H =ROM/=EWRAM
DMA test: 1 HBl H =ROM/=EWRAM
3: Got FEFDBEEF vs FEFDDEAD: FAIL
DMA test: 2 HBl H =ROM/=EWRAM
3: Got FEFDBEEF vs FEFDDEAD: FAIL
DMA test: 3 HBl H =ROM/=EWRAM
3: Got FEFDBEEF vs FEFDDEAD: FAIL
DMA test: 0 HBl H =ROM/=ROM
DMA test: 1 HBl H =ROM/=ROM
DMA test: 2 HBl H =ROM/=ROM
DMA test: 3 HBl H =ROM/=ROM
DMA test: 0 HBl H =BIOS/=IWRAM
DMA test: 1 HBl H =BIOS/=IWRAM
DMA test: 2 HBl H =BIOS/=IWRAM
DMA test: 3 HBl H =BIOS/=IWRAM
DMA test: 0 HBl H =BIOS/=EWRAM
DMA test: 1 HBl H =BIOS/=EWRAM
DMA test: 2 HBl H =BIOS/=EWRAM
DMA test: 3 HBl H =BIOS/=EWRAM
DMA test: 0 HBl H =BIOS/=ROM
DMA test: 1 HBl H =BIOS/=ROM
DMA test: 2 HBl H =BIOS/=ROM
DMA test: 3 HBl H =BIOS/=ROM
DMA test: 0 HBl H =SRAM/=IWRAM
DMA test: 1 HBl H =SRAM/=IWRAM
DMA test: 2 HBl H =SRAM/=IWRAM
DMA test: 3 HBl H =SRAM/=IWRAM
DMA test: 0 HBl H =SRAM/=EWRAM
DMA test: 1 HBl H =SRAM/=EWRAM
DMA test: 2 HBl H =SRAM/=EWRAM
DMA test: 3 HBl H =SRAM/=EWRAM
DMA test: 0 HBl H =SRAM/=ROM
DMA test: 1 HBl H =SRAM/=ROM
DMA test: 2 HBl H =SRAM/=ROM
DMA test: 0 HBl W =IWRAM/=IWRAM
DMA test: 1 HBl W =IWRAM/=IWRAM
DMA test: 2 HBl W =IWRAM/=IWRAM
DMA test: 3 HBl W =IWRAM/=IWRAM
DMA test: 0 HBl W =IWRAM/=EWRAM
DMA test: 1 HBl W =IWRAM/=EWRAM
DMA test: 2 HBl W =IWRAM/=EWRAM
DMA test: 3 HBl W =IWRAM/=EWRAM
DMA test: 0 HBl W =IWRAM/=ROM
DMA test: 1 HBl W =IWRAM/=ROM
DMA test: 2 HBl W =IWRAM/=ROM
DMA test: 3 HBl W =IWRAM/=ROM
DMA test: 0 HBl W =EWRAM/=IWRAM
DMA test: 1 HBl W =EWRAM/=IWRAM
DMA test: 2 HBl W =EWRAM/=IWRAM
DMA test: 3 HBl W =EWRAM/=IWRAM
DMA test: 0 HBl W =EWRAM/=EWRAM
DMA test: 1 HBl W =EWRAM/=EWRAM
DMA test: 2 HBl W =EWRAM/=EWRAM
DMA test: 3 HBl W =EWRAM/=EWRAM
DMA test: 0 HBl W =EWRAM/=ROM
DMA test: 1 HBl W =EWRAM/=ROM
DMA test: 2 HBl W =EWRAM/=ROM
DMA test: 3 HBl W =EWRAM/=ROM
DMA test: 0 HBl W =ROM/=IWRAM
DMA test: 1 HBl W =ROM/=IWRAM
3: Got DEADBEEF vs DEADBEF2: FAIL
DMA test: 2 HBl W =ROM/=IWRAM
3: Got DEADBEEF vs DEADBEF2: FAIL
DMA test: 3 HBl W =ROM/=IWRAM
3: Got DEADBEEF vs DEADBEF2: FAIL
DMA test: 0 HBl W =ROM/=EWRAM
DMA test: 1 HBl W =ROM/=EWRAM
3: Got DEADBEEF vs DEADBEF2: FAIL
DMA test: 2 HBl W =ROM/=EWRAM
3: Got DEADBEEF vs DEADBEF2: FAIL
DMA test: 3 HBl W =ROM/=EWRAM
3: Got DEADBEEF vs DEADBEF2: FAIL
DMA test: 0 HBl W =ROM/=ROM
DMA test: 1 HBl W =ROM/=ROM
DMA test: 2 HBl W =ROM/=ROM
DMA test: 3 HBl W =ROM/=ROM
DMA test: 0 HBl W =BIOS/=IWRAM
DMA test: 1 HBl W =BIOS/=IWRAM
DMA test: 2 HBl W =BIOS/=IWRAM
DMA test: 3 HBl W =BIOS/=IWRAM
DMA test: 0 HBl W =BIOS/=EWRAM
DMA test: 1 HBl W =BIOS/=EWRAM
DMA test: 2 HBl W =BIOS/=EWRAM
DMA test: 3 HBl W =BIOS/=EWRAM
DMA test: 0 HBl W =BIOS/=ROM
DMA test: 1 HBl W =BIOS/=ROM
DMA test: 2 HBl W =BIOS/=ROM
DMA test: 3 HBl W =BIOS/=ROM
DMA test: 0 HBl W =SRAM/=IWRAM
DMA test: 1 HBl W =SRAM/=IWRAM
DMA test: 2 HBl W =SRAM/=IWRAM
DMA test: 3 HBl W =SRAM/=IWRAM
DMA test: 0 HBl W =SRAM/=EWRAM
DMA test: 1 HBl W =SRAM/=EWRAM
DMA test: 2 HBl W =SRAM/=EWRAM
DMA test: 3 HBl W =SRAM/=EWRAM
DMA test: 0 HBl W =SRAM/=ROM
DMA test: 1 HBl W =SRAM/=ROM
DMA test: 2 HBl W =SRAM/=ROM
DMA test: 0 HBl H +IWRAM/=IWRAM
DMA test: 1 HBl H +IWRAM/=IWRAM
DMA test: 2 HBl H +IWRAM/=IWRAM
DMA test: 3 HBl H +IWRAM/=IWRAM
DMA test: 0 HBl H +IWRAM/=EWRAM
DMA test: 1 HBl H +IWRAM/=EWRAM
DMA test: 2 HBl H +IWRAM/=EWRAM
DMA test: 3 HBl H +IWRAM/=EWRAM
DMA test: 0 HBl H +IWRAM/=ROM
DMA test: 1 HBl H +IWRAM/=ROM
DMA test: 2 HBl H +IWRAM/=ROM
DMA test: 3 HBl H +IWRAM/=ROM
DMA test: 0 HBl H +EWRAM/=IWRAM
DMA test: 1 HBl H +EWRAM/=IWRAM
DMA test: 2 HBl H +EWRAM/=IWRAM
DMA test: 3 HBl H +EWRAM/=IWRAM
DMA test: 0 HBl H +EWRAM/=EWRAM
DMA test: 1 HBl H +EWRAM/=EWRAM
DMA test: 2 HBl H +EWRAM/=EWRAM
DMA test: 3 HBl H +EWRAM/=EWRAM
DMA test: 0 HBl H +EWRAM/=ROM
DMA test: 1 HBl H +EWRAM/=ROM
DMA test: 2 HBl H +EWRAM/=ROM
DMA test: 3 HBl H +EWRAM/=ROM
DMA test: 0 HBl H +ROM/=IWRAM
DMA test: 1 HBl H +ROM/=IWRAM
DMA test: 2 HBl H +ROM/=IWRAM
DMA test: 3 HBl H +ROM/=IWRAM
DMA test: 0 HBl H +ROM/=EWRAM
DMA test: 1 HBl H +ROM/=EWRAM
DMA test: 2 HBl H +ROM/=EWRAM
DMA test: 3 HBl H +ROM/=EWRAM
DMA test: 0 HBl H +ROM/=ROM
DMA test: 1 HBl H +ROM/=ROM
DMA test: 2 HBl H +ROM/=ROM
DMA test: 3 HBl H +ROM/=ROM
DMA test: 0 HBl H +BIOS/=IWRAM
DMA test: 1 HBl H +BIOS/=IWRAM
DMA test: 2 HBl H +BIOS/=IWRAM
DMA test: 3 HBl H +BIOS/=IWRAM
DMA test: 0 HBl H +BIOS/=EWRAM
DMA test: 1 HBl H +BIOS/=EWRAM
DMA test: 2 HBl H +BIOS/=EWRAM
DMA test: 3 HBl H +BIOS/=EWRAM
DMA test: 0 HBl H +BIOS/=ROM
DMA test: 1 HBl H +BIOS/=ROM
DMA test: 2 HBl H +BIOS/=ROM
DMA test: 3 HBl H +BIOS/=ROM
DMA test: 0 HBl H +SRAM/=IWRAM
DMA test: 1 HBl H +SRAM/=IWRAM
DMA test: 2 HBl H +SRAM/=IWRAM
DMA test: 3 HBl H +SRAM/=IWRAM
DMA test: 0 HBl H +SRAM/=EWRAM
DMA test: 1 HBl H +SRAM/=EWRAM
DMA test: 2 HBl H +SRAM/=EWRAM
DMA test: 3 HBl H +SRAM/=EWRAM
DMA test: 0 HBl H +SRAM/=ROM
DMA test: 1 HBl H +SRAM/=ROM
DMA test: 2 HBl H +SRAM/=ROM
DMA test: 0 HBl W +IWRAM/=IWRAM
DMA test: 1 HBl W +IWRAM/=IWRAM
DMA test: 2 HBl W +IWRAM/=IWRAM
DMA test: 3 HBl W +IWRAM/=IWRAM
DMA test: 0 HBl W +IWRAM/=EWRAM
DMA test: 1 HBl W +IWRAM/=EWRAM
DMA test: 2 HBl W +IWRAM/=EWRAM
DMA test: 3 HBl W +IWRAM/=EWRAM
DMA test: 0 HBl W +IWRAM/=ROM
DMA test: 1 HBl W +IWRAM/=ROM
DMA test: 2 HBl W +IWRAM/=ROM
DMA test: 3 HBl W +IWRAM/=ROM
DMA test: 0 HBl W +EWRAM/=IWRAM
DMA test: 1 HBl W +EWRAM/=IWRAM
DMA test: 2 HBl W +EWRAM/=IWRAM
DMA test: 3 HBl W +EWRAM/=IWRAM
DMA test: 0 HBl W +EWRAM/=EWRAM
DMA test: 1 HBl W +EWRAM/=EWRAM
DMA test: 2 HBl W +EWRAM/=EWRAM
DMA test: 3 HBl W +EWRAM/=EWRAM
DMA test: 0 HBl W +EWRAM/=ROM
DMA test: 1 HBl W +EWRAM/=ROM
DMA test: 2 HBl W +EWRAM/=ROM
DMA test: 3 HBl W +EWRAM/=ROM
DMA test: 0 HBl W +ROM/=IWRAM
DMA test: 1 HBl W +ROM/=IWRAM
DMA test: 2 HBl W +ROM/=IWRAM
DMA test: 3 HBl W +ROM/=IWRAM
DMA test: 0 HBl W +ROM/=EWRAM
DMA test: 1 HBl W +ROM/=EWRAM
DMA test: 2 HBl W +ROM/=EWRAM
DMA test: 3 HBl W +ROM/=EWRAM
DMA test: 0 HBl W +ROM/=ROM
DMA test: 1 HBl W +ROM/=ROM
DMA test: 2 HBl W +ROM/=ROM
DMA test: 3 HBl W +ROM/=ROM
DMA test: 0 HBl W +BIOS/=IWRAM
DMA test: 1 HBl W +BIOS/=IWRAM
DMA test: 2 HBl W +BIOS/=IWRAM
DMA test: 3 HBl W +BIOS/=IWRAM
DMA test: 0 HBl W +BIOS/=EWRAM
DMA test: 1 HBl W +BIOS/=EWRAM
DMA test: 2 HBl W +BIOS/=EWRAM
DMA test: 3 HBl W +BIOS/=EWRAM
DMA test: 0 HBl W +BIOS/=ROM
DMA test: 1 HBl W +BIOS/=ROM
DMA test: 2 HBl W +BIOS/=ROM
DMA test: 3 HBl W +BIOS/=ROM
DMA test: 0 HBl W +SRAM/=IWRAM
DMA test: 1 HBl W +SRAM/=IWRAM
DMA test: 2 HBl W +SRAM/=IWRAM
DMA test: 3 HBl W +SRAM/=IWRAM
DMA test: 0 HBl W +SRAM/=EWRAM
DMA test: 1 HBl W +SRAM/=EWRAM
DMA test: 2 HBl W +SRAM/=EWRAM
DMA test: 3 HBl W +SRAM/=EWRAM
DMA test: 0 HBl W +SRAM/=ROM
DMA test: 1 HBl W +SRAM/=ROM
DMA test: 2 HBl W +SRAM/=ROM
DMA test: 0 HBl H -IWRAM/=IWRAM
DMA test: 1 HBl H -IWRAM/=IWRAM
DMA test: 2 HBl H -IWRAM/=IWRAM
DMA test: 3 HBl H -IWRAM/=IWRAM
DMA test: 0 HBl H -IWRAM/=EWRAM
DMA test: 1 HBl H -IWRAM/=EWRAM
DMA test: 2 HBl H -IWRAM/=EWRAM
DMA test: 3 HBl H -IWRAM/=EWRAM
DMA test: 0 HBl H -IWRAM/=ROM
DMA test: 1 HBl H -IWRAM/=ROM
DMA test: 2 HBl H -IWRAM/=ROM
DMA test: 3 HBl H -IWRAM/=ROM
DMA test: 0 HBl H -EWRAM/=IWRAM
DMA test: 1 HBl H -EWRAM/=IWRAM
DMA test: 2 HBl H -EWRAM/=IWRAM
DMA test: 3 HBl H -EWRAM/=IWRAM
DMA test: 0 HBl H -EWRAM/=EWRAM
DMA test: 1 HBl H -EWRAM/=EWRAM
DMA test: 2 HBl H -EWRAM/=EWRAM
DMA test: 3 HBl H -EWRAM/=EWRAM
DMA test: 0 HBl H -EWRAM/=ROM
DMA test: 1 HBl H -EWRAM/=ROM
DMA test: 2 HBl H -EWRAM/=ROM
DMA test: 3 HBl H -EWRAM/=ROM
DMA test: 0 HBl H -ROM/=IWRAM
DMA test: 1 HBl H -ROM/=IWRAM
DMA test: 2 HBl H -ROM/=IWRAM
DMA test: 3 HBl H -ROM/=IWRAM
DMA test: 0 HBl H -ROM/=EWRAM
DMA test: 1 HBl H -ROM/=EWRAM
DMA test: 2 HBl H -ROM/=EWRAM
DMA test: 3 HBl H -ROM/=EWRAM
DMA test: 0 HBl H -ROM/=ROM
DMA test: 1 HBl H -ROM/=ROM
DMA test: 2 HBl H -ROM/=ROM
DMA test: 3 HBl H -ROM/=ROM
DMA test: 0 HBl H -BIOS/=IWRAM
DMA test: 1 HBl H -BIOS/=IWRAM
DMA test: 2 HBl H -BIOS/=IWRAM
DMA test: 3 HBl H -BIOS/=IWRAM
DMA test: 0 HBl H -BIOS/=EWRAM
DMA test: 1 HBl H -BIOS/=EWRAM
DMA test: 2 HBl H -BIOS/=EWRAM
DMA test: 3 HBl H -BIOS/=EWRAM
DMA test: 0 HBl H -BIOS/=ROM
DMA test: 1 HBl H -BIOS/=ROM
DMA test: 2 HBl H -BIOS/=ROM
DMA test: 3 HBl H -BIOS/=ROM
DMA test: 0 HBl H -SRAM/=IWRAM
DMA test: 1 HBl H -SRAM/=IWRAM
DMA test: 2 HBl H -SRAM/=IWRAM
DMA test: 3 HBl H -SRAM/=IWRAM
DMA test: 0 HBl H -SRAM/=EWRAM
DMA test: 1 HBl H -SRAM/=EWRAM
DMA test: 2 HBl H -SRAM/=EWRAM
DMA test: 3 HBl H -SRAM/=EWRAM
DMA test: 0 HBl H -SRAM/=ROM
DMA test: 1 HBl H -SRAM/=ROM
DMA test: 2 HBl H -SRAM/=ROM
DMA test: 0 HBl W -IWRAM/=IWRAM
DMA test: 1 HBl W -IWRAM/=IWRAM
DMA test: 2 HBl W -IWRAM/=IWRAM
DMA test: 3 HBl W -IWRAM/=IWRAM
DMA test: 0 HBl W -IWRAM/=EWRAM
DMA test: 1 HBl W -IWRAM/=EWRAM
DMA test: 2 HBl W -IWRAM/=EWRAM
DMA test: 3 HBl W -IWRAM/=EWRAM
DMA test: 0 HBl W -IWRAM/=ROM
DMA test: 1 HBl W -IWRAM/=ROM
DMA test: 2 HBl W -IWRAM/=ROM
DMA test: 3 HBl W -IWRAM/=ROM
DMA test: 0 HBl W -EWRAM/=IWRAM
DMA test: 1 HBl W -EWRAM/=IWRAM
DMA test: 2 HBl W -EWRAM/=IWRAM
DMA test: 3 HBl W -EWRAM/=IWRAM
DMA test: 0 HBl W -EWRAM/=EWRAM
DMA test: 1 HBl W -EWRAM/=EWRAM
DMA test: 2 HBl W -EWRAM/=EWRAM
DMA test: 3 HBl W -EWRAM/=EWRAM
DMA test: 0 HBl W -EWRAM/=ROM
DMA test: 1 HBl W -EWRAM/=ROM
DMA test: 2 HBl W -EWRAM/=ROM
DMA test: 3 HBl W -EWRAM/=ROM
DMA test: 0 HBl W -ROM/=IWRAM
DMA test: 1 HBl W -ROM/=IWRAM
3: Got DEADBEEC vs DEADBEF2: FAIL
DMA test: 2 HBl W -ROM/=IWRAM
3: Got DEADBEEC vs DEADBEF2: FAIL
DMA test: 3 HBl W -ROM/=IWRAM
3: Got DEADBEEC vs DEADBEF2: FAIL
DMA test: 0 HBl W -ROM/=EWRAM
DMA test: 1 HBl W -ROM/=EWRAM
3: Got DEADBEEC vs DEADBEF2: FAIL
DMA test: 2 HBl W -ROM/=EWRAM
3: Got DEADBEEC vs DEADBEF2: FAIL
DMA test: 3 HBl W -ROM/=EWRAM
3: Got DEADBEEC vs DEADBEF2: FAIL
DMA test: 0 HBl W -ROM/=ROM
DMA test: 1 HBl W -ROM/=ROM
DMA test: 2 HBl W -ROM/=ROM
DMA test: 3 HBl W -ROM/=ROM
DMA test: 0 HBl W -BIOS/=IWRAM
DMA test: 1 HBl W -BIOS/=IWRAM
DMA test: 2 HBl W -BIOS/=IWRAM
DMA test: 3 HBl W -BIOS/=IWRAM
DMA test: 0 HBl W -BIOS/=EWRAM
DMA test: 1 HBl W -BIOS/=EWRAM
DMA test: 2 HBl W -BIOS/=EWRAM
DMA test: 3 HBl W -BIOS/=EWRAM
DMA test: 0 HBl W -BIOS/=ROM
DMA test: 1 HBl W -BIOS/=ROM
DMA test: 2 HBl W -BIOS/=ROM
DMA test: 3 HBl W -BIOS/=ROM
DMA test: 0 HBl W -SRAM/=IWRAM
DMA test: 1 HBl W -SRAM/=IWRAM
DMA test: 2 HBl W -SRAM/=IWRAM
DMA test: 3 HBl W -SRAM/=IWRAM
DMA test: 0 HBl W -SRAM/=EWRAM
DMA test: 1 HBl W -SRAM/=EWRAM
DMA test: 2 HBl W -SRAM/=EWRAM
DMA test: 3 HBl W -SRAM/=EWRAM
DMA test: 0 HBl W -SRAM/=ROM
DMA test: 1 HBl W -SRAM/=ROM
DMA test: 2 HBl W -SRAM/=ROM
DMA test: 0 Imm W R+0x10/+IWRAM
DMA test: 1 Imm W R+0x10/+IWRAM
DMA test: 2 Imm W R+0x10/+IWRAM
DMA test: 3 Imm W R+0x10/+IWRAM
DMA test: 0 Imm W R+0x10/+EWRAM
DMA test: 1 Imm W R+0x10/+EWRAM
DMA test: 2 Imm W R+0x10/+EWRAM
DMA test: 3 Imm W R+0x10/+EWRAM
DMA test: 0 Imm H V+BIOS/+VRAM
DMA test: 1 Imm H V+BIOS/+VRAM
DMA test: 2 Imm H V+BIOS/+VRAM
DMA test: 3 Imm H V+BIOS/+VRAM

--- Suite 11: SIO register R/W ---
Frames: 91  PC=0x0802B9D2  CPSR=0x2000003F  halted=0  cycle=215925248
[sram]
Game Boy Advance Test Suite
===
M: SIOCNT: Got 0xEFFF vs 0x6F8F: FAIL
M: SIOMLT_SEND: Got 0x0000 vs 0xFFFF: FAIL
M: RCNT: Got 0x3FFF vs 0x01FF: FAIL
M: INVALID (136): Got 0x881A vs 0x0000: FAIL
M: JOYCNT: Got 0x0000 vs 0x0040: FAIL
M: INVALID (142): Got 0x881A vs 0x0000: FAIL
M: JOY_RECV_H: Got 0x881A vs 0x0000: FAIL
M: JOY_TRANS_H: Got 0x881A vs 0x0000: FAIL
M: JOYSTAT: Got 0x881A vs 0x0000: FAIL
N8: SIOCNT: Got 0xCFFF vs 0x4F8F: FAIL
N8: SIODATA8: Got 0x0000 vs 0xFFFF: FAIL
N8: RCNT: Got 0x3FFF vs 0x01F5: FAIL
N8: INVALID (136): Got 0x881A vs 0x0000: FAIL
N8: JOYCNT: Got 0x0000 vs 0x0040: FAIL
N8: INVALID (142): Got 0x881A vs 0x0000: FAIL
N8: JOY_RECV_H: Got 0x881A vs 0x0000: FAIL
N8: JOY_TRANS_H: Got 0x881A vs 0x0000: FAIL
N8: JOYSTAT: Got 0x881A vs 0x0000: FAIL
N32: SIODATA32_L: Got 0x0000 vs 0xFFFF: FAIL
N32: SIODATA32_H: Got 0x0000 vs 0xFFFF: FAIL
N32: SIOCNT: Got 0xDFFF vs 0x5F8F: FAIL
N32: SIODATA8: Got 0x0000 vs 0xFFFF: FAIL
N32: RCNT: Got 0x3FFF vs 0x01F5: FAIL
N32: INVALID (136): Got 0x881A vs 0x0000: FAIL
N32: JOYCNT: Got 0x0000 vs 0x0040: FAIL
N32: INVALID (142): Got 0x881A vs 0x0000: FAIL
N32: JOY_RECV_H: Got 0x881A vs 0x0000: FAIL
N32: JOY_TRANS_H: Got 0x881A vs 0x0000: FAIL
N32: JOYSTAT: Got 0x881A vs 0x0000: FAIL
U: SIOCNT: Got 0xFFFF vs 0x7FAF: FAIL
U: RCNT: Got 0x3FFF vs 0x01FF: FAIL
U: INVALID (136): Got 0x881A vs 0x0000: FAIL
U: JOYCNT: Got 0x0000 vs 0x0040: FAIL
U: INVALID (142): Got 0x881A vs 0x0000: FAIL
U: JOY_RECV_H: Got 0x881A vs 0x0000: FAIL
U: JOY_TRANS_H: Got 0x881A vs 0x0000: FAIL
U: JOYSTAT: Got 0x881A vs 0x0000: FAIL
G: SIOCNT: Got 0xCFFF vs 0x4F8F: FAIL
G: SIODATA8: Got 0x0000 vs 0xFFFF: FAIL
G: RCNT: Got 0xBFFF vs 0x81FF: FAIL
G: INVALID (136): Got 0x881A vs 0x0000: FAIL
G: JOYCNT: Got 0x0000 vs 0x0040: FAIL
G: INVALID (142): Got 0x881A vs 0x0000: FAIL
G: JOY_RECV_H: Got 0x881A vs 0x0000: FAIL
G: JOY_TRANS_H: Got 0x881A vs 0x0000: FAIL
G: JOYSTAT: Got 0x881A vs 0x0000: FAIL
J: SIOCNT: Got 0xCFFF vs 0x4F8F: FAIL
J: SIODATA8: Got 0x0000 vs 0xFFFF: FAIL
J: RCNT: Got 0xFFFF vs 0xC1FC: FAIL
J: INVALID (136): Got 0x881A vs 0x0000: FAIL
J: JOYCNT: Got 0x0000 vs 0x0040: FAIL
J: INVALID (142): Got 0x881A vs 0x0000: FAIL
J: JOY_RECV_H: Got 0x881A vs 0x0000: FAIL
J: JOY_TRANS_H: Got 0x881A vs 0x0000: FAIL
J: JOYSTAT: Got 0x881A vs 0x0000: FAIL

--- Suite 12: SIO timing ---
Frames: 91  PC=0x00000348  CPSR=0x6000001F  halted=1  cycle=226037504
[sram]
Game Boy Advance Test Suite
===
SIO timing test: Multi/9.6k
SIO timing test: Multi/38.4k
SIO timing test: Multi/57.6k
SIO timing test: Multi/115.2k
SIO timing test: Normal8/256k
Normal8/256k: Timed out: FAIL
SIO timing test: Normal8/2M
Normal8/2M: Timed out: FAIL
SIO timing test: Normal32/256k
Normal32/256k: Timed out: FAIL
SIO timing test: Normal32/2M
Normal32/2M: Timed out: FAIL

--- Suite 13: Misc. edge case ---
Frames: 91  PC=0x00000348  CPSR=0x6000001F  halted=1  cycle=236149760
[sram]
Game Boy Advance Test Suite
===
Break: Got 0x10002A64 vs 0x10000004: FAIL
Read: Got 0xDEAD0000 vs 0x0000CB04: FAIL
Start: Got 0x0000001B vs 0x0000001A: FAIL
Hblank: Got 0x000004D1 vs 0x000004D0: FAIL
Flip 1: Got 0x00000085 vs 0x000000B8: FAIL
Flip 2: Got 0x000003EC vs 0x000003BD: FAIL
Flip 3: Got 0x000000E4 vs 0x00000117: FAIL
Flip 4: Got 0x000003EC vs 0x000003BB: FAIL
Flip 5: Got 0x000000E4 vs 0x00000113: FAIL
Flip 6: Got 0x000003F5 vs 0x000003C7: FAIL

--- Suite 14: Video ---
Frames: 1800  PC=0x00000348  CPSR=0x6000001F  halted=1  cycle=726313280
[sram]
Game Boy Advance Test Suite
===

=== Summary ===
No END: summaries were emitted yet; use the per-suite SRAM output above.
