=== GBA Test Suite Runner ===
ROM:  tests/assets/roms/suite.gba
BIOS: tests/assets/roms/gba_bios.bin
Booting...
After 60 frames: PC=0x00000348 CPSR=0x6000005F halted=1 cycle=16769984
[DBG] Game Boy Advance Test Suite
===
[DBG] BEGIN: Timing tests
[DBG] Timing test: Calibration
[DBG] PASS: Calibration ARM/ROM ...
[DBG] PASS: Calibration ARM/ROM P..
[DBG] PASS: Calibration ARM/ROM .N.
[DBG] PASS: Calibration ARM/ROM PN.
[DBG] PASS: Calibration ARM/ROM ..S
[DBG] PASS: Calibration ARM/ROM P.S
[DBG] PASS: Calibration ARM/ROM .NS
[DBG] PASS: Calibration ARM/ROM PNS
[DBG] PASS: Calibration ARM/WRAM
[DBG] PASS: Calibration ARM/IWRAM
[DBG] FAIL: Calibration Thumb/ROM ...
[DBG] Thumb/ROM ...: Got     5 vs     4: FAIL
[DBG] PASS: Calibration Thumb/ROM P..
[DBG] FAIL: Calibration Thumb/ROM .N.
[DBG] Thumb/ROM .N.: Got     4 vs     3: FAIL
[DBG] PASS: Calibration Thumb/ROM PN.
[DBG] FAIL: Calibration Thumb/ROM ..S
[DBG] Thumb/ROM ..S: Got     5 vs     4: FAIL
[DBG] FAIL: Calibration Thumb/ROM P.S
[DBG] Thumb/ROM P.S: Got     1 vs     0: FAIL
[DBG] FAIL: Calibration Thumb/ROM .NS
[DBG] Thumb/ROM .NS: Got     4 vs     3: FAIL
[DBG] FAIL: Calibration Thumb/ROM PNS
[DBG] Thumb/ROM PNS: Got     1 vs     0: FAIL
[DBG] FAIL: Calibration Thumb/WRAM
[DBG] Thumb/WRAM: Got     3 vs     2: FAIL
[DBG] FAIL: Calibration Thumb/IWRAM
[DBG] Thumb/IWRAM: Got     1 vs     0: FAIL
[DBG] Timing test: nop
[DBG] PASS: nop ARM/ROM ...
[DBG] PASS: nop ARM/ROM P..
[DBG] PASS: nop ARM/ROM .N.
[DBG] PASS: nop ARM/ROM PN.
[DBG] PASS: nop ARM/ROM ..S
[DBG] PASS: nop ARM/ROM P.S
[DBG] PASS: nop ARM/ROM .NS
[DBG] PASS: nop ARM/ROM PNS
[DBG] PASS: nop ARM/WRAM
[DBG] PASS: nop ARM/IWRAM
[DBG] PASS: nop Thumb/ROM ...
[DBG] PASS: nop Thumb/ROM P..
[DBG] PASS: nop Thumb/ROM .N.
[DBG] PASS: nop Thumb/ROM PN.
[DBG] PASS: nop Thumb/ROM ..S
[DBG] FAIL: nop Thumb/ROM P.S
[DBG] Thumb/ROM P.S: Got     1 vs     2: FAIL
[DBG] PASS: nop Thumb/ROM .NS
[DBG] FAIL: nop Thumb/ROM PNS
[DBG] Thumb/ROM PNS: Got     1 vs     2: FAIL
[DBG] PASS: nop Thumb/WRAM
[DBG] PASS: nop Thumb/IWRAM
[DBG] Timing test: nop / nop
[DBG] PASS: nop / nop ARM/ROM ...
[DBG] PASS: nop / nop ARM/ROM P..
[DBG] PASS: nop / nop ARM/ROM .N.
[DBG] PASS: nop / nop ARM/ROM PN.
[DBG] PASS: nop / nop ARM/ROM ..S
[DBG] PASS: nop / nop ARM/ROM P.S
[DBG] PASS: nop / nop ARM/ROM .NS
[DBG] PASS: nop / nop ARM/ROM PNS
[DBG] PASS: nop / nop ARM/WRAM
[DBG] PASS: nop / nop ARM/IWRAM
[DBG] PASS: nop / nop Thumb/ROM ...
[DBG] PASS: nop / nop Thumb/ROM P..
[DBG] PASS: nop / nop Thumb/ROM .N.
[DBG] PASS: nop / nop Thumb/ROM PN.
[DBG] PASS: nop / nop Thumb/ROM ..S
[DBG] FAIL: nop / nop Thumb/ROM P.S
[DBG] Thumb/ROM P.S: Got     3 vs     4: FAIL
[DBG] PASS: nop / nop Thumb/ROM .NS
[DBG] FAIL: nop / nop Thumb/ROM PNS
[DBG] Thumb/ROM PNS: Got     3 vs     4: FAIL
[DBG] PASS: nop / nop Thumb/WRAM
[DBG] PASS: nop / nop Thumb/IWRAM
[DBG] Timing test: ldrh r2, [sp]
[DBG] PASS: ldrh r2, [sp] ARM/ROM ...
[DBG] PASS: ldrh r2, [sp] ARM/ROM P..
[DBG] PASS: ldrh r2, [sp] ARM/ROM .N.
[DBG] PASS: ldrh r2, [sp] ARM/ROM PN.
[DBG] PASS: ldrh r2, [sp] ARM/ROM ..S
[DBG] PASS: ldrh r2, [sp] ARM/ROM P.S
[DBG] PASS: ldrh r2, [sp] ARM/ROM .NS
[DBG] PASS: ldrh r2, [sp] ARM/ROM PNS
[DBG] PASS: ldrh r2, [sp] ARM/WRAM
[DBG] PASS: ldrh r2, [sp] ARM/IWRAM
[DBG] PASS: ldrh r2, [sp] Thumb/ROM ...
[DBG] PASS: ldrh r2, [sp] Thumb/ROM P..
[DBG] PASS: ldrh r2, [sp] Thumb/ROM .N.
[DBG] PASS: ldrh r2, [sp] Thumb/ROM PN.
[DBG] PASS: ldrh r2, [sp] Thumb/ROM ..S
[DBG] PASS: ldrh r2, [sp] Thumb/ROM P.S
[DBG] PASS: ldrh r2, [sp] Thumb/ROM .NS
[DBG] PASS: ldrh r2, [sp] Thumb/ROM PNS
[DBG] PASS: ldrh r2, [sp] Thumb/WRAM
[DBG] PASS: ldrh r2, [sp] Thumb/IWRAM
[DBG] Timing test: ldrh r2, [sp] / nop
[DBG] PASS: ldrh r2, [sp] / nop ARM/ROM ...
[DBG] PASS: ldrh r2, [sp] / nop ARM/ROM P..
[DBG] PASS: ldrh r2, [sp] / nop ARM/ROM .N.
[DBG] PASS: ldrh r2, [sp] / nop ARM/ROM PN.
[DBG] PASS: ldrh r2, [sp] / nop ARM/ROM ..S
[DBG] PASS: ldrh r2, [sp] / nop ARM/ROM P.S
[DBG] PASS: ldrh r2, [sp] / nop ARM/ROM .NS
[DBG] PASS: ldrh r2, [sp] / nop ARM/ROM PNS
[DBG] PASS: ldrh r2, [sp] / nop ARM/WRAM
[DBG] PASS: ldrh r2, [sp] / nop ARM/IWRAM
[DBG] PASS: ldrh r2, [sp] / nop Thumb/ROM ...
[DBG] PASS: ldrh r2, [sp] / nop Thumb/ROM P..
[DBG] PASS: ldrh r2, [sp] / nop Thumb/ROM .N.
[DBG] PASS: ldrh r2, [sp] / nop Thumb/ROM PN.
[DBG] PASS: ldrh r2, [sp] / nop Thumb/ROM ..S
[DBG] PASS: ldrh r2, [sp] / nop Thumb/ROM P.S
[DBG] PASS: ldrh r2, [sp] / nop Thumb/ROM .NS
[DBG] PASS: ldrh r2, [sp] / nop Thumb/ROM PNS
[DBG] PASS: ldrh r2, [sp] / nop Thumb/WRAM
[DBG] PASS: ldrh r2, [sp] / nop Thumb/IWRAM
[DBG] Timing test: nop / ldrh r2, [sp]
[DBG] PASS: nop / ldrh r2, [sp] ARM/ROM ...
[DBG] PASS: nop / ldrh r2, [sp] ARM/ROM P..
[DBG] PASS: nop / ldrh r2, [sp] ARM/ROM .N.
[DBG] PASS: nop / ldrh r2, [sp] ARM/ROM PN.
[DBG] PASS: nop / ldrh r2, [sp] ARM/ROM ..S
[DBG] PASS: nop / ldrh r2, [sp] ARM/ROM P.S
[DBG] PASS: nop / ldrh r2, [sp] ARM/ROM .NS
[DBG] PASS: nop / ldrh r2, [sp] ARM/ROM PNS
[DBG] PASS: nop / ldrh r2, [sp] ARM/WRAM
[DBG] PASS: nop / ldrh r2, [sp] ARM/IWRAM
[DBG] PASS: nop / ldrh r2, [sp] Thumb/ROM ...
[DBG] PASS: nop / ldrh r2, [sp] Thumb/ROM P..
[DBG] PASS: nop / ldrh r2, [sp] Thumb/ROM .N.
[DBG] FAIL: nop / ldrh r2, [sp] Thumb/ROM PN.
[DBG] Thumb/ROM PN.: Got     8 vs     6: FAIL
[DBG] PASS: nop / ldrh r2, [sp] Thumb/ROM ..S
[DBG] FAIL: nop / ldrh r2, [sp] Thumb/ROM P.S
[DBG] Thumb/ROM P.S: Got     4 vs     5: FAIL
[DBG] PASS: nop / ldrh r2, [sp] Thumb/ROM .NS
[DBG] FAIL: nop / ldrh r2, [sp] Thumb/ROM PNS
[DBG] Thumb/ROM PNS: Got     4 vs     5: FAIL
[DBG] PASS: nop / ldrh r2, [sp] Thumb/WRAM
[DBG] PASS: nop / ldrh r2, [sp] Thumb/IWRAM
[DBG] Timing test: nop / ldrh r2, [sp] / nop
[DBG] PASS: nop / ldrh r2, [sp] / nop ARM/ROM ...
[DBG] PASS: nop / ldrh r2, [sp] / nop ARM/ROM P..
[DBG] PASS: nop / ldrh r2, [sp] / nop ARM/ROM .N.
[DBG] PASS: nop / ldrh r2, [sp] / nop ARM/ROM PN.
[DBG] PASS: nop / ldrh r2, [sp] / nop ARM/ROM ..S
[DBG] PASS: nop / ldrh r2, [sp] / nop ARM/ROM P.S
[DBG] PASS: nop / ldrh r2, [sp] / nop ARM/ROM .NS
[DBG] PASS: nop / ldrh r2, [sp] / nop ARM/ROM PNS
[DBG] PASS: nop / ldrh r2, [sp] / nop ARM/WRAM
[DBG] PASS: nop / ldrh r2, [sp] / nop ARM/IWRAM
[DBG] PASS: nop / ldrh r2, [sp] / nop Thumb/ROM ...
[DBG] PASS: nop / ldrh r2, [sp] / nop Thumb/ROM P..
[DBG] PASS: nop / ldrh r2, [sp] / nop Thumb/ROM .N.
[DBG] PASS: nop / ldrh r2, [sp] / nop Thumb/ROM PN.
[DBG] PASS: nop / ldrh r2, [sp] / nop Thumb/ROM ..S
[DBG] FAIL: nop / ldrh r2, [sp] / nop Thumb/ROM P.S
[DBG] Thumb/ROM P.S: Got     5 vs     6: FAIL
[DBG] PASS: nop / ldrh r2, [sp] / nop Thumb/ROM .NS
[DBG] FAIL: nop / ldrh r2, [sp] / nop Thumb/ROM PNS
[DBG] Thumb/ROM PNS: Got     5 vs     6: FAIL
[DBG] PASS: nop / ldrh r2, [sp] / nop Thumb/WRAM
[DBG] PASS: nop / ldrh r2, [sp] / nop Thumb/IWRAM
[DBG] Timing test: ldrh r2, [#0x08000000]
[DBG] PASS: ldrh r2, [#0x08000000] ARM/ROM ...
[DBG] FAIL: ldrh r2, [#0x08000000] ARM/ROM P..
[DBG] ARM/ROM P..: Got    12 vs    14: FAIL
[DBG] PASS: ldrh r2, [#0x08000000] ARM/ROM .N.
[DBG] FAIL: ldrh r2, [#0x08000000] ARM/ROM PN.
[DBG] ARM/ROM PN.: Got    11 vs    12: FAIL
[DBG] PASS: ldrh r2, [#0x08000000] ARM/ROM ..S
[DBG] FAIL: ldrh r2, [#0x08000000] ARM/ROM P.S
[DBG] ARM/ROM P.S: Got    10 vs    13: FAIL
[DBG] PASS: ldrh r2, [#0x08000000] ARM/ROM .NS
[DBG] FAIL: ldrh r2, [#0x08000000] ARM/ROM PNS
[DBG] ARM/ROM PNS: Got     9 vs    11: FAIL
[DBG] PASS: ldrh r2, [#0x08000000] ARM/WRAM
[DBG] PASS: ldrh r2, [#0x08000000] ARM/IWRAM
[DBG] PASS: ldrh r2, [#0x08000000] Thumb/ROM ...
[DBG] FAIL: ldrh r2, [#0x08000000] Thumb/ROM P..
[DBG] Thumb/ROM P..: Got     9 vs    11: FAIL
[DBG] PASS: ldrh r2, [#0x08000000] Thumb/ROM .N.
[DBG] FAIL: ldrh r2, [#0x08000000] Thumb/ROM PN.
[DBG] Thumb/ROM PN.: Got     8 vs     9: FAIL
[DBG] PASS: ldrh r2, [#0x08000000] Thumb/ROM ..S
[DBG] FAIL: ldrh r2, [#0x08000000] Thumb/ROM P.S
[DBG] Thumb/ROM P.S: Got     9 vs    11: FAIL
[DBG] PASS: ldrh r2, [#0x08000000] Thumb/ROM .NS
[DBG] FAIL: ldrh r2, [#0x08000000] Thumb/ROM PNS
[DBG] Thumb/ROM PNS: Got     8 vs     9: FAIL
[DBG] PASS: ldrh r2, [#0x08000000] Thumb/WRAM
[DBG] PASS: ldrh r2, [#0x08000000] Thumb/IWRAM
[DBG] Timing test: ldrh r2, [#0x08000000] / nop
[DBG] PASS: ldrh r2, [#0x08000000] / nop ARM/ROM ...
[DBG] FAIL: ldrh r2, [#0x08000000] / nop ARM/ROM P..

--- Suite 03: Timing ---
Frames: 104  PC=0x0802BAB2  CPSR=0xA000003F  halted=0  cycle=138678849
[debug]
Game Boy Advance Test Suite
===
BEGIN: Timing tests
Timing test: Calibration
PASS: Calibration ARM/ROM ...
PASS: Calibration ARM/ROM P..
PASS: Calibration ARM/ROM .N.
PASS: Calibration ARM/ROM PN.
PASS: Calibration ARM/ROM ..S
PASS: Calibration ARM/ROM P.S
PASS: Calibration ARM/ROM .NS
PASS: Calibration ARM/ROM PNS
PASS: Calibration ARM/WRAM
PASS: Calibration ARM/IWRAM
FAIL: Calibration Thumb/ROM ...
Thumb/ROM ...: Got     5 vs     4: FAIL
PASS: Calibration Thumb/ROM P..
FAIL: Calibration Thumb/ROM .N.
Thumb/ROM .N.: Got     4 vs     3: FAIL
PASS: Calibration Thumb/ROM PN.
FAIL: Calibration Thumb/ROM ..S
Thumb/ROM ..S: Got     5 vs     4: FAIL
FAIL: Calibration Thumb/ROM P.S
Thumb/ROM P.S: Got     1 vs     0: FAIL
FAIL: Calibration Thumb/ROM .NS
Thumb/ROM .NS: Got     4 vs     3: FAIL
FAIL: Calibration Thumb/ROM PNS
Thumb/ROM PNS: Got     1 vs     0: FAIL
FAIL: Calibration Thumb/WRAM
Thumb/WRAM: Got     3 vs     2: FAIL
FAIL: Calibration Thumb/IWRAM
Thumb/IWRAM: Got     1 vs     0: FAIL
Timing test: nop
PASS: nop ARM/ROM ...
PASS: nop ARM/ROM P..
PASS: nop ARM/ROM .N.
PASS: nop ARM/ROM PN.
PASS: nop ARM/ROM ..S
PASS: nop ARM/ROM P.S
PASS: nop ARM/ROM .NS
PASS: nop ARM/ROM PNS
PASS: nop ARM/WRAM
PASS: nop ARM/IWRAM
PASS: nop Thumb/ROM ...
PASS: nop Thumb/ROM P..
PASS: nop Thumb/ROM .N.
PASS: nop Thumb/ROM PN.
PASS: nop Thumb/ROM ..S
FAIL: nop Thumb/ROM P.S
Thumb/ROM P.S: Got     1 vs     2: FAIL
PASS: nop Thumb/ROM .NS
FAIL: nop Thumb/ROM PNS
Thumb/ROM PNS: Got     1 vs     2: FAIL
PASS: nop Thumb/WRAM
PASS: nop Thumb/IWRAM
Timing test: nop / nop
PASS: nop / nop ARM/ROM ...
PASS: nop / nop ARM/ROM P..
PASS: nop / nop ARM/ROM .N.
PASS: nop / nop ARM/ROM PN.
PASS: nop / nop ARM/ROM ..S
PASS: nop / nop ARM/ROM P.S
PASS: nop / nop ARM/ROM .NS
PASS: nop / nop ARM/ROM PNS
PASS: nop / nop ARM/WRAM
PASS: nop / nop ARM/IWRAM
PASS: nop / nop Thumb/ROM ...
PASS: nop / nop Thumb/ROM P..
PASS: nop / nop Thumb/ROM .N.
PASS: nop / nop Thumb/ROM PN.
PASS: nop / nop Thumb/ROM ..S
FAIL: nop / nop Thumb/ROM P.S
Thumb/ROM P.S: Got     3 vs     4: FAIL
PASS: nop / nop Thumb/ROM .NS
FAIL: nop / nop Thumb/ROM PNS
Thumb/ROM PNS: Got     3 vs     4: FAIL
PASS: nop / nop Thumb/WRAM
PASS: nop / nop Thumb/IWRAM
Timing test: ldrh r2, [sp]
PASS: ldrh r2, [sp] ARM/ROM ...
PASS: ldrh r2, [sp] ARM/ROM P..
PASS: ldrh r2, [sp] ARM/ROM .N.
PASS: ldrh r2, [sp] ARM/ROM PN.
PASS: ldrh r2, [sp] ARM/ROM ..S
PASS: ldrh r2, [sp] ARM/ROM P.S
PASS: ldrh r2, [sp] ARM/ROM .NS
PASS: ldrh r2, [sp] ARM/ROM PNS
PASS: ldrh r2, [sp] ARM/WRAM
PASS: ldrh r2, [sp] ARM/IWRAM
PASS: ldrh r2, [sp] Thumb/ROM ...
PASS: ldrh r2, [sp] Thumb/ROM P..
PASS: ldrh r2, [sp] Thumb/ROM .N.
PASS: ldrh r2, [sp] Thumb/ROM PN.
PASS: ldrh r2, [sp] Thumb/ROM ..S
PASS: ldrh r2, [sp] Thumb/ROM P.S
PASS: ldrh r2, [sp] Thumb/ROM .NS
PASS: ldrh r2, [sp] Thumb/ROM PNS
PASS: ldrh r2, [sp] Thumb/WRAM
PASS: ldrh r2, [sp] Thumb/IWRAM
Timing test: ldrh r2, [sp] / nop
PASS: ldrh r2, [sp] / nop ARM/ROM ...
PASS: ldrh r2, [sp] / nop ARM/ROM P..
PASS: ldrh r2, [sp] / nop ARM/ROM .N.
PASS: ldrh r2, [sp] / nop ARM/ROM PN.
PASS: ldrh r2, [sp] / nop ARM/ROM ..S
PASS: ldrh r2, [sp] / nop ARM/ROM P.S
PASS: ldrh r2, [sp] / nop ARM/ROM .NS
PASS: ldrh r2, [sp] / nop ARM/ROM PNS
PASS: ldrh r2, [sp] / nop ARM/WRAM
PASS: ldrh r2, [sp] / nop ARM/IWRAM
PASS: ldrh r2, [sp] / nop Thumb/ROM ...
PASS: ldrh r2, [sp] / nop Thumb/ROM P..
PASS: ldrh r2, [sp] / nop Thumb/ROM .N.
PASS: ldrh r2, [sp] / nop Thumb/ROM PN.
PASS: ldrh r2, [sp] / nop Thumb/ROM ..S
PASS: ldrh r2, [sp] / nop Thumb/ROM P.S
PASS: ldrh r2, [sp] / nop Thumb/ROM .NS
PASS: ldrh r2, [sp] / nop Thumb/ROM PNS
PASS: ldrh r2, [sp] / nop Thumb/WRAM
PASS: ldrh r2, [sp] / nop Thumb/IWRAM
Timing test: nop / ldrh r2, [sp]
PASS: nop / ldrh r2, [sp] ARM/ROM ...
PASS: nop / ldrh r2, [sp] ARM/ROM P..
PASS: nop / ldrh r2, [sp] ARM/ROM .N.
PASS: nop / ldrh r2, [sp] ARM/ROM PN.
PASS: nop / ldrh r2, [sp] ARM/ROM ..S
PASS: nop / ldrh r2, [sp] ARM/ROM P.S
PASS: nop / ldrh r2, [sp] ARM/ROM .NS
PASS: nop / ldrh r2, [sp] ARM/ROM PNS
PASS: nop / ldrh r2, [sp] ARM/WRAM
PASS: nop / ldrh r2, [sp] ARM/IWRAM
PASS: nop / ldrh r2, [sp] Thumb/ROM ...
PASS: nop / ldrh r2, [sp] Thumb/ROM P..
PASS: nop / ldrh r2, [sp] Thumb/ROM .N.
FAIL: nop / ldrh r2, [sp] Thumb/ROM PN.
Thumb/ROM PN.: Got     8 vs     6: FAIL
PASS: nop / ldrh r2, [sp] Thumb/ROM ..S
FAIL: nop / ldrh r2, [sp] Thumb/ROM P.S
Thumb/ROM P.S: Got     4 vs     5: FAIL
PASS: nop / ldrh r2, [sp] Thumb/ROM .NS
FAIL: nop / ldrh r2, [sp] Thumb/ROM PNS
Thumb/ROM PNS: Got     4 vs     5: FAIL
PASS: nop / ldrh r2, [sp] Thumb/WRAM
PASS: nop / ldrh r2, [sp] Thumb/IWRAM
Timing test: nop / ldrh r2, [sp] / nop
PASS: nop / ldrh r2, [sp] / nop ARM/ROM ...
PASS: nop / ldrh r2, [sp] / nop ARM/ROM P..
PASS: nop / ldrh r2, [sp] / nop ARM/ROM .N.
PASS: nop / ldrh r2, [sp] / nop ARM/ROM PN.
PASS: nop / ldrh r2, [sp] / nop ARM/ROM ..S
PASS: nop / ldrh r2, [sp] / nop ARM/ROM P.S
PASS: nop / ldrh r2, [sp] / nop ARM/ROM .NS
PASS: nop / ldrh r2, [sp] / nop ARM/ROM PNS
PASS: nop / ldrh r2, [sp] / nop ARM/WRAM
PASS: nop / ldrh r2, [sp] / nop ARM/IWRAM
PASS: nop / ldrh r2, [sp] / nop Thumb/ROM ...
PASS: nop / ldrh r2, [sp] / nop Thumb/ROM P..
PASS: nop / ldrh r2, [sp] / nop Thumb/ROM .N.
PASS: nop / ldrh r2, [sp] / nop Thumb/ROM PN.
PASS: nop / ldrh r2, [sp] / nop Thumb/ROM ..S
FAIL: nop / ldrh r2, [sp] / nop Thumb/ROM P.S
Thumb/ROM P.S: Got     5 vs     6: FAIL
PASS: nop / ldrh r2, [sp] / nop Thumb/ROM .NS
FAIL: nop / ldrh r2, [sp] / nop Thumb/ROM PNS
Thumb/ROM PNS: Got     5 vs     6: FAIL
PASS: nop / ldrh r2, [sp] / nop Thumb/WRAM
PASS: nop / ldrh r2, [sp] / nop Thumb/IWRAM
Timing test: ldrh r2, [#0x08000000]
PASS: ldrh r2, [#0x08000000] ARM/ROM ...
FAIL: ldrh r2, [#0x08000000] ARM/ROM P..
ARM/ROM P..: Got    12 vs    14: FAIL
PASS: ldrh r2, [#0x08000000] ARM/ROM .N.
FAIL: ldrh r2, [#0x08000000] ARM/ROM PN.
ARM/ROM PN.: Got    11 vs    12: FAIL
PASS: ldrh r2, [#0x08000000] ARM/ROM ..S
FAIL: ldrh r2, [#0x08000000] ARM/ROM P.S
ARM/ROM P.S: Got    10 vs    13: FAIL
PASS: ldrh r2, [#0x08000000] ARM/ROM .NS
FAIL: ldrh r2, [#0x08000000] ARM/ROM PNS
ARM/ROM PNS: Got     9 vs    11: FAIL
PASS: ldrh r2, [#0x08000000] ARM/WRAM
PASS: ldrh r2, [#0x08000000] ARM/IWRAM
PASS: ldrh r2, [#0x08000000] Thumb/ROM ...
FAIL: ldrh r2, [#0x08000000] Thumb/ROM P..
Thumb/ROM P..: Got     9 vs    11: FAIL
PASS: ldrh r2, [#0x08000000] Thumb/ROM .N.
FAIL: ldrh r2, [#0x08000000] Thumb/ROM PN.
Thumb/ROM PN.: Got     8 vs     9: FAIL
PASS: ldrh r2, [#0x08000000] Thumb/ROM ..S
FAIL: ldrh r2, [#0x08000000] Thumb/ROM P.S
Thumb/ROM P.S: Got     9 vs    11: FAIL
PASS: ldrh r2, [#0x08000000] Thumb/ROM .NS
FAIL: ldrh r2, [#0x08000000] Thumb/ROM PNS
Thumb/ROM PNS: Got     8 vs     9: FAIL
PASS: ldrh r2, [#0x08000000] Thumb/WRAM
PASS: ldrh r2, [#0x08000000] Thumb/IWRAM
Timing test: ldrh r2, [#0x08000000] / nop
PASS: ldrh r2, [#0x08000000] / nop ARM/ROM ...
FAIL: ldrh r2, [#0x08000000] / nop ARM/ROM P..
[sram]
Game Boy Advance Test Suite
===
Timing test: Calibration
Thumb/ROM ...: Got     5 vs     4: FAIL
Thumb/ROM .N.: Got     4 vs     3: FAIL
Thumb/ROM ..S: Got     5 vs     4: FAIL
Thumb/ROM P.S: Got     1 vs     0: FAIL
Thumb/ROM .NS: Got     4 vs     3: FAIL
Thumb/ROM PNS: Got     1 vs     0: FAIL
Thumb/WRAM: Got     3 vs     2: FAIL
Thumb/IWRAM: Got     1 vs     0: FAIL
Timing test: nop
Thumb/ROM P.S: Got     1 vs     2: FAIL
Thumb/ROM PNS: Got     1 vs     2: FAIL
Timing test: nop / nop
Thumb/ROM P.S: Got     3 vs     4: FAIL
Thumb/ROM PNS: Got     3 vs     4: FAIL
Timing test: ldrh r2, [sp]
Timing test: ldrh r2, [sp] / nop
Timing test: nop / ldrh r2, [sp]
Thumb/ROM PN.: Got     8 vs     6: FAIL
Thumb/ROM P.S: Got     4 vs     5: FAIL
Thumb/ROM PNS: Got     4 vs     5: FAIL
Timing test: nop / ldrh r2, [sp] / nop
Thumb/ROM P.S: Got     5 vs     6: FAIL
Thumb/ROM PNS: Got     5 vs     6: FAIL
Timing test: ldrh r2, [#0x08000000]
ARM/ROM P..: Got    12 vs    14: FAIL
ARM/ROM PN.: Got    11 vs    12: FAIL
ARM/ROM P.S: Got    10 vs    13: FAIL
ARM/ROM PNS: Got     9 vs    11: FAIL
Thumb/ROM P..: Got     9 vs    11: FAIL
Thumb/ROM PN.: Got     8 vs     9: FAIL
Thumb/ROM P.S: Got     9 vs    11: FAIL
Thumb/ROM PNS: Got     8 vs     9: FAIL
Timing test: ldrh r2, [#0x08000000] / nop

=== Summary ===
No END: summaries were emitted yet; use the per-suite SRAM output above.
