=== GBA Test Suite Runner ===
ROM:  tests/assets/roms/suite.gba
BIOS: tests/assets/roms/gba_bios.bin
Booting...
After 60 frames: PC=0x00000348 CPSR=0x6000005F halted=1 cycle=16769984
[DBG] Game Boy Advance Test Suite
===
[DBG] BEGIN: Timer count-up tests
[DBG] Timer count-up test: 0b, 0x0001
[DBG] PASS: 0b, 0x0001 1xs 1d 1i
[DBG] PASS: 0b, 0x0001 16xs 1d 1i
[DBG] PASS: 0b, 0x0001 1xv 1d 1i
[DBG] PASS: 0b, 0x0001 16xv 1d 1i
[DBG] PASS: 0b, 0x0001 1xs 2d 1i
[DBG] PASS: 0b, 0x0001 16xs 2d 1i
[DBG] PASS: 0b, 0x0001 1xv 2d 1i
[DBG] PASS: 0b, 0x0001 16xv 2d 1i
[DBG] PASS: 0b, 0x0001 1xs 4d 1i
[DBG] PASS: 0b, 0x0001 16xs 4d 1i
[DBG] PASS: 0b, 0x0001 1xv 4d 1i
[DBG] PASS: 0b, 0x0001 16xv 4d 1i
[DBG] PASS: 0b, 0x0001 1xs 1d 2i
[DBG] PASS: 0b, 0x0001 16xs 1d 2i
[DBG] PASS: 0b, 0x0001 1xv 1d 2i
[DBG] PASS: 0b, 0x0001 16xv 1d 2i
[DBG] PASS: 0b, 0x0001 1xs 2d 2i
[DBG] PASS: 0b, 0x0001 16xs 2d 2i
[DBG] PASS: 0b, 0x0001 1xv 2d 2i
[DBG] PASS: 0b, 0x0001 16xv 2d 2i
[DBG] PASS: 0b, 0x0001 1xs 4d 2i
[DBG] PASS: 0b, 0x0001 16xs 4d 2i
[DBG] PASS: 0b, 0x0001 1xv 4d 2i
[DBG] PASS: 0b, 0x0001 16xv 4d 2i
[DBG] PASS: 0b, 0x0001 1xs 1d 4i
[DBG] PASS: 0b, 0x0001 16xs 1d 4i
[DBG] PASS: 0b, 0x0001 1xv 1d 4i
[DBG] PASS: 0b, 0x0001 16xv 1d 4i
[DBG] PASS: 0b, 0x0001 1xs 2d 4i
[DBG] PASS: 0b, 0x0001 16xs 2d 4i
[DBG] PASS: 0b, 0x0001 1xv 2d 4i
[DBG] PASS: 0b, 0x0001 16xv 2d 4i
[DBG] PASS: 0b, 0x0001 1xs 4d 4i
[DBG] PASS: 0b, 0x0001 16xs 4d 4i
[DBG] PASS: 0b, 0x0001 1xv 4d 4i
[DBG] PASS: 0b, 0x0001 16xv 4d 4i
[DBG] Timer count-up test: 0b, 0x0005
[DBG] PASS: 0b, 0x0005 1xs 1d 1i
[DBG] PASS: 0b, 0x0005 16xs 1d 1i
[DBG] PASS: 0b, 0x0005 1xv 1d 1i
[DBG] PASS: 0b, 0x0005 16xv 1d 1i
[DBG] PASS: 0b, 0x0005 1xs 2d 1i
[DBG] PASS: 0b, 0x0005 16xs 2d 1i
[DBG] PASS: 0b, 0x0005 1xv 2d 1i
[DBG] PASS: 0b, 0x0005 16xv 2d 1i
[DBG] PASS: 0b, 0x0005 1xs 4d 1i
[DBG] PASS: 0b, 0x0005 16xs 4d 1i
[DBG] PASS: 0b, 0x0005 1xv 4d 1i
[DBG] PASS: 0b, 0x0005 16xv 4d 1i
[DBG] PASS: 0b, 0x0005 1xs 1d 2i
[DBG] PASS: 0b, 0x0005 16xs 1d 2i
[DBG] PASS: 0b, 0x0005 1xv 1d 2i
[DBG] PASS: 0b, 0x0005 16xv 1d 2i
[DBG] PASS: 0b, 0x0005 1xs 2d 2i
[DBG] PASS: 0b, 0x0005 16xs 2d 2i
[DBG] PASS: 0b, 0x0005 1xv 2d 2i
[DBG] PASS: 0b, 0x0005 16xv 2d 2i
[DBG] PASS: 0b, 0x0005 1xs 4d 2i
[DBG] PASS: 0b, 0x0005 16xs 4d 2i
[DBG] PASS: 0b, 0x0005 1xv 4d 2i
[DBG] PASS: 0b, 0x0005 16xv 4d 2i
[DBG] PASS: 0b, 0x0005 1xs 1d 4i
[DBG] PASS: 0b, 0x0005 16xs 1d 4i
[DBG] PASS: 0b, 0x0005 1xv 1d 4i
[DBG] PASS: 0b, 0x0005 16xv 1d 4i
[DBG] PASS: 0b, 0x0005 1xs 2d 4i
[DBG] PASS: 0b, 0x0005 16xs 2d 4i
[DBG] PASS: 0b, 0x0005 1xv 2d 4i
[DBG] PASS: 0b, 0x0005 16xv 2d 4i
[DBG] PASS: 0b, 0x0005 1xs 4d 4i
[DBG] PASS: 0b, 0x0005 16xs 4d 4i
[DBG] PASS: 0b, 0x0005 1xv 4d 4i
[DBG] PASS: 0b, 0x0005 16xv 4d 4i
[DBG] Timer count-up test: 0b, 0x000C
[DBG] PASS: 0b, 0x000C 1xs 1d 1i
[DBG] PASS: 0b, 0x000C 16xs 1d 1i
[DBG] PASS: 0b, 0x000C 1xv 1d 1i
[DBG] PASS: 0b, 0x000C 16xv 1d 1i
[DBG] PASS: 0b, 0x000C 1xs 2d 1i
[DBG] PASS: 0b, 0x000C 16xs 2d 1i
[DBG] PASS: 0b, 0x000C 1xv 2d 1i
[DBG] PASS: 0b, 0x000C 16xv 2d 1i
[DBG] PASS: 0b, 0x000C 1xs 4d 1i
[DBG] PASS: 0b, 0x000C 16xs 4d 1i
[DBG] PASS: 0b, 0x000C 1xv 4d 1i
[DBG] PASS: 0b, 0x000C 16xv 4d 1i
[DBG] PASS: 0b, 0x000C 1xs 1d 2i
[DBG] PASS: 0b, 0x000C 16xs 1d 2i
[DBG] PASS: 0b, 0x000C 1xv 1d 2i
[DBG] PASS: 0b, 0x000C 16xv 1d 2i
[DBG] PASS: 0b, 0x000C 1xs 2d 2i
[DBG] PASS: 0b, 0x000C 16xs 2d 2i
[DBG] PASS: 0b, 0x000C 1xv 2d 2i
[DBG] PASS: 0b, 0x000C 16xv 2d 2i
[DBG] PASS: 0b, 0x000C 1xs 4d 2i
[DBG] PASS: 0b, 0x000C 16xs 4d 2i
[DBG] PASS: 0b, 0x000C 1xv 4d 2i
[DBG] PASS: 0b, 0x000C 16xv 4d 2i
[DBG] PASS: 0b, 0x000C 1xs 1d 4i
[DBG] PASS: 0b, 0x000C 16xs 1d 4i
[DBG] PASS: 0b, 0x000C 1xv 1d 4i
[DBG] PASS: 0b, 0x000C 16xv 1d 4i
[DBG] PASS: 0b, 0x000C 1xs 2d 4i
[DBG] PASS: 0b, 0x000C 16xs 2d 4i
[DBG] PASS: 0b, 0x000C 1xv 2d 4i
[DBG] PASS: 0b, 0x000C 16xv 2d 4i
[DBG] PASS: 0b, 0x000C 1xs 4d 4i
[DBG] PASS: 0b, 0x000C 16xs 4d 4i
[DBG] PASS: 0b, 0x000C 1xv 4d 4i
[DBG] PASS: 0b, 0x000C 16xv 4d 4i
[DBG] Timer count-up test: 0b, 0x000D
[DBG] PASS: 0b, 0x000D 1xs 1d 1i
[DBG] PASS: 0b, 0x000D 16xs 1d 1i
[DBG] PASS: 0b, 0x000D 1xv 1d 1i
[DBG] PASS: 0b, 0x000D 16xv 1d 1i
[DBG] PASS: 0b, 0x000D 1xs 2d 1i
[DBG] PASS: 0b, 0x000D 16xs 2d 1i
[DBG] PASS: 0b, 0x000D 1xv 2d 1i
[DBG] PASS: 0b, 0x000D 16xv 2d 1i
[DBG] PASS: 0b, 0x000D 1xs 4d 1i
[DBG] PASS: 0b, 0x000D 16xs 4d 1i
[DBG] PASS: 0b, 0x000D 1xv 4d 1i
[DBG] PASS: 0b, 0x000D 16xv 4d 1i
[DBG] PASS: 0b, 0x000D 1xs 1d 2i
[DBG] PASS: 0b, 0x000D 16xs 1d 2i
[DBG] PASS: 0b, 0x000D 1xv 1d 2i
[DBG] PASS: 0b, 0x000D 16xv 1d 2i
[DBG] PASS: 0b, 0x000D 1xs 2d 2i
[DBG] PASS: 0b, 0x000D 16xs 2d 2i
[DBG] PASS: 0b, 0x000D 1xv 2d 2i
[DBG] PASS: 0b, 0x000D 16xv 2d 2i
[DBG] PASS: 0b, 0x000D 1xs 4d 2i
[DBG] PASS: 0b, 0x000D 16xs 4d 2i
[DBG] PASS: 0b, 0x000D 1xv 4d 2i
[DBG] PASS: 0b, 0x000D 16xv 4d 2i
[DBG] PASS: 0b, 0x000D 1xs 1d 4i
[DBG] PASS: 0b, 0x000D 16xs 1d 4i
[DBG] PASS: 0b, 0x000D 1xv 1d 4i
[DBG] PASS: 0b, 0x000D 16xv 1d 4i
[DBG] PASS: 0b, 0x000D 1xs 2d 4i
[DBG] PASS: 0b, 0x000D 16xs 2d 4i
[DBG] PASS: 0b, 0x000D 1xv 2d 4i
[DBG] PASS: 0b, 0x000D 16xv 2d 4i
[DBG] PASS: 0b, 0x000D 1xs 4d 4i
[DBG] PASS: 0b, 0x000D 16xs 4d 4i
[DBG] PASS: 0b, 0x000D 1xv 4d 4i
[DBG] PASS: 0b, 0x000D 16xv 4d 4i
[DBG] Timer count-up test: 0b, 0x0010
[DBG] PASS: 0b, 0x0010 1xs 1d 1i
[DBG] PASS: 0b, 0x0010 16xs 1d 1i
[DBG] PASS: 0b, 0x0010 1xv 1d 1i
[DBG] PASS: 0b, 0x0010 16xv 1d 1i
[DBG] PASS: 0b, 0x0010 1xs 2d 1i
[DBG] PASS: 0b, 0x0010 16xs 2d 1i
[DBG] PASS: 0b, 0x0010 1xv 2d 1i
[DBG] PASS: 0b, 0x0010 16xv 2d 1i
[DBG] PASS: 0b, 0x0010 1xs 4d 1i
[DBG] PASS: 0b, 0x0010 16xs 4d 1i
[DBG] PASS: 0b, 0x0010 1xv 4d 1i
[DBG] PASS: 0b, 0x0010 16xv 4d 1i
[DBG] PASS: 0b, 0x0010 1xs 1d 2i
[DBG] PASS: 0b, 0x0010 16xs 1d 2i
[DBG] PASS: 0b, 0x0010 1xv 1d 2i
[DBG] PASS: 0b, 0x0010 16xv 1d 2i
[DBG] PASS: 0b, 0x0010 1xs 2d 2i
[DBG] PASS: 0b, 0x0010 16xs 2d 2i
[DBG] PASS: 0b, 0x0010 1xv 2d 2i
[DBG] PASS: 0b, 0x0010 16xv 2d 2i
[DBG] PASS: 0b, 0x0010 1xs 4d 2i
[DBG] PASS: 0b, 0x0010 16xs 4d 2i
[DBG] PASS: 0b, 0x0010 1xv 4d 2i
[DBG] PASS: 0b, 0x0010 16xv 4d 2i
[DBG] PASS: 0b, 0x0010 1xs 1d 4i
[DBG] PASS: 0b, 0x0010 16xs 1d 4i
[DBG] PASS: 0b, 0x0010 1xv 1d 4i
[DBG] PASS: 0b, 0x0010 16xv 1d 4i
[DBG] PASS: 0b, 0x0010 1xs 2d 4i
[DBG] PASS: 0b, 0x0010 16xs 2d 4i
[DBG] PASS: 0b, 0x0010 1xv 2d 4i
[DBG] PASS: 0b, 0x0010 16xv 2d 4i
[DBG] PASS: 0b, 0x0010 1xs 4d 4i
[DBG] PASS: 0b, 0x0010 16xs 4d 4i
[DBG] PASS: 0b, 0x0010 1xv 4d 4i
[DBG] PASS: 0b, 0x0010 16xv 4d 4i
[DBG] Timer count-up test: 0b, 0x0014
[DBG] PASS: 0b, 0x0014 1xs 1d 1i
[DBG] PASS: 0b, 0x0014 16xs 1d 1i
[DBG] PASS: 0b, 0x0014 1xv 1d 1i
[DBG] PASS: 0b, 0x0014 16xv 1d 1i
[DBG] PASS: 0b, 0x0014 1xs 2d 1i
[DBG] PASS: 0b, 0x0014 16xs 2d 1i
[DBG] PASS: 0b, 0x0014 1xv 2d 1i
[DBG] PASS: 0b, 0x0014 16xv 2d 1i
[DBG] PASS: 0b, 0x0014 1xs 4d 1i
[DBG] PASS: 0b, 0x0014 16xs 4d 1i
[DBG] PASS: 0b, 0x0014 1xv 4d 1i
[DBG] PASS: 0b, 0x0014 16xv 4d 1i
[DBG] PASS: 0b, 0x0014 1xs 1d 2i
[DBG] PASS: 0b, 0x0014 16xs 1d 2i
[DBG] PASS: 0b, 0x0014 1xv 1d 2i
[DBG] PASS: 0b, 0x0014 16xv 1d 2i
[DBG] PASS: 0b, 0x0014 1xs 2d 2i
[DBG] PASS: 0b, 0x0014 16xs 2d 2i
[DBG] PASS: 0b, 0x0014 1xv 2d 2i
[DBG] PASS: 0b, 0x0014 16xv 2d 2i
[DBG] PASS: 0b, 0x0014 1xs 4d 2i
[DBG] PASS: 0b, 0x0014 16xs 4d 2i
[DBG] PASS: 0b, 0x0014 1xv 4d 2i
[DBG] PASS: 0b, 0x0014 16xv 4d 2i
[DBG] PASS: 0b, 0x0014 1xs 1d 4i
[DBG] PASS: 0b, 0x0014 16xs 1d 4i
[DBG] PASS: 0b, 0x0014 1xv 1d 4i
[DBG] PASS: 0b, 0x0014 16xv 1d 4i
[DBG] PASS: 0b, 0x0014 1xs 2d 4i
[DBG] PASS: 0b, 0x0014 16xs 2d 4i
[DBG] PASS: 0b, 0x0014 1xv 2d 4i
[DBG] PASS: 0b, 0x0014 16xv 2d 4i
[DBG] PASS: 0b, 0x0014 1xs 4d 4i
[DBG] PASS: 0b, 0x0014 16xs 4d 4i
[DBG] PASS: 0b, 0x0014 1xv 4d 4i
[DBG] PASS: 0b, 0x0014 16xv 4d 4i
[DBG] Timer count-up test: 0b, 0x0015
[DBG] PASS: 0b, 0x0015 1xs 1d 1i
[DBG] PASS: 0b, 0x0015 16xs 1d 1i
[DBG] PASS: 0b, 0x0015 1xv 1d 1i
[DBG] PASS: 0b, 0x0015 16xv 1d 1i
[DBG] PASS: 0b, 0x0015 1xs 2d 1i
[DBG] PASS: 0b, 0x0015 16xs 2d 1i
[DBG] PASS: 0b, 0x0015 1xv 2d 1i
[DBG] PASS: 0b, 0x0015 16xv 2d 1i
[DBG] PASS: 0b, 0x0015 1xs 4d 1i
[DBG] PASS: 0b, 0x0015 16xs 4d 1i
[DBG] PASS: 0b, 0x0015 1xv 4d 1i
[DBG] PASS: 0b, 0x0015 16xv 4d 1i
[DBG] PASS: 0b, 0x0015 1xs 1d 2i
[DBG] PASS: 0b, 0x0015 16xs 1d 2i
[DBG] PASS: 0b, 0x0015 1xv 1d 2i
[DBG] PASS: 0b, 0x0015 16xv 1d 2i
[DBG] PASS: 0b, 0x0015 1xs 2d 2i
[DBG] PASS: 0b, 0x0015 16xs 2d 2i
[DBG] PASS: 0b, 0x0015 1xv 2d 2i
[DBG] PASS: 0b, 0x0015 16xv 2d 2i
[DBG] PASS: 0b, 0x0015 1xs 4d 2i
[DBG] PASS: 0b, 0x0015 16xs 4d 2i
[DBG] PASS: 0b, 0x0015 1xv 4d 2i
[DBG] PASS: 0b, 0x0015 16xv 4d 2i
[DBG] PASS: 0b, 0x0015 1xs 1d 4i
[DBG] PASS: 0b, 0x0015 16xs 1d 4i
[DBG] PASS: 0b, 0x0015 1xv 1d 4i
[DBG] PASS: 0b, 0x0015 16xv 1d 4i
[DBG] PASS: 0b, 0x0015 1xs 2d 4i
[DBG] PASS: 0b, 0x0015 16xs 2d 4i
[DBG] PASS: 0b, 0x0015 1xv 2d 4i
[DBG] PASS: 0b, 0x0015 16xv 2d 4i
[DBG] PASS: 0b, 0x0015 1xs 4d 4i
[DBG] PASS: 0b, 0x0015 16xs 4d 4i
[DBG] PASS: 0b, 0x0015 1xv 4d 4i
[DBG] PASS: 0b, 0x0015 16xv 4d 4i
[DBG] Timer count-up test: 0b, 0x0020
[DBG] PASS: 0b, 0x0020 1xs 1d 1i
[DBG] PASS: 0b, 0x0020 16xs 1d 1i
[DBG] PASS: 0b, 0x0020 1xv 1d 1i
[DBG] PASS: 0b, 0x0020 16xv 1d 1i
[DBG] PASS: 0b, 0x0020 1xs 2d 1i
[DBG] PASS: 0b, 0x0020 16xs 2d 1i
[DBG] PASS: 0b, 0x0020 1xv 2d 1i
[DBG] PASS: 0b, 0x0020 16xv 2d 1i
[DBG] PASS: 0b, 0x0020 1xs 4d 1i
[DBG] PASS: 0b, 0x0020 16xs 4d 1i
[DBG] PASS: 0b, 0x0020 1xv 4d 1i
[DBG] PASS: 0b, 0x0020 16xv 4d 1i
[DBG] PASS: 0b, 0x0020 1xs 1d 2i
[DBG] PASS: 0b, 0x0020 16xs 1d 2i
[DBG] PASS: 0b, 0x0020 1xv 1d 2i
[DBG] PASS: 0b, 0x0020 16xv 1d 2i
[DBG] PASS: 0b, 0x0020 1xs 2d 2i
[DBG] PASS: 0b, 0x0020 16xs 2d 2i
[DBG] PASS: 0b, 0x0020 1xv 2d 2i
[DBG] PASS: 0b, 0x0020 16xv 2d 2i
[DBG] PASS: 0b, 0x0020 1xs 4d 2i
[DBG] PASS: 0b, 0x0020 16xs 4d 2i
[DBG] PASS: 0b, 0x0020 1xv 4d 2i
[DBG] PASS: 0b, 0x0020 16xv 4d 2i
[DBG] PASS: 0b, 0x0020 1xs 1d 4i
[DBG] PASS: 0b, 0x0020 16xs 1d 4i
[DBG] PASS: 0b, 0x0020 1xv 1d 4i
[DBG] PASS: 0b, 0x0020 16xv 1d 4i
[DBG] PASS: 0b, 0x0020 1xs 2d 4i
[DBG] PASS: 0b, 0x0020 16xs 2d 4i
[DBG] PASS: 0b, 0x0020 1xv 2d 4i
[DBG] PASS: 0b, 0x0020 16xv 2d 4i
[DBG] PASS: 0b, 0x0020 1xs 4d 4i
[DBG] PASS: 0b, 0x0020 16xs 4d 4i
[DBG] PASS: 0b, 0x0020 1xv 4d 4i
[DBG] PASS: 0b, 0x0020 16xv 4d 4i
[DBG] Timer count-up test: 0b, 0x0024
[DBG] PASS: 0b, 0x0024 1xs 1d 1i
[DBG] PASS: 0b, 0x0024 16xs 1d 1i
[DBG] PASS: 0b, 0x0024 1xv 1d 1i
[DBG] PASS: 0b, 0x0024 16xv 1d 1i
[DBG] PASS: 0b, 0x0024 1xs 2d 1i
[DBG] PASS: 0b, 0x0024 16xs 2d 1i
[DBG] PASS: 0b, 0x0024 1xv 2d 1i
[DBG] PASS: 0b, 0x0024 16xv 2d 1i
[DBG] PASS: 0b, 0x0024 1xs 4d 1i
[DBG] PASS: 0b, 0x0024 16xs 4d 1i
[DBG] PASS: 0b, 0x0024 1xv 4d 1i
[DBG] PASS: 0b, 0x0024 16xv 4d 1i
[DBG] PASS: 0b, 0x0024 1xs 1d 2i
[DBG] PASS: 0b, 0x0024 16xs 1d 2i
[DBG] PASS: 0b, 0x0024 1xv 1d 2i
[DBG] PASS: 0b, 0x0024 16xv 1d 2i
[DBG] PASS: 0b, 0x0024 1xs 2d 2i
[DBG] PASS: 0b, 0x0024 16xs 2d 2i
[DBG] PASS: 0b, 0x0024 1xv 2d 2i
[DBG] PASS: 0b, 0x0024 16xv 2d 2i
[DBG] PASS: 0b, 0x0024 1xs 4d 2i
[DBG] PASS: 0b, 0x0024 16xs 4d 2i
[DBG] PASS: 0b, 0x0024 1xv 4d 2i
[DBG] PASS: 0b, 0x0024 16xv 4d 2i
[DBG] PASS: 0b, 0x0024 1xs 1d 4i
[DBG] PASS: 0b, 0x0024 16xs 1d 4i
[DBG] PASS: 0b, 0x0024 1xv 1d 4i
[DBG] PASS: 0b, 0x0024 16xv 1d 4i
[DBG] PASS: 0b, 0x0024 1xs 2d 4i
[DBG] PASS: 0b, 0x0024 16xs 2d 4i
[DBG] PASS: 0b, 0x0024 1xv 2d 4i
[DBG] PASS: 0b, 0x0024 16xv 2d 4i
[DBG] PASS: 0b, 0x0024 1xs 4d 4i
[DBG] PASS: 0b, 0x0024 16xs 4d 4i
[DBG] PASS: 0b, 0x0024 1xv 4d 4i
[DBG] PASS: 0b, 0x0024 16xv 4d 4i
[DBG] Timer count-up test: 0b, 0x0025
[DBG] PASS: 0b, 0x0025 1xs 1d 1i
[DBG] PASS: 0b, 0x0025 16xs 1d 1i
[DBG] PASS: 0b, 0x0025 1xv 1d 1i
[DBG] PASS: 0b, 0x0025 16xv 1d 1i
[DBG] PASS: 0b, 0x0025 1xs 2d 1i
[DBG] PASS: 0b, 0x0025 16xs 2d 1i
[DBG] PASS: 0b, 0x0025 1xv 2d 1i
[DBG] PASS: 0b, 0x0025 16xv 2d 1i
[DBG] PASS: 0b, 0x0025 1xs 4d 1i
[DBG] PASS: 0b, 0x0025 16xs 4d 1i
[DBG] PASS: 0b, 0x0025 1xv 4d 1i
[DBG] PASS: 0b, 0x0025 16xv 4d 1i
[DBG] PASS: 0b, 0x0025 1xs 1d 2i
[DBG] PASS: 0b, 0x0025 16xs 1d 2i
[DBG] PASS: 0b, 0x0025 1xv 1d 2i
[DBG] PASS: 0b, 0x0025 16xv 1d 2i
[DBG] PASS: 0b, 0x0025 1xs 2d 2i
[DBG] PASS: 0b, 0x0025 16xs 2d 2i
[DBG] PASS: 0b, 0x0025 1xv 2d 2i
[DBG] PASS: 0b, 0x0025 16xv 2d 2i
[DBG] PASS: 0b, 0x0025 1xs 4d 2i
[DBG] PASS: 0b, 0x0025 16xs 4d 2i
[DBG] PASS: 0b, 0x0025 1xv 4d 2i
[DBG] PASS: 0b, 0x0025 16xv 4d 2i
[DBG] PASS: 0b, 0x0025 1xs 1d 4i
[DBG] PASS: 0b, 0x0025 16xs 1d 4i
[DBG] PASS: 0b, 0x0025 1xv 1d 4i
[DBG] PASS: 0b, 0x0025 16xv 1d 4i
[DBG] PASS: 0b, 0x0025 1xs 2d 4i
[DBG] PASS: 0b, 0x0025 16xs 2d 4i
[DBG] PASS: 0b, 0x0025 1xv 2d 4i
[DBG] PASS: 0b, 0x0025 16xv 2d 4i
[DBG] PASS: 0b, 0x0025 1xs 4d 4i
[DBG] PASS: 0b, 0x0025 16xs 4d 4i
[DBG] PASS: 0b, 0x0025 1xv 4d 4i
[DBG] PASS: 0b, 0x0025 16xv 4d 4i
[DBG] Timer count-up test: 0b, 0x0040
[DBG] PASS: 0b, 0x0040 1xs 1d 1i
[DBG] PASS: 0b, 0x0040 16xs 1d 1i
[DBG] PASS: 0b, 0x0040 1xv 1d 1i
[DBG] PASS: 0b, 0x0040 16xv 1d 1i
[DBG] PASS: 0b, 0x0040 1xs 2d 1i
[DBG] PASS: 0b, 0x0040 16xs 2d 1i
[DBG] PASS: 0b, 0x0040 1xv 2d 1i
[DBG] PASS: 0b, 0x0040 16xv 2d 1i
[DBG] PASS: 0b, 0x0040 1xs 4d 1i
[DBG] PASS: 0b, 0x0040 16xs 4d 1i
[DBG] PASS: 0b, 0x0040 1xv 4d 1i
[DBG] PASS: 0b, 0x0040 16xv 4d 1i
[DBG] PASS: 0b, 0x0040 1xs 1d 2i
[DBG] PASS: 0b, 0x0040 16xs 1d 2i
[DBG] PASS: 0b, 0x0040 1xv 1d 2i
[DBG] PASS: 0b, 0x0040 16xv 1d 2i
[DBG] PASS: 0b, 0x0040 1xs 2d 2i
[DBG] PASS: 0b, 0x0040 16xs 2d 2i
[DBG] PASS: 0b, 0x0040 1xv 2d 2i
[DBG] PASS: 0b, 0x0040 16xv 2d 2i
[DBG] PASS: 0b, 0x0040 1xs 4d 2i
[DBG] PASS: 0b, 0x0040 16xs 4d 2i
[DBG] PASS: 0b, 0x0040 1xv 4d 2i
[DBG] PASS: 0b, 0x0040 16xv 4d 2i
[DBG] PASS: 0b, 0x0040 1xs 1d 4i
[DBG] PASS: 0b, 0x0040 16xs 1d 4i
[DBG] PASS: 0b, 0x0040 1xv 1d 4i
[DBG] PASS: 0b, 0x0040 16xv 1d 4i
[DBG] PASS: 0b, 0x0040 1xs 2d 4i
[DBG] PASS: 0b, 0x0040 16xs 2d 4i
[DBG] PASS: 0b, 0x0040 1xv 2d 4i
[DBG] PASS: 0b, 0x0040 16xv 2d 4i
[DBG] PASS: 0b, 0x0040 1xs 4d 4i
[DBG] PASS: 0b, 0x0040 16xs 4d 4i
[DBG] PASS: 0b, 0x0040 1xv 4d 4i
[DBG] PASS: 0b, 0x0040 16xv 4d 4i
[DBG] Timer count-up test: 0b, 0x0080
[DBG] PASS: 0b, 0x0080 1xs 1d 1i
[DBG] PASS: 0b, 0x0080 16xs 1d 1i
[DBG] PASS: 0b, 0x0080 1xv 1d 1i
[DBG] PASS: 0b, 0x0080 16xv 1d 1i
[DBG] PASS: 0b, 0x0080 1xs 2d 1i
[DBG] PASS: 0b, 0x0080 16xs 2d 1i
[DBG] PASS: 0b, 0x0080 1xv 2d 1i
[DBG] PASS: 0b, 0x0080 16xv 2d 1i
[DBG] PASS: 0b, 0x0080 1xs 4d 1i
[DBG] PASS: 0b, 0x0080 16xs 4d 1i
[DBG] PASS: 0b, 0x0080 1xv 4d 1i
[DBG] PASS: 0b, 0x0080 16xv 4d 1i
[DBG] PASS: 0b, 0x0080 1xs 1d 2i
[DBG] PASS: 0b, 0x0080 16xs 1d 2i
[DBG] PASS: 0b, 0x0080 1xv 1d 2i
[DBG] PASS: 0b, 0x0080 16xv 1d 2i
[DBG] PASS: 0b, 0x0080 1xs 2d 2i
[DBG] PASS: 0b, 0x0080 16xs 2d 2i
[DBG] PASS: 0b, 0x0080 1xv 2d 2i
[DBG] PASS: 0b, 0x0080 16xv 2d 2i
[DBG] PASS: 0b, 0x0080 1xs 4d 2i
[DBG] PASS: 0b, 0x0080 16xs 4d 2i
[DBG] PASS: 0b, 0x0080 1xv 4d 2i
[DBG] PASS: 0b, 0x0080 16xv 4d 2i
[DBG] PASS: 0b, 0x0080 1xs 1d 4i
[DBG] PASS: 0b, 0x0080 16xs 1d 4i
[DBG] PASS: 0b, 0x0080 1xv 1d 4i
[DBG] PASS: 0b, 0x0080 16xv 1d 4i
[DBG] PASS: 0b, 0x0080 1xs 2d 4i
[DBG] PASS: 0b, 0x0080 16xs 2d 4i
[DBG] PASS: 0b, 0x0080 1xv 2d 4i
[DBG] PASS: 0b, 0x0080 16xv 2d 4i
[DBG] PASS: 0b, 0x0080 1xs 4d 4i
[DBG] PASS: 0b, 0x0080 16xs 4d 4i
[DBG] PASS: 0b, 0x0080 1xv 4d 4i
[DBG] PASS: 0b, 0x0080 16xv 4d 4i
[DBG] Timer count-up test: 0b, 0x0800
[DBG] PASS: 0b, 0x0800 1xs 1d 1i
[DBG] PASS: 0b, 0x0800 16xs 1d 1i
[DBG] PASS: 0b, 0x0800 1xv 1d 1i
[DBG] PASS: 0b, 0x0800 16xv 1d 1i
[DBG] PASS: 0b, 0x0800 1xs 2d 1i
[DBG] PASS: 0b, 0x0800 16xs 2d 1i
[DBG] PASS: 0b, 0x0800 1xv 2d 1i
[DBG] PASS: 0b, 0x0800 16xv 2d 1i
[DBG] PASS: 0b, 0x0800 1xs 4d 1i
[DBG] PASS: 0b, 0x0800 16xs 4d 1i
[DBG] PASS: 0b, 0x0800 1xv 4d 1i
[DBG] PASS: 0b, 0x0800 16xv 4d 1i
[DBG] PASS: 0b, 0x0800 1xs 1d 2i
[DBG] PASS: 0b, 0x0800 16xs 1d 2i
[DBG] PASS: 0b, 0x0800 1xv 1d 2i
[DBG] PASS: 0b, 0x0800 16xv 1d 2i
[DBG] PASS: 0b, 0x0800 1xs 2d 2i
[DBG] PASS: 0b, 0x0800 16xs 2d 2i
[DBG] PASS: 0b, 0x0800 1xv 2d 2i
[DBG] PASS: 0b, 0x0800 16xv 2d 2i
[DBG] PASS: 0b, 0x0800 1xs 4d 2i
[DBG] PASS: 0b, 0x0800 16xs 4d 2i
[DBG] PASS: 0b, 0x0800 1xv 4d 2i
[DBG] PASS: 0b, 0x0800 16xv 4d 2i
[DBG] PASS: 0b, 0x0800 1xs 1d 4i
[DBG] PASS: 0b, 0x0800 16xs 1d 4i
[DBG] PASS: 0b, 0x0800 1xv 1d 4i
[DBG] PASS: 0b, 0x0800 16xv 1d 4i
[DBG] PASS: 0b, 0x0800 1xs 2d 4i
[DBG] PASS: 0b, 0x0800 16xs 2d 4i
[DBG] PASS: 0b, 0x0800 1xv 2d 4i
[DBG] PASS: 0b, 0x0800 16xv 2d 4i
[DBG] PASS: 0b, 0x0800 1xs 4d 4i
[DBG] PASS: 0b, 0x0800 16xs 4d 4i
[DBG] PASS: 0b, 0x0800 1xv 4d 4i
[DBG] PASS: 0b, 0x0800 16xv 4d 4i
[DBG] Timer count-up test: 0b, 0x8000
[DBG] PASS: 0b, 0x8000 1xs 1d 1i
[DBG] PASS: 0b, 0x8000 16xs 1d 1i
[DBG] PASS: 0b, 0x8000 1xv 1d 1i
[DBG] PASS: 0b, 0x8000 16xv 1d 1i
[DBG] PASS: 0b, 0x8000 1xs 2d 1i
[DBG] PASS: 0b, 0x8000 16xs 2d 1i
[DBG] PASS: 0b, 0x8000 1xv 2d 1i
[DBG] PASS: 0b, 0x8000 16xv 2d 1i
[DBG] PASS: 0b, 0x8000 1xs 4d 1i
[DBG] PASS: 0b, 0x8000 16xs 4d 1i
[DBG] PASS: 0b, 0x8000 1xv 4d 1i
[DBG] PASS: 0b, 0x8000 16xv 4d 1i
[DBG] PASS: 0b, 0x8000 1xs 1d 2i
[DBG] PASS: 0b, 0x8000 16xs 1d 2i
[DBG] PASS: 0b, 0x8000 1xv 1d 2i
[DBG] PASS: 0b, 0x8000 16xv 1d 2i
[DBG] PASS: 0b, 0x8000 1xs 2d 2i
[DBG] PASS: 0b, 0x8000 16xs 2d 2i
[DBG] PASS: 0b, 0x8000 1xv 2d 2i
[DBG] PASS: 0b, 0x8000 16xv 2d 2i
[DBG] PASS: 0b, 0x8000 1xs 4d 2i
[DBG] PASS: 0b, 0x8000 16xs 4d 2i
[DBG] PASS: 0b, 0x8000 1xv 4d 2i
[DBG] PASS: 0b, 0x8000 16xv 4d 2i
[DBG] PASS: 0b, 0x8000 1xs 1d 4i
[DBG] PASS: 0b, 0x8000 16xs 1d 4i
[DBG] PASS: 0b, 0x8000 1xv 1d 4i
[DBG] PASS: 0b, 0x8000 16xv 1d 4i
[DBG] PASS: 0b, 0x8000 1xs 2d 4i
[DBG] PASS: 0b, 0x8000 16xs 2d 4i
[DBG] PASS: 0b, 0x8000 1xv 2d 4i
[DBG] PASS: 0b, 0x8000 16xv 2d 4i
[DBG] PASS: 0b, 0x8000 1xs 4d 4i
[DBG] PASS: 0b, 0x8000 16xs 4d 4i
[DBG] PASS: 0b, 0x8000 1xv 4d 4i
[DBG] PASS: 0b, 0x8000 16xv 4d 4i
[DBG] Timer count-up test: 6b, 0x0010
[DBG] PASS: 6b, 0x0010 1xs 1d 1i
[DBG] PASS: 6b, 0x0010 16xs 1d 1i
[DBG] PASS: 6b, 0x0010 1xv 1d 1i
[DBG] PASS: 6b, 0x0010 16xv 1d 1i
[DBG] PASS: 6b, 0x0010 1xs 2d 1i
[DBG] PASS: 6b, 0x0010 16xs 2d 1i
[DBG] PASS: 6b, 0x0010 1xv 2d 1i
[DBG] PASS: 6b, 0x0010 16xv 2d 1i
[DBG] FAIL: 6b, 0x0010 1xs 4d 1i
[DBG] 1xs 4d 1i: Got 00000082 vs 00000081: FAIL
[DBG] PASS: 6b, 0x0010 16xs 4d 1i
[DBG] PASS: 6b, 0x0010 1xv 4d 1i
[DBG] PASS: 6b, 0x0010 16xv 4d 1i
[DBG] PASS: 6b, 0x0010 1xs 1d 2i
[DBG] FAIL: 6b, 0x0010 16xs 1d 2i
[DBG] 16xs 1d 2i: Got 00000530 vs 00000520: FAIL
[DBG] PASS: 6b, 0x0010 1xv 1d 2i
[DBG] PASS: 6b, 0x0010 16xv 1d 2i
[DBG] FAIL: 6b, 0x0010 1xs 2d 2i
[DBG] 1xs 2d 2i: Got 000000EC vs 000000EB: FAIL
[DBG] PASS: 6b, 0x0010 16xs 2d 2i
[DBG] PASS: 6b, 0x0010 1xv 2d 2i
[DBG] PASS: 6b, 0x0010 16xv 2d 2i
[DBG] PASS: 6b, 0x0010 1xs 4d 2i
[DBG] PASS: 6b, 0x0010 16xs 4d 2i
[DBG] PASS: 6b, 0x0010 1xv 4d 2i
[DBG] PASS: 6b, 0x0010 16xv 4d 2i
[DBG] PASS: 6b, 0x0010 1xs 1d 4i
[DBG] PASS: 6b, 0x0010 16xs 1d 4i
[DBG] PASS: 6b, 0x0010 1xv 1d 4i
[DBG] PASS: 6b, 0x0010 16xv 1d 4i
[DBG] PASS: 6b, 0x0010 1xs 2d 4i
[DBG] PASS: 6b, 0x0010 16xs 2d 4i
[DBG] PASS: 6b, 0x0010 1xv 2d 4i
[DBG] PASS: 6b, 0x0010 16xv 2d 4i
[DBG] PASS: 6b, 0x0010 1xs 4d 4i
[DBG] PASS: 6b, 0x0010 16xs 4d 4i
[DBG] PASS: 6b, 0x0010 1xv 4d 4i
[DBG] PASS: 6b, 0x0010 16xv 4d 4i
[DBG] Timer count-up test: 6b, 0x0011
[DBG] PASS: 6b, 0x0011 1xs 1d 1i
[DBG] PASS: 6b, 0x0011 16xs 1d 1i
[DBG] PASS: 6b, 0x0011 1xv 1d 1i
[DBG] PASS: 6b, 0x0011 16xv 1d 1i
[DBG] PASS: 6b, 0x0011 1xs 2d 1i
[DBG] PASS: 6b, 0x0011 16xs 2d 1i
[DBG] PASS: 6b, 0x0011 1xv 2d 1i
[DBG] PASS: 6b, 0x0011 16xv 2d 1i
[DBG] FAIL: 6b, 0x0011 1xs 4d 1i
[DBG] 1xs 4d 1i: Got 0000008A vs 00000089: FAIL
[DBG] PASS: 6b, 0x0011 16xs 4d 1i
[DBG] PASS: 6b, 0x0011 1xv 4d 1i
[DBG] PASS: 6b, 0x0011 16xv 4d 1i
[DBG] PASS: 6b, 0x0011 1xs 1d 2i
[DBG] PASS: 6b, 0x0011 16xs 1d 2i
[DBG] PASS: 6b, 0x0011 1xv 1d 2i
[DBG] PASS: 6b, 0x0011 16xv 1d 2i
[DBG] FAIL: 6b, 0x0011 1xs 2d 2i
[DBG] 1xs 2d 2i: Got 000000FC vs 000000FB: FAIL
[DBG] PASS: 6b, 0x0011 16xs 2d 2i
[DBG] PASS: 6b, 0x0011 1xv 2d 2i
[DBG] PASS: 6b, 0x0011 16xv 2d 2i
[DBG] PASS: 6b, 0x0011 1xs 4d 2i
[DBG] PASS: 6b, 0x0011 16xs 4d 2i
[DBG] PASS: 6b, 0x0011 1xv 4d 2i
[DBG] PASS: 6b, 0x0011 16xv 4d 2i
[DBG] PASS: 6b, 0x0011 1xs 1d 4i
[DBG] PASS: 6b, 0x0011 16xs 1d 4i
[DBG] PASS: 6b, 0x0011 1xv 1d 4i
[DBG] PASS: 6b, 0x0011 16xv 1d 4i
[DBG] PASS: 6b, 0x0011 1xs 2d 4i
[DBG] PASS: 6b, 0x0011 16xs 2d 4i
[DBG] PASS: 6b, 0x0011 1xv 2d 4i
[DBG] PASS: 6b, 0x0011 16xv 2d 4i
[DBG] PASS: 6b, 0x0011 1xs 4d 4i
[DBG] PASS: 6b, 0x0011 16xs 4d 4i
[DBG] PASS: 6b, 0x0011 1xv 4d 4i
[DBG] PASS: 6b, 0x0011 16xv 4d 4i
[DBG] Timer count-up test: 6b, 0x0012
[DBG] PASS: 6b, 0x0012 1xs 1d 1i
[DBG] PASS: 6b, 0x0012 16xs 1d 1i
[DBG] PASS: 6b, 0x0012 1xv 1d 1i
[DBG] PASS: 6b, 0x0012 16xv 1d 1i
[DBG] PASS: 6b, 0x0012 1xs 2d 1i
[DBG] PASS: 6b, 0x0012 16xs 2d 1i
[DBG] PASS: 6b, 0x0012 1xv 2d 1i
[DBG] PASS: 6b, 0x0012 16xv 2d 1i
[DBG] FAIL: 6b, 0x0012 1xs 4d 1i
[DBG] 1xs 4d 1i: Got 00000092 vs 00000091: FAIL
[DBG] PASS: 6b, 0x0012 16xs 4d 1i
[DBG] PASS: 6b, 0x0012 1xv 4d 1i
[DBG] PASS: 6b, 0x0012 16xv 4d 1i
[DBG] PASS: 6b, 0x0012 1xs 1d 2i
[DBG] PASS: 6b, 0x0012 16xs 1d 2i
[DBG] PASS: 6b, 0x0012 1xv 1d 2i
[DBG] PASS: 6b, 0x0012 16xv 1d 2i
[DBG] FAIL: 6b, 0x0012 1xs 2d 2i
[DBG] 1xs 2d 2i: Got 0000010C vs 0000010B: FAIL
[DBG] PASS: 6b, 0x0012 16xs 2d 2i
[DBG] PASS: 6b, 0x0012 1xv 2d 2i
[DBG] PASS: 6b, 0x0012 16xv 2d 2i
[DBG] PASS: 6b, 0x0012 1xs 4d 2i
[DBG] PASS: 6b, 0x0012 16xs 4d 2i
[DBG] PASS: 6b, 0x0012 1xv 4d 2i
[DBG] PASS: 6b, 0x0012 16xv 4d 2i
[DBG] PASS: 6b, 0x0012 1xs 1d 4i
[DBG] PASS: 6b, 0x0012 16xs 1d 4i
[DBG] PASS: 6b, 0x0012 1xv 1d 4i
[DBG] PASS: 6b, 0x0012 16xv 1d 4i
[DBG] PASS: 6b, 0x0012 1xs 2d 4i
[DBG] PASS: 6b, 0x0012 16xs 2d 4i
[DBG] PASS: 6b, 0x0012 1xv 2d 4i
[DBG] PASS: 6b, 0x0012 16xv 2d 4i
[DBG] PASS: 6b, 0x0012 1xs 4d 4i
[DBG] PASS: 6b, 0x0012 16xs 4d 4i
[DBG] PASS: 6b, 0x0012 1xv 4d 4i
[DBG] PASS: 6b, 0x0012 16xv 4d 4i
[DBG] Timer count-up test: 6b, 0x0013
[DBG] PASS: 6b, 0x0013 1xs 1d 1i
[DBG] PASS: 6b, 0x0013 16xs 1d 1i
[DBG] PASS: 6b, 0x0013 1xv 1d 1i
[DBG] PASS: 6b, 0x0013 16xv 1d 1i
[DBG] PASS: 6b, 0x0013 1xs 2d 1i
[DBG] PASS: 6b, 0x0013 16xs 2d 1i
[DBG] PASS: 6b, 0x0013 1xv 2d 1i
[DBG] PASS: 6b, 0x0013 16xv 2d 1i
[DBG] FAIL: 6b, 0x0013 1xs 4d 1i
[DBG] 1xs 4d 1i: Got 0000009A vs 00000099: FAIL
[DBG] PASS: 6b, 0x0013 16xs 4d 1i
[DBG] PASS: 6b, 0x0013 1xv 4d 1i
[DBG] PASS: 6b, 0x0013 16xv 4d 1i
[DBG] PASS: 6b, 0x0013 1xs 1d 2i
[DBG] PASS: 6b, 0x0013 16xs 1d 2i
[DBG] PASS: 6b, 0x0013 1xv 1d 2i
[DBG] PASS: 6b, 0x0013 16xv 1d 2i
[DBG] FAIL: 6b, 0x0013 1xs 2d 2i
[DBG] 1xs 2d 2i: Got 0000011C vs 0000011B: FAIL
[DBG] PASS: 6b, 0x0013 16xs 2d 2i
[DBG] PASS: 6b, 0x0013 1xv 2d 2i
[DBG] PASS: 6b, 0x0013 16xv 2d 2i
[DBG] PASS: 6b, 0x0013 1xs 4d 2i
[DBG] PASS: 6b, 0x0013 16xs 4d 2i
[DBG] PASS: 6b, 0x0013 1xv 4d 2i
[DBG] PASS: 6b, 0x0013 16xv 4d 2i
[DBG] PASS: 6b, 0x0013 1xs 1d 4i
[DBG] PASS: 6b, 0x0013 16xs 1d 4i
[DBG] PASS: 6b, 0x0013 1xv 1d 4i
[DBG] PASS: 6b, 0x0013 16xv 1d 4i
[DBG] PASS: 6b, 0x0013 1xs 2d 4i
[DBG] PASS: 6b, 0x0013 16xs 2d 4i
[DBG] PASS: 6b, 0x0013 1xv 2d 4i
[DBG] PASS: 6b, 0x0013 16xv 2d 4i
[DBG] PASS: 6b, 0x0013 1xs 4d 4i
[DBG] FAIL: 6b, 0x0013 16xs 4d 4i
[DBG] 16xs 4d 4i: Got 00000C50 vs 00000C40: FAIL
[DBG] PASS: 6b, 0x0013 1xv 4d 4i
[DBG] PASS: 6b, 0x0013 16xv 4d 4i
[DBG] Timer count-up test: 8b, 0x0010
[DBG] PASS: 8b, 0x0010 1xs 1d 1i
[DBG] PASS: 8b, 0x0010 16xs 1d 1i
[DBG] PASS: 8b, 0x0010 1xv 1d 1i
[DBG] PASS: 8b, 0x0010 16xv 1d 1i
[DBG] PASS: 8b, 0x0010 1xs 2d 1i
[DBG] PASS: 8b, 0x0010 16xs 2d 1i
[DBG] PASS: 8b, 0x0010 1xv 2d 1i
[DBG] PASS: 8b, 0x0010 16xv 2d 1i
[DBG] FAIL: 8b, 0x0010 1xs 4d 1i
[DBG] 1xs 4d 1i: Got 000001EA vs 000001E9: FAIL
[DBG] PASS: 8b, 0x0010 16xs 4d 1i
[DBG] PASS: 8b, 0x0010 1xv 4d 1i
[DBG] PASS: 8b, 0x0010 16xv 4d 1i
[DBG] PASS: 8b, 0x0010 1xs 1d 2i
[DBG] PASS: 8b, 0x0010 16xs 1d 2i
[DBG] PASS: 8b, 0x0010 1xv 1d 2i
[DBG] PASS: 8b, 0x0010 16xv 1d 2i
[DBG] FAIL: 8b, 0x0010 1xs 2d 2i
[DBG] 1xs 2d 2i: Got 000003DC vs 000003DB: FAIL
[DBG] PASS: 8b, 0x0010 16xs 2d 2i
[DBG] PASS: 8b, 0x0010 1xv 2d 2i
[DBG] PASS: 8b, 0x0010 16xv 2d 2i
[DBG] PASS: 8b, 0x0010 1xs 4d 2i
[DBG] PASS: 8b, 0x0010 16xs 4d 2i
[DBG] PASS: 8b, 0x0010 1xv 4d 2i
[DBG] PASS: 8b, 0x0010 16xv 4d 2i
[DBG] PASS: 8b, 0x0010 1xs 1d 4i
[DBG] PASS: 8b, 0x0010 16xs 1d 4i
[DBG] PASS: 8b, 0x0010 1xv 1d 4i
[DBG] PASS: 8b, 0x0010 16xv 1d 4i
[DBG] PASS: 8b, 0x0010 1xs 2d 4i
[DBG] FAIL: 8b, 0x0010 16xs 2d 4i
[DBG] 16xs 2d 4i: Got 00002B20 vs 00002B10: FAIL
[DBG] PASS: 8b, 0x0010 1xv 2d 4i
[DBG] PASS: 8b, 0x0010 16xv 2d 4i
[DBG] PASS: 8b, 0x0010 1xs 4d 4i
[DBG] PASS: 8b, 0x0010 16xs 4d 4i
[DBG] PASS: 8b, 0x0010 1xv 4d 4i
[DBG] PASS: 8b, 0x0010 16xv 4d 4i
[DBG] Timer count-up test: 8b, 0x0011
[DBG] PASS: 8b, 0x0011 1xs 1d 1i
[DBG] PASS: 8b, 0x0011 16xs 1d 1i
[DBG] PASS: 8b, 0x0011 1xv 1d 1i
[DBG] PASS: 8b, 0x0011 16xv 1d 1i
[DBG] PASS: 8b, 0x0011 1xs 2d 1i
[DBG] PASS: 8b, 0x0011 16xs 2d 1i
[DBG] PASS: 8b, 0x0011 1xv 2d 1i
[DBG] PASS: 8b, 0x0011 16xv 2d 1i
[DBG] FAIL: 8b, 0x0011 1xs 4d 1i
[DBG] 1xs 4d 1i: Got 0000020A vs 00000209: FAIL
[DBG] PASS: 8b, 0x0011 16xs 4d 1i
[DBG] PASS: 8b, 0x0011 1xv 4d 1i
[DBG] PASS: 8b, 0x0011 16xv 4d 1i
[DBG] PASS: 8b, 0x0011 1xs 1d 2i
[DBG] PASS: 8b, 0x0011 16xs 1d 2i
[DBG] PASS: 8b, 0x0011 1xv 1d 2i
[DBG] PASS: 8b, 0x0011 16xv 1d 2i
[DBG] FAIL: 8b, 0x0011 1xs 2d 2i
[DBG] 1xs 2d 2i: Got 0000041C vs 0000041B: FAIL
[DBG] PASS: 8b, 0x0011 16xs 2d 2i
[DBG] PASS: 8b, 0x0011 1xv 2d 2i
[DBG] PASS: 8b, 0x0011 16xv 2d 2i
[DBG] PASS: 8b, 0x0011 1xs 4d 2i
[DBG] PASS: 8b, 0x0011 16xs 4d 2i
[DBG] PASS: 8b, 0x0011 1xv 4d 2i
[DBG] PASS: 8b, 0x0011 16xv 4d 2i
[DBG] PASS: 8b, 0x0011 1xs 1d 4i
[DBG] PASS: 8b, 0x0011 16xs 1d 4i
[DBG] PASS: 8b, 0x0011 1xv 1d 4i
[DBG] PASS: 8b, 0x0011 16xv 1d 4i
[DBG] PASS: 8b, 0x0011 1xs 2d 4i
[DBG] PASS: 8b, 0x0011 16xs 2d 4i
[DBG] PASS: 8b, 0x0011 1xv 2d 4i
[DBG] PASS: 8b, 0x0011 16xv 2d 4i
[DBG] PASS: 8b, 0x0011 1xs 4d 4i
[DBG] PASS: 8b, 0x0011 16xs 4d 4i
[DBG] PASS: 8b, 0x0011 1xv 4d 4i
[DBG] PASS: 8b, 0x0011 16xv 4d 4i
[DBG] Timer count-up test: 8b, 0x0012
[DBG] PASS: 8b, 0x0012 1xs 1d 1i
[DBG] FAIL: 8b, 0x0012 16xs 1d 1i
[DBG] 16xs 1d 1i: Got 00000C20 vs 00000C10: FAIL
[DBG] PASS: 8b, 0x0012 1xv 1d 1i
[DBG] PASS: 8b, 0x0012 16xv 1d 1i
[DBG] PASS: 8b, 0x0012 1xs 2d 1i
[DBG] PASS: 8b, 0x0012 16xs 2d 1i
[DBG] PASS: 8b, 0x0012 1xv 2d 1i
[DBG] PASS: 8b, 0x0012 16xv 2d 1i
[DBG] FAIL: 8b, 0x0012 1xs 4d 1i
[DBG] 1xs 4d 1i: Got 0000022A vs 00000229: FAIL
[DBG] PASS: 8b, 0x0012 16xs 4d 1i
[DBG] PASS: 8b, 0x0012 1xv 4d 1i
[DBG] PASS: 8b, 0x0012 16xv 4d 1i
[DBG] PASS: 8b, 0x0012 1xs 1d 2i
[DBG] PASS: 8b, 0x0012 16xs 1d 2i
[DBG] PASS: 8b, 0x0012 1xv 1d 2i
[DBG] PASS: 8b, 0x0012 16xv 1d 2i
[DBG] FAIL: 8b, 0x0012 1xs 2d 2i
[DBG] 1xs 2d 2i: Got 0000045C vs 0000045B: FAIL
[DBG] PASS: 8b, 0x0012 16xs 2d 2i
[DBG] PASS: 8b, 0x0012 1xv 2d 2i
[DBG] PASS: 8b, 0x0012 16xv 2d 2i
[DBG] PASS: 8b, 0x0012 1xs 4d 2i
[DBG] PASS: 8b, 0x0012 16xs 4d 2i
[DBG] PASS: 8b, 0x0012 1xv 4d 2i
[DBG] PASS: 8b, 0x0012 16xv 4d 2i
[DBG] PASS: 8b, 0x0012 1xs 1d 4i
[DBG] PASS: 8b, 0x0012 16xs 1d 4i
[DBG] PASS: 8b, 0x0012 1xv 1d 4i
[DBG] PASS: 8b, 0x0012 16xv 1d 4i
[DBG] PASS: 8b, 0x0012 1xs 2d 4i
[DBG] FAIL: 8b, 0x0012 16xs 2d 4i
[DBG] 16xs 2d 4i: Got 000030B0 vs 000030A0: FAIL
[DBG] PASS: 8b, 0x0012 1xv 2d 4i
[DBG] PASS: 8b, 0x0012 16xv 2d 4i
[DBG] PASS: 8b, 0x0012 1xs 4d 4i
[DBG] PASS: 8b, 0x0012 16xs 4d 4i
[DBG] PASS: 8b, 0x0012 1xv 4d 4i
[DBG] PASS: 8b, 0x0012 16xv 4d 4i
[DBG] Timer count-up test: 8b, 0x0013
[DBG] PASS: 8b, 0x0013 1xs 1d 1i
[DBG] PASS: 8b, 0x0013 16xs 1d 1i
[DBG] PASS: 8b, 0x0013 1xv 1d 1i
[DBG] PASS: 8b, 0x0013 16xv 1d 1i
[DBG] PASS: 8b, 0x0013 1xs 2d 1i
[DBG] PASS: 8b, 0x0013 16xs 2d 1i
[DBG] PASS: 8b, 0x0013 1xv 2d 1i
[DBG] PASS: 8b, 0x0013 16xv 2d 1i
[DBG] FAIL: 8b, 0x0013 1xs 4d 1i
[DBG] 1xs 4d 1i: Got 0000024A vs 00000249: FAIL
[DBG] PASS: 8b, 0x0013 16xs 4d 1i
[DBG] PASS: 8b, 0x0013 1xv 4d 1i
[DBG] PASS: 8b, 0x0013 16xv 4d 1i
[DBG] PASS: 8b, 0x0013 1xs 1d 2i
[DBG] PASS: 8b, 0x0013 16xs 1d 2i
[DBG] PASS: 8b, 0x0013 1xv 1d 2i
[DBG] PASS: 8b, 0x0013 16xv 1d 2i
[DBG] FAIL: 8b, 0x0013 1xs 2d 2i
[DBG] 1xs 2d 2i: Got 0000049C vs 0000049B: FAIL
[DBG] PASS: 8b, 0x0013 16xs 2d 2i
[DBG] PASS: 8b, 0x0013 1xv 2d 2i
[DBG] PASS: 8b, 0x0013 16xv 2d 2i
[DBG] PASS: 8b, 0x0013 1xs 4d 2i
[DBG] PASS: 8b, 0x0013 16xs 4d 2i
[DBG] PASS: 8b, 0x0013 1xv 4d 2i
[DBG] PASS: 8b, 0x0013 16xv 4d 2i
[DBG] PASS: 8b, 0x0013 1xs 1d 4i
[DBG] PASS: 8b, 0x0013 16xs 1d 4i
[DBG] PASS: 8b, 0x0013 1xv 1d 4i
[DBG] PASS: 8b, 0x0013 16xv 1d 4i
[DBG] PASS: 8b, 0x0013 1xs 2d 4i
[DBG] PASS: 8b, 0x0013 16xs 2d 4i
[DBG] PASS: 8b, 0x0013 1xv 2d 4i
[DBG] PASS: 8b, 0x0013 16xv 2d 4i
[DBG] PASS: 8b, 0x0013 1xs 4d 4i
[DBG] PASS: 8b, 0x0013 16xs 4d 4i
[DBG] PASS: 8b, 0x0013 1xv 4d 4i
[DBG] PASS: 8b, 0x0013 16xv 4d 4i
[DBG] Timer count-up test: 10b, 0x0010
[DBG] PASS: 10b, 0x0010 1xs 1d 1i
[DBG] FAIL: 10b, 0x0010 16xs 1d 1i
[DBG] 16xs 1d 1i: Got 00002C20 vs 00002C10: FAIL
[DBG] PASS: 10b, 0x0010 1xv 1d 1i
[DBG] PASS: 10b, 0x0010 16xv 1d 1i
[DBG] PASS: 10b, 0x0010 1xs 2d 1i
[DBG] PASS: 10b, 0x0010 16xs 2d 1i
[DBG] PASS: 10b, 0x0010 1xv 2d 1i
[DBG] PASS: 10b, 0x0010 16xv 2d 1i
[DBG] FAIL: 10b, 0x0010 1xs 4d 1i
[DBG] 1xs 4d 1i: Got 000007EA vs 000007E9: FAIL
[DBG] PASS: 10b, 0x0010 16xs 4d 1i
[DBG] PASS: 10b, 0x0010 1xv 4d 1i
[DBG] PASS: 10b, 0x0010 16xv 4d 1i
[DBG] PASS: 10b, 0x0010 1xs 1d 2i
[DBG] PASS: 10b, 0x0010 16xs 1d 2i
[DBG] PASS: 10b, 0x0010 1xv 1d 2i
[DBG] PASS: 10b, 0x0010 16xv 1d 2i
[DBG] FAIL: 10b, 0x0010 1xs 2d 2i
[DBG] 1xs 2d 2i: Got 00000FDC vs 00000FDB: FAIL
[DBG] PASS: 10b, 0x0010 16xs 2d 2i
[DBG] PASS: 10b, 0x0010 1xv 2d 2i
[DBG] PASS: 10b, 0x0010 16xv 2d 2i
[DBG] PASS: 10b, 0x0010 1xs 4d 2i
[DBG] PASS: 10b, 0x0010 16xs 4d 2i
[DBG] PASS: 10b, 0x0010 1xv 4d 2i
[DBG] PASS: 10b, 0x0010 16xv 4d 2i
[DBG] PASS: 10b, 0x0010 1xs 1d 4i
[DBG] PASS: 10b, 0x0010 16xs 1d 4i
[DBG] PASS: 10b, 0x0010 1xv 1d 4i
[DBG] PASS: 10b, 0x0010 16xv 1d 4i
[DBG] PASS: 10b, 0x0010 1xs 2d 4i
[DBG] FAIL: 10b, 0x0010 16xs 2d 4i
[DBG] 16xs 2d 4i: Got 0000B0B0 vs 0000B0A0: FAIL
[DBG] PASS: 10b, 0x0010 1xv 2d 4i
[DBG] PASS: 10b, 0x0010 16xv 2d 4i
[DBG] PASS: 10b, 0x0010 1xs 4d 4i
[DBG] PASS: 10b, 0x0010 16xs 4d 4i
[DBG] PASS: 10b, 0x0010 1xv 4d 4i
[DBG] PASS: 10b, 0x0010 16xv 4d 4i
[DBG] Timer count-up test: 10b, 0x0011
[DBG] PASS: 10b, 0x0011 1xs 1d 1i
[DBG] PASS: 10b, 0x0011 16xs 1d 1i
[DBG] PASS: 10b, 0x0011 1xv 1d 1i
[DBG] PASS: 10b, 0x0011 16xv 1d 1i
[DBG] PASS: 10b, 0x0011 1xs 2d 1i
[DBG] PASS: 10b, 0x0011 16xs 2d 1i
[DBG] PASS: 10b, 0x0011 1xv 2d 1i
[DBG] PASS: 10b, 0x0011 16xv 2d 1i
[DBG] FAIL: 10b, 0x0011 1xs 4d 1i
[DBG] 1xs 4d 1i: Got 0000086A vs 00000869: FAIL
[DBG] PASS: 10b, 0x0011 16xs 4d 1i
[DBG] PASS: 10b, 0x0011 1xv 4d 1i
[DBG] PASS: 10b, 0x0011 16xv 4d 1i
[DBG] PASS: 10b, 0x0011 1xs 1d 2i
[DBG] PASS: 10b, 0x0011 16xs 1d 2i
[DBG] PASS: 10b, 0x0011 1xv 1d 2i
[DBG] PASS: 10b, 0x0011 16xv 1d 2i
[DBG] FAIL: 10b, 0x0011 1xs 2d 2i
[DBG] 1xs 2d 2i: Got 000010DC vs 000010DB: FAIL
[DBG] PASS: 10b, 0x0011 16xs 2d 2i
[DBG] PASS: 10b, 0x0011 1xv 2d 2i
[DBG] PASS: 10b, 0x0011 16xv 2d 2i
[DBG] PASS: 10b, 0x0011 1xs 4d 2i
[DBG] PASS: 10b, 0x0011 16xs 4d 2i
[DBG] PASS: 10b, 0x0011 1xv 4d 2i
[DBG] PASS: 10b, 0x0011 16xv 4d 2i
[DBG] PASS: 10b, 0x0011 1xs 1d 4i
[DBG] PASS: 10b, 0x0011 16xs 1d 4i
[DBG] PASS: 10b, 0x0011 1xv 1d 4i
[DBG] PASS: 10b, 0x0011 16xv 1d 4i
[DBG] PASS: 10b, 0x0011 1xs 2d 4i
[DBG] PASS: 10b, 0x0011 16xs 2d 4i
[DBG] PASS: 10b, 0x0011 1xv 2d 4i
[DBG] PASS: 10b, 0x0011 16xv 2d 4i
[DBG] PASS: 10b, 0x0011 1xs 4d 4i
[DBG] PASS: 10b, 0x0011 16xs 4d 4i
[DBG] PASS: 10b, 0x0011 1xv 4d 4i
[DBG] PASS: 10b, 0x0011 16xv 4d 4i
[DBG] Timer count-up test: 10b, 0x0012
[DBG] PASS: 10b, 0x0012 1xs 1d 1i
[DBG] FAIL: 10b, 0x0012 16xs 1d 1i
[DBG] 16xs 1d 1i: Got 000031B0 vs 000031A0: FAIL
[DBG] PASS: 10b, 0x0012 1xv 1d 1i
[DBG] PASS: 10b, 0x0012 16xv 1d 1i
[DBG] PASS: 10b, 0x0012 1xs 2d 1i
[DBG] PASS: 10b, 0x0012 16xs 2d 1i
[DBG] PASS: 10b, 0x0012 1xv 2d 1i
[DBG] PASS: 10b, 0x0012 16xv 2d 1i
[DBG] FAIL: 10b, 0x0012 1xs 4d 1i
[DBG] 1xs 4d 1i: Got 000008EA vs 000008E9: FAIL
[DBG] PASS: 10b, 0x0012 16xs 4d 1i
[DBG] PASS: 10b, 0x0012 1xv 4d 1i
[DBG] PASS: 10b, 0x0012 16xv 4d 1i
[DBG] PASS: 10b, 0x0012 1xs 1d 2i
[DBG] PASS: 10b, 0x0012 16xs 1d 2i
[DBG] PASS: 10b, 0x0012 1xv 1d 2i
[DBG] PASS: 10b, 0x0012 16xv 1d 2i
[DBG] FAIL: 10b, 0x0012 1xs 2d 2i
[DBG] 1xs 2d 2i: Got 000011DC vs 000011DB: FAIL
[DBG] PASS: 10b, 0x0012 16xs 2d 2i
[DBG] PASS: 10b, 0x0012 1xv 2d 2i
[DBG] PASS: 10b, 0x0012 16xv 2d 2i
[DBG] PASS: 10b, 0x0012 1xs 4d 2i
[DBG] PASS: 10b, 0x0012 16xs 4d 2i
[DBG] PASS: 10b, 0x0012 1xv 4d 2i
[DBG] PASS: 10b, 0x0012 16xv 4d 2i
[DBG] PASS: 10b, 0x0012 1xs 1d 4i
[DBG] PASS: 10b, 0x0012 16xs 1d 4i
[DBG] PASS: 10b, 0x0012 1xv 1d 4i
[DBG] PASS: 10b, 0x0012 16xv 1d 4i
[DBG] PASS: 10b, 0x0012 1xs 2d 4i
[DBG] PASS: 10b, 0x0012 16xs 2d 4i
[DBG] PASS: 10b, 0x0012 1xv 2d 4i
[DBG] PASS: 10b, 0x0012 16xv 2d 4i
[DBG] PASS: 10b, 0x0012 1xs 4d 4i
[DBG] PASS: 10b, 0x0012 16xs 4d 4i
[DBG] PASS: 10b, 0x0012 1xv 4d 4i
[DBG] PASS: 10b, 0x0012 16xv 4d 4i
[DBG] Timer count-up test: 10b, 0x0013
[DBG] PASS: 10b, 0x0013 1xs 1d 1i
[DBG] PASS: 10b, 0x0013 16xs 1d 1i
[DBG] PASS: 10b, 0x0013 1xv 1d 1i
[DBG] PASS: 10b, 0x0013 16xv 1d 1i
[DBG] PASS: 10b, 0x0013 1xs 2d 1i
[DBG] PASS: 10b, 0x0013 16xs 2d 1i
[DBG] PASS: 10b, 0x0013 1xv 2d 1i
[DBG] PASS: 10b, 0x0013 16xv 2d 1i
[DBG] FAIL: 10b, 0x0013 1xs 4d 1i
[DBG] 1xs 4d 1i: Got 0000096A vs 00000969: FAIL
[DBG] PASS: 10b, 0x0013 16xs 4d 1i
[DBG] PASS: 10b, 0x0013 1xv 4d 1i
[DBG] PASS: 10b, 0x0013 16xv 4d 1i
[DBG] PASS: 10b, 0x0013 1xs 1d 2i
[DBG] PASS: 10b, 0x0013 16xs 1d 2i
[DBG] PASS: 10b, 0x0013 1xv 1d 2i
[DBG] PASS: 10b, 0x0013 16xv 1d 2i
[DBG] FAIL: 10b, 0x0013 1xs 2d 2i
[DBG] 1xs 2d 2i: Got 000012DC vs 000012DB: FAIL
[DBG] FAIL: 10b, 0x0013 16xs 2d 2i
[DBG] 16xs 2d 2i: Got 00006900 vs 000068F0: FAIL
[DBG] PASS: 10b, 0x0013 1xv 2d 2i
[DBG] PASS: 10b, 0x0013 16xv 2d 2i
[DBG] PASS: 10b, 0x0013 1xs 4d 2i
[DBG] PASS: 10b, 0x0013 16xs 4d 2i
[DBG] PASS: 10b, 0x0013 1xv 4d 2i
[DBG] PASS: 10b, 0x0013 16xv 4d 2i
[DBG] PASS: 10b, 0x0013 1xs 1d 4i
[DBG] PASS: 10b, 0x0013 16xs 1d 4i
[DBG] PASS: 10b, 0x0013 1xv 1d 4i
[DBG] PASS: 10b, 0x0013 16xv 1d 4i
[DBG] PASS: 10b, 0x0013 1xs 2d 4i
[DBG] PASS: 10b, 0x0013 16xs 2d 4i
[DBG] PASS: 10b, 0x0013 1xv 2d 4i
[DBG] PASS: 10b, 0x0013 16xv 2d 4i
[DBG] PASS: 10b, 0x0013 1xs 4d 4i
[DBG] PASS: 10b, 0x0013 16xs 4d 4i
[DBG] PASS: 10b, 0x0013 1xv 4d 4i
[DBG] PASS: 10b, 0x0013 16xv 4d 4i

--- Suite 04: Timer count-up ---
Frames: 185  PC=0x0802BAB6  CPSR=0x4000003F  halted=0  cycle=171543680
[debug]
Game Boy Advance Test Suite
===
BEGIN: Timer count-up tests
Timer count-up test: 0b, 0x0001
PASS: 0b, 0x0001 1xs 1d 1i
PASS: 0b, 0x0001 16xs 1d 1i
PASS: 0b, 0x0001 1xv 1d 1i
PASS: 0b, 0x0001 16xv 1d 1i
PASS: 0b, 0x0001 1xs 2d 1i
PASS: 0b, 0x0001 16xs 2d 1i
PASS: 0b, 0x0001 1xv 2d 1i
PASS: 0b, 0x0001 16xv 2d 1i
PASS: 0b, 0x0001 1xs 4d 1i
PASS: 0b, 0x0001 16xs 4d 1i
PASS: 0b, 0x0001 1xv 4d 1i
PASS: 0b, 0x0001 16xv 4d 1i
PASS: 0b, 0x0001 1xs 1d 2i
PASS: 0b, 0x0001 16xs 1d 2i
PASS: 0b, 0x0001 1xv 1d 2i
PASS: 0b, 0x0001 16xv 1d 2i
PASS: 0b, 0x0001 1xs 2d 2i
PASS: 0b, 0x0001 16xs 2d 2i
PASS: 0b, 0x0001 1xv 2d 2i
PASS: 0b, 0x0001 16xv 2d 2i
PASS: 0b, 0x0001 1xs 4d 2i
PASS: 0b, 0x0001 16xs 4d 2i
PASS: 0b, 0x0001 1xv 4d 2i
PASS: 0b, 0x0001 16xv 4d 2i
PASS: 0b, 0x0001 1xs 1d 4i
PASS: 0b, 0x0001 16xs 1d 4i
PASS: 0b, 0x0001 1xv 1d 4i
PASS: 0b, 0x0001 16xv 1d 4i
PASS: 0b, 0x0001 1xs 2d 4i
PASS: 0b, 0x0001 16xs 2d 4i
PASS: 0b, 0x0001 1xv 2d 4i
PASS: 0b, 0x0001 16xv 2d 4i
PASS: 0b, 0x0001 1xs 4d 4i
PASS: 0b, 0x0001 16xs 4d 4i
PASS: 0b, 0x0001 1xv 4d 4i
PASS: 0b, 0x0001 16xv 4d 4i
Timer count-up test: 0b, 0x0005
PASS: 0b, 0x0005 1xs 1d 1i
PASS: 0b, 0x0005 16xs 1d 1i
PASS: 0b, 0x0005 1xv 1d 1i
PASS: 0b, 0x0005 16xv 1d 1i
PASS: 0b, 0x0005 1xs 2d 1i
PASS: 0b, 0x0005 16xs 2d 1i
PASS: 0b, 0x0005 1xv 2d 1i
PASS: 0b, 0x0005 16xv 2d 1i
PASS: 0b, 0x0005 1xs 4d 1i
PASS: 0b, 0x0005 16xs 4d 1i
PASS: 0b, 0x0005 1xv 4d 1i
PASS: 0b, 0x0005 16xv 4d 1i
PASS: 0b, 0x0005 1xs 1d 2i
PASS: 0b, 0x0005 16xs 1d 2i
PASS: 0b, 0x0005 1xv 1d 2i
PASS: 0b, 0x0005 16xv 1d 2i
PASS: 0b, 0x0005 1xs 2d 2i
PASS: 0b, 0x0005 16xs 2d 2i
PASS: 0b, 0x0005 1xv 2d 2i
PASS: 0b, 0x0005 16xv 2d 2i
PASS: 0b, 0x0005 1xs 4d 2i
PASS: 0b, 0x0005 16xs 4d 2i
PASS: 0b, 0x0005 1xv 4d 2i
PASS: 0b, 0x0005 16xv 4d 2i
PASS: 0b, 0x0005 1xs 1d 4i
PASS: 0b, 0x0005 16xs 1d 4i
PASS: 0b, 0x0005 1xv 1d 4i
PASS: 0b, 0x0005 16xv 1d 4i
PASS: 0b, 0x0005 1xs 2d 4i
PASS: 0b, 0x0005 16xs 2d 4i
PASS: 0b, 0x0005 1xv 2d 4i
PASS: 0b, 0x0005 16xv 2d 4i
PASS: 0b, 0x0005 1xs 4d 4i
PASS: 0b, 0x0005 16xs 4d 4i
PASS: 0b, 0x0005 1xv 4d 4i
PASS: 0b, 0x0005 16xv 4d 4i
Timer count-up test: 0b, 0x000C
PASS: 0b, 0x000C 1xs 1d 1i
PASS: 0b, 0x000C 16xs 1d 1i
PASS: 0b, 0x000C 1xv 1d 1i
PASS: 0b, 0x000C 16xv 1d 1i
PASS: 0b, 0x000C 1xs 2d 1i
PASS: 0b, 0x000C 16xs 2d 1i
PASS: 0b, 0x000C 1xv 2d 1i
PASS: 0b, 0x000C 16xv 2d 1i
PASS: 0b, 0x000C 1xs 4d 1i
PASS: 0b, 0x000C 16xs 4d 1i
PASS: 0b, 0x000C 1xv 4d 1i
PASS: 0b, 0x000C 16xv 4d 1i
PASS: 0b, 0x000C 1xs 1d 2i
PASS: 0b, 0x000C 16xs 1d 2i
PASS: 0b, 0x000C 1xv 1d 2i
PASS: 0b, 0x000C 16xv 1d 2i
PASS: 0b, 0x000C 1xs 2d 2i
PASS: 0b, 0x000C 16xs 2d 2i
PASS: 0b, 0x000C 1xv 2d 2i
PASS: 0b, 0x000C 16xv 2d 2i
PASS: 0b, 0x000C 1xs 4d 2i
PASS: 0b, 0x000C 16xs 4d 2i
PASS: 0b, 0x000C 1xv 4d 2i
PASS: 0b, 0x000C 16xv 4d 2i
PASS: 0b, 0x000C 1xs 1d 4i
PASS: 0b, 0x000C 16xs 1d 4i
PASS: 0b, 0x000C 1xv 1d 4i
PASS: 0b, 0x000C 16xv 1d 4i
PASS: 0b, 0x000C 1xs 2d 4i
PASS: 0b, 0x000C 16xs 2d 4i
PASS: 0b, 0x000C 1xv 2d 4i
PASS: 0b, 0x000C 16xv 2d 4i
PASS: 0b, 0x000C 1xs 4d 4i
PASS: 0b, 0x000C 16xs 4d 4i
PASS: 0b, 0x000C 1xv 4d 4i
PASS: 0b, 0x000C 16xv 4d 4i
Timer count-up test: 0b, 0x000D
PASS: 0b, 0x000D 1xs 1d 1i
PASS: 0b, 0x000D 16xs 1d 1i
PASS: 0b, 0x000D 1xv 1d 1i
PASS: 0b, 0x000D 16xv 1d 1i
PASS: 0b, 0x000D 1xs 2d 1i
PASS: 0b, 0x000D 16xs 2d 1i
PASS: 0b, 0x000D 1xv 2d 1i
PASS: 0b, 0x000D 16xv 2d 1i
PASS: 0b, 0x000D 1xs 4d 1i
PASS: 0b, 0x000D 16xs 4d 1i
PASS: 0b, 0x000D 1xv 4d 1i
PASS: 0b, 0x000D 16xv 4d 1i
PASS: 0b, 0x000D 1xs 1d 2i
PASS: 0b, 0x000D 16xs 1d 2i
PASS: 0b, 0x000D 1xv 1d 2i
PASS: 0b, 0x000D 16xv 1d 2i
PASS: 0b, 0x000D 1xs 2d 2i
PASS: 0b, 0x000D 16xs 2d 2i
PASS: 0b, 0x000D 1xv 2d 2i
PASS: 0b, 0x000D 16xv 2d 2i
PASS: 0b, 0x000D 1xs 4d 2i
PASS: 0b, 0x000D 16xs 4d 2i
PASS: 0b, 0x000D 1xv 4d 2i
PASS: 0b, 0x000D 16xv 4d 2i
PASS: 0b, 0x000D 1xs 1d 4i
PASS: 0b, 0x000D 16xs 1d 4i
PASS: 0b, 0x000D 1xv 1d 4i
PASS: 0b, 0x000D 16xv 1d 4i
PASS: 0b, 0x000D 1xs 2d 4i
PASS: 0b, 0x000D 16xs 2d 4i
PASS: 0b, 0x000D 1xv 2d 4i
PASS: 0b, 0x000D 16xv 2d 4i
PASS: 0b, 0x000D 1xs 4d 4i
PASS: 0b, 0x000D 16xs 4d 4i
PASS: 0b, 0x000D 1xv 4d 4i
PASS: 0b, 0x000D 16xv 4d 4i
Timer count-up test: 0b, 0x0010
PASS: 0b, 0x0010 1xs 1d 1i
PASS: 0b, 0x0010 16xs 1d 1i
PASS: 0b, 0x0010 1xv 1d 1i
PASS: 0b, 0x0010 16xv 1d 1i
PASS: 0b, 0x0010 1xs 2d 1i
PASS: 0b, 0x0010 16xs 2d 1i
PASS: 0b, 0x0010 1xv 2d 1i
PASS: 0b, 0x0010 16xv 2d 1i
PASS: 0b, 0x0010 1xs 4d 1i
PASS: 0b, 0x0010 16xs 4d 1i
PASS: 0b, 0x0010 1xv 4d 1i
PASS: 0b, 0x0010 16xv 4d 1i
PASS: 0b, 0x0010 1xs 1d 2i
PASS: 0b, 0x0010 16xs 1d 2i
PASS: 0b, 0x0010 1xv 1d 2i
PASS: 0b, 0x0010 16xv 1d 2i
PASS: 0b, 0x0010 1xs 2d 2i
PASS: 0b, 0x0010 16xs 2d 2i
PASS: 0b, 0x0010 1xv 2d 2i
PASS: 0b, 0x0010 16xv 2d 2i
PASS: 0b, 0x0010 1xs 4d 2i
PASS: 0b, 0x0010 16xs 4d 2i
PASS: 0b, 0x0010 1xv 4d 2i
PASS: 0b, 0x0010 16xv 4d 2i
PASS: 0b, 0x0010 1xs 1d 4i
PASS: 0b, 0x0010 16xs 1d 4i
PASS: 0b, 0x0010 1xv 1d 4i
PASS: 0b, 0x0010 16xv 1d 4i
PASS: 0b, 0x0010 1xs 2d 4i
PASS: 0b, 0x0010 16xs 2d 4i
PASS: 0b, 0x0010 1xv 2d 4i
PASS: 0b, 0x0010 16xv 2d 4i
PASS: 0b, 0x0010 1xs 4d 4i
PASS: 0b, 0x0010 16xs 4d 4i
PASS: 0b, 0x0010 1xv 4d 4i
PASS: 0b, 0x0010 16xv 4d 4i
Timer count-up test: 0b, 0x0014
PASS: 0b, 0x0014 1xs 1d 1i
PASS: 0b, 0x0014 16xs 1d 1i
PASS: 0b, 0x0014 1xv 1d 1i
PASS: 0b, 0x0014 16xv 1d 1i
PASS: 0b, 0x0014 1xs 2d 1i
PASS: 0b, 0x0014 16xs 2d 1i
PASS: 0b, 0x0014 1xv 2d 1i
PASS: 0b, 0x0014 16xv 2d 1i
PASS: 0b, 0x0014 1xs 4d 1i
PASS: 0b, 0x0014 16xs 4d 1i
PASS: 0b, 0x0014 1xv 4d 1i
PASS: 0b, 0x0014 16xv 4d 1i
PASS: 0b, 0x0014 1xs 1d 2i
PASS: 0b, 0x0014 16xs 1d 2i
PASS: 0b, 0x0014 1xv 1d 2i
PASS: 0b, 0x0014 16xv 1d 2i
PASS: 0b, 0x0014 1xs 2d 2i
PASS: 0b, 0x0014 16xs 2d 2i
PASS: 0b, 0x0014 1xv 2d 2i
PASS: 0b, 0x0014 16xv 2d 2i
PASS: 0b, 0x0014 1xs 4d 2i
PASS: 0b, 0x0014 16xs 4d 2i
PASS: 0b, 0x0014 1xv 4d 2i
PASS: 0b, 0x0014 16xv 4d 2i
PASS: 0b, 0x0014 1xs 1d 4i
PASS: 0b, 0x0014 16xs 1d 4i
PASS: 0b, 0x0014 1xv 1d 4i
PASS: 0b, 0x0014 16xv 1d 4i
PASS: 0b, 0x0014 1xs 2d 4i
PASS: 0b, 0x0014 16xs 2d 4i
PASS: 0b, 0x0014 1xv 2d 4i
PASS: 0b, 0x0014 16xv 2d 4i
PASS: 0b, 0x0014 1xs 4d 4i
PASS: 0b, 0x0014 16xs 4d 4i
PASS: 0b, 0x0014 1xv 4d 4i
PASS: 0b, 0x0014 16xv 4d 4i
Timer count-up test: 0b, 0x0015
PASS: 0b, 0x0015 1xs 1d 1i
PASS: 0b, 0x0015 16xs 1d 1i
PASS: 0b, 0x0015 1xv 1d 1i
PASS: 0b, 0x0015 16xv 1d 1i
PASS: 0b, 0x0015 1xs 2d 1i
PASS: 0b, 0x0015 16xs 2d 1i
PASS: 0b, 0x0015 1xv 2d 1i
PASS: 0b, 0x0015 16xv 2d 1i
PASS: 0b, 0x0015 1xs 4d 1i
PASS: 0b, 0x0015 16xs 4d 1i
PASS: 0b, 0x0015 1xv 4d 1i
PASS: 0b, 0x0015 16xv 4d 1i
PASS: 0b, 0x0015 1xs 1d 2i
PASS: 0b, 0x0015 16xs 1d 2i
PASS: 0b, 0x0015 1xv 1d 2i
PASS: 0b, 0x0015 16xv 1d 2i
PASS: 0b, 0x0015 1xs 2d 2i
PASS: 0b, 0x0015 16xs 2d 2i
PASS: 0b, 0x0015 1xv 2d 2i
PASS: 0b, 0x0015 16xv 2d 2i
PASS: 0b, 0x0015 1xs 4d 2i
PASS: 0b, 0x0015 16xs 4d 2i
PASS: 0b, 0x0015 1xv 4d 2i
PASS: 0b, 0x0015 16xv 4d 2i
PASS: 0b, 0x0015 1xs 1d 4i
PASS: 0b, 0x0015 16xs 1d 4i
PASS: 0b, 0x0015 1xv 1d 4i
PASS: 0b, 0x0015 16xv 1d 4i
PASS: 0b, 0x0015 1xs 2d 4i
PASS: 0b, 0x0015 16xs 2d 4i
PASS: 0b, 0x0015 1xv 2d 4i
PASS: 0b, 0x0015 16xv 2d 4i
PASS: 0b, 0x0015 1xs 4d 4i
PASS: 0b, 0x0015 16xs 4d 4i
PASS: 0b, 0x0015 1xv 4d 4i
PASS: 0b, 0x0015 16xv 4d 4i
Timer count-up test: 0b, 0x0020
PASS: 0b, 0x0020 1xs 1d 1i
PASS: 0b, 0x0020 16xs 1d 1i
PASS: 0b, 0x0020 1xv 1d 1i
PASS: 0b, 0x0020 16xv 1d 1i
PASS: 0b, 0x0020 1xs 2d 1i
PASS: 0b, 0x0020 16xs 2d 1i
PASS: 0b, 0x0020 1xv 2d 1i
PASS: 0b, 0x0020 16xv 2d 1i
PASS: 0b, 0x0020 1xs 4d 1i
PASS: 0b, 0x0020 16xs 4d 1i
PASS: 0b, 0x0020 1xv 4d 1i
PASS: 0b, 0x0020 16xv 4d 1i
PASS: 0b, 0x0020 1xs 1d 2i
PASS: 0b, 0x0020 16xs 1d 2i
PASS: 0b, 0x0020 1xv 1d 2i
PASS: 0b, 0x0020 16xv 1d 2i
PASS: 0b, 0x0020 1xs 2d 2i
PASS: 0b, 0x0020 16xs 2d 2i
PASS: 0b, 0x0020 1xv 2d 2i
PASS: 0b, 0x0020 16xv 2d 2i
PASS: 0b, 0x0020 1xs 4d 2i
PASS: 0b, 0x0020 16xs 4d 2i
PASS: 0b, 0x0020 1xv 4d 2i
PASS: 0b, 0x0020 16xv 4d 2i
PASS: 0b, 0x0020 1xs 1d 4i
PASS: 0b, 0x0020 16xs 1d 4i
PASS: 0b, 0x0020 1xv 1d 4i
PASS: 0b, 0x0020 16xv 1d 4i
PASS: 0b, 0x0020 1xs 2d 4i
PASS: 0b, 0x0020 16xs 2d 4i
PASS: 0b, 0x0020 1xv 2d 4i
PASS: 0b, 0x0020 16xv 2d 4i
PASS: 0b, 0x0020 1xs 4d 4i
PASS: 0b, 0x0020 16xs 4d 4i
PASS: 0b, 0x0020 1xv 4d 4i
PASS: 0b, 0x0020 16xv 4d 4i
Timer count-up test: 0b, 0x0024
PASS: 0b, 0x0024 1xs 1d 1i
PASS: 0b, 0x0024 16xs 1d 1i
PASS: 0b, 0x0024 1xv 1d 1i
PASS: 0b, 0x0024 16xv 1d 1i
PASS: 0b, 0x0024 1xs 2d 1i
PASS: 0b, 0x0024 16xs 2d 1i
PASS: 0b, 0x0024 1xv 2d 1i
PASS: 0b, 0x0024 16xv 2d 1i
PASS: 0b, 0x0024 1xs 4d 1i
PASS: 0b, 0x0024 16xs 4d 1i
PASS: 0b, 0x0024 1xv 4d 1i
PASS: 0b, 0x0024 16xv 4d 1i
PASS: 0b, 0x0024 1xs 1d 2i
PASS: 0b, 0x0024 16xs 1d 2i
PASS: 0b, 0x0024 1xv 1d 2i
PASS: 0b, 0x0024 16xv 1d 2i
PASS: 0b, 0x0024 1xs 2d 2i
PASS: 0b, 0x0024 16xs 2d 2i
PASS: 0b, 0x0024 1xv 2d 2i
PASS: 0b, 0x0024 16xv 2d 2i
PASS: 0b, 0x0024 1xs 4d 2i
PASS: 0b, 0x0024 16xs 4d 2i
PASS: 0b, 0x0024 1xv 4d 2i
PASS: 0b, 0x0024 16xv 4d 2i
PASS: 0b, 0x0024 1xs 1d 4i
PASS: 0b, 0x0024 16xs 1d 4i
PASS: 0b, 0x0024 1xv 1d 4i
PASS: 0b, 0x0024 16xv 1d 4i
PASS: 0b, 0x0024 1xs 2d 4i
PASS: 0b, 0x0024 16xs 2d 4i
PASS: 0b, 0x0024 1xv 2d 4i
PASS: 0b, 0x0024 16xv 2d 4i
PASS: 0b, 0x0024 1xs 4d 4i
PASS: 0b, 0x0024 16xs 4d 4i
PASS: 0b, 0x0024 1xv 4d 4i
PASS: 0b, 0x0024 16xv 4d 4i
Timer count-up test: 0b, 0x0025
PASS: 0b, 0x0025 1xs 1d 1i
PASS: 0b, 0x0025 16xs 1d 1i
PASS: 0b, 0x0025 1xv 1d 1i
PASS: 0b, 0x0025 16xv 1d 1i
PASS: 0b, 0x0025 1xs 2d 1i
PASS: 0b, 0x0025 16xs 2d 1i
PASS: 0b, 0x0025 1xv 2d 1i
PASS: 0b, 0x0025 16xv 2d 1i
PASS: 0b, 0x0025 1xs 4d 1i
PASS: 0b, 0x0025 16xs 4d 1i
PASS: 0b, 0x0025 1xv 4d 1i
PASS: 0b, 0x0025 16xv 4d 1i
PASS: 0b, 0x0025 1xs 1d 2i
PASS: 0b, 0x0025 16xs 1d 2i
PASS: 0b, 0x0025 1xv 1d 2i
PASS: 0b, 0x0025 16xv 1d 2i
PASS: 0b, 0x0025 1xs 2d 2i
PASS: 0b, 0x0025 16xs 2d 2i
PASS: 0b, 0x0025 1xv 2d 2i
PASS: 0b, 0x0025 16xv 2d 2i
PASS: 0b, 0x0025 1xs 4d 2i
PASS: 0b, 0x0025 16xs 4d 2i
PASS: 0b, 0x0025 1xv 4d 2i
PASS: 0b, 0x0025 16xv 4d 2i
PASS: 0b, 0x0025 1xs 1d 4i
PASS: 0b, 0x0025 16xs 1d 4i
PASS: 0b, 0x0025 1xv 1d 4i
PASS: 0b, 0x0025 16xv 1d 4i
PASS: 0b, 0x0025 1xs 2d 4i
PASS: 0b, 0x0025 16xs 2d 4i
PASS: 0b, 0x0025 1xv 2d 4i
PASS: 0b, 0x0025 16xv 2d 4i
PASS: 0b, 0x0025 1xs 4d 4i
PASS: 0b, 0x0025 16xs 4d 4i
PASS: 0b, 0x0025 1xv 4d 4i
PASS: 0b, 0x0025 16xv 4d 4i
Timer count-up test: 0b, 0x0040
PASS: 0b, 0x0040 1xs 1d 1i
PASS: 0b, 0x0040 16xs 1d 1i
PASS: 0b, 0x0040 1xv 1d 1i
PASS: 0b, 0x0040 16xv 1d 1i
PASS: 0b, 0x0040 1xs 2d 1i
PASS: 0b, 0x0040 16xs 2d 1i
PASS: 0b, 0x0040 1xv 2d 1i
PASS: 0b, 0x0040 16xv 2d 1i
PASS: 0b, 0x0040 1xs 4d 1i
PASS: 0b, 0x0040 16xs 4d 1i
PASS: 0b, 0x0040 1xv 4d 1i
PASS: 0b, 0x0040 16xv 4d 1i
PASS: 0b, 0x0040 1xs 1d 2i
PASS: 0b, 0x0040 16xs 1d 2i
PASS: 0b, 0x0040 1xv 1d 2i
PASS: 0b, 0x0040 16xv 1d 2i
PASS: 0b, 0x0040 1xs 2d 2i
PASS: 0b, 0x0040 16xs 2d 2i
PASS: 0b, 0x0040 1xv 2d 2i
PASS: 0b, 0x0040 16xv 2d 2i
PASS: 0b, 0x0040 1xs 4d 2i
PASS: 0b, 0x0040 16xs 4d 2i
PASS: 0b, 0x0040 1xv 4d 2i
PASS: 0b, 0x0040 16xv 4d 2i
PASS: 0b, 0x0040 1xs 1d 4i
PASS: 0b, 0x0040 16xs 1d 4i
PASS: 0b, 0x0040 1xv 1d 4i
PASS: 0b, 0x0040 16xv 1d 4i
PASS: 0b, 0x0040 1xs 2d 4i
PASS: 0b, 0x0040 16xs 2d 4i
PASS: 0b, 0x0040 1xv 2d 4i
PASS: 0b, 0x0040 16xv 2d 4i
PASS: 0b, 0x0040 1xs 4d 4i
PASS: 0b, 0x0040 16xs 4d 4i
PASS: 0b, 0x0040 1xv 4d 4i
PASS: 0b, 0x0040 16xv 4d 4i
Timer count-up test: 0b, 0x0080
PASS: 0b, 0x0080 1xs 1d 1i
PASS: 0b, 0x0080 16xs 1d 1i
PASS: 0b, 0x0080 1xv 1d 1i
PASS: 0b, 0x0080 16xv 1d 1i
PASS: 0b, 0x0080 1xs 2d 1i
PASS: 0b, 0x0080 16xs 2d 1i
PASS: 0b, 0x0080 1xv 2d 1i
PASS: 0b, 0x0080 16xv 2d 1i
PASS: 0b, 0x0080 1xs 4d 1i
PASS: 0b, 0x0080 16xs 4d 1i
PASS: 0b, 0x0080 1xv 4d 1i
PASS: 0b, 0x0080 16xv 4d 1i
PASS: 0b, 0x0080 1xs 1d 2i
PASS: 0b, 0x0080 16xs 1d 2i
PASS: 0b, 0x0080 1xv 1d 2i
PASS: 0b, 0x0080 16xv 1d 2i
PASS: 0b, 0x0080 1xs 2d 2i
PASS: 0b, 0x0080 16xs 2d 2i
PASS: 0b, 0x0080 1xv 2d 2i
PASS: 0b, 0x0080 16xv 2d 2i
PASS: 0b, 0x0080 1xs 4d 2i
PASS: 0b, 0x0080 16xs 4d 2i
PASS: 0b, 0x0080 1xv 4d 2i
PASS: 0b, 0x0080 16xv 4d 2i
PASS: 0b, 0x0080 1xs 1d 4i
PASS: 0b, 0x0080 16xs 1d 4i
PASS: 0b, 0x0080 1xv 1d 4i
PASS: 0b, 0x0080 16xv 1d 4i
PASS: 0b, 0x0080 1xs 2d 4i
PASS: 0b, 0x0080 16xs 2d 4i
PASS: 0b, 0x0080 1xv 2d 4i
PASS: 0b, 0x0080 16xv 2d 4i
PASS: 0b, 0x0080 1xs 4d 4i
PASS: 0b, 0x0080 16xs 4d 4i
PASS: 0b, 0x0080 1xv 4d 4i
PASS: 0b, 0x0080 16xv 4d 4i
Timer count-up test: 0b, 0x0800
PASS: 0b, 0x0800 1xs 1d 1i
PASS: 0b, 0x0800 16xs 1d 1i
PASS: 0b, 0x0800 1xv 1d 1i
PASS: 0b, 0x0800 16xv 1d 1i
PASS: 0b, 0x0800 1xs 2d 1i
PASS: 0b, 0x0800 16xs 2d 1i
PASS: 0b, 0x0800 1xv 2d 1i
PASS: 0b, 0x0800 16xv 2d 1i
PASS: 0b, 0x0800 1xs 4d 1i
PASS: 0b, 0x0800 16xs 4d 1i
PASS: 0b, 0x0800 1xv 4d 1i
PASS: 0b, 0x0800 16xv 4d 1i
PASS: 0b, 0x0800 1xs 1d 2i
PASS: 0b, 0x0800 16xs 1d 2i
PASS: 0b, 0x0800 1xv 1d 2i
PASS: 0b, 0x0800 16xv 1d 2i
PASS: 0b, 0x0800 1xs 2d 2i
PASS: 0b, 0x0800 16xs 2d 2i
PASS: 0b, 0x0800 1xv 2d 2i
PASS: 0b, 0x0800 16xv 2d 2i
PASS: 0b, 0x0800 1xs 4d 2i
PASS: 0b, 0x0800 16xs 4d 2i
PASS: 0b, 0x0800 1xv 4d 2i
PASS: 0b, 0x0800 16xv 4d 2i
PASS: 0b, 0x0800 1xs 1d 4i
PASS: 0b, 0x0800 16xs 1d 4i
PASS: 0b, 0x0800 1xv 1d 4i
PASS: 0b, 0x0800 16xv 1d 4i
PASS: 0b, 0x0800 1xs 2d 4i
PASS: 0b, 0x0800 16xs 2d 4i
PASS: 0b, 0x0800 1xv 2d 4i
PASS: 0b, 0x0800 16xv 2d 4i
PASS: 0b, 0x0800 1xs 4d 4i
PASS: 0b, 0x0800 16xs 4d 4i
PASS: 0b, 0x0800 1xv 4d 4i
PASS: 0b, 0x0800 16xv 4d 4i
Timer count-up test: 0b, 0x8000
PASS: 0b, 0x8000 1xs 1d 1i
PASS: 0b, 0x8000 16xs 1d 1i
PASS: 0b, 0x8000 1xv 1d 1i
PASS: 0b, 0x8000 16xv 1d 1i
PASS: 0b, 0x8000 1xs 2d 1i
PASS: 0b, 0x8000 16xs 2d 1i
PASS: 0b, 0x8000 1xv 2d 1i
PASS: 0b, 0x8000 16xv 2d 1i
PASS: 0b, 0x8000 1xs 4d 1i
PASS: 0b, 0x8000 16xs 4d 1i
PASS: 0b, 0x8000 1xv 4d 1i
PASS: 0b, 0x8000 16xv 4d 1i
PASS: 0b, 0x8000 1xs 1d 2i
PASS: 0b, 0x8000 16xs 1d 2i
PASS: 0b, 0x8000 1xv 1d 2i
PASS: 0b, 0x8000 16xv 1d 2i
PASS: 0b, 0x8000 1xs 2d 2i
PASS: 0b, 0x8000 16xs 2d 2i
PASS: 0b, 0x8000 1xv 2d 2i
PASS: 0b, 0x8000 16xv 2d 2i
PASS: 0b, 0x8000 1xs 4d 2i
PASS: 0b, 0x8000 16xs 4d 2i
PASS: 0b, 0x8000 1xv 4d 2i
PASS: 0b, 0x8000 16xv 4d 2i
PASS: 0b, 0x8000 1xs 1d 4i
PASS: 0b, 0x8000 16xs 1d 4i
PASS: 0b, 0x8000 1xv 1d 4i
PASS: 0b, 0x8000 16xv 1d 4i
PASS: 0b, 0x8000 1xs 2d 4i
PASS: 0b, 0x8000 16xs 2d 4i
PASS: 0b, 0x8000 1xv 2d 4i
PASS: 0b, 0x8000 16xv 2d 4i
PASS: 0b, 0x8000 1xs 4d 4i
PASS: 0b, 0x8000 16xs 4d 4i
PASS: 0b, 0x8000 1xv 4d 4i
PASS: 0b, 0x8000 16xv 4d 4i
Timer count-up test: 6b, 0x0010
PASS: 6b, 0x0010 1xs 1d 1i
PASS: 6b, 0x0010 16xs 1d 1i
PASS: 6b, 0x0010 1xv 1d 1i
PASS: 6b, 0x0010 16xv 1d 1i
PASS: 6b, 0x0010 1xs 2d 1i
PASS: 6b, 0x0010 16xs 2d 1i
PASS: 6b, 0x0010 1xv 2d 1i
PASS: 6b, 0x0010 16xv 2d 1i
FAIL: 6b, 0x0010 1xs 4d 1i
1xs 4d 1i: Got 00000082 vs 00000081: FAIL
PASS: 6b, 0x0010 16xs 4d 1i
PASS: 6b, 0x0010 1xv 4d 1i
PASS: 6b, 0x0010 16xv 4d 1i
PASS: 6b, 0x0010 1xs 1d 2i
FAIL: 6b, 0x0010 16xs 1d 2i
16xs 1d 2i: Got 00000530 vs 00000520: FAIL
PASS: 6b, 0x0010 1xv 1d 2i
PASS: 6b, 0x0010 16xv 1d 2i
FAIL: 6b, 0x0010 1xs 2d 2i
1xs 2d 2i: Got 000000EC vs 000000EB: FAIL
PASS: 6b, 0x0010 16xs 2d 2i
PASS: 6b, 0x0010 1xv 2d 2i
PASS: 6b, 0x0010 16xv 2d 2i
PASS: 6b, 0x0010 1xs 4d 2i
PASS: 6b, 0x0010 16xs 4d 2i
PASS: 6b, 0x0010 1xv 4d 2i
PASS: 6b, 0x0010 16xv 4d 2i
PASS: 6b, 0x0010 1xs 1d 4i
PASS: 6b, 0x0010 16xs 1d 4i
PASS: 6b, 0x0010 1xv 1d 4i
PASS: 6b, 0x0010 16xv 1d 4i
PASS: 6b, 0x0010 1xs 2d 4i
PASS: 6b, 0x0010 16xs 2d 4i
PASS: 6b, 0x0010 1xv 2d 4i
PASS: 6b, 0x0010 16xv 2d 4i
PASS: 6b, 0x0010 1xs 4d 4i
PASS: 6b, 0x0010 16xs 4d 4i
PASS: 6b, 0x0010 1xv 4d 4i
PASS: 6b, 0x0010 16xv 4d 4i
Timer count-up test: 6b, 0x0011
PASS: 6b, 0x0011 1xs 1d 1i
PASS: 6b, 0x0011 16xs 1d 1i
PASS: 6b, 0x0011 1xv 1d 1i
PASS: 6b, 0x0011 16xv 1d 1i
PASS: 6b, 0x0011 1xs 2d 1i
PASS: 6b, 0x0011 16xs 2d 1i
PASS: 6b, 0x0011 1xv 2d 1i
PASS: 6b, 0x0011 16xv 2d 1i
FAIL: 6b, 0x0011 1xs 4d 1i
1xs 4d 1i: Got 0000008A vs 00000089: FAIL
PASS: 6b, 0x0011 16xs 4d 1i
PASS: 6b, 0x0011 1xv 4d 1i
PASS: 6b, 0x0011 16xv 4d 1i
PASS: 6b, 0x0011 1xs 1d 2i
PASS: 6b, 0x0011 16xs 1d 2i
PASS: 6b, 0x0011 1xv 1d 2i
PASS: 6b, 0x0011 16xv 1d 2i
FAIL: 6b, 0x0011 1xs 2d 2i
1xs 2d 2i: Got 000000FC vs 000000FB: FAIL
PASS: 6b, 0x0011 16xs 2d 2i
PASS: 6b, 0x0011 1xv 2d 2i
PASS: 6b, 0x0011 16xv 2d 2i
PASS: 6b, 0x0011 1xs 4d 2i
PASS: 6b, 0x0011 16xs 4d 2i
PASS: 6b, 0x0011 1xv 4d 2i
PASS: 6b, 0x0011 16xv 4d 2i
PASS: 6b, 0x0011 1xs 1d 4i
PASS: 6b, 0x0011 16xs 1d 4i
PASS: 6b, 0x0011 1xv 1d 4i
PASS: 6b, 0x0011 16xv 1d 4i
PASS: 6b, 0x0011 1xs 2d 4i
PASS: 6b, 0x0011 16xs 2d 4i
PASS: 6b, 0x0011 1xv 2d 4i
PASS: 6b, 0x0011 16xv 2d 4i
PASS: 6b, 0x0011 1xs 4d 4i
PASS: 6b, 0x0011 16xs 4d 4i
PASS: 6b, 0x0011 1xv 4d 4i
PASS: 6b, 0x0011 16xv 4d 4i
Timer count-up test: 6b, 0x0012
PASS: 6b, 0x0012 1xs 1d 1i
PASS: 6b, 0x0012 16xs 1d 1i
PASS: 6b, 0x0012 1xv 1d 1i
PASS: 6b, 0x0012 16xv 1d 1i
PASS: 6b, 0x0012 1xs 2d 1i
PASS: 6b, 0x0012 16xs 2d 1i
PASS: 6b, 0x0012 1xv 2d 1i
PASS: 6b, 0x0012 16xv 2d 1i
FAIL: 6b, 0x0012 1xs 4d 1i
1xs 4d 1i: Got 00000092 vs 00000091: FAIL
PASS: 6b, 0x0012 16xs 4d 1i
PASS: 6b, 0x0012 1xv 4d 1i
PASS: 6b, 0x0012 16xv 4d 1i
PASS: 6b, 0x0012 1xs 1d 2i
PASS: 6b, 0x0012 16xs 1d 2i
PASS: 6b, 0x0012 1xv 1d 2i
PASS: 6b, 0x0012 16xv 1d 2i
FAIL: 6b, 0x0012 1xs 2d 2i
1xs 2d 2i: Got 0000010C vs 0000010B: FAIL
PASS: 6b, 0x0012 16xs 2d 2i
PASS: 6b, 0x0012 1xv 2d 2i
PASS: 6b, 0x0012 16xv 2d 2i
PASS: 6b, 0x0012 1xs 4d 2i
PASS: 6b, 0x0012 16xs 4d 2i
PASS: 6b, 0x0012 1xv 4d 2i
PASS: 6b, 0x0012 16xv 4d 2i
PASS: 6b, 0x0012 1xs 1d 4i
PASS: 6b, 0x0012 16xs 1d 4i
PASS: 6b, 0x0012 1xv 1d 4i
PASS: 6b, 0x0012 16xv 1d 4i
PASS: 6b, 0x0012 1xs 2d 4i
PASS: 6b, 0x0012 16xs 2d 4i
PASS: 6b, 0x0012 1xv 2d 4i
PASS: 6b, 0x0012 16xv 2d 4i
PASS: 6b, 0x0012 1xs 4d 4i
PASS: 6b, 0x0012 16xs 4d 4i
PASS: 6b, 0x0012 1xv 4d 4i
PASS: 6b, 0x0012 16xv 4d 4i
Timer count-up test: 6b, 0x0013
PASS: 6b, 0x0013 1xs 1d 1i
PASS: 6b, 0x0013 16xs 1d 1i
PASS: 6b, 0x0013 1xv 1d 1i
PASS: 6b, 0x0013 16xv 1d 1i
PASS: 6b, 0x0013 1xs 2d 1i
PASS: 6b, 0x0013 16xs 2d 1i
PASS: 6b, 0x0013 1xv 2d 1i
PASS: 6b, 0x0013 16xv 2d 1i
FAIL: 6b, 0x0013 1xs 4d 1i
1xs 4d 1i: Got 0000009A vs 00000099: FAIL
PASS: 6b, 0x0013 16xs 4d 1i
PASS: 6b, 0x0013 1xv 4d 1i
PASS: 6b, 0x0013 16xv 4d 1i
PASS: 6b, 0x0013 1xs 1d 2i
PASS: 6b, 0x0013 16xs 1d 2i
PASS: 6b, 0x0013 1xv 1d 2i
PASS: 6b, 0x0013 16xv 1d 2i
FAIL: 6b, 0x0013 1xs 2d 2i
1xs 2d 2i: Got 0000011C vs 0000011B: FAIL
PASS: 6b, 0x0013 16xs 2d 2i
PASS: 6b, 0x0013 1xv 2d 2i
PASS: 6b, 0x0013 16xv 2d 2i
PASS: 6b, 0x0013 1xs 4d 2i
PASS: 6b, 0x0013 16xs 4d 2i
PASS: 6b, 0x0013 1xv 4d 2i
PASS: 6b, 0x0013 16xv 4d 2i
PASS: 6b, 0x0013 1xs 1d 4i
PASS: 6b, 0x0013 16xs 1d 4i
PASS: 6b, 0x0013 1xv 1d 4i
PASS: 6b, 0x0013 16xv 1d 4i
PASS: 6b, 0x0013 1xs 2d 4i
PASS: 6b, 0x0013 16xs 2d 4i
PASS: 6b, 0x0013 1xv 2d 4i
PASS: 6b, 0x0013 16xv 2d 4i
PASS: 6b, 0x0013 1xs 4d 4i
FAIL: 6b, 0x0013 16xs 4d 4i
16xs 4d 4i: Got 00000C50 vs 00000C40: FAIL
PASS: 6b, 0x0013 1xv 4d 4i
PASS: 6b, 0x0013 16xv 4d 4i
Timer count-up test: 8b, 0x0010
PASS: 8b, 0x0010 1xs 1d 1i
PASS: 8b, 0x0010 16xs 1d 1i
PASS: 8b, 0x0010 1xv 1d 1i
PASS: 8b, 0x0010 16xv 1d 1i
PASS: 8b, 0x0010 1xs 2d 1i
PASS: 8b, 0x0010 16xs 2d 1i
PASS: 8b, 0x0010 1xv 2d 1i
PASS: 8b, 0x0010 16xv 2d 1i
FAIL: 8b, 0x0010 1xs 4d 1i
1xs 4d 1i: Got 000001EA vs 000001E9: FAIL
PASS: 8b, 0x0010 16xs 4d 1i
PASS: 8b, 0x0010 1xv 4d 1i
PASS: 8b, 0x0010 16xv 4d 1i
PASS: 8b, 0x0010 1xs 1d 2i
PASS: 8b, 0x0010 16xs 1d 2i
PASS: 8b, 0x0010 1xv 1d 2i
PASS: 8b, 0x0010 16xv 1d 2i
FAIL: 8b, 0x0010 1xs 2d 2i
1xs 2d 2i: Got 000003DC vs 000003DB: FAIL
PASS: 8b, 0x0010 16xs 2d 2i
PASS: 8b, 0x0010 1xv 2d 2i
PASS: 8b, 0x0010 16xv 2d 2i
PASS: 8b, 0x0010 1xs 4d 2i
PASS: 8b, 0x0010 16xs 4d 2i
PASS: 8b, 0x0010 1xv 4d 2i
PASS: 8b, 0x0010 16xv 4d 2i
PASS: 8b, 0x0010 1xs 1d 4i
PASS: 8b, 0x0010 16xs 1d 4i
PASS: 8b, 0x0010 1xv 1d 4i
PASS: 8b, 0x0010 16xv 1d 4i
PASS: 8b, 0x0010 1xs 2d 4i
FAIL: 8b, 0x0010 16xs 2d 4i
16xs 2d 4i: Got 00002B20 vs 00002B10: FAIL
PASS: 8b, 0x0010 1xv 2d 4i
PASS: 8b, 0x0010 16xv 2d 4i
PASS: 8b, 0x0010 1xs 4d 4i
PASS: 8b, 0x0010 16xs 4d 4i
PASS: 8b, 0x0010 1xv 4d 4i
PASS: 8b, 0x0010 16xv 4d 4i
Timer count-up test: 8b, 0x0011
PASS: 8b, 0x0011 1xs 1d 1i
PASS: 8b, 0x0011 16xs 1d 1i
PASS: 8b, 0x0011 1xv 1d 1i
PASS: 8b, 0x0011 16xv 1d 1i
PASS: 8b, 0x0011 1xs 2d 1i
PASS: 8b, 0x0011 16xs 2d 1i
PASS: 8b, 0x0011 1xv 2d 1i
PASS: 8b, 0x0011 16xv 2d 1i
FAIL: 8b, 0x0011 1xs 4d 1i
1xs 4d 1i: Got 0000020A vs 00000209: FAIL
PASS: 8b, 0x0011 16xs 4d 1i
PASS: 8b, 0x0011 1xv 4d 1i
PASS: 8b, 0x0011 16xv 4d 1i
PASS: 8b, 0x0011 1xs 1d 2i
PASS: 8b, 0x0011 16xs 1d 2i
PASS: 8b, 0x0011 1xv 1d 2i
PASS: 8b, 0x0011 16xv 1d 2i
FAIL: 8b, 0x0011 1xs 2d 2i
1xs 2d 2i: Got 0000041C vs 0000041B: FAIL
PASS: 8b, 0x0011 16xs 2d 2i
PASS: 8b, 0x0011 1xv 2d 2i
PASS: 8b, 0x0011 16xv 2d 2i
PASS: 8b, 0x0011 1xs 4d 2i
PASS: 8b, 0x0011 16xs 4d 2i
PASS: 8b, 0x0011 1xv 4d 2i
PASS: 8b, 0x0011 16xv 4d 2i
PASS: 8b, 0x0011 1xs 1d 4i
PASS: 8b, 0x0011 16xs 1d 4i
PASS: 8b, 0x0011 1xv 1d 4i
PASS: 8b, 0x0011 16xv 1d 4i
PASS: 8b, 0x0011 1xs 2d 4i
PASS: 8b, 0x0011 16xs 2d 4i
PASS: 8b, 0x0011 1xv 2d 4i
PASS: 8b, 0x0011 16xv 2d 4i
PASS: 8b, 0x0011 1xs 4d 4i
PASS: 8b, 0x0011 16xs 4d 4i
PASS: 8b, 0x0011 1xv 4d 4i
PASS: 8b, 0x0011 16xv 4d 4i
Timer count-up test: 8b, 0x0012
PASS: 8b, 0x0012 1xs 1d 1i
FAIL: 8b, 0x0012 16xs 1d 1i
16xs 1d 1i: Got 00000C20 vs 00000C10: FAIL
PASS: 8b, 0x0012 1xv 1d 1i
PASS: 8b, 0x0012 16xv 1d 1i
PASS: 8b, 0x0012 1xs 2d 1i
PASS: 8b, 0x0012 16xs 2d 1i
PASS: 8b, 0x0012 1xv 2d 1i
PASS: 8b, 0x0012 16xv 2d 1i
FAIL: 8b, 0x0012 1xs 4d 1i
1xs 4d 1i: Got 0000022A vs 00000229: FAIL
PASS: 8b, 0x0012 16xs 4d 1i
PASS: 8b, 0x0012 1xv 4d 1i
PASS: 8b, 0x0012 16xv 4d 1i
PASS: 8b, 0x0012 1xs 1d 2i
PASS: 8b, 0x0012 16xs 1d 2i
PASS: 8b, 0x0012 1xv 1d 2i
PASS: 8b, 0x0012 16xv 1d 2i
FAIL: 8b, 0x0012 1xs 2d 2i
1xs 2d 2i: Got 0000045C vs 0000045B: FAIL
PASS: 8b, 0x0012 16xs 2d 2i
PASS: 8b, 0x0012 1xv 2d 2i
PASS: 8b, 0x0012 16xv 2d 2i
PASS: 8b, 0x0012 1xs 4d 2i
PASS: 8b, 0x0012 16xs 4d 2i
PASS: 8b, 0x0012 1xv 4d 2i
PASS: 8b, 0x0012 16xv 4d 2i
PASS: 8b, 0x0012 1xs 1d 4i
PASS: 8b, 0x0012 16xs 1d 4i
PASS: 8b, 0x0012 1xv 1d 4i
PASS: 8b, 0x0012 16xv 1d 4i
PASS: 8b, 0x0012 1xs 2d 4i
FAIL: 8b, 0x0012 16xs 2d 4i
16xs 2d 4i: Got 000030B0 vs 000030A0: FAIL
PASS: 8b, 0x0012 1xv 2d 4i
PASS: 8b, 0x0012 16xv 2d 4i
PASS: 8b, 0x0012 1xs 4d 4i
PASS: 8b, 0x0012 16xs 4d 4i
PASS: 8b, 0x0012 1xv 4d 4i
PASS: 8b, 0x0012 16xv 4d 4i
Timer count-up test: 8b, 0x0013
PASS: 8b, 0x0013 1xs 1d 1i
PASS: 8b, 0x0013 16xs 1d 1i
PASS: 8b, 0x0013 1xv 1d 1i
PASS: 8b, 0x0013 16xv 1d 1i
PASS: 8b, 0x0013 1xs 2d 1i
PASS: 8b, 0x0013 16xs 2d 1i
PASS: 8b, 0x0013 1xv 2d 1i
PASS: 8b, 0x0013 16xv 2d 1i
FAIL: 8b, 0x0013 1xs 4d 1i
1xs 4d 1i: Got 0000024A vs 00000249: FAIL
PASS: 8b, 0x0013 16xs 4d 1i
PASS: 8b, 0x0013 1xv 4d 1i
PASS: 8b, 0x0013 16xv 4d 1i
PASS: 8b, 0x0013 1xs 1d 2i
PASS: 8b, 0x0013 16xs 1d 2i
PASS: 8b, 0x0013 1xv 1d 2i
PASS: 8b, 0x0013 16xv 1d 2i
FAIL: 8b, 0x0013 1xs 2d 2i
1xs 2d 2i: Got 0000049C vs 0000049B: FAIL
PASS: 8b, 0x0013 16xs 2d 2i
PASS: 8b, 0x0013 1xv 2d 2i
PASS: 8b, 0x0013 16xv 2d 2i
PASS: 8b, 0x0013 1xs 4d 2i
PASS: 8b, 0x0013 16xs 4d 2i
PASS: 8b, 0x0013 1xv 4d 2i
PASS: 8b, 0x0013 16xv 4d 2i
PASS: 8b, 0x0013 1xs 1d 4i
PASS: 8b, 0x0013 16xs 1d 4i
PASS: 8b, 0x0013 1xv 1d 4i
PASS: 8b, 0x0013 16xv 1d 4i
PASS: 8b, 0x0013 1xs 2d 4i
PASS: 8b, 0x0013 16xs 2d 4i
PASS: 8b, 0x0013 1xv 2d 4i
PASS: 8b, 0x0013 16xv 2d 4i
PASS: 8b, 0x0013 1xs 4d 4i
PASS: 8b, 0x0013 16xs 4d 4i
PASS: 8b, 0x0013 1xv 4d 4i
PASS: 8b, 0x0013 16xv 4d 4i
Timer count-up test: 10b, 0x0010
PASS: 10b, 0x0010 1xs 1d 1i
FAIL: 10b, 0x0010 16xs 1d 1i
16xs 1d 1i: Got 00002C20 vs 00002C10: FAIL
PASS: 10b, 0x0010 1xv 1d 1i
PASS: 10b, 0x0010 16xv 1d 1i
PASS: 10b, 0x0010 1xs 2d 1i
PASS: 10b, 0x0010 16xs 2d 1i
PASS: 10b, 0x0010 1xv 2d 1i
PASS: 10b, 0x0010 16xv 2d 1i
FAIL: 10b, 0x0010 1xs 4d 1i
1xs 4d 1i: Got 000007EA vs 000007E9: FAIL
PASS: 10b, 0x0010 16xs 4d 1i
PASS: 10b, 0x0010 1xv 4d 1i
PASS: 10b, 0x0010 16xv 4d 1i
PASS: 10b, 0x0010 1xs 1d 2i
PASS: 10b, 0x0010 16xs 1d 2i
PASS: 10b, 0x0010 1xv 1d 2i
PASS: 10b, 0x0010 16xv 1d 2i
FAIL: 10b, 0x0010 1xs 2d 2i
1xs 2d 2i: Got 00000FDC vs 00000FDB: FAIL
PASS: 10b, 0x0010 16xs 2d 2i
PASS: 10b, 0x0010 1xv 2d 2i
PASS: 10b, 0x0010 16xv 2d 2i
PASS: 10b, 0x0010 1xs 4d 2i
PASS: 10b, 0x0010 16xs 4d 2i
PASS: 10b, 0x0010 1xv 4d 2i
PASS: 10b, 0x0010 16xv 4d 2i
PASS: 10b, 0x0010 1xs 1d 4i
PASS: 10b, 0x0010 16xs 1d 4i
PASS: 10b, 0x0010 1xv 1d 4i
PASS: 10b, 0x0010 16xv 1d 4i
PASS: 10b, 0x0010 1xs 2d 4i
FAIL: 10b, 0x0010 16xs 2d 4i
16xs 2d 4i: Got 0000B0B0 vs 0000B0A0: FAIL
PASS: 10b, 0x0010 1xv 2d 4i
PASS: 10b, 0x0010 16xv 2d 4i
PASS: 10b, 0x0010 1xs 4d 4i
PASS: 10b, 0x0010 16xs 4d 4i
PASS: 10b, 0x0010 1xv 4d 4i
PASS: 10b, 0x0010 16xv 4d 4i
Timer count-up test: 10b, 0x0011
PASS: 10b, 0x0011 1xs 1d 1i
PASS: 10b, 0x0011 16xs 1d 1i
PASS: 10b, 0x0011 1xv 1d 1i
PASS: 10b, 0x0011 16xv 1d 1i
PASS: 10b, 0x0011 1xs 2d 1i
PASS: 10b, 0x0011 16xs 2d 1i
PASS: 10b, 0x0011 1xv 2d 1i
PASS: 10b, 0x0011 16xv 2d 1i
FAIL: 10b, 0x0011 1xs 4d 1i
1xs 4d 1i: Got 0000086A vs 00000869: FAIL
PASS: 10b, 0x0011 16xs 4d 1i
PASS: 10b, 0x0011 1xv 4d 1i
PASS: 10b, 0x0011 16xv 4d 1i
PASS: 10b, 0x0011 1xs 1d 2i
PASS: 10b, 0x0011 16xs 1d 2i
PASS: 10b, 0x0011 1xv 1d 2i
PASS: 10b, 0x0011 16xv 1d 2i
FAIL: 10b, 0x0011 1xs 2d 2i
1xs 2d 2i: Got 000010DC vs 000010DB: FAIL
PASS: 10b, 0x0011 16xs 2d 2i
PASS: 10b, 0x0011 1xv 2d 2i
PASS: 10b, 0x0011 16xv 2d 2i
PASS: 10b, 0x0011 1xs 4d 2i
PASS: 10b, 0x0011 16xs 4d 2i
PASS: 10b, 0x0011 1xv 4d 2i
PASS: 10b, 0x0011 16xv 4d 2i
PASS: 10b, 0x0011 1xs 1d 4i
PASS: 10b, 0x0011 16xs 1d 4i
PASS: 10b, 0x0011 1xv 1d 4i
PASS: 10b, 0x0011 16xv 1d 4i
PASS: 10b, 0x0011 1xs 2d 4i
PASS: 10b, 0x0011 16xs 2d 4i
PASS: 10b, 0x0011 1xv 2d 4i
PASS: 10b, 0x0011 16xv 2d 4i
PASS: 10b, 0x0011 1xs 4d 4i
PASS: 10b, 0x0011 16xs 4d 4i
PASS: 10b, 0x0011 1xv 4d 4i
PASS: 10b, 0x0011 16xv 4d 4i
Timer count-up test: 10b, 0x0012
PASS: 10b, 0x0012 1xs 1d 1i
FAIL: 10b, 0x0012 16xs 1d 1i
16xs 1d 1i: Got 000031B0 vs 000031A0: FAIL
PASS: 10b, 0x0012 1xv 1d 1i
PASS: 10b, 0x0012 16xv 1d 1i
PASS: 10b, 0x0012 1xs 2d 1i
PASS: 10b, 0x0012 16xs 2d 1i
PASS: 10b, 0x0012 1xv 2d 1i
PASS: 10b, 0x0012 16xv 2d 1i
FAIL: 10b, 0x0012 1xs 4d 1i
1xs 4d 1i: Got 000008EA vs 000008E9: FAIL
PASS: 10b, 0x0012 16xs 4d 1i
PASS: 10b, 0x0012 1xv 4d 1i
PASS: 10b, 0x0012 16xv 4d 1i
PASS: 10b, 0x0012 1xs 1d 2i
PASS: 10b, 0x0012 16xs 1d 2i
PASS: 10b, 0x0012 1xv 1d 2i
PASS: 10b, 0x0012 16xv 1d 2i
FAIL: 10b, 0x0012 1xs 2d 2i
1xs 2d 2i: Got 000011DC vs 000011DB: FAIL
PASS: 10b, 0x0012 16xs 2d 2i
PASS: 10b, 0x0012 1xv 2d 2i
PASS: 10b, 0x0012 16xv 2d 2i
PASS: 10b, 0x0012 1xs 4d 2i
PASS: 10b, 0x0012 16xs 4d 2i
PASS: 10b, 0x0012 1xv 4d 2i
PASS: 10b, 0x0012 16xv 4d 2i
PASS: 10b, 0x0012 1xs 1d 4i
PASS: 10b, 0x0012 16xs 1d 4i
PASS: 10b, 0x0012 1xv 1d 4i
PASS: 10b, 0x0012 16xv 1d 4i
PASS: 10b, 0x0012 1xs 2d 4i
PASS: 10b, 0x0012 16xs 2d 4i
PASS: 10b, 0x0012 1xv 2d 4i
PASS: 10b, 0x0012 16xv 2d 4i
PASS: 10b, 0x0012 1xs 4d 4i
PASS: 10b, 0x0012 16xs 4d 4i
PASS: 10b, 0x0012 1xv 4d 4i
PASS: 10b, 0x0012 16xv 4d 4i
Timer count-up test: 10b, 0x0013
PASS: 10b, 0x0013 1xs 1d 1i
PASS: 10b, 0x0013 16xs 1d 1i
PASS: 10b, 0x0013 1xv 1d 1i
PASS: 10b, 0x0013 16xv 1d 1i
PASS: 10b, 0x0013 1xs 2d 1i
PASS: 10b, 0x0013 16xs 2d 1i
PASS: 10b, 0x0013 1xv 2d 1i
PASS: 10b, 0x0013 16xv 2d 1i
FAIL: 10b, 0x0013 1xs 4d 1i
1xs 4d 1i: Got 0000096A vs 00000969: FAIL
PASS: 10b, 0x0013 16xs 4d 1i
PASS: 10b, 0x0013 1xv 4d 1i
PASS: 10b, 0x0013 16xv 4d 1i
PASS: 10b, 0x0013 1xs 1d 2i
PASS: 10b, 0x0013 16xs 1d 2i
PASS: 10b, 0x0013 1xv 1d 2i
PASS: 10b, 0x0013 16xv 1d 2i
FAIL: 10b, 0x0013 1xs 2d 2i
1xs 2d 2i: Got 000012DC vs 000012DB: FAIL
FAIL: 10b, 0x0013 16xs 2d 2i
16xs 2d 2i: Got 00006900 vs 000068F0: FAIL
PASS: 10b, 0x0013 1xv 2d 2i
PASS: 10b, 0x0013 16xv 2d 2i
PASS: 10b, 0x0013 1xs 4d 2i
PASS: 10b, 0x0013 16xs 4d 2i
PASS: 10b, 0x0013 1xv 4d 2i
PASS: 10b, 0x0013 16xv 4d 2i
PASS: 10b, 0x0013 1xs 1d 4i
PASS: 10b, 0x0013 16xs 1d 4i
PASS: 10b, 0x0013 1xv 1d 4i
PASS: 10b, 0x0013 16xv 1d 4i
PASS: 10b, 0x0013 1xs 2d 4i
PASS: 10b, 0x0013 16xs 2d 4i
PASS: 10b, 0x0013 1xv 2d 4i
PASS: 10b, 0x0013 16xv 2d 4i
PASS: 10b, 0x0013 1xs 4d 4i
PASS: 10b, 0x0013 16xs 4d 4i
PASS: 10b, 0x0013 1xv 4d 4i
PASS: 10b, 0x0013 16xv 4d 4i
[sram]
Game Boy Advance Test Suite
===
Timer count-up test: 0b, 0x0001
Timer count-up test: 0b, 0x0005
Timer count-up test: 0b, 0x000C
Timer count-up test: 0b, 0x000D
Timer count-up test: 0b, 0x0010
Timer count-up test: 0b, 0x0014
Timer count-up test: 0b, 0x0015
Timer count-up test: 0b, 0x0020
Timer count-up test: 0b, 0x0024
Timer count-up test: 0b, 0x0025
Timer count-up test: 0b, 0x0040
Timer count-up test: 0b, 0x0080
Timer count-up test: 0b, 0x0800
Timer count-up test: 0b, 0x8000
Timer count-up test: 6b, 0x0010
1xs 4d 1i: Got 00000082 vs 00000081: FAIL
16xs 1d 2i: Got 00000530 vs 00000520: FAIL
1xs 2d 2i: Got 000000EC vs 000000EB: FAIL
Timer count-up test: 6b, 0x0011
1xs 4d 1i: Got 0000008A vs 00000089: FAIL
1xs 2d 2i: Got 000000FC vs 000000FB: FAIL
Timer count-up test: 6b, 0x0012
1xs 4d 1i: Got 00000092 vs 00000091: FAIL
1xs 2d 2i: Got 0000010C vs 0000010B: FAIL
Timer count-up test: 6b, 0x0013
1xs 4d 1i: Got 0000009A vs 00000099: FAIL
1xs 2d 2i: Got 0000011C vs 0000011B: FAIL
16xs 4d 4i: Got 00000C50 vs 00000C40: FAIL
Timer count-up test: 8b, 0x0010
1xs 4d 1i: Got 000001EA vs 000001E9: FAIL
1xs 2d 2i: Got 000003DC vs 000003DB: FAIL
16xs 2d 4i: Got 00002B20 vs 00002B10: FAIL
Timer count-up test: 8b, 0x0011
1xs 4d 1i: Got 0000020A vs 00000209: FAIL
1xs 2d 2i: Got 0000041C vs 0000041B: FAIL
Timer count-up test: 8b, 0x0012
16xs 1d 1i: Got 00000C20 vs 00000C10: FAIL
1xs 4d 1i: Got 0000022A vs 00000229: FAIL
1xs 2d 2i: Got 0000045C vs 0000045B: FAIL
16xs 2d 4i: Got 000030B0 vs 000030A0: FAIL
Timer count-up test: 8b, 0x0013
1xs 4d 1i: Got 0000024A vs 00000249: FAIL
1xs 2d 2i: Got 0000049C vs 0000049B: FAIL
Timer count-up test: 10b, 0x0010
16xs 1d 1i: Got 00002C20 vs 00002C10: FAIL
1xs 4d 1i: Got 000007EA vs 000007E9: FAIL
1xs 2d 2i: Got 00000FDC vs 00000FDB: FAIL
16xs 2d 4i: Got 0000B0B0 vs 0000B0A0: FAIL
Timer count-up test: 10b, 0x0011
1xs 4d 1i: Got 0000086A vs 00000869: FAIL
1xs 2d 2i: Got 000010DC vs 000010DB: FAIL
Timer count-up test: 10b, 0x0012
16xs 1d 1i: Got 000031B0 vs 000031A0: FAIL
1xs 4d 1i: Got 000008EA vs 000008E9: FAIL
1xs 2d 2i: Got 000011DC vs 000011DB: FAIL
Timer count-up test: 10b, 0x0013
1xs 4d 1i: Got 0000096A vs 00000969: FAIL
1xs 2d 2i: Got 000012DC vs 000012DB: FAIL
16xs 2d 2i: Got 00006900 vs 000068F0: FAIL
[score] Timer count-up: 903/936 FAIL

=== Summary ===
Suites: 0/1 passed  Tests: 903/936 passed
