=== GBA Test Suite Runner ===
ROM:  tests/assets/roms/suite.gba
BIOS: tests/assets/roms/gba_bios.bin
Booting...
After 60 frames: PC=0x00000348 CPSR=0x6000005F halted=1 cycle=16769984
[DBG] Game Boy Advance Test Suite
===
[DBG] BEGIN: Multiply long tests
[DBG] Multiply Long test:   0 *   0
[DBG] PASS:   0 *   0 smulls
[DBG] PASS:   0 *   0 umulls
[DBG] Multiply Long test:   1 *   0
[DBG] PASS:   1 *   0 smulls
[DBG] PASS:   1 *   0 umulls
[DBG] Multiply Long test:  -1 *   0
[DBG] PASS:  -1 *   0 smulls
[DBG] PASS:  -1 *   0 umulls
[DBG] Multiply Long test: $7F *   0
[DBG] PASS: $7F *   0 smulls
[DBG] PASS: $7F *   0 umulls
[DBG] Multiply Long test: $80 *   0
[DBG] PASS: $80 *   0 smulls
[DBG] PASS: $80 *   0 umulls
[DBG] Multiply Long test: $81 *   0
[DBG] PASS: $81 *   0 smulls
[DBG] PASS: $81 *   0 umulls
[DBG] Multiply Long test:   0 *   1
[DBG] PASS:   0 *   1 smulls
[DBG] PASS:   0 *   1 umulls
[DBG] Multiply Long test:   1 *   1
[DBG] PASS:   1 *   1 smulls
[DBG] PASS:   1 *   1 umulls
[DBG] Multiply Long test:  -1 *   1
[DBG] PASS:  -1 *   1 smulls
[DBG] PASS:  -1 *   1 umulls
[DBG] Multiply Long test: $7F *   1
[DBG] PASS: $7F *   1 smulls
[DBG] PASS: $7F *   1 umulls
[DBG] Multiply Long test: $80 *   1
[DBG] PASS: $80 *   1 smulls
[DBG] PASS: $80 *   1 umulls
[DBG] Multiply Long test: $81 *   1
[DBG] PASS: $81 *   1 smulls
[DBG] PASS: $81 *   1 umulls
[DBG] Multiply Long test:   0 *  -1
[DBG] PASS:   0 *  -1 smulls
[DBG] PASS:   0 *  -1 umulls
[DBG] Multiply Long test:   1 *  -1
[DBG] PASS:   1 *  -1 smulls
[DBG] PASS:   1 *  -1 umulls
[DBG] Multiply Long test:  -1 *  -1
[DBG] PASS:  -1 *  -1 smulls
[DBG] PASS:  -1 *  -1 umulls
[DBG] Multiply Long test: $7F *  -1
[DBG] PASS: $7F *  -1 smulls
[DBG] PASS: $7F *  -1 umulls
[DBG] Multiply Long test: $80 *  -1
[DBG] PASS: $80 *  -1 smulls
[DBG] PASS: $80 *  -1 umulls
[DBG] Multiply Long test: $81 *  -1
[DBG] PASS: $81 *  -1 smulls
[DBG] PASS: $81 *  -1 umulls
[DBG] Multiply Long test:   0 * $7F
[DBG] PASS:   0 * $7F smulls
[DBG] PASS:   0 * $7F umulls
[DBG] Multiply Long test:   1 * $7F
[DBG] PASS:   1 * $7F smulls
[DBG] PASS:   1 * $7F umulls
[DBG] Multiply Long test:  -1 * $7F
[DBG] PASS:  -1 * $7F smulls
[DBG] PASS:  -1 * $7F umulls
[DBG] Multiply Long test: $7F * $7F
[DBG] PASS: $7F * $7F smulls
[DBG] PASS: $7F * $7F umulls
[DBG] Multiply Long test: $80 * $7F
[DBG] PASS: $80 * $7F smulls
[DBG] PASS: $80 * $7F umulls
[DBG] Multiply Long test: $81 * $7F
[DBG] PASS: $81 * $7F smulls
[DBG] PASS: $81 * $7F umulls
[DBG] Multiply Long test:   0 * $80
[DBG] PASS:   0 * $80 smulls
[DBG] PASS:   0 * $80 umulls
[DBG] Multiply Long test:   1 * $80
[DBG] PASS:   1 * $80 smulls
[DBG] PASS:   1 * $80 umulls
[DBG] Multiply Long test:  -1 * $80
[DBG] PASS:  -1 * $80 smulls
[DBG] PASS:  -1 * $80 umulls
[DBG] Multiply Long test: $7F * $80
[DBG] PASS: $7F * $80 smulls
[DBG] PASS: $7F * $80 umulls
[DBG] Multiply Long test: $80 * $80
[DBG] PASS: $80 * $80 smulls
[DBG] PASS: $80 * $80 umulls
[DBG] Multiply Long test: $81 * $80
[DBG] PASS: $81 * $80 smulls
[DBG] PASS: $81 * $80 umulls
[DBG] Multiply Long test:   0 * $81
[DBG] PASS:   0 * $81 smulls
[DBG] PASS:   0 * $81 umulls
[DBG] Multiply Long test:   1 * $81
[DBG] PASS:   1 * $81 smulls
[DBG] PASS:   1 * $81 umulls
[DBG] Multiply Long test:  -1 * $81
[DBG] PASS:  -1 * $81 smulls
[DBG] PASS:  -1 * $81 umulls
[DBG] Multiply Long test: $7F * $81
[DBG] PASS: $7F * $81 smulls
[DBG] PASS: $7F * $81 umulls
[DBG] Multiply Long test: $80 * $81
[DBG] PASS: $80 * $81 smulls
[DBG] PASS: $80 * $81 umulls
[DBG] Multiply Long test: $81 * $81
[DBG] PASS: $81 * $81 smulls
[DBG] PASS: $81 * $81 umulls

--- Suite 08: Multiply long ---
Frames: 93  PC=0x0802BAB4  CPSR=0x0000003F  halted=0  cycle=186150272
[debug]
Game Boy Advance Test Suite
===
BEGIN: Multiply long tests
Multiply Long test:   0 *   0
PASS:   0 *   0 smulls
PASS:   0 *   0 umulls
Multiply Long test:   1 *   0
PASS:   1 *   0 smulls
PASS:   1 *   0 umulls
Multiply Long test:  -1 *   0
PASS:  -1 *   0 smulls
PASS:  -1 *   0 umulls
Multiply Long test: $7F *   0
PASS: $7F *   0 smulls
PASS: $7F *   0 umulls
Multiply Long test: $80 *   0
PASS: $80 *   0 smulls
PASS: $80 *   0 umulls
Multiply Long test: $81 *   0
PASS: $81 *   0 smulls
PASS: $81 *   0 umulls
Multiply Long test:   0 *   1
PASS:   0 *   1 smulls
PASS:   0 *   1 umulls
Multiply Long test:   1 *   1
PASS:   1 *   1 smulls
PASS:   1 *   1 umulls
Multiply Long test:  -1 *   1
PASS:  -1 *   1 smulls
PASS:  -1 *   1 umulls
Multiply Long test: $7F *   1
PASS: $7F *   1 smulls
PASS: $7F *   1 umulls
Multiply Long test: $80 *   1
PASS: $80 *   1 smulls
PASS: $80 *   1 umulls
Multiply Long test: $81 *   1
PASS: $81 *   1 smulls
PASS: $81 *   1 umulls
Multiply Long test:   0 *  -1
PASS:   0 *  -1 smulls
PASS:   0 *  -1 umulls
Multiply Long test:   1 *  -1
PASS:   1 *  -1 smulls
PASS:   1 *  -1 umulls
Multiply Long test:  -1 *  -1
PASS:  -1 *  -1 smulls
PASS:  -1 *  -1 umulls
Multiply Long test: $7F *  -1
PASS: $7F *  -1 smulls
PASS: $7F *  -1 umulls
Multiply Long test: $80 *  -1
PASS: $80 *  -1 smulls
PASS: $80 *  -1 umulls
Multiply Long test: $81 *  -1
PASS: $81 *  -1 smulls
PASS: $81 *  -1 umulls
Multiply Long test:   0 * $7F
PASS:   0 * $7F smulls
PASS:   0 * $7F umulls
Multiply Long test:   1 * $7F
PASS:   1 * $7F smulls
PASS:   1 * $7F umulls
Multiply Long test:  -1 * $7F
PASS:  -1 * $7F smulls
PASS:  -1 * $7F umulls
Multiply Long test: $7F * $7F
PASS: $7F * $7F smulls
PASS: $7F * $7F umulls
Multiply Long test: $80 * $7F
PASS: $80 * $7F smulls
PASS: $80 * $7F umulls
Multiply Long test: $81 * $7F
PASS: $81 * $7F smulls
PASS: $81 * $7F umulls
Multiply Long test:   0 * $80
PASS:   0 * $80 smulls
PASS:   0 * $80 umulls
Multiply Long test:   1 * $80
PASS:   1 * $80 smulls
PASS:   1 * $80 umulls
Multiply Long test:  -1 * $80
PASS:  -1 * $80 smulls
PASS:  -1 * $80 umulls
Multiply Long test: $7F * $80
PASS: $7F * $80 smulls
PASS: $7F * $80 umulls
Multiply Long test: $80 * $80
PASS: $80 * $80 smulls
PASS: $80 * $80 umulls
Multiply Long test: $81 * $80
PASS: $81 * $80 smulls
PASS: $81 * $80 umulls
Multiply Long test:   0 * $81
PASS:   0 * $81 smulls
PASS:   0 * $81 umulls
Multiply Long test:   1 * $81
PASS:   1 * $81 smulls
PASS:   1 * $81 umulls
Multiply Long test:  -1 * $81
PASS:  -1 * $81 smulls
PASS:  -1 * $81 umulls
Multiply Long test: $7F * $81
PASS: $7F * $81 smulls
PASS: $7F * $81 umulls
Multiply Long test: $80 * $81
PASS: $80 * $81 smulls
PASS: $80 * $81 umulls
Multiply Long test: $81 * $81
PASS: $81 * $81 smulls
PASS: $81 * $81 umulls
[sram]
Game Boy Advance Test Suite
===
Multiply Long test:   0 *   0
Multiply Long test:   1 *   0
Multiply Long test:  -1 *   0
Multiply Long test: $7F *   0
Multiply Long test: $80 *   0
Multiply Long test: $81 *   0
Multiply Long test:   0 *   1
Multiply Long test:   1 *   1
Multiply Long test:  -1 *   1
Multiply Long test: $7F *   1
Multiply Long test: $80 *   1
Multiply Long test: $81 *   1
Multiply Long test:   0 *  -1
Multiply Long test:   1 *  -1
Multiply Long test:  -1 *  -1
Multiply Long test: $7F *  -1
Multiply Long test: $80 *  -1
Multiply Long test: $81 *  -1
Multiply Long test:   0 * $7F
Multiply Long test:   1 * $7F
Multiply Long test:  -1 * $7F
Multiply Long test: $7F * $7F
Multiply Long test: $80 * $7F
Multiply Long test: $81 * $7F
Multiply Long test:   0 * $80
Multiply Long test:   1 * $80
Multiply Long test:  -1 * $80
Multiply Long test: $7F * $80
Multiply Long test: $80 * $80
Multiply Long test: $81 * $80
Multiply Long test:   0 * $81
Multiply Long test:   1 * $81
Multiply Long test:  -1 * $81
Multiply Long test: $7F * $81
Multiply Long test: $80 * $81
Multiply Long test: $81 * $81
[score] Multiply long: 72/72 PASS

=== Summary ===
Suites: 1/1 passed  Tests: 72/72 passed
