=== GBA Test Suite Runner ===
ROM:  tests/assets/roms/suite.gba
BIOS: tests/assets/roms/gba_bios.bin
Booting...
After 60 frames: PC=0x00000348 CPSR=0x6000005F halted=1 cycle=16769984
[DBG] Game Boy Advance Test Suite
===
[DBG] BEGIN: SIO register R/W tests
[DBG] PASS: M: SIOMULTI0
[DBG] PASS: M: SIOMULTI1
[DBG] PASS: M: SIOMULTI2
[DBG] PASS: M: SIOMULTI3
[DBG] PASS: M: SIOCNT
[DBG] PASS: M: SIOMLT_SEND
[DBG] PASS: M: RCNT
[DBG] PASS: M: INVALID (136)
[DBG] PASS: M: JOYCNT
[DBG] PASS: M: INVALID (142)
[DBG] PASS: M: JOY_RECV_L
[DBG] PASS: M: JOY_RECV_H
[DBG] PASS: M: JOY_TRANS_L
[DBG] PASS: M: JOY_TRANS_H
[DBG] PASS: M: JOYSTAT
[DBG] PASS: N8: SIODATA32_L
[DBG] PASS: N8: SIODATA32_H
[DBG] PASS: N8: SIOMULTI2
[DBG] PASS: N8: SIOMULTI3
[DBG] PASS: N8: SIOCNT
[DBG] PASS: N8: SIODATA8
[DBG] PASS: N8: RCNT
[DBG] PASS: N8: INVALID (136)
[DBG] PASS: N8: JOYCNT
[DBG] PASS: N8: INVALID (142)
[DBG] PASS: N8: JOY_RECV_L
[DBG] PASS: N8: JOY_RECV_H
[DBG] PASS: N8: JOY_TRANS_L
[DBG] PASS: N8: JOY_TRANS_H
[DBG] PASS: N8: JOYSTAT
[DBG] PASS: N32: SIODATA32_L
[DBG] PASS: N32: SIODATA32_H
[DBG] PASS: N32: SIOMULTI2
[DBG] PASS: N32: SIOMULTI3
[DBG] PASS: N32: SIOCNT
[DBG] PASS: N32: SIODATA8
[DBG] PASS: N32: RCNT
[DBG] PASS: N32: INVALID (136)
[DBG] PASS: N32: JOYCNT
[DBG] PASS: N32: INVALID (142)
[DBG] PASS: N32: JOY_RECV_L
[DBG] PASS: N32: JOY_RECV_H
[DBG] PASS: N32: JOY_TRANS_L
[DBG] PASS: N32: JOY_TRANS_H
[DBG] PASS: N32: JOYSTAT
[DBG] PASS: U: SIODATA32_L
[DBG] PASS: U: SIODATA32_H
[DBG] PASS: U: SIOMULTI2
[DBG] PASS: U: SIOMULTI3
[DBG] PASS: U: SIOCNT
[DBG] PASS: U: SIODATA8
[DBG] PASS: U: RCNT
[DBG] PASS: U: INVALID (136)
[DBG] PASS: U: JOYCNT
[DBG] PASS: U: INVALID (142)
[DBG] PASS: U: JOY_RECV_L
[DBG] PASS: U: JOY_RECV_H
[DBG] PASS: U: JOY_TRANS_L
[DBG] PASS: U: JOY_TRANS_H
[DBG] PASS: U: JOYSTAT
[DBG] PASS: G: SIODATA32_L
[DBG] PASS: G: SIODATA32_H
[DBG] PASS: G: SIOMULTI2
[DBG] PASS: G: SIOMULTI3
[DBG] PASS: G: SIOCNT
[DBG] PASS: G: SIODATA8
[DBG] PASS: G: RCNT
[DBG] PASS: G: INVALID (136)
[DBG] PASS: G: JOYCNT
[DBG] PASS: G: INVALID (142)
[DBG] PASS: G: JOY_RECV_L
[DBG] PASS: G: JOY_RECV_H
[DBG] PASS: G: JOY_TRANS_L
[DBG] PASS: G: JOY_TRANS_H
[DBG] PASS: G: JOYSTAT
[DBG] PASS: J: SIODATA32_L
[DBG] PASS: J: SIODATA32_H
[DBG] PASS: J: SIOMULTI2
[DBG] PASS: J: SIOMULTI3
[DBG] PASS: J: SIOCNT
[DBG] PASS: J: SIODATA8
[DBG] PASS: J: RCNT
[DBG] PASS: J: INVALID (136)
[DBG] PASS: J: JOYCNT
[DBG] PASS: J: INVALID (142)
[DBG] PASS: J: JOY_RECV_L
[DBG] PASS: J: JOY_RECV_H
[DBG] PASS: J: JOY_TRANS_L
[DBG] PASS: J: JOY_TRANS_H
[DBG] PASS: J: JOYSTAT

--- Suite 11: SIO register R/W ---
Frames: 91  PC=0x0802BAC2  CPSR=0x2000003F  halted=0  cycle=215925249
[debug]
Game Boy Advance Test Suite
===
BEGIN: SIO register R/W tests
PASS: M: SIOMULTI0
PASS: M: SIOMULTI1
PASS: M: SIOMULTI2
PASS: M: SIOMULTI3
PASS: M: SIOCNT
PASS: M: SIOMLT_SEND
PASS: M: RCNT
PASS: M: INVALID (136)
PASS: M: JOYCNT
PASS: M: INVALID (142)
PASS: M: JOY_RECV_L
PASS: M: JOY_RECV_H
PASS: M: JOY_TRANS_L
PASS: M: JOY_TRANS_H
PASS: M: JOYSTAT
PASS: N8: SIODATA32_L
PASS: N8: SIODATA32_H
PASS: N8: SIOMULTI2
PASS: N8: SIOMULTI3
PASS: N8: SIOCNT
PASS: N8: SIODATA8
PASS: N8: RCNT
PASS: N8: INVALID (136)
PASS: N8: JOYCNT
PASS: N8: INVALID (142)
PASS: N8: JOY_RECV_L
PASS: N8: JOY_RECV_H
PASS: N8: JOY_TRANS_L
PASS: N8: JOY_TRANS_H
PASS: N8: JOYSTAT
PASS: N32: SIODATA32_L
PASS: N32: SIODATA32_H
PASS: N32: SIOMULTI2
PASS: N32: SIOMULTI3
PASS: N32: SIOCNT
PASS: N32: SIODATA8
PASS: N32: RCNT
PASS: N32: INVALID (136)
PASS: N32: JOYCNT
PASS: N32: INVALID (142)
PASS: N32: JOY_RECV_L
PASS: N32: JOY_RECV_H
PASS: N32: JOY_TRANS_L
PASS: N32: JOY_TRANS_H
PASS: N32: JOYSTAT
PASS: U: SIODATA32_L
PASS: U: SIODATA32_H
PASS: U: SIOMULTI2
PASS: U: SIOMULTI3
PASS: U: SIOCNT
PASS: U: SIODATA8
PASS: U: RCNT
PASS: U: INVALID (136)
PASS: U: JOYCNT
PASS: U: INVALID (142)
PASS: U: JOY_RECV_L
PASS: U: JOY_RECV_H
PASS: U: JOY_TRANS_L
PASS: U: JOY_TRANS_H
PASS: U: JOYSTAT
PASS: G: SIODATA32_L
PASS: G: SIODATA32_H
PASS: G: SIOMULTI2
PASS: G: SIOMULTI3
PASS: G: SIOCNT
PASS: G: SIODATA8
PASS: G: RCNT
PASS: G: INVALID (136)
PASS: G: JOYCNT
PASS: G: INVALID (142)
PASS: G: JOY_RECV_L
PASS: G: JOY_RECV_H
PASS: G: JOY_TRANS_L
PASS: G: JOY_TRANS_H
PASS: G: JOYSTAT
PASS: J: SIODATA32_L
PASS: J: SIODATA32_H
PASS: J: SIOMULTI2
PASS: J: SIOMULTI3
PASS: J: SIOCNT
PASS: J: SIODATA8
PASS: J: RCNT
PASS: J: INVALID (136)
PASS: J: JOYCNT
PASS: J: INVALID (142)
PASS: J: JOY_RECV_L
PASS: J: JOY_RECV_H
PASS: J: JOY_TRANS_L
PASS: J: JOY_TRANS_H
PASS: J: JOYSTAT
[sram]
Game Boy Advance Test Suite
===
[score] SIO register R/W: 90/90 PASS

=== Summary ===
Suites: 1/1 passed  Tests: 90/90 passed
