=== GBA Test Suite Runner ===
ROM:  tests/assets/roms/suite.gba
BIOS: tests/assets/roms/gba_bios.bin
Booting...
After 60 frames: PC=0x00000348 CPSR=0x6000005F halted=1 cycle=16769984
[DBG] Game Boy Advance Test Suite
===
[DBG] BEGIN: Timer IRQ tests
[DBG] Timer IRQ test: FFFF
[DBG] PASS: FFFF 0 nops
[DBG] PASS: FFFF 1 nop 
[DBG] PASS: FFFF 2 nops
[DBG] FAIL: FFFF 3 nops
[DBG] Got 0050 != 0003: FAIL
[DBG] FAIL: FFFF 4 nops
[DBG] Got 0050 != 0051: FAIL
[DBG] FAIL: FFFF 5 nops
[DBG] Got 0050 != 0051: FAIL
[DBG] FAIL: FFFF 6 nops
[DBG] Got 0050 != 0051: FAIL
[DBG] FAIL: FFFF 7 nops
[DBG] Got 0050 != 0051: FAIL
[DBG] FAIL: FFFF 8 nops
[DBG] Got 0050 != 0051: FAIL
[DBG] FAIL: FFFF 9 nops
[DBG] Got 0050 != 0051: FAIL
[DBG] Timer IRQ test: FFFE
[DBG] FAIL: FFFE 0 nops
[DBG] Got FFFF != 0000: FAIL
[DBG] FAIL: FFFE 1 nop 
[DBG] Got 0000 != 0001: FAIL
[DBG] FAIL: FFFE 2 nops
[DBG] Got 0001 != 0002: FAIL
[DBG] FAIL: FFFE 3 nops
[DBG] Got 0002 != 0003: FAIL
[DBG] FAIL: FFFE 4 nops
[DBG] Got 0050 != 0004: FAIL
[DBG] FAIL: FFFE 5 nops
[DBG] Got 0050 != 0052: FAIL
[DBG] FAIL: FFFE 6 nops
[DBG] Got 0050 != 0052: FAIL
[DBG] FAIL: FFFE 7 nops
[DBG] Got 0050 != 0052: FAIL
[DBG] FAIL: FFFE 8 nops
[DBG] Got 0050 != 0052: FAIL
[DBG] FAIL: FFFE 9 nops
[DBG] Got 0050 != 0052: FAIL
[DBG] Timer IRQ test: FFFD
[DBG] FAIL: FFFD 0 nops
[DBG] Got 0000 != FFFF: FAIL
[DBG] FAIL: FFFD 1 nop 
[DBG] Got 0001 != 0000: FAIL
[DBG] FAIL: FFFD 2 nops
[DBG] Got 0002 != 0001: FAIL
[DBG] FAIL: FFFD 3 nops
[DBG] Got 0003 != 0002: FAIL
[DBG] FAIL: FFFD 4 nops
[DBG] Got 0004 != 0003: FAIL
[DBG] FAIL: FFFD 5 nops
[DBG] Got 0052 != 0004: FAIL
[DBG] PASS: FFFD 6 nops
[DBG] PASS: FFFD 7 nops
[DBG] PASS: FFFD 8 nops
[DBG] PASS: FFFD 9 nops
[DBG] Timer IRQ test: FFFC
[DBG] FAIL: FFFC 0 nops
[DBG] Got FFFF != FFFE: FAIL
[DBG] FAIL: FFFC 1 nop 
[DBG] Got 0000 != FFFF: FAIL
[DBG] FAIL: FFFC 2 nops
[DBG] Got 0001 != 0000: FAIL
[DBG] FAIL: FFFC 3 nops
[DBG] Got 0002 != 0001: FAIL
[DBG] FAIL: FFFC 4 nops
[DBG] Got 0003 != 0002: FAIL
[DBG] FAIL: FFFC 5 nops
[DBG] Got 0004 != 0003: FAIL
[DBG] FAIL: FFFC 6 nops
[DBG] Got 0052 != 0004: FAIL
[DBG] PASS: FFFC 7 nops
[DBG] PASS: FFFC 8 nops
[DBG] PASS: FFFC 9 nops
[DBG] Timer IRQ test: FFFB
[DBG] FAIL: FFFB 0 nops
[DBG] Got FFFE != FFFD: FAIL
[DBG] FAIL: FFFB 1 nop 
[DBG] Got FFFF != FFFE: FAIL
[DBG] FAIL: FFFB 2 nops
[DBG] Got 0000 != FFFF: FAIL
[DBG] FAIL: FFFB 3 nops
[DBG] Got 0001 != 0000: FAIL
[DBG] FAIL: FFFB 4 nops
[DBG] Got 0002 != 0001: FAIL
[DBG] FAIL: FFFB 5 nops
[DBG] Got 0003 != 0002: FAIL
[DBG] FAIL: FFFB 6 nops
[DBG] Got 0004 != 0003: FAIL
[DBG] FAIL: FFFB 7 nops
[DBG] Got 0052 != 0004: FAIL
[DBG] PASS: FFFB 8 nops
[DBG] PASS: FFFB 9 nops
[DBG] Timer IRQ test: FFFA
[DBG] FAIL: FFFA 0 nops
[DBG] Got FFFD != FFFC: FAIL
[DBG] FAIL: FFFA 1 nop 
[DBG] Got FFFE != FFFD: FAIL
[DBG] FAIL: FFFA 2 nops
[DBG] Got FFFF != FFFE: FAIL
[DBG] FAIL: FFFA 3 nops
[DBG] Got 0000 != FFFF: FAIL
[DBG] FAIL: FFFA 4 nops
[DBG] Got 0001 != 0000: FAIL
[DBG] FAIL: FFFA 5 nops
[DBG] Got 0002 != 0001: FAIL
[DBG] FAIL: FFFA 6 nops
[DBG] Got 0003 != 0002: FAIL
[DBG] FAIL: FFFA 7 nops
[DBG] Got 0004 != 0003: FAIL
[DBG] FAIL: FFFA 8 nops
[DBG] Got 0052 != 0004: FAIL
[DBG] PASS: FFFA 9 nops
[DBG] Timer IRQ test: FFF9
[DBG] FAIL: FFF9 0 nops
[DBG] Got FFFC != FFFB: FAIL
[DBG] FAIL: FFF9 1 nop 
[DBG] Got FFFD != FFFC: FAIL
[DBG] FAIL: FFF9 2 nops
[DBG] Got FFFE != FFFD: FAIL
[DBG] FAIL: FFF9 3 nops
[DBG] Got FFFF != FFFE: FAIL
[DBG] FAIL: FFF9 4 nops
[DBG] Got 0000 != FFFF: FAIL
[DBG] FAIL: FFF9 5 nops
[DBG] Got 0001 != 0000: FAIL
[DBG] FAIL: FFF9 6 nops
[DBG] Got 0002 != 0001: FAIL
[DBG] FAIL: FFF9 7 nops
[DBG] Got 0003 != 0002: FAIL
[DBG] FAIL: FFF9 8 nops
[DBG] Got 0004 != 0003: FAIL
[DBG] FAIL: FFF9 9 nops
[DBG] Got 0052 != 0004: FAIL
[DBG] Timer IRQ test: FFF8
[DBG] FAIL: FFF8 0 nops
[DBG] Got FFFB != FFFA: FAIL
[DBG] FAIL: FFF8 1 nop 
[DBG] Got FFFC != FFFB: FAIL
[DBG] FAIL: FFF8 2 nops
[DBG] Got FFFD != FFFC: FAIL
[DBG] FAIL: FFF8 3 nops
[DBG] Got FFFE != FFFD: FAIL
[DBG] FAIL: FFF8 4 nops
[DBG] Got FFFF != FFFE: FAIL
[DBG] FAIL: FFF8 5 nops
[DBG] Got 0000 != FFFF: FAIL
[DBG] FAIL: FFF8 6 nops
[DBG] Got 0001 != 0000: FAIL
[DBG] FAIL: FFF8 7 nops
[DBG] Got 0002 != 0001: FAIL
[DBG] FAIL: FFF8 8 nops
[DBG] Got 0003 != 0002: FAIL
[DBG] FAIL: FFF8 9 nops
[DBG] Got 0004 != 0003: FAIL
[DBG] Timer IRQ test: FFF7
[DBG] FAIL: FFF7 0 nops
[DBG] Got FFFA != FFF9: FAIL
[DBG] FAIL: FFF7 1 nop 
[DBG] Got FFFB != FFFA: FAIL
[DBG] FAIL: FFF7 2 nops
[DBG] Got FFFC != FFFB: FAIL
[DBG] FAIL: FFF7 3 nops
[DBG] Got FFFD != FFFC: FAIL
[DBG] FAIL: FFF7 4 nops
[DBG] Got FFFE != FFFD: FAIL
[DBG] FAIL: FFF7 5 nops
[DBG] Got FFFF != FFFE: FAIL
[DBG] FAIL: FFF7 6 nops
[DBG] Got 0000 != FFFF: FAIL
[DBG] FAIL: FFF7 7 nops
[DBG] Got 0001 != 0000: FAIL
[DBG] FAIL: FFF7 8 nops
[DBG] Got 0002 != 0001: FAIL
[DBG] FAIL: FFF7 9 nops
[DBG] Got 0003 != 0002: FAIL

--- Suite 05: Timer IRQ ---
Frames: 98  PC=0x0802BB6C  CPSR=0x8000001F  halted=0  cycle=157217989
[debug]
Game Boy Advance Test Suite
===
BEGIN: Timer IRQ tests
Timer IRQ test: FFFF
PASS: FFFF 0 nops
PASS: FFFF 1 nop 
PASS: FFFF 2 nops
FAIL: FFFF 3 nops
Got 0050 != 0003: FAIL
FAIL: FFFF 4 nops
Got 0050 != 0051: FAIL
FAIL: FFFF 5 nops
Got 0050 != 0051: FAIL
FAIL: FFFF 6 nops
Got 0050 != 0051: FAIL
FAIL: FFFF 7 nops
Got 0050 != 0051: FAIL
FAIL: FFFF 8 nops
Got 0050 != 0051: FAIL
FAIL: FFFF 9 nops
Got 0050 != 0051: FAIL
Timer IRQ test: FFFE
FAIL: FFFE 0 nops
Got FFFF != 0000: FAIL
FAIL: FFFE 1 nop 
Got 0000 != 0001: FAIL
FAIL: FFFE 2 nops
Got 0001 != 0002: FAIL
FAIL: FFFE 3 nops
Got 0002 != 0003: FAIL
FAIL: FFFE 4 nops
Got 0050 != 0004: FAIL
FAIL: FFFE 5 nops
Got 0050 != 0052: FAIL
FAIL: FFFE 6 nops
Got 0050 != 0052: FAIL
FAIL: FFFE 7 nops
Got 0050 != 0052: FAIL
FAIL: FFFE 8 nops
Got 0050 != 0052: FAIL
FAIL: FFFE 9 nops
Got 0050 != 0052: FAIL
Timer IRQ test: FFFD
FAIL: FFFD 0 nops
Got 0000 != FFFF: FAIL
FAIL: FFFD 1 nop 
Got 0001 != 0000: FAIL
FAIL: FFFD 2 nops
Got 0002 != 0001: FAIL
FAIL: FFFD 3 nops
Got 0003 != 0002: FAIL
FAIL: FFFD 4 nops
Got 0004 != 0003: FAIL
FAIL: FFFD 5 nops
Got 0052 != 0004: FAIL
PASS: FFFD 6 nops
PASS: FFFD 7 nops
PASS: FFFD 8 nops
PASS: FFFD 9 nops
Timer IRQ test: FFFC
FAIL: FFFC 0 nops
Got FFFF != FFFE: FAIL
FAIL: FFFC 1 nop 
Got 0000 != FFFF: FAIL
FAIL: FFFC 2 nops
Got 0001 != 0000: FAIL
FAIL: FFFC 3 nops
Got 0002 != 0001: FAIL
FAIL: FFFC 4 nops
Got 0003 != 0002: FAIL
FAIL: FFFC 5 nops
Got 0004 != 0003: FAIL
FAIL: FFFC 6 nops
Got 0052 != 0004: FAIL
PASS: FFFC 7 nops
PASS: FFFC 8 nops
PASS: FFFC 9 nops
Timer IRQ test: FFFB
FAIL: FFFB 0 nops
Got FFFE != FFFD: FAIL
FAIL: FFFB 1 nop 
Got FFFF != FFFE: FAIL
FAIL: FFFB 2 nops
Got 0000 != FFFF: FAIL
FAIL: FFFB 3 nops
Got 0001 != 0000: FAIL
FAIL: FFFB 4 nops
Got 0002 != 0001: FAIL
FAIL: FFFB 5 nops
Got 0003 != 0002: FAIL
FAIL: FFFB 6 nops
Got 0004 != 0003: FAIL
FAIL: FFFB 7 nops
Got 0052 != 0004: FAIL
PASS: FFFB 8 nops
PASS: FFFB 9 nops
Timer IRQ test: FFFA
FAIL: FFFA 0 nops
Got FFFD != FFFC: FAIL
FAIL: FFFA 1 nop 
Got FFFE != FFFD: FAIL
FAIL: FFFA 2 nops
Got FFFF != FFFE: FAIL
FAIL: FFFA 3 nops
Got 0000 != FFFF: FAIL
FAIL: FFFA 4 nops
Got 0001 != 0000: FAIL
FAIL: FFFA 5 nops
Got 0002 != 0001: FAIL
FAIL: FFFA 6 nops
Got 0003 != 0002: FAIL
FAIL: FFFA 7 nops
Got 0004 != 0003: FAIL
FAIL: FFFA 8 nops
Got 0052 != 0004: FAIL
PASS: FFFA 9 nops
Timer IRQ test: FFF9
FAIL: FFF9 0 nops
Got FFFC != FFFB: FAIL
FAIL: FFF9 1 nop 
Got FFFD != FFFC: FAIL
FAIL: FFF9 2 nops
Got FFFE != FFFD: FAIL
FAIL: FFF9 3 nops
Got FFFF != FFFE: FAIL
FAIL: FFF9 4 nops
Got 0000 != FFFF: FAIL
FAIL: FFF9 5 nops
Got 0001 != 0000: FAIL
FAIL: FFF9 6 nops
Got 0002 != 0001: FAIL
FAIL: FFF9 7 nops
Got 0003 != 0002: FAIL
FAIL: FFF9 8 nops
Got 0004 != 0003: FAIL
FAIL: FFF9 9 nops
Got 0052 != 0004: FAIL
Timer IRQ test: FFF8
FAIL: FFF8 0 nops
Got FFFB != FFFA: FAIL
FAIL: FFF8 1 nop 
Got FFFC != FFFB: FAIL
FAIL: FFF8 2 nops
Got FFFD != FFFC: FAIL
FAIL: FFF8 3 nops
Got FFFE != FFFD: FAIL
FAIL: FFF8 4 nops
Got FFFF != FFFE: FAIL
FAIL: FFF8 5 nops
Got 0000 != FFFF: FAIL
FAIL: FFF8 6 nops
Got 0001 != 0000: FAIL
FAIL: FFF8 7 nops
Got 0002 != 0001: FAIL
FAIL: FFF8 8 nops
Got 0003 != 0002: FAIL
FAIL: FFF8 9 nops
Got 0004 != 0003: FAIL
Timer IRQ test: FFF7
FAIL: FFF7 0 nops
Got FFFA != FFF9: FAIL
FAIL: FFF7 1 nop 
Got FFFB != FFFA: FAIL
FAIL: FFF7 2 nops
Got FFFC != FFFB: FAIL
FAIL: FFF7 3 nops
Got FFFD != FFFC: FAIL
FAIL: FFF7 4 nops
Got FFFE != FFFD: FAIL
FAIL: FFF7 5 nops
Got FFFF != FFFE: FAIL
FAIL: FFF7 6 nops
Got 0000 != FFFF: FAIL
FAIL: FFF7 7 nops
Got 0001 != 0000: FAIL
FAIL: FFF7 8 nops
Got 0002 != 0001: FAIL
FAIL: FFF7 9 nops
Got 0003 != 0002: FAIL
[sram]
Game Boy Advance Test Suite
===
Timer IRQ test: FFFF
Got 0050 != 0003: FAIL
Got 0050 != 0051: FAIL
Got 0050 != 0051: FAIL
Got 0050 != 0051: FAIL
Got 0050 != 0051: FAIL
Got 0050 != 0051: FAIL
Got 0050 != 0051: FAIL
Timer IRQ test: FFFE
Got FFFF != 0000: FAIL
Got 0000 != 0001: FAIL
Got 0001 != 0002: FAIL
Got 0002 != 0003: FAIL
Got 0050 != 0004: FAIL
Got 0050 != 0052: FAIL
Got 0050 != 0052: FAIL
Got 0050 != 0052: FAIL
Got 0050 != 0052: FAIL
Got 0050 != 0052: FAIL
Timer IRQ test: FFFD
Got 0000 != FFFF: FAIL
Got 0001 != 0000: FAIL
Got 0002 != 0001: FAIL
Got 0003 != 0002: FAIL
Got 0004 != 0003: FAIL
Got 0052 != 0004: FAIL
Timer IRQ test: FFFC
Got FFFF != FFFE: FAIL
Got 0000 != FFFF: FAIL
Got 0001 != 0000: FAIL
Got 0002 != 0001: FAIL
Got 0003 != 0002: FAIL
Got 0004 != 0003: FAIL
Got 0052 != 0004: FAIL
Timer IRQ test: FFFB
Got FFFE != FFFD: FAIL
Got FFFF != FFFE: FAIL
Got 0000 != FFFF: FAIL
Got 0001 != 0000: FAIL
Got 0002 != 0001: FAIL
Got 0003 != 0002: FAIL
Got 0004 != 0003: FAIL
Got 0052 != 0004: FAIL
Timer IRQ test: FFFA
Got FFFD != FFFC: FAIL
Got FFFE != FFFD: FAIL
Got FFFF != FFFE: FAIL
Got 0000 != FFFF: FAIL
Got 0001 != 0000: FAIL
Got 0002 != 0001: FAIL
Got 0003 != 0002: FAIL
Got 0004 != 0003: FAIL
Got 0052 != 0004: FAIL
Timer IRQ test: FFF9
Got FFFC != FFFB: FAIL
Got FFFD != FFFC: FAIL
Got FFFE != FFFD: FAIL
Got FFFF != FFFE: FAIL
Got 0000 != FFFF: FAIL
Got 0001 != 0000: FAIL
Got 0002 != 0001: FAIL
Got 0003 != 0002: FAIL
Got 0004 != 0003: FAIL
Got 0052 != 0004: FAIL
Timer IRQ test: FFF8
Got FFFB != FFFA: FAIL
Got FFFC != FFFB: FAIL
Got FFFD != FFFC: FAIL
Got FFFE != FFFD: FAIL
Got FFFF != FFFE: FAIL
Got 0000 != FFFF: FAIL
Got 0001 != 0000: FAIL
Got 0002 != 0001: FAIL
Got 0003 != 0002: FAIL
Got 0004 != 0003: FAIL
Timer IRQ test: FFF7
Got FFFA != FFF9: FAIL
Got FFFB != FFFA: FAIL
Got FFFC != FFFB: FAIL
Got FFFD != FFFC: FAIL
Got FFFE != FFFD: FAIL
Got FFFF != FFFE: FAIL
Got 0000 != FFFF: FAIL
Got 0001 != 0000: FAIL
Got 0002 != 0001: FAIL
Got 0003 != 0002: FAIL
[score] Timer IRQ: 13/90 FAIL

=== Summary ===
Suites: 0/1 passed  Tests: 13/90 passed
