=== GBA Test Suite Runner ===
ROM:  tests/assets/roms/suite.gba
BIOS: tests/assets/roms/gba_bios.bin
Booting...
After 60 frames: PC=0x00000348 CPSR=0x6000005F halted=1 cycle=16769984
[DBG] Game Boy Advance Test Suite
===
[DBG] BEGIN: Timer count-up tests
[DBG] Timer count-up test: 0b, 0x0001
[DBG] PASS: 0b, 0x0001 1xs 1d 1i
[DBG] PASS: 0b, 0x0001 16xs 1d 1i
[DBG] PASS: 0b, 0x0001 1xv 1d 1i
[DBG] PASS: 0b, 0x0001 16xv 1d 1i
[DBG] PASS: 0b, 0x0001 1xs 2d 1i
[DBG] PASS: 0b, 0x0001 16xs 2d 1i
[DBG] PASS: 0b, 0x0001 1xv 2d 1i
[DBG] PASS: 0b, 0x0001 16xv 2d 1i
[DBG] PASS: 0b, 0x0001 1xs 4d 1i
[DBG] PASS: 0b, 0x0001 16xs 4d 1i
[DBG] PASS: 0b, 0x0001 1xv 4d 1i
[DBG] PASS: 0b, 0x0001 16xv 4d 1i
[DBG] PASS: 0b, 0x0001 1xs 1d 2i
[DBG] PASS: 0b, 0x0001 16xs 1d 2i
[DBG] PASS: 0b, 0x0001 1xv 1d 2i
[DBG] PASS: 0b, 0x0001 16xv 1d 2i
[DBG] PASS: 0b, 0x0001 1xs 2d 2i
[DBG] PASS: 0b, 0x0001 16xs 2d 2i
[DBG] PASS: 0b, 0x0001 1xv 2d 2i
[DBG] PASS: 0b, 0x0001 16xv 2d 2i
[DBG] PASS: 0b, 0x0001 1xs 4d 2i
[DBG] PASS: 0b, 0x0001 16xs 4d 2i
[DBG] PASS: 0b, 0x0001 1xv 4d 2i
[DBG] PASS: 0b, 0x0001 16xv 4d 2i
[DBG] PASS: 0b, 0x0001 1xs 1d 4i
[DBG] PASS: 0b, 0x0001 16xs 1d 4i
[DBG] PASS: 0b, 0x0001 1xv 1d 4i
[DBG] PASS: 0b, 0x0001 16xv 1d 4i
[DBG] PASS: 0b, 0x0001 1xs 2d 4i
[DBG] PASS: 0b, 0x0001 16xs 2d 4i
[DBG] PASS: 0b, 0x0001 1xv 2d 4i
[DBG] PASS: 0b, 0x0001 16xv 2d 4i
[DBG] PASS: 0b, 0x0001 1xs 4d 4i
[DBG] PASS: 0b, 0x0001 16xs 4d 4i
[DBG] PASS: 0b, 0x0001 1xv 4d 4i
[DBG] PASS: 0b, 0x0001 16xv 4d 4i
[DBG] Timer count-up test: 0b, 0x0005
[DBG] FAIL: 0b, 0x0005 1xs 1d 1i
[DBG] 1xs 1d 1i: Got 00000002 vs 00000003: FAIL
[DBG] PASS: 0b, 0x0005 16xs 1d 1i
[DBG] FAIL: 0b, 0x0005 1xv 1d 1i
[DBG] 1xv 1d 1i: Got FFFD vs FFFF: FAIL
[DBG] PASS: 0b, 0x0005 16xv 1d 1i
[DBG] FAIL: 0b, 0x0005 1xs 2d 1i
[DBG] 1xs 2d 1i: Got 00000002 vs 00000003: FAIL
[DBG] PASS: 0b, 0x0005 16xs 2d 1i
[DBG] FAIL: 0b, 0x0005 1xv 2d 1i
[DBG] 1xv 2d 1i: Got FFFD vs FFFF: FAIL
[DBG] PASS: 0b, 0x0005 16xv 2d 1i
[DBG] FAIL: 0b, 0x0005 1xs 4d 1i
[DBG] 1xs 4d 1i: Got 00000002 vs 00000003: FAIL
[DBG] PASS: 0b, 0x0005 16xs 4d 1i
[DBG] FAIL: 0b, 0x0005 1xv 4d 1i
[DBG] 1xv 4d 1i: Got FFFD vs FFFF: FAIL
[DBG] PASS: 0b, 0x0005 16xv 4d 1i
[DBG] FAIL: 0b, 0x0005 1xs 1d 2i
[DBG] 1xs 1d 2i: Got 00000002 vs 00000003: FAIL
[DBG] PASS: 0b, 0x0005 16xs 1d 2i
[DBG] FAIL: 0b, 0x0005 1xv 1d 2i
[DBG] 1xv 1d 2i: Got FFFE vs FFFB: FAIL
[DBG] PASS: 0b, 0x0005 16xv 1d 2i
[DBG] FAIL: 0b, 0x0005 1xs 2d 2i
[DBG] 1xs 2d 2i: Got 00000002 vs 00000003: FAIL
[DBG] PASS: 0b, 0x0005 16xs 2d 2i
[DBG] FAIL: 0b, 0x0005 1xv 2d 2i
[DBG] 1xv 2d 2i: Got FFFE vs FFFB: FAIL
[DBG] PASS: 0b, 0x0005 16xv 2d 2i
[DBG] FAIL: 0b, 0x0005 1xs 4d 2i
[DBG] 1xs 4d 2i: Got 00000002 vs 00000003: FAIL
[DBG] PASS: 0b, 0x0005 16xs 4d 2i
[DBG] FAIL: 0b, 0x0005 1xv 4d 2i
[DBG] 1xv 4d 2i: Got FFFE vs FFFB: FAIL
[DBG] PASS: 0b, 0x0005 16xv 4d 2i
[DBG] FAIL: 0b, 0x0005 1xs 1d 4i
[DBG] 1xs 1d 4i: Got 00000002 vs 00000003: FAIL
[DBG] PASS: 0b, 0x0005 16xs 1d 4i
[DBG] FAIL: 0b, 0x0005 1xv 1d 4i
[DBG] 1xv 1d 4i: Got FFFB vs FFFD: FAIL
[DBG] PASS: 0b, 0x0005 16xv 1d 4i
[DBG] FAIL: 0b, 0x0005 1xs 2d 4i
[DBG] 1xs 2d 4i: Got 00000002 vs 00000003: FAIL
[DBG] PASS: 0b, 0x0005 16xs 2d 4i
[DBG] FAIL: 0b, 0x0005 1xv 2d 4i
[DBG] 1xv 2d 4i: Got FFFB vs FFFD: FAIL
[DBG] PASS: 0b, 0x0005 16xv 2d 4i
[DBG] FAIL: 0b, 0x0005 1xs 4d 4i
[DBG] 1xs 4d 4i: Got 00000002 vs 00000003: FAIL
[DBG] PASS: 0b, 0x0005 16xs 4d 4i
[DBG] FAIL: 0b, 0x0005 1xv 4d 4i
[DBG] 1xv 4d 4i: Got FFFB vs FFFD: FAIL
[DBG] PASS: 0b, 0x0005 16xv 4d 4i
[DBG] Timer count-up test: 0b, 0x000C
[DBG] PASS: 0b, 0x000C 1xs 1d 1i
[DBG] FAIL: 0b, 0x000C 16xs 1d 1i
[DBG] 16xs 1d 1i: Got 00000010 vs 00000020: FAIL
[DBG] PASS: 0b, 0x000C 1xv 1d 1i
[DBG] FAIL: 0b, 0x000C 16xv 1d 1i
[DBG] 16xv 1d 1i: Got FFFC vs FFFE: FAIL
[DBG] PASS: 0b, 0x000C 1xs 2d 1i
[DBG] FAIL: 0b, 0x000C 16xs 2d 1i
[DBG] 16xs 2d 1i: Got 00000010 vs 00000020: FAIL
[DBG] PASS: 0b, 0x000C 1xv 2d 1i
[DBG] FAIL: 0b, 0x000C 16xv 2d 1i
[DBG] 16xv 2d 1i: Got FFFC vs FFFE: FAIL
[DBG] PASS: 0b, 0x000C 1xs 4d 1i
[DBG] FAIL: 0b, 0x000C 16xs 4d 1i
[DBG] 16xs 4d 1i: Got 00000010 vs 00000020: FAIL
[DBG] PASS: 0b, 0x000C 1xv 4d 1i
[DBG] FAIL: 0b, 0x000C 16xv 4d 1i
[DBG] 16xv 4d 1i: Got FFFC vs FFFE: FAIL
[DBG] PASS: 0b, 0x000C 1xs 1d 2i
[DBG] FAIL: 0b, 0x000C 16xs 1d 2i
[DBG] 16xs 1d 2i: Got 00000010 vs 00000020: FAIL
[DBG] PASS: 0b, 0x000C 1xv 1d 2i
[DBG] FAIL: 0b, 0x000C 16xv 1d 2i
[DBG] 16xv 1d 2i: Got FFFD vs FFFF: FAIL
[DBG] PASS: 0b, 0x000C 1xs 2d 2i
[DBG] FAIL: 0b, 0x000C 16xs 2d 2i
[DBG] 16xs 2d 2i: Got 00000010 vs 00000020: FAIL
[DBG] PASS: 0b, 0x000C 1xv 2d 2i
[DBG] FAIL: 0b, 0x000C 16xv 2d 2i
[DBG] 16xv 2d 2i: Got FFFD vs FFFF: FAIL
[DBG] PASS: 0b, 0x000C 1xs 4d 2i
[DBG] FAIL: 0b, 0x000C 16xs 4d 2i
[DBG] 16xs 4d 2i: Got 00000010 vs 00000020: FAIL
[DBG] PASS: 0b, 0x000C 1xv 4d 2i
[DBG] FAIL: 0b, 0x000C 16xv 4d 2i
[DBG] 16xv 4d 2i: Got FFFD vs FFFF: FAIL
[DBG] PASS: 0b, 0x000C 1xs 1d 4i
[DBG] FAIL: 0b, 0x000C 16xs 1d 4i
[DBG] 16xs 1d 4i: Got 00000010 vs 00000020: FAIL
[DBG] PASS: 0b, 0x000C 1xv 1d 4i
[DBG] FAIL: 0b, 0x000C 16xv 1d 4i
[DBG] 16xv 1d 4i: Got FFFF vs FFF5: FAIL
[DBG] PASS: 0b, 0x000C 1xs 2d 4i
[DBG] FAIL: 0b, 0x000C 16xs 2d 4i
[DBG] 16xs 2d 4i: Got 00000010 vs 00000020: FAIL
[DBG] PASS: 0b, 0x000C 1xv 2d 4i
[DBG] FAIL: 0b, 0x000C 16xv 2d 4i
[DBG] 16xv 2d 4i: Got FFFF vs FFF5: FAIL
[DBG] PASS: 0b, 0x000C 1xs 4d 4i
[DBG] FAIL: 0b, 0x000C 16xs 4d 4i
[DBG] 16xs 4d 4i: Got 00000010 vs 00000020: FAIL
[DBG] PASS: 0b, 0x000C 1xv 4d 4i
[DBG] FAIL: 0b, 0x000C 16xv 4d 4i
[DBG] 16xv 4d 4i: Got FFFF vs FFF5: FAIL
[DBG] Timer count-up test: 0b, 0x000D
[DBG] FAIL: 0b, 0x000D 1xs 1d 1i
[DBG] 1xs 1d 1i: Got 00000003 vs 00000004: FAIL
[DBG] FAIL: 0b, 0x000D 16xs 1d 1i
[DBG] 16xs 1d 1i: Got 00000010 vs 00000020: FAIL
[DBG] FAIL: 0b, 0x000D 1xv 1d 1i
[DBG] 1xv 1d 1i: Got FFF4 vs FFF6: FAIL
[DBG] FAIL: 0b, 0x000D 16xv 1d 1i
[DBG] 16xv 1d 1i: Got FFF3 vs FFF5: FAIL
[DBG] FAIL: 0b, 0x000D 1xs 2d 1i
[DBG] 1xs 2d 1i: Got 00000003 vs 00000004: FAIL
[DBG] FAIL: 0b, 0x000D 16xs 2d 1i
[DBG] 16xs 2d 1i: Got 00000010 vs 00000020: FAIL
[DBG] FAIL: 0b, 0x000D 1xv 2d 1i
[DBG] 1xv 2d 1i: Got FFF4 vs FFF6: FAIL
[DBG] FAIL: 0b, 0x000D 16xv 2d 1i
[DBG] 16xv 2d 1i: Got FFF3 vs FFF5: FAIL
[DBG] FAIL: 0b, 0x000D 1xs 4d 1i
[DBG] 1xs 4d 1i: Got 00000003 vs 00000004: FAIL
[DBG] FAIL: 0b, 0x000D 16xs 4d 1i
[DBG] 16xs 4d 1i: Got 00000010 vs 00000020: FAIL
[DBG] FAIL: 0b, 0x000D 1xv 4d 1i
[DBG] 1xv 4d 1i: Got FFF4 vs FFF6: FAIL
[DBG] FAIL: 0b, 0x000D 16xv 4d 1i
[DBG] 16xv 4d 1i: Got FFF3 vs FFF5: FAIL
[DBG] FAIL: 0b, 0x000D 1xs 1d 2i
[DBG] 1xs 1d 2i: Got 00000003 vs 00000004: FAIL
[DBG] FAIL: 0b, 0x000D 16xs 1d 2i
[DBG] 16xs 1d 2i: Got 00000010 vs 00000020: FAIL
[DBG] FAIL: 0b, 0x000D 1xv 1d 2i
[DBG] 1xv 1d 2i: Got FFF8 vs FFFA: FAIL
[DBG] FAIL: 0b, 0x000D 16xv 1d 2i
[DBG] 16xv 1d 2i: Got FFF7 vs FFF9: FAIL
[DBG] FAIL: 0b, 0x000D 1xs 2d 2i
[DBG] 1xs 2d 2i: Got 00000003 vs 00000004: FAIL
[DBG] FAIL: 0b, 0x000D 16xs 2d 2i
[DBG] 16xs 2d 2i: Got 00000010 vs 00000020: FAIL
[DBG] FAIL: 0b, 0x000D 1xv 2d 2i
[DBG] 1xv 2d 2i: Got FFF8 vs FFFA: FAIL
[DBG] FAIL: 0b, 0x000D 16xv 2d 2i
[DBG] 16xv 2d 2i: Got FFF7 vs FFF9: FAIL
[DBG] FAIL: 0b, 0x000D 1xs 4d 2i
[DBG] 1xs 4d 2i: Got 00000003 vs 00000004: FAIL
[DBG] FAIL: 0b, 0x000D 16xs 4d 2i
[DBG] 16xs 4d 2i: Got 00000010 vs 00000020: FAIL
[DBG] FAIL: 0b, 0x000D 1xv 4d 2i
[DBG] 1xv 4d 2i: Got FFF8 vs FFFA: FAIL
[DBG] FAIL: 0b, 0x000D 16xv 4d 2i
[DBG] 16xv 4d 2i: Got FFF7 vs FFF9: FAIL
[DBG] FAIL: 0b, 0x000D 1xs 1d 4i
[DBG] 1xs 1d 4i: Got 00000003 vs 00000004: FAIL
[DBG] FAIL: 0b, 0x000D 16xs 1d 4i
[DBG] 16xs 1d 4i: Got 00000010 vs 00000020: FAIL
[DBG] FAIL: 0b, 0x000D 1xv 1d 4i
[DBG] 1xv 1d 4i: Got FFF3 vs FFF5: FAIL
[DBG] FAIL: 0b, 0x000D 16xv 1d 4i
[DBG] 16xv 1d 4i: Got FFFF vs FFF4: FAIL
[DBG] FAIL: 0b, 0x000D 1xs 2d 4i
[DBG] 1xs 2d 4i: Got 00000003 vs 00000004: FAIL
[DBG] FAIL: 0b, 0x000D 16xs 2d 4i
[DBG] 16xs 2d 4i: Got 00000010 vs 00000020: FAIL
[DBG] FAIL: 0b, 0x000D 1xv 2d 4i
[DBG] 1xv 2d 4i: Got FFF3 vs FFF5: FAIL
[DBG] FAIL: 0b, 0x000D 16xv 2d 4i
[DBG] 16xv 2d 4i: Got FFFF vs FFF4: FAIL
[DBG] FAIL: 0b, 0x000D 1xs 4d 4i
[DBG] 1xs 4d 4i: Got 00000003 vs 00000004: FAIL
[DBG] FAIL: 0b, 0x000D 16xs 4d 4i
[DBG] 16xs 4d 4i: Got 00000010 vs 00000020: FAIL
[DBG] FAIL: 0b, 0x000D 1xv 4d 4i
[DBG] 1xv 4d 4i: Got FFF3 vs FFF5: FAIL
[DBG] FAIL: 0b, 0x000D 16xv 4d 4i
[DBG] 16xv 4d 4i: Got FFFF vs FFF4: FAIL
[DBG] Timer count-up test: 0b, 0x0010
[DBG] PASS: 0b, 0x0010 1xs 1d 1i
[DBG] PASS: 0b, 0x0010 16xs 1d 1i
[DBG] PASS: 0b, 0x0010 1xv 1d 1i
[DBG] PASS: 0b, 0x0010 16xv 1d 1i
[DBG] PASS: 0b, 0x0010 1xs 2d 1i
[DBG] PASS: 0b, 0x0010 16xs 2d 1i
[DBG] PASS: 0b, 0x0010 1xv 2d 1i
[DBG] PASS: 0b, 0x0010 16xv 2d 1i
[DBG] PASS: 0b, 0x0010 1xs 4d 1i
[DBG] PASS: 0b, 0x0010 16xs 4d 1i
[DBG] PASS: 0b, 0x0010 1xv 4d 1i
[DBG] PASS: 0b, 0x0010 16xv 4d 1i
[DBG] PASS: 0b, 0x0010 1xs 1d 2i
[DBG] PASS: 0b, 0x0010 16xs 1d 2i
[DBG] PASS: 0b, 0x0010 1xv 1d 2i
[DBG] PASS: 0b, 0x0010 16xv 1d 2i
[DBG] PASS: 0b, 0x0010 1xs 2d 2i
[DBG] PASS: 0b, 0x0010 16xs 2d 2i
[DBG] PASS: 0b, 0x0010 1xv 2d 2i
[DBG] PASS: 0b, 0x0010 16xv 2d 2i
[DBG] PASS: 0b, 0x0010 1xs 4d 2i
[DBG] PASS: 0b, 0x0010 16xs 4d 2i
[DBG] PASS: 0b, 0x0010 1xv 4d 2i
[DBG] PASS: 0b, 0x0010 16xv 4d 2i
[DBG] PASS: 0b, 0x0010 1xs 1d 4i
[DBG] PASS: 0b, 0x0010 16xs 1d 4i
[DBG] PASS: 0b, 0x0010 1xv 1d 4i
[DBG] PASS: 0b, 0x0010 16xv 1d 4i
[DBG] PASS: 0b, 0x0010 1xs 2d 4i
[DBG] PASS: 0b, 0x0010 16xs 2d 4i
[DBG] PASS: 0b, 0x0010 1xv 2d 4i
[DBG] PASS: 0b, 0x0010 16xv 2d 4i
[DBG] PASS: 0b, 0x0010 1xs 4d 4i
[DBG] PASS: 0b, 0x0010 16xs 4d 4i
[DBG] PASS: 0b, 0x0010 1xv 4d 4i
[DBG] PASS: 0b, 0x0010 16xv 4d 4i
[DBG] Timer count-up test: 0b, 0x0014
[DBG] PASS: 0b, 0x0014 1xs 1d 1i
[DBG] PASS: 0b, 0x0014 16xs 1d 1i
[DBG] PASS: 0b, 0x0014 1xv 1d 1i
[DBG] PASS: 0b, 0x0014 16xv 1d 1i
[DBG] PASS: 0b, 0x0014 1xs 2d 1i
[DBG] PASS: 0b, 0x0014 16xs 2d 1i
[DBG] PASS: 0b, 0x0014 1xv 2d 1i
[DBG] PASS: 0b, 0x0014 16xv 2d 1i
[DBG] PASS: 0b, 0x0014 1xs 4d 1i
[DBG] PASS: 0b, 0x0014 16xs 4d 1i
[DBG] PASS: 0b, 0x0014 1xv 4d 1i
[DBG] PASS: 0b, 0x0014 16xv 4d 1i
[DBG] PASS: 0b, 0x0014 1xs 1d 2i
[DBG] PASS: 0b, 0x0014 16xs 1d 2i
[DBG] PASS: 0b, 0x0014 1xv 1d 2i
[DBG] PASS: 0b, 0x0014 16xv 1d 2i
[DBG] PASS: 0b, 0x0014 1xs 2d 2i
[DBG] PASS: 0b, 0x0014 16xs 2d 2i
[DBG] PASS: 0b, 0x0014 1xv 2d 2i
[DBG] PASS: 0b, 0x0014 16xv 2d 2i
[DBG] PASS: 0b, 0x0014 1xs 4d 2i
[DBG] PASS: 0b, 0x0014 16xs 4d 2i
[DBG] PASS: 0b, 0x0014 1xv 4d 2i
[DBG] PASS: 0b, 0x0014 16xv 4d 2i
[DBG] PASS: 0b, 0x0014 1xs 1d 4i
[DBG] PASS: 0b, 0x0014 16xs 1d 4i
[DBG] PASS: 0b, 0x0014 1xv 1d 4i
[DBG] PASS: 0b, 0x0014 16xv 1d 4i
[DBG] PASS: 0b, 0x0014 1xs 2d 4i
[DBG] PASS: 0b, 0x0014 16xs 2d 4i
[DBG] PASS: 0b, 0x0014 1xv 2d 4i
[DBG] PASS: 0b, 0x0014 16xv 2d 4i
[DBG] PASS: 0b, 0x0014 1xs 4d 4i
[DBG] PASS: 0b, 0x0014 16xs 4d 4i
[DBG] PASS: 0b, 0x0014 1xv 4d 4i
[DBG] PASS: 0b, 0x0014 16xv 4d 4i
[DBG] Timer count-up test: 0b, 0x0015
[DBG] FAIL: 0b, 0x0015 1xs 1d 1i
[DBG] 1xs 1d 1i: Got 00000004 vs 00000005: FAIL
[DBG] PASS: 0b, 0x0015 16xs 1d 1i
[DBG] FAIL: 0b, 0x0015 1xv 1d 1i
[DBG] 1xv 1d 1i: Got FFF3 vs FFF5: FAIL
[DBG] PASS: 0b, 0x0015 16xv 1d 1i
[DBG] FAIL: 0b, 0x0015 1xs 2d 1i
[DBG] 1xs 2d 1i: Got 00000004 vs 00000005: FAIL
[DBG] PASS: 0b, 0x0015 16xs 2d 1i
[DBG] FAIL: 0b, 0x0015 1xv 2d 1i
[DBG] 1xv 2d 1i: Got FFF3 vs FFF5: FAIL
[DBG] PASS: 0b, 0x0015 16xv 2d 1i
[DBG] FAIL: 0b, 0x0015 1xs 4d 1i
[DBG] 1xs 4d 1i: Got 00000004 vs 00000005: FAIL
[DBG] PASS: 0b, 0x0015 16xs 4d 1i
[DBG] FAIL: 0b, 0x0015 1xv 4d 1i
[DBG] 1xv 4d 1i: Got FFF3 vs FFF5: FAIL
[DBG] PASS: 0b, 0x0015 16xv 4d 1i
[DBG] FAIL: 0b, 0x0015 1xs 1d 2i
[DBG] 1xs 1d 2i: Got 00000004 vs 00000005: FAIL
[DBG] PASS: 0b, 0x0015 16xs 1d 2i
[DBG] FAIL: 0b, 0x0015 1xv 1d 2i
[DBG] 1xv 1d 2i: Got FFEE vs FFF0: FAIL
[DBG] PASS: 0b, 0x0015 16xv 1d 2i
[DBG] FAIL: 0b, 0x0015 1xs 2d 2i
[DBG] 1xs 2d 2i: Got 00000004 vs 00000005: FAIL
[DBG] PASS: 0b, 0x0015 16xs 2d 2i
[DBG] FAIL: 0b, 0x0015 1xv 2d 2i
[DBG] 1xv 2d 2i: Got FFEE vs FFF0: FAIL
[DBG] PASS: 0b, 0x0015 16xv 2d 2i
[DBG] FAIL: 0b, 0x0015 1xs 4d 2i
[DBG] 1xs 4d 2i: Got 00000004 vs 00000005: FAIL
[DBG] PASS: 0b, 0x0015 16xs 4d 2i
[DBG] FAIL: 0b, 0x0015 1xv 4d 2i
[DBG] 1xv 4d 2i: Got FFEE vs FFF0: FAIL
[DBG] PASS: 0b, 0x0015 16xv 4d 2i
[DBG] FAIL: 0b, 0x0015 1xs 1d 4i
[DBG] 1xs 1d 4i: Got 00000004 vs 00000005: FAIL
[DBG] PASS: 0b, 0x0015 16xs 1d 4i
[DBG] FAIL: 0b, 0x0015 1xv 1d 4i
[DBG] 1xv 1d 4i: Got FFF9 vs FFFB: FAIL
[DBG] PASS: 0b, 0x0015 16xv 1d 4i
[DBG] FAIL: 0b, 0x0015 1xs 2d 4i
[DBG] 1xs 2d 4i: Got 00000004 vs 00000005: FAIL
[DBG] PASS: 0b, 0x0015 16xs 2d 4i
[DBG] FAIL: 0b, 0x0015 1xv 2d 4i
[DBG] 1xv 2d 4i: Got FFF9 vs FFFB: FAIL
[DBG] PASS: 0b, 0x0015 16xv 2d 4i
[DBG] FAIL: 0b, 0x0015 1xs 4d 4i
[DBG] 1xs 4d 4i: Got 00000004 vs 00000005: FAIL
[DBG] PASS: 0b, 0x0015 16xs 4d 4i
[DBG] FAIL: 0b, 0x0015 1xv 4d 4i
[DBG] 1xv 4d 4i: Got FFF9 vs FFFB: FAIL
[DBG] PASS: 0b, 0x0015 16xv 4d 4i
[DBG] Timer count-up test: 0b, 0x0020
[DBG] PASS: 0b, 0x0020 1xs 1d 1i
[DBG] PASS: 0b, 0x0020 16xs 1d 1i
[DBG] PASS: 0b, 0x0020 1xv 1d 1i
[DBG] PASS: 0b, 0x0020 16xv 1d 1i
[DBG] PASS: 0b, 0x0020 1xs 2d 1i
[DBG] PASS: 0b, 0x0020 16xs 2d 1i
[DBG] PASS: 0b, 0x0020 1xv 2d 1i
[DBG] PASS: 0b, 0x0020 16xv 2d 1i
[DBG] PASS: 0b, 0x0020 1xs 4d 1i
[DBG] PASS: 0b, 0x0020 16xs 4d 1i
[DBG] PASS: 0b, 0x0020 1xv 4d 1i
[DBG] PASS: 0b, 0x0020 16xv 4d 1i
[DBG] PASS: 0b, 0x0020 1xs 1d 2i
[DBG] PASS: 0b, 0x0020 16xs 1d 2i
[DBG] PASS: 0b, 0x0020 1xv 1d 2i
[DBG] PASS: 0b, 0x0020 16xv 1d 2i
[DBG] PASS: 0b, 0x0020 1xs 2d 2i
[DBG] PASS: 0b, 0x0020 16xs 2d 2i
[DBG] PASS: 0b, 0x0020 1xv 2d 2i
[DBG] PASS: 0b, 0x0020 16xv 2d 2i
[DBG] PASS: 0b, 0x0020 1xs 4d 2i
[DBG] PASS: 0b, 0x0020 16xs 4d 2i
[DBG] PASS: 0b, 0x0020 1xv 4d 2i
[DBG] PASS: 0b, 0x0020 16xv 4d 2i
[DBG] PASS: 0b, 0x0020 1xs 1d 4i
[DBG] PASS: 0b, 0x0020 16xs 1d 4i
[DBG] PASS: 0b, 0x0020 1xv 1d 4i
[DBG] PASS: 0b, 0x0020 16xv 1d 4i
[DBG] PASS: 0b, 0x0020 1xs 2d 4i
[DBG] PASS: 0b, 0x0020 16xs 2d 4i
[DBG] PASS: 0b, 0x0020 1xv 2d 4i
[DBG] PASS: 0b, 0x0020 16xv 2d 4i
[DBG] PASS: 0b, 0x0020 1xs 4d 4i
[DBG] PASS: 0b, 0x0020 16xs 4d 4i
[DBG] PASS: 0b, 0x0020 1xv 4d 4i
[DBG] PASS: 0b, 0x0020 16xv 4d 4i
[DBG] Timer count-up test: 0b, 0x0024
[DBG] PASS: 0b, 0x0024 1xs 1d 1i
[DBG] FAIL: 0b, 0x0024 16xs 1d 1i
[DBG] 16xs 1d 1i: Got 00000020 vs 00000030: FAIL
[DBG] PASS: 0b, 0x0024 1xv 1d 1i
[DBG] FAIL: 0b, 0x0024 16xv 1d 1i
[DBG] 16xv 1d 1i: Got FFEF vs FFF1: FAIL
[DBG] PASS: 0b, 0x0024 1xs 2d 1i
[DBG] FAIL: 0b, 0x0024 16xs 2d 1i
[DBG] 16xs 2d 1i: Got 00000020 vs 00000030: FAIL
[DBG] PASS: 0b, 0x0024 1xv 2d 1i
[DBG] FAIL: 0b, 0x0024 16xv 2d 1i
[DBG] 16xv 2d 1i: Got FFEF vs FFF1: FAIL
[DBG] PASS: 0b, 0x0024 1xs 4d 1i
[DBG] FAIL: 0b, 0x0024 16xs 4d 1i
[DBG] 16xs 4d 1i: Got 00000020 vs 00000030: FAIL
[DBG] PASS: 0b, 0x0024 1xv 4d 1i
[DBG] FAIL: 0b, 0x0024 16xv 4d 1i
[DBG] 16xv 4d 1i: Got FFEF vs FFF1: FAIL
[DBG] PASS: 0b, 0x0024 1xs 1d 2i
[DBG] FAIL: 0b, 0x0024 16xs 1d 2i
[DBG] 16xs 1d 2i: Got 00000020 vs 00000030: FAIL
[DBG] PASS: 0b, 0x0024 1xv 1d 2i
[DBG] FAIL: 0b, 0x0024 16xv 1d 2i
[DBG] 16xv 1d 2i: Got FFFC vs FFFE: FAIL
[DBG] PASS: 0b, 0x0024 1xs 2d 2i
[DBG] FAIL: 0b, 0x0024 16xs 2d 2i
[DBG] 16xs 2d 2i: Got 00000020 vs 00000030: FAIL
[DBG] PASS: 0b, 0x0024 1xv 2d 2i
[DBG] FAIL: 0b, 0x0024 16xv 2d 2i
[DBG] 16xv 2d 2i: Got FFFC vs FFFE: FAIL
[DBG] PASS: 0b, 0x0024 1xs 4d 2i
[DBG] FAIL: 0b, 0x0024 16xs 4d 2i
[DBG] 16xs 4d 2i: Got 00000020 vs 00000030: FAIL
[DBG] PASS: 0b, 0x0024 1xv 4d 2i
[DBG] FAIL: 0b, 0x0024 16xv 4d 2i
[DBG] 16xv 4d 2i: Got FFFC vs FFFE: FAIL
[DBG] PASS: 0b, 0x0024 1xs 1d 4i
[DBG] FAIL: 0b, 0x0024 16xs 1d 4i
[DBG] 16xs 1d 4i: Got 00000020 vs 00000030: FAIL
[DBG] PASS: 0b, 0x0024 1xv 1d 4i
[DBG] FAIL: 0b, 0x0024 16xv 1d 4i
[DBG] 16xv 1d 4i: Got FFF2 vs FFF4: FAIL
[DBG] PASS: 0b, 0x0024 1xs 2d 4i
[DBG] FAIL: 0b, 0x0024 16xs 2d 4i
[DBG] 16xs 2d 4i: Got 00000020 vs 00000030: FAIL
[DBG] PASS: 0b, 0x0024 1xv 2d 4i
[DBG] FAIL: 0b, 0x0024 16xv 2d 4i
[DBG] 16xv 2d 4i: Got FFF2 vs FFF4: FAIL
[DBG] PASS: 0b, 0x0024 1xs 4d 4i
[DBG] FAIL: 0b, 0x0024 16xs 4d 4i
[DBG] 16xs 4d 4i: Got 00000020 vs 00000030: FAIL
[DBG] PASS: 0b, 0x0024 1xv 4d 4i
[DBG] FAIL: 0b, 0x0024 16xv 4d 4i
[DBG] 16xv 4d 4i: Got FFF2 vs FFF4: FAIL
[DBG] Timer count-up test: 0b, 0x0025
[DBG] FAIL: 0b, 0x0025 1xs 1d 1i
[DBG] 1xs 1d 1i: Got 00000006 vs 00000007: FAIL
[DBG] PASS: 0b, 0x0025 16xs 1d 1i
[DBG] FAIL: 0b, 0x0025 1xv 1d 1i
[DBG] 1xv 1d 1i: Got FFED vs FFEF: FAIL
[DBG] PASS: 0b, 0x0025 16xv 1d 1i
[DBG] FAIL: 0b, 0x0025 1xs 2d 1i
[DBG] 1xs 2d 1i: Got 00000006 vs 00000007: FAIL
[DBG] PASS: 0b, 0x0025 16xs 2d 1i
[DBG] FAIL: 0b, 0x0025 1xv 2d 1i
[DBG] 1xv 2d 1i: Got FFED vs FFEF: FAIL
[DBG] PASS: 0b, 0x0025 16xv 2d 1i
[DBG] FAIL: 0b, 0x0025 1xs 4d 1i
[DBG] 1xs 4d 1i: Got 00000006 vs 00000007: FAIL
[DBG] PASS: 0b, 0x0025 16xs 4d 1i
[DBG] FAIL: 0b, 0x0025 1xv 4d 1i
[DBG] 1xv 4d 1i: Got FFED vs FFEF: FAIL
[DBG] PASS: 0b, 0x0025 16xv 4d 1i
[DBG] FAIL: 0b, 0x0025 1xs 1d 2i
[DBG] 1xs 1d 2i: Got 00000006 vs 00000007: FAIL
[DBG] PASS: 0b, 0x0025 16xs 1d 2i
[DBG] FAIL: 0b, 0x0025 1xv 1d 2i
[DBG] 1xv 1d 2i: Got FFF7 vs FFF9: FAIL
[DBG] PASS: 0b, 0x0025 16xv 1d 2i
[DBG] FAIL: 0b, 0x0025 1xs 2d 2i
[DBG] 1xs 2d 2i: Got 00000006 vs 00000007: FAIL
[DBG] PASS: 0b, 0x0025 16xs 2d 2i
[DBG] FAIL: 0b, 0x0025 1xv 2d 2i
[DBG] 1xv 2d 2i: Got FFF7 vs FFF9: FAIL
[DBG] PASS: 0b, 0x0025 16xv 2d 2i
[DBG] FAIL: 0b, 0x0025 1xs 4d 2i
[DBG] 1xs 4d 2i: Got 00000006 vs 00000007: FAIL
[DBG] PASS: 0b, 0x0025 16xs 4d 2i
[DBG] FAIL: 0b, 0x0025 1xv 4d 2i
[DBG] 1xv 4d 2i: Got FFF7 vs FFF9: FAIL
[DBG] PASS: 0b, 0x0025 16xv 4d 2i
[DBG] FAIL: 0b, 0x0025 1xs 1d 4i
[DBG] 1xs 1d 4i: Got 00000006 vs 00000007: FAIL
[DBG] PASS: 0b, 0x0025 16xs 1d 4i
[DBG] FAIL: 0b, 0x0025 1xv 1d 4i
[DBG] 1xv 1d 4i: Got FFE6 vs FFE8: FAIL
[DBG] PASS: 0b, 0x0025 16xv 1d 4i
[DBG] FAIL: 0b, 0x0025 1xs 2d 4i
[DBG] 1xs 2d 4i: Got 00000006 vs 00000007: FAIL
[DBG] PASS: 0b, 0x0025 16xs 2d 4i
[DBG] FAIL: 0b, 0x0025 1xv 2d 4i
[DBG] 1xv 2d 4i: Got FFE6 vs FFE8: FAIL
[DBG] PASS: 0b, 0x0025 16xv 2d 4i
[DBG] FAIL: 0b, 0x0025 1xs 4d 4i
[DBG] 1xs 4d 4i: Got 00000006 vs 00000007: FAIL
[DBG] PASS: 0b, 0x0025 16xs 4d 4i
[DBG] FAIL: 0b, 0x0025 1xv 4d 4i
[DBG] 1xv 4d 4i: Got FFE6 vs FFE8: FAIL
[DBG] PASS: 0b, 0x0025 16xv 4d 4i
[DBG] Timer count-up test: 0b, 0x0040
[DBG] PASS: 0b, 0x0040 1xs 1d 1i
[DBG] PASS: 0b, 0x0040 16xs 1d 1i
[DBG] PASS: 0b, 0x0040 1xv 1d 1i
[DBG] PASS: 0b, 0x0040 16xv 1d 1i
[DBG] PASS: 0b, 0x0040 1xs 2d 1i
[DBG] PASS: 0b, 0x0040 16xs 2d 1i
[DBG] PASS: 0b, 0x0040 1xv 2d 1i
[DBG] PASS: 0b, 0x0040 16xv 2d 1i
[DBG] PASS: 0b, 0x0040 1xs 4d 1i
[DBG] PASS: 0b, 0x0040 16xs 4d 1i
[DBG] PASS: 0b, 0x0040 1xv 4d 1i
[DBG] PASS: 0b, 0x0040 16xv 4d 1i
[DBG] PASS: 0b, 0x0040 1xs 1d 2i
[DBG] PASS: 0b, 0x0040 16xs 1d 2i
[DBG] PASS: 0b, 0x0040 1xv 1d 2i
[DBG] PASS: 0b, 0x0040 16xv 1d 2i
[DBG] PASS: 0b, 0x0040 1xs 2d 2i
[DBG] PASS: 0b, 0x0040 16xs 2d 2i
[DBG] PASS: 0b, 0x0040 1xv 2d 2i
[DBG] PASS: 0b, 0x0040 16xv 2d 2i
[DBG] PASS: 0b, 0x0040 1xs 4d 2i
[DBG] PASS: 0b, 0x0040 16xs 4d 2i
[DBG] PASS: 0b, 0x0040 1xv 4d 2i
[DBG] PASS: 0b, 0x0040 16xv 4d 2i
[DBG] FAIL: 0b, 0x0040 1xs 1d 4i
[DBG] 1xs 1d 4i: Got 0000000C vs 0000000D: FAIL
[DBG] PASS: 0b, 0x0040 16xs 1d 4i
[DBG] FAIL: 0b, 0x0040 1xv 1d 4i
[DBG] 1xv 1d 4i: Got FFDC vs FFDE: FAIL
[DBG] PASS: 0b, 0x0040 16xv 1d 4i
[DBG] FAIL: 0b, 0x0040 1xs 2d 4i
[DBG] 1xs 2d 4i: Got 0000000C vs 0000000D: FAIL
[DBG] PASS: 0b, 0x0040 16xs 2d 4i
[DBG] FAIL: 0b, 0x0040 1xv 2d 4i
[DBG] 1xv 2d 4i: Got FFDC vs FFDE: FAIL
[DBG] PASS: 0b, 0x0040 16xv 2d 4i
[DBG] FAIL: 0b, 0x0040 1xs 4d 4i
[DBG] 1xs 4d 4i: Got 0000000C vs 0000000D: FAIL
[DBG] PASS: 0b, 0x0040 16xs 4d 4i
[DBG] FAIL: 0b, 0x0040 1xv 4d 4i
[DBG] 1xv 4d 4i: Got FFDC vs FFDE: FAIL
[DBG] PASS: 0b, 0x0040 16xv 4d 4i
[DBG] Timer count-up test: 0b, 0x0080
[DBG] PASS: 0b, 0x0080 1xs 1d 1i
[DBG] FAIL: 0b, 0x0080 16xs 1d 1i
[DBG] 16xs 1d 1i: Got 00000060 vs 00000070: FAIL
[DBG] PASS: 0b, 0x0080 1xv 1d 1i
[DBG] FAIL: 0b, 0x0080 16xv 1d 1i
[DBG] 16xv 1d 1i: Got FFDB vs FFDD: FAIL
[DBG] PASS: 0b, 0x0080 1xs 2d 1i
[DBG] FAIL: 0b, 0x0080 16xs 2d 1i
[DBG] 16xs 2d 1i: Got 00000060 vs 00000070: FAIL
[DBG] PASS: 0b, 0x0080 1xv 2d 1i
[DBG] FAIL: 0b, 0x0080 16xv 2d 1i
[DBG] 16xv 2d 1i: Got FFDB vs FFDD: FAIL
[DBG] PASS: 0b, 0x0080 1xs 4d 1i
[DBG] FAIL: 0b, 0x0080 16xs 4d 1i
[DBG] 16xs 4d 1i: Got 00000060 vs 00000070: FAIL
[DBG] PASS: 0b, 0x0080 1xv 4d 1i
[DBG] FAIL: 0b, 0x0080 16xv 4d 1i
[DBG] 16xv 4d 1i: Got FFDB vs FFDD: FAIL
[DBG] PASS: 0b, 0x0080 1xs 1d 2i
[DBG] PASS: 0b, 0x0080 16xs 1d 2i
[DBG] PASS: 0b, 0x0080 1xv 1d 2i
[DBG] PASS: 0b, 0x0080 16xv 1d 2i
[DBG] PASS: 0b, 0x0080 1xs 2d 2i
[DBG] PASS: 0b, 0x0080 16xs 2d 2i
[DBG] PASS: 0b, 0x0080 1xv 2d 2i
[DBG] PASS: 0b, 0x0080 16xv 2d 2i
[DBG] PASS: 0b, 0x0080 1xs 4d 2i
[DBG] PASS: 0b, 0x0080 16xs 4d 2i
[DBG] PASS: 0b, 0x0080 1xv 4d 2i
[DBG] PASS: 0b, 0x0080 16xv 4d 2i
[DBG] FAIL: 0b, 0x0080 1xs 1d 4i
[DBG] 1xs 1d 4i: Got 00000014 vs 00000015: FAIL
[DBG] PASS: 0b, 0x0080 16xs 1d 4i
[DBG] FAIL: 0b, 0x0080 1xv 1d 4i
[DBG] 1xv 1d 4i: Got FFDC vs FFDE: FAIL
[DBG] PASS: 0b, 0x0080 16xv 1d 4i
[DBG] FAIL: 0b, 0x0080 1xs 2d 4i
[DBG] 1xs 2d 4i: Got 00000014 vs 00000015: FAIL
[DBG] PASS: 0b, 0x0080 16xs 2d 4i
[DBG] FAIL: 0b, 0x0080 1xv 2d 4i
[DBG] 1xv 2d 4i: Got FFDC vs FFDE: FAIL
[DBG] PASS: 0b, 0x0080 16xv 2d 4i
[DBG] FAIL: 0b, 0x0080 1xs 4d 4i
[DBG] 1xs 4d 4i: Got 00000014 vs 00000015: FAIL
[DBG] PASS: 0b, 0x0080 16xs 4d 4i
[DBG] FAIL: 0b, 0x0080 1xv 4d 4i
[DBG] 1xv 4d 4i: Got FFDC vs FFDE: FAIL
[DBG] PASS: 0b, 0x0080 16xv 4d 4i
[DBG] Timer count-up test: 0b, 0x0800
[DBG] PASS: 0b, 0x0800 1xs 1d 1i
[DBG] PASS: 0b, 0x0800 16xs 1d 1i
[DBG] PASS: 0b, 0x0800 1xv 1d 1i
[DBG] PASS: 0b, 0x0800 16xv 1d 1i
[DBG] PASS: 0b, 0x0800 1xs 2d 1i
[DBG] PASS: 0b, 0x0800 16xs 2d 1i
[DBG] PASS: 0b, 0x0800 1xv 2d 1i
[DBG] PASS: 0b, 0x0800 16xv 2d 1i
[DBG] PASS: 0b, 0x0800 1xs 4d 1i
[DBG] PASS: 0b, 0x0800 16xs 4d 1i
[DBG] PASS: 0b, 0x0800 1xv 4d 1i
[DBG] PASS: 0b, 0x0800 16xv 4d 1i
[DBG] PASS: 0b, 0x0800 1xs 1d 2i
[DBG] PASS: 0b, 0x0800 16xs 1d 2i
[DBG] PASS: 0b, 0x0800 1xv 1d 2i
[DBG] PASS: 0b, 0x0800 16xv 1d 2i
[DBG] PASS: 0b, 0x0800 1xs 2d 2i
[DBG] PASS: 0b, 0x0800 16xs 2d 2i
[DBG] PASS: 0b, 0x0800 1xv 2d 2i
[DBG] PASS: 0b, 0x0800 16xv 2d 2i
[DBG] PASS: 0b, 0x0800 1xs 4d 2i
[DBG] PASS: 0b, 0x0800 16xs 4d 2i
[DBG] PASS: 0b, 0x0800 1xv 4d 2i
[DBG] PASS: 0b, 0x0800 16xv 4d 2i
[DBG] FAIL: 0b, 0x0800 1xs 1d 4i
[DBG] 1xs 1d 4i: Got 000003D4 vs 000003D5: FAIL
[DBG] PASS: 0b, 0x0800 16xs 1d 4i
[DBG] FAIL: 0b, 0x0800 1xv 1d 4i
[DBG] 1xv 1d 4i: Got F85C vs F85E: FAIL
[DBG] PASS: 0b, 0x0800 16xv 1d 4i
[DBG] FAIL: 0b, 0x0800 1xs 2d 4i
[DBG] 1xs 2d 4i: Got 000003D4 vs 000003D5: FAIL
[DBG] PASS: 0b, 0x0800 16xs 2d 4i
[DBG] FAIL: 0b, 0x0800 1xv 2d 4i
[DBG] 1xv 2d 4i: Got F85C vs F85E: FAIL
[DBG] PASS: 0b, 0x0800 16xv 2d 4i
[DBG] FAIL: 0b, 0x0800 1xs 4d 4i
[DBG] 1xs 4d 4i: Got 000003D4 vs 000003D5: FAIL
[DBG] PASS: 0b, 0x0800 16xs 4d 4i
[DBG] FAIL: 0b, 0x0800 1xv 4d 4i
[DBG] 1xv 4d 4i: Got F85C vs F85E: FAIL
[DBG] PASS: 0b, 0x0800 16xv 4d 4i
[DBG] Timer count-up test: 0b, 0x8000
[DBG] PASS: 0b, 0x8000 1xs 1d 1i
[DBG] PASS: 0b, 0x8000 16xs 1d 1i
[DBG] PASS: 0b, 0x8000 1xv 1d 1i
[DBG] PASS: 0b, 0x8000 16xv 1d 1i
[DBG] PASS: 0b, 0x8000 1xs 2d 1i
[DBG] PASS: 0b, 0x8000 16xs 2d 1i
[DBG] PASS: 0b, 0x8000 1xv 2d 1i
[DBG] PASS: 0b, 0x8000 16xv 2d 1i
[DBG] PASS: 0b, 0x8000 1xs 4d 1i
[DBG] PASS: 0b, 0x8000 16xs 4d 1i
[DBG] PASS: 0b, 0x8000 1xv 4d 1i
[DBG] PASS: 0b, 0x8000 16xv 4d 1i
[DBG] PASS: 0b, 0x8000 1xs 1d 2i
[DBG] PASS: 0b, 0x8000 16xs 1d 2i
[DBG] PASS: 0b, 0x8000 1xv 1d 2i
[DBG] PASS: 0b, 0x8000 16xv 1d 2i
[DBG] PASS: 0b, 0x8000 1xs 2d 2i
[DBG] PASS: 0b, 0x8000 16xs 2d 2i
[DBG] PASS: 0b, 0x8000 1xv 2d 2i
[DBG] PASS: 0b, 0x8000 16xv 2d 2i
[DBG] PASS: 0b, 0x8000 1xs 4d 2i
[DBG] PASS: 0b, 0x8000 16xs 4d 2i
[DBG] PASS: 0b, 0x8000 1xv 4d 2i
[DBG] PASS: 0b, 0x8000 16xv 4d 2i
[DBG] FAIL: 0b, 0x8000 1xs 1d 4i
[DBG] 1xs 1d 4i: Got 00003FD4 vs 00003FD5: FAIL
[DBG] PASS: 0b, 0x8000 16xs 1d 4i
[DBG] FAIL: 0b, 0x8000 1xv 1d 4i
[DBG] 1xv 1d 4i: Got 805C vs 805E: FAIL
[DBG] PASS: 0b, 0x8000 16xv 1d 4i
[DBG] FAIL: 0b, 0x8000 1xs 2d 4i
[DBG] 1xs 2d 4i: Got 00003FD4 vs 00003FD5: FAIL
[DBG] PASS: 0b, 0x8000 16xs 2d 4i
[DBG] FAIL: 0b, 0x8000 1xv 2d 4i
[DBG] 1xv 2d 4i: Got 805C vs 805E: FAIL
[DBG] PASS: 0b, 0x8000 16xv 2d 4i
[DBG] FAIL: 0b, 0x8000 1xs 4d 4i
[DBG] 1xs 4d 4i: Got 00003FD4 vs 00003FD5: FAIL
[DBG] PASS: 0b, 0x8000 16xs 4d 4i
[DBG] FAIL: 0b, 0x8000 1xv 4d 4i
[DBG] 1xv 4d 4i: Got 805C vs 805E: FAIL
[DBG] PASS: 0b, 0x8000 16xv 4d 4i
[DBG] Timer count-up test: 6b, 0x0010
[DBG] PASS: 6b, 0x0010 1xs 1d 1i
[DBG] PASS: 6b, 0x0010 16xs 1d 1i
[DBG] PASS: 6b, 0x0010 1xv 1d 1i
[DBG] PASS: 6b, 0x0010 16xv 1d 1i
[DBG] PASS: 6b, 0x0010 1xs 2d 1i
[DBG] PASS: 6b, 0x0010 16xs 2d 1i
[DBG] PASS: 6b, 0x0010 1xv 2d 1i
[DBG] PASS: 6b, 0x0010 16xv 2d 1i
[DBG] PASS: 6b, 0x0010 1xs 4d 1i
[DBG] PASS: 6b, 0x0010 16xs 4d 1i
[DBG] PASS: 6b, 0x0010 1xv 4d 1i
[DBG] PASS: 6b, 0x0010 16xv 4d 1i
[DBG] PASS: 6b, 0x0010 1xs 1d 2i
[DBG] PASS: 6b, 0x0010 16xs 1d 2i
[DBG] PASS: 6b, 0x0010 1xv 1d 2i
[DBG] PASS: 6b, 0x0010 16xv 1d 2i
[DBG] PASS: 6b, 0x0010 1xs 2d 2i
[DBG] PASS: 6b, 0x0010 16xs 2d 2i
[DBG] PASS: 6b, 0x0010 1xv 2d 2i
[DBG] PASS: 6b, 0x0010 16xv 2d 2i
[DBG] PASS: 6b, 0x0010 1xs 4d 2i
[DBG] PASS: 6b, 0x0010 16xs 4d 2i
[DBG] PASS: 6b, 0x0010 1xv 4d 2i
[DBG] PASS: 6b, 0x0010 16xv 4d 2i
[DBG] PASS: 6b, 0x0010 1xs 1d 4i
[DBG] PASS: 6b, 0x0010 16xs 1d 4i
[DBG] PASS: 6b, 0x0010 1xv 1d 4i
[DBG] PASS: 6b, 0x0010 16xv 1d 4i
[DBG] PASS: 6b, 0x0010 1xs 2d 4i
[DBG] PASS: 6b, 0x0010 16xs 2d 4i
[DBG] PASS: 6b, 0x0010 1xv 2d 4i
[DBG] PASS: 6b, 0x0010 16xv 2d 4i
[DBG] PASS: 6b, 0x0010 1xs 4d 4i
[DBG] PASS: 6b, 0x0010 16xs 4d 4i
[DBG] PASS: 6b, 0x0010 1xv 4d 4i
[DBG] PASS: 6b, 0x0010 16xv 4d 4i
[DBG] Timer count-up test: 6b, 0x0011
[DBG] PASS: 6b, 0x0011 1xs 1d 1i
[DBG] PASS: 6b, 0x0011 16xs 1d 1i
[DBG] PASS: 6b, 0x0011 1xv 1d 1i
[DBG] PASS: 6b, 0x0011 16xv 1d 1i
[DBG] PASS: 6b, 0x0011 1xs 2d 1i
[DBG] PASS: 6b, 0x0011 16xs 2d 1i
[DBG] PASS: 6b, 0x0011 1xv 2d 1i
[DBG] PASS: 6b, 0x0011 16xv 2d 1i
[DBG] PASS: 6b, 0x0011 1xs 4d 1i
[DBG] PASS: 6b, 0x0011 16xs 4d 1i
[DBG] PASS: 6b, 0x0011 1xv 4d 1i
[DBG] PASS: 6b, 0x0011 16xv 4d 1i
[DBG] PASS: 6b, 0x0011 1xs 1d 2i
[DBG] PASS: 6b, 0x0011 16xs 1d 2i
[DBG] PASS: 6b, 0x0011 1xv 1d 2i
[DBG] PASS: 6b, 0x0011 16xv 1d 2i
[DBG] PASS: 6b, 0x0011 1xs 2d 2i
[DBG] PASS: 6b, 0x0011 16xs 2d 2i
[DBG] PASS: 6b, 0x0011 1xv 2d 2i
[DBG] PASS: 6b, 0x0011 16xv 2d 2i
[DBG] PASS: 6b, 0x0011 1xs 4d 2i
[DBG] PASS: 6b, 0x0011 16xs 4d 2i
[DBG] PASS: 6b, 0x0011 1xv 4d 2i
[DBG] PASS: 6b, 0x0011 16xv 4d 2i
[DBG] PASS: 6b, 0x0011 1xs 1d 4i
[DBG] PASS: 6b, 0x0011 16xs 1d 4i
[DBG] PASS: 6b, 0x0011 1xv 1d 4i
[DBG] PASS: 6b, 0x0011 16xv 1d 4i
[DBG] PASS: 6b, 0x0011 1xs 2d 4i
[DBG] PASS: 6b, 0x0011 16xs 2d 4i
[DBG] PASS: 6b, 0x0011 1xv 2d 4i
[DBG] PASS: 6b, 0x0011 16xv 2d 4i
[DBG] PASS: 6b, 0x0011 1xs 4d 4i
[DBG] PASS: 6b, 0x0011 16xs 4d 4i
[DBG] PASS: 6b, 0x0011 1xv 4d 4i
[DBG] PASS: 6b, 0x0011 16xv 4d 4i
[DBG] Timer count-up test: 6b, 0x0012
[DBG] PASS: 6b, 0x0012 1xs 1d 1i
[DBG] PASS: 6b, 0x0012 16xs 1d 1i
[DBG] PASS: 6b, 0x0012 1xv 1d 1i
[DBG] PASS: 6b, 0x0012 16xv 1d 1i
[DBG] PASS: 6b, 0x0012 1xs 2d 1i
[DBG] PASS: 6b, 0x0012 16xs 2d 1i
[DBG] PASS: 6b, 0x0012 1xv 2d 1i
[DBG] PASS: 6b, 0x0012 16xv 2d 1i
[DBG] PASS: 6b, 0x0012 1xs 4d 1i
[DBG] PASS: 6b, 0x0012 16xs 4d 1i
[DBG] PASS: 6b, 0x0012 1xv 4d 1i
[DBG] PASS: 6b, 0x0012 16xv 4d 1i
[DBG] PASS: 6b, 0x0012 1xs 1d 2i
[DBG] PASS: 6b, 0x0012 16xs 1d 2i
[DBG] PASS: 6b, 0x0012 1xv 1d 2i
[DBG] PASS: 6b, 0x0012 16xv 1d 2i
[DBG] PASS: 6b, 0x0012 1xs 2d 2i
[DBG] PASS: 6b, 0x0012 16xs 2d 2i
[DBG] PASS: 6b, 0x0012 1xv 2d 2i
[DBG] PASS: 6b, 0x0012 16xv 2d 2i
[DBG] PASS: 6b, 0x0012 1xs 4d 2i
[DBG] PASS: 6b, 0x0012 16xs 4d 2i
[DBG] PASS: 6b, 0x0012 1xv 4d 2i
[DBG] PASS: 6b, 0x0012 16xv 4d 2i
[DBG] PASS: 6b, 0x0012 1xs 1d 4i
[DBG] PASS: 6b, 0x0012 16xs 1d 4i
[DBG] PASS: 6b, 0x0012 1xv 1d 4i
[DBG] PASS: 6b, 0x0012 16xv 1d 4i
[DBG] PASS: 6b, 0x0012 1xs 2d 4i
[DBG] PASS: 6b, 0x0012 16xs 2d 4i
[DBG] PASS: 6b, 0x0012 1xv 2d 4i
[DBG] PASS: 6b, 0x0012 16xv 2d 4i
[DBG] PASS: 6b, 0x0012 1xs 4d 4i
[DBG] PASS: 6b, 0x0012 16xs 4d 4i
[DBG] PASS: 6b, 0x0012 1xv 4d 4i
[DBG] PASS: 6b, 0x0012 16xv 4d 4i
[DBG] Timer count-up test: 6b, 0x0013
[DBG] PASS: 6b, 0x0013 1xs 1d 1i
[DBG] PASS: 6b, 0x0013 16xs 1d 1i
[DBG] PASS: 6b, 0x0013 1xv 1d 1i
[DBG] PASS: 6b, 0x0013 16xv 1d 1i
[DBG] PASS: 6b, 0x0013 1xs 2d 1i
[DBG] PASS: 6b, 0x0013 16xs 2d 1i
[DBG] PASS: 6b, 0x0013 1xv 2d 1i
[DBG] PASS: 6b, 0x0013 16xv 2d 1i
[DBG] PASS: 6b, 0x0013 1xs 4d 1i
[DBG] PASS: 6b, 0x0013 16xs 4d 1i
[DBG] PASS: 6b, 0x0013 1xv 4d 1i
[DBG] PASS: 6b, 0x0013 16xv 4d 1i
[DBG] PASS: 6b, 0x0013 1xs 1d 2i
[DBG] PASS: 6b, 0x0013 16xs 1d 2i
[DBG] PASS: 6b, 0x0013 1xv 1d 2i
[DBG] PASS: 6b, 0x0013 16xv 1d 2i
[DBG] PASS: 6b, 0x0013 1xs 2d 2i
[DBG] PASS: 6b, 0x0013 16xs 2d 2i
[DBG] PASS: 6b, 0x0013 1xv 2d 2i
[DBG] PASS: 6b, 0x0013 16xv 2d 2i
[DBG] PASS: 6b, 0x0013 1xs 4d 2i
[DBG] PASS: 6b, 0x0013 16xs 4d 2i
[DBG] PASS: 6b, 0x0013 1xv 4d 2i
[DBG] PASS: 6b, 0x0013 16xv 4d 2i
[DBG] PASS: 6b, 0x0013 1xs 1d 4i
[DBG] PASS: 6b, 0x0013 16xs 1d 4i
[DBG] PASS: 6b, 0x0013 1xv 1d 4i
[DBG] PASS: 6b, 0x0013 16xv 1d 4i
[DBG] PASS: 6b, 0x0013 1xs 2d 4i
[DBG] PASS: 6b, 0x0013 16xs 2d 4i
[DBG] PASS: 6b, 0x0013 1xv 2d 4i
[DBG] PASS: 6b, 0x0013 16xv 2d 4i
[DBG] PASS: 6b, 0x0013 1xs 4d 4i
[DBG] PASS: 6b, 0x0013 16xs 4d 4i
[DBG] PASS: 6b, 0x0013 1xv 4d 4i
[DBG] PASS: 6b, 0x0013 16xv 4d 4i
[DBG] Timer count-up test: 8b, 0x0010
[DBG] PASS: 8b, 0x0010 1xs 1d 1i
[DBG] PASS: 8b, 0x0010 16xs 1d 1i
[DBG] PASS: 8b, 0x0010 1xv 1d 1i
[DBG] PASS: 8b, 0x0010 16xv 1d 1i
[DBG] PASS: 8b, 0x0010 1xs 2d 1i
[DBG] PASS: 8b, 0x0010 16xs 2d 1i
[DBG] PASS: 8b, 0x0010 1xv 2d 1i
[DBG] PASS: 8b, 0x0010 16xv 2d 1i
[DBG] PASS: 8b, 0x0010 1xs 4d 1i
[DBG] PASS: 8b, 0x0010 16xs 4d 1i
[DBG] PASS: 8b, 0x0010 1xv 4d 1i
[DBG] PASS: 8b, 0x0010 16xv 4d 1i
[DBG] PASS: 8b, 0x0010 1xs 1d 2i
[DBG] PASS: 8b, 0x0010 16xs 1d 2i
[DBG] PASS: 8b, 0x0010 1xv 1d 2i
[DBG] PASS: 8b, 0x0010 16xv 1d 2i
[DBG] PASS: 8b, 0x0010 1xs 2d 2i
[DBG] PASS: 8b, 0x0010 16xs 2d 2i
[DBG] PASS: 8b, 0x0010 1xv 2d 2i
[DBG] PASS: 8b, 0x0010 16xv 2d 2i
[DBG] PASS: 8b, 0x0010 1xs 4d 2i
[DBG] PASS: 8b, 0x0010 16xs 4d 2i
[DBG] PASS: 8b, 0x0010 1xv 4d 2i
[DBG] PASS: 8b, 0x0010 16xv 4d 2i
[DBG] PASS: 8b, 0x0010 1xs 1d 4i
[DBG] PASS: 8b, 0x0010 16xs 1d 4i
[DBG] PASS: 8b, 0x0010 1xv 1d 4i
[DBG] PASS: 8b, 0x0010 16xv 1d 4i
[DBG] PASS: 8b, 0x0010 1xs 2d 4i
[DBG] PASS: 8b, 0x0010 16xs 2d 4i
[DBG] PASS: 8b, 0x0010 1xv 2d 4i
[DBG] PASS: 8b, 0x0010 16xv 2d 4i
[DBG] PASS: 8b, 0x0010 1xs 4d 4i
[DBG] PASS: 8b, 0x0010 16xs 4d 4i
[DBG] PASS: 8b, 0x0010 1xv 4d 4i
[DBG] PASS: 8b, 0x0010 16xv 4d 4i
[DBG] Timer count-up test: 8b, 0x0011
[DBG] PASS: 8b, 0x0011 1xs 1d 1i
[DBG] PASS: 8b, 0x0011 16xs 1d 1i
[DBG] PASS: 8b, 0x0011 1xv 1d 1i
[DBG] PASS: 8b, 0x0011 16xv 1d 1i
[DBG] PASS: 8b, 0x0011 1xs 2d 1i
[DBG] PASS: 8b, 0x0011 16xs 2d 1i
[DBG] PASS: 8b, 0x0011 1xv 2d 1i
[DBG] PASS: 8b, 0x0011 16xv 2d 1i
[DBG] PASS: 8b, 0x0011 1xs 4d 1i
[DBG] PASS: 8b, 0x0011 16xs 4d 1i
[DBG] PASS: 8b, 0x0011 1xv 4d 1i
[DBG] PASS: 8b, 0x0011 16xv 4d 1i
[DBG] PASS: 8b, 0x0011 1xs 1d 2i
[DBG] PASS: 8b, 0x0011 16xs 1d 2i
[DBG] PASS: 8b, 0x0011 1xv 1d 2i
[DBG] PASS: 8b, 0x0011 16xv 1d 2i
[DBG] PASS: 8b, 0x0011 1xs 2d 2i
[DBG] PASS: 8b, 0x0011 16xs 2d 2i
[DBG] PASS: 8b, 0x0011 1xv 2d 2i
[DBG] PASS: 8b, 0x0011 16xv 2d 2i
[DBG] PASS: 8b, 0x0011 1xs 4d 2i
[DBG] PASS: 8b, 0x0011 16xs 4d 2i
[DBG] PASS: 8b, 0x0011 1xv 4d 2i
[DBG] PASS: 8b, 0x0011 16xv 4d 2i
[DBG] PASS: 8b, 0x0011 1xs 1d 4i
[DBG] PASS: 8b, 0x0011 16xs 1d 4i
[DBG] PASS: 8b, 0x0011 1xv 1d 4i
[DBG] PASS: 8b, 0x0011 16xv 1d 4i
[DBG] PASS: 8b, 0x0011 1xs 2d 4i
[DBG] PASS: 8b, 0x0011 16xs 2d 4i
[DBG] PASS: 8b, 0x0011 1xv 2d 4i
[DBG] PASS: 8b, 0x0011 16xv 2d 4i
[DBG] PASS: 8b, 0x0011 1xs 4d 4i
[DBG] PASS: 8b, 0x0011 16xs 4d 4i
[DBG] PASS: 8b, 0x0011 1xv 4d 4i
[DBG] PASS: 8b, 0x0011 16xv 4d 4i
[DBG] Timer count-up test: 8b, 0x0012
[DBG] PASS: 8b, 0x0012 1xs 1d 1i
[DBG] PASS: 8b, 0x0012 16xs 1d 1i
[DBG] PASS: 8b, 0x0012 1xv 1d 1i
[DBG] PASS: 8b, 0x0012 16xv 1d 1i
[DBG] PASS: 8b, 0x0012 1xs 2d 1i
[DBG] PASS: 8b, 0x0012 16xs 2d 1i
[DBG] PASS: 8b, 0x0012 1xv 2d 1i
[DBG] PASS: 8b, 0x0012 16xv 2d 1i
[DBG] PASS: 8b, 0x0012 1xs 4d 1i
[DBG] PASS: 8b, 0x0012 16xs 4d 1i
[DBG] PASS: 8b, 0x0012 1xv 4d 1i
[DBG] PASS: 8b, 0x0012 16xv 4d 1i
[DBG] PASS: 8b, 0x0012 1xs 1d 2i
[DBG] FAIL: 8b, 0x0012 16xs 1d 2i
[DBG] 16xs 1d 2i: Got 00001840 vs 00001850: FAIL
[DBG] PASS: 8b, 0x0012 1xv 1d 2i
[DBG] PASS: 8b, 0x0012 16xv 1d 2i
[DBG] PASS: 8b, 0x0012 1xs 2d 2i
[DBG] PASS: 8b, 0x0012 16xs 2d 2i
[DBG] PASS: 8b, 0x0012 1xv 2d 2i
[DBG] PASS: 8b, 0x0012 16xv 2d 2i
[DBG] PASS: 8b, 0x0012 1xs 4d 2i
[DBG] PASS: 8b, 0x0012 16xs 4d 2i
[DBG] PASS: 8b, 0x0012 1xv 4d 2i
[DBG] PASS: 8b, 0x0012 16xv 4d 2i
[DBG] PASS: 8b, 0x0012 1xs 1d 4i
[DBG] PASS: 8b, 0x0012 16xs 1d 4i
[DBG] PASS: 8b, 0x0012 1xv 1d 4i
[DBG] PASS: 8b, 0x0012 16xv 1d 4i
[DBG] PASS: 8b, 0x0012 1xs 2d 4i
[DBG] PASS: 8b, 0x0012 16xs 2d 4i
[DBG] PASS: 8b, 0x0012 1xv 2d 4i
[DBG] PASS: 8b, 0x0012 16xv 2d 4i
[DBG] PASS: 8b, 0x0012 1xs 4d 4i
[DBG] PASS: 8b, 0x0012 16xs 4d 4i
[DBG] PASS: 8b, 0x0012 1xv 4d 4i
[DBG] PASS: 8b, 0x0012 16xv 4d 4i
[DBG] Timer count-up test: 8b, 0x0013
[DBG] PASS: 8b, 0x0013 1xs 1d 1i
[DBG] PASS: 8b, 0x0013 16xs 1d 1i
[DBG] PASS: 8b, 0x0013 1xv 1d 1i
[DBG] PASS: 8b, 0x0013 16xv 1d 1i
[DBG] PASS: 8b, 0x0013 1xs 2d 1i
[DBG] PASS: 8b, 0x0013 16xs 2d 1i
[DBG] PASS: 8b, 0x0013 1xv 2d 1i
[DBG] PASS: 8b, 0x0013 16xv 2d 1i
[DBG] PASS: 8b, 0x0013 1xs 4d 1i
[DBG] PASS: 8b, 0x0013 16xs 4d 1i
[DBG] PASS: 8b, 0x0013 1xv 4d 1i
[DBG] PASS: 8b, 0x0013 16xv 4d 1i
[DBG] PASS: 8b, 0x0013 1xs 1d 2i
[DBG] PASS: 8b, 0x0013 16xs 1d 2i
[DBG] PASS: 8b, 0x0013 1xv 1d 2i
[DBG] PASS: 8b, 0x0013 16xv 1d 2i
[DBG] PASS: 8b, 0x0013 1xs 2d 2i
[DBG] PASS: 8b, 0x0013 16xs 2d 2i
[DBG] PASS: 8b, 0x0013 1xv 2d 2i
[DBG] PASS: 8b, 0x0013 16xv 2d 2i
[DBG] PASS: 8b, 0x0013 1xs 4d 2i
[DBG] PASS: 8b, 0x0013 16xs 4d 2i
[DBG] PASS: 8b, 0x0013 1xv 4d 2i
[DBG] PASS: 8b, 0x0013 16xv 4d 2i
[DBG] PASS: 8b, 0x0013 1xs 1d 4i
[DBG] PASS: 8b, 0x0013 16xs 1d 4i
[DBG] PASS: 8b, 0x0013 1xv 1d 4i
[DBG] PASS: 8b, 0x0013 16xv 1d 4i
[DBG] PASS: 8b, 0x0013 1xs 2d 4i
[DBG] PASS: 8b, 0x0013 16xs 2d 4i
[DBG] PASS: 8b, 0x0013 1xv 2d 4i
[DBG] PASS: 8b, 0x0013 16xv 2d 4i
[DBG] PASS: 8b, 0x0013 1xs 4d 4i
[DBG] PASS: 8b, 0x0013 16xs 4d 4i
[DBG] PASS: 8b, 0x0013 1xv 4d 4i
[DBG] PASS: 8b, 0x0013 16xv 4d 4i
[DBG] Timer count-up test: 10b, 0x0010
[DBG] PASS: 10b, 0x0010 1xs 1d 1i
[DBG] PASS: 10b, 0x0010 16xs 1d 1i
[DBG] PASS: 10b, 0x0010 1xv 1d 1i
[DBG] PASS: 10b, 0x0010 16xv 1d 1i
[DBG] PASS: 10b, 0x0010 1xs 2d 1i
[DBG] PASS: 10b, 0x0010 16xs 2d 1i
[DBG] PASS: 10b, 0x0010 1xv 2d 1i
[DBG] PASS: 10b, 0x0010 16xv 2d 1i
[DBG] PASS: 10b, 0x0010 1xs 4d 1i
[DBG] PASS: 10b, 0x0010 16xs 4d 1i
[DBG] PASS: 10b, 0x0010 1xv 4d 1i
[DBG] PASS: 10b, 0x0010 16xv 4d 1i
[DBG] PASS: 10b, 0x0010 1xs 1d 2i
[DBG] FAIL: 10b, 0x0010 16xs 1d 2i
[DBG] 16xs 1d 2i: Got 00005840 vs 00005850: FAIL
[DBG] PASS: 10b, 0x0010 1xv 1d 2i
[DBG] PASS: 10b, 0x0010 16xv 1d 2i
[DBG] PASS: 10b, 0x0010 1xs 2d 2i
[DBG] PASS: 10b, 0x0010 16xs 2d 2i
[DBG] PASS: 10b, 0x0010 1xv 2d 2i
[DBG] PASS: 10b, 0x0010 16xv 2d 2i
[DBG] PASS: 10b, 0x0010 1xs 4d 2i
[DBG] PASS: 10b, 0x0010 16xs 4d 2i
[DBG] PASS: 10b, 0x0010 1xv 4d 2i
[DBG] PASS: 10b, 0x0010 16xv 4d 2i
[DBG] PASS: 10b, 0x0010 1xs 1d 4i
[DBG] PASS: 10b, 0x0010 16xs 1d 4i
[DBG] PASS: 10b, 0x0010 1xv 1d 4i
[DBG] PASS: 10b, 0x0010 16xv 1d 4i
[DBG] PASS: 10b, 0x0010 1xs 2d 4i
[DBG] PASS: 10b, 0x0010 16xs 2d 4i
[DBG] PASS: 10b, 0x0010 1xv 2d 4i
[DBG] PASS: 10b, 0x0010 16xv 2d 4i
[DBG] PASS: 10b, 0x0010 1xs 4d 4i
[DBG] PASS: 10b, 0x0010 16xs 4d 4i
[DBG] PASS: 10b, 0x0010 1xv 4d 4i
[DBG] PASS: 10b, 0x0010 16xv 4d 4i
[DBG] Timer count-up test: 10b, 0x0011
[DBG] PASS: 10b, 0x0011 1xs 1d 1i
[DBG] PASS: 10b, 0x0011 16xs 1d 1i
[DBG] PASS: 10b, 0x0011 1xv 1d 1i
[DBG] PASS: 10b, 0x0011 16xv 1d 1i
[DBG] PASS: 10b, 0x0011 1xs 2d 1i
[DBG] PASS: 10b, 0x0011 16xs 2d 1i
[DBG] PASS: 10b, 0x0011 1xv 2d 1i
[DBG] PASS: 10b, 0x0011 16xv 2d 1i
[DBG] PASS: 10b, 0x0011 1xs 4d 1i
[DBG] PASS: 10b, 0x0011 16xs 4d 1i
[DBG] PASS: 10b, 0x0011 1xv 4d 1i
[DBG] PASS: 10b, 0x0011 16xv 4d 1i
[DBG] PASS: 10b, 0x0011 1xs 1d 2i
[DBG] PASS: 10b, 0x0011 16xs 1d 2i
[DBG] PASS: 10b, 0x0011 1xv 1d 2i
[DBG] PASS: 10b, 0x0011 16xv 1d 2i
[DBG] PASS: 10b, 0x0011 1xs 2d 2i
[DBG] PASS: 10b, 0x0011 16xs 2d 2i
[DBG] PASS: 10b, 0x0011 1xv 2d 2i
[DBG] PASS: 10b, 0x0011 16xv 2d 2i
[DBG] PASS: 10b, 0x0011 1xs 4d 2i
[DBG] PASS: 10b, 0x0011 16xs 4d 2i
[DBG] PASS: 10b, 0x0011 1xv 4d 2i
[DBG] PASS: 10b, 0x0011 16xv 4d 2i
[DBG] PASS: 10b, 0x0011 1xs 1d 4i
[DBG] PASS: 10b, 0x0011 16xs 1d 4i
[DBG] PASS: 10b, 0x0011 1xv 1d 4i
[DBG] PASS: 10b, 0x0011 16xv 1d 4i
[DBG] PASS: 10b, 0x0011 1xs 2d 4i
[DBG] PASS: 10b, 0x0011 16xs 2d 4i
[DBG] PASS: 10b, 0x0011 1xv 2d 4i
[DBG] PASS: 10b, 0x0011 16xv 2d 4i
[DBG] PASS: 10b, 0x0011 1xs 4d 4i
[DBG] PASS: 10b, 0x0011 16xs 4d 4i
[DBG] PASS: 10b, 0x0011 1xv 4d 4i
[DBG] PASS: 10b, 0x0011 16xv 4d 4i
[DBG] Timer count-up test: 10b, 0x0012
[DBG] PASS: 10b, 0x0012 1xs 1d 1i
[DBG] PASS: 10b, 0x0012 16xs 1d 1i
[DBG] PASS: 10b, 0x0012 1xv 1d 1i
[DBG] PASS: 10b, 0x0012 16xv 1d 1i
[DBG] PASS: 10b, 0x0012 1xs 2d 1i
[DBG] PASS: 10b, 0x0012 16xs 2d 1i
[DBG] PASS: 10b, 0x0012 1xv 2d 1i
[DBG] PASS: 10b, 0x0012 16xv 2d 1i
[DBG] PASS: 10b, 0x0012 1xs 4d 1i
[DBG] PASS: 10b, 0x0012 16xs 4d 1i
[DBG] PASS: 10b, 0x0012 1xv 4d 1i
[DBG] PASS: 10b, 0x0012 16xv 4d 1i
[DBG] PASS: 10b, 0x0012 1xs 1d 2i
[DBG] PASS: 10b, 0x0012 16xs 1d 2i
[DBG] PASS: 10b, 0x0012 1xv 1d 2i
[DBG] PASS: 10b, 0x0012 16xv 1d 2i
[DBG] PASS: 10b, 0x0012 1xs 2d 2i
[DBG] PASS: 10b, 0x0012 16xs 2d 2i
[DBG] PASS: 10b, 0x0012 1xv 2d 2i
[DBG] PASS: 10b, 0x0012 16xv 2d 2i
[DBG] PASS: 10b, 0x0012 1xs 4d 2i
[DBG] PASS: 10b, 0x0012 16xs 4d 2i
[DBG] PASS: 10b, 0x0012 1xv 4d 2i
[DBG] PASS: 10b, 0x0012 16xv 4d 2i
[DBG] PASS: 10b, 0x0012 1xs 1d 4i
[DBG] PASS: 10b, 0x0012 16xs 1d 4i
[DBG] PASS: 10b, 0x0012 1xv 1d 4i
[DBG] PASS: 10b, 0x0012 16xv 1d 4i
[DBG] PASS: 10b, 0x0012 1xs 2d 4i
[DBG] PASS: 10b, 0x0012 16xs 2d 4i
[DBG] PASS: 10b, 0x0012 1xv 2d 4i
[DBG] PASS: 10b, 0x0012 16xv 2d 4i
[DBG] PASS: 10b, 0x0012 1xs 4d 4i
[DBG] PASS: 10b, 0x0012 16xs 4d 4i
[DBG] PASS: 10b, 0x0012 1xv 4d 4i
[DBG] PASS: 10b, 0x0012 16xv 4d 4i
[DBG] Timer count-up test: 10b, 0x0013
[DBG] PASS: 10b, 0x0013 1xs 1d 1i
[DBG] PASS: 10b, 0x0013 16xs 1d 1i
[DBG] PASS: 10b, 0x0013 1xv 1d 1i
[DBG] PASS: 10b, 0x0013 16xv 1d 1i
[DBG] PASS: 10b, 0x0013 1xs 2d 1i
[DBG] PASS: 10b, 0x0013 16xs 2d 1i
[DBG] PASS: 10b, 0x0013 1xv 2d 1i
[DBG] PASS: 10b, 0x0013 16xv 2d 1i
[DBG] PASS: 10b, 0x0013 1xs 4d 1i
[DBG] PASS: 10b, 0x0013 16xs 4d 1i
[DBG] PASS: 10b, 0x0013 1xv 4d 1i
[DBG] PASS: 10b, 0x0013 16xv 4d 1i
[DBG] PASS: 10b, 0x0013 1xs 1d 2i
[DBG] PASS: 10b, 0x0013 16xs 1d 2i
[DBG] PASS: 10b, 0x0013 1xv 1d 2i
[DBG] PASS: 10b, 0x0013 16xv 1d 2i
[DBG] PASS: 10b, 0x0013 1xs 2d 2i
[DBG] PASS: 10b, 0x0013 16xs 2d 2i
[DBG] PASS: 10b, 0x0013 1xv 2d 2i
[DBG] PASS: 10b, 0x0013 16xv 2d 2i
[DBG] PASS: 10b, 0x0013 1xs 4d 2i
[DBG] PASS: 10b, 0x0013 16xs 4d 2i
[DBG] PASS: 10b, 0x0013 1xv 4d 2i
[DBG] PASS: 10b, 0x0013 16xv 4d 2i
[DBG] PASS: 10b, 0x0013 1xs 1d 4i
[DBG] PASS: 10b, 0x0013 16xs 1d 4i
[DBG] PASS: 10b, 0x0013 1xv 1d 4i
[DBG] PASS: 10b, 0x0013 16xv 1d 4i
[DBG] PASS: 10b, 0x0013 1xs 2d 4i
[DBG] PASS: 10b, 0x0013 16xs 2d 4i
[DBG] PASS: 10b, 0x0013 1xv 2d 4i
[DBG] PASS: 10b, 0x0013 16xv 2d 4i
[DBG] PASS: 10b, 0x0013 1xs 4d 4i
[DBG] PASS: 10b, 0x0013 16xs 4d 4i
[DBG] PASS: 10b, 0x0013 1xv 4d 4i
[DBG] PASS: 10b, 0x0013 16xv 4d 4i

--- Suite 04: Timer count-up ---
Frames: 200  PC=0x0802BBA4  CPSR=0x2000001F  halted=0  cycle=175757121
[debug]
Game Boy Advance Test Suite
===
BEGIN: Timer count-up tests
Timer count-up test: 0b, 0x0001
PASS: 0b, 0x0001 1xs 1d 1i
PASS: 0b, 0x0001 16xs 1d 1i
PASS: 0b, 0x0001 1xv 1d 1i
PASS: 0b, 0x0001 16xv 1d 1i
PASS: 0b, 0x0001 1xs 2d 1i
PASS: 0b, 0x0001 16xs 2d 1i
PASS: 0b, 0x0001 1xv 2d 1i
PASS: 0b, 0x0001 16xv 2d 1i
PASS: 0b, 0x0001 1xs 4d 1i
PASS: 0b, 0x0001 16xs 4d 1i
PASS: 0b, 0x0001 1xv 4d 1i
PASS: 0b, 0x0001 16xv 4d 1i
PASS: 0b, 0x0001 1xs 1d 2i
PASS: 0b, 0x0001 16xs 1d 2i
PASS: 0b, 0x0001 1xv 1d 2i
PASS: 0b, 0x0001 16xv 1d 2i
PASS: 0b, 0x0001 1xs 2d 2i
PASS: 0b, 0x0001 16xs 2d 2i
PASS: 0b, 0x0001 1xv 2d 2i
PASS: 0b, 0x0001 16xv 2d 2i
PASS: 0b, 0x0001 1xs 4d 2i
PASS: 0b, 0x0001 16xs 4d 2i
PASS: 0b, 0x0001 1xv 4d 2i
PASS: 0b, 0x0001 16xv 4d 2i
PASS: 0b, 0x0001 1xs 1d 4i
PASS: 0b, 0x0001 16xs 1d 4i
PASS: 0b, 0x0001 1xv 1d 4i
PASS: 0b, 0x0001 16xv 1d 4i
PASS: 0b, 0x0001 1xs 2d 4i
PASS: 0b, 0x0001 16xs 2d 4i
PASS: 0b, 0x0001 1xv 2d 4i
PASS: 0b, 0x0001 16xv 2d 4i
PASS: 0b, 0x0001 1xs 4d 4i
PASS: 0b, 0x0001 16xs 4d 4i
PASS: 0b, 0x0001 1xv 4d 4i
PASS: 0b, 0x0001 16xv 4d 4i
Timer count-up test: 0b, 0x0005
FAIL: 0b, 0x0005 1xs 1d 1i
1xs 1d 1i: Got 00000002 vs 00000003: FAIL
PASS: 0b, 0x0005 16xs 1d 1i
FAIL: 0b, 0x0005 1xv 1d 1i
1xv 1d 1i: Got FFFD vs FFFF: FAIL
PASS: 0b, 0x0005 16xv 1d 1i
FAIL: 0b, 0x0005 1xs 2d 1i
1xs 2d 1i: Got 00000002 vs 00000003: FAIL
PASS: 0b, 0x0005 16xs 2d 1i
FAIL: 0b, 0x0005 1xv 2d 1i
1xv 2d 1i: Got FFFD vs FFFF: FAIL
PASS: 0b, 0x0005 16xv 2d 1i
FAIL: 0b, 0x0005 1xs 4d 1i
1xs 4d 1i: Got 00000002 vs 00000003: FAIL
PASS: 0b, 0x0005 16xs 4d 1i
FAIL: 0b, 0x0005 1xv 4d 1i
1xv 4d 1i: Got FFFD vs FFFF: FAIL
PASS: 0b, 0x0005 16xv 4d 1i
FAIL: 0b, 0x0005 1xs 1d 2i
1xs 1d 2i: Got 00000002 vs 00000003: FAIL
PASS: 0b, 0x0005 16xs 1d 2i
FAIL: 0b, 0x0005 1xv 1d 2i
1xv 1d 2i: Got FFFE vs FFFB: FAIL
PASS: 0b, 0x0005 16xv 1d 2i
FAIL: 0b, 0x0005 1xs 2d 2i
1xs 2d 2i: Got 00000002 vs 00000003: FAIL
PASS: 0b, 0x0005 16xs 2d 2i
FAIL: 0b, 0x0005 1xv 2d 2i
1xv 2d 2i: Got FFFE vs FFFB: FAIL
PASS: 0b, 0x0005 16xv 2d 2i
FAIL: 0b, 0x0005 1xs 4d 2i
1xs 4d 2i: Got 00000002 vs 00000003: FAIL
PASS: 0b, 0x0005 16xs 4d 2i
FAIL: 0b, 0x0005 1xv 4d 2i
1xv 4d 2i: Got FFFE vs FFFB: FAIL
PASS: 0b, 0x0005 16xv 4d 2i
FAIL: 0b, 0x0005 1xs 1d 4i
1xs 1d 4i: Got 00000002 vs 00000003: FAIL
PASS: 0b, 0x0005 16xs 1d 4i
FAIL: 0b, 0x0005 1xv 1d 4i
1xv 1d 4i: Got FFFB vs FFFD: FAIL
PASS: 0b, 0x0005 16xv 1d 4i
FAIL: 0b, 0x0005 1xs 2d 4i
1xs 2d 4i: Got 00000002 vs 00000003: FAIL
PASS: 0b, 0x0005 16xs 2d 4i
FAIL: 0b, 0x0005 1xv 2d 4i
1xv 2d 4i: Got FFFB vs FFFD: FAIL
PASS: 0b, 0x0005 16xv 2d 4i
FAIL: 0b, 0x0005 1xs 4d 4i
1xs 4d 4i: Got 00000002 vs 00000003: FAIL
PASS: 0b, 0x0005 16xs 4d 4i
FAIL: 0b, 0x0005 1xv 4d 4i
1xv 4d 4i: Got FFFB vs FFFD: FAIL
PASS: 0b, 0x0005 16xv 4d 4i
Timer count-up test: 0b, 0x000C
PASS: 0b, 0x000C 1xs 1d 1i
FAIL: 0b, 0x000C 16xs 1d 1i
16xs 1d 1i: Got 00000010 vs 00000020: FAIL
PASS: 0b, 0x000C 1xv 1d 1i
FAIL: 0b, 0x000C 16xv 1d 1i
16xv 1d 1i: Got FFFC vs FFFE: FAIL
PASS: 0b, 0x000C 1xs 2d 1i
FAIL: 0b, 0x000C 16xs 2d 1i
16xs 2d 1i: Got 00000010 vs 00000020: FAIL
PASS: 0b, 0x000C 1xv 2d 1i
FAIL: 0b, 0x000C 16xv 2d 1i
16xv 2d 1i: Got FFFC vs FFFE: FAIL
PASS: 0b, 0x000C 1xs 4d 1i
FAIL: 0b, 0x000C 16xs 4d 1i
16xs 4d 1i: Got 00000010 vs 00000020: FAIL
PASS: 0b, 0x000C 1xv 4d 1i
FAIL: 0b, 0x000C 16xv 4d 1i
16xv 4d 1i: Got FFFC vs FFFE: FAIL
PASS: 0b, 0x000C 1xs 1d 2i
FAIL: 0b, 0x000C 16xs 1d 2i
16xs 1d 2i: Got 00000010 vs 00000020: FAIL
PASS: 0b, 0x000C 1xv 1d 2i
FAIL: 0b, 0x000C 16xv 1d 2i
16xv 1d 2i: Got FFFD vs FFFF: FAIL
PASS: 0b, 0x000C 1xs 2d 2i
FAIL: 0b, 0x000C 16xs 2d 2i
16xs 2d 2i: Got 00000010 vs 00000020: FAIL
PASS: 0b, 0x000C 1xv 2d 2i
FAIL: 0b, 0x000C 16xv 2d 2i
16xv 2d 2i: Got FFFD vs FFFF: FAIL
PASS: 0b, 0x000C 1xs 4d 2i
FAIL: 0b, 0x000C 16xs 4d 2i
16xs 4d 2i: Got 00000010 vs 00000020: FAIL
PASS: 0b, 0x000C 1xv 4d 2i
FAIL: 0b, 0x000C 16xv 4d 2i
16xv 4d 2i: Got FFFD vs FFFF: FAIL
PASS: 0b, 0x000C 1xs 1d 4i
FAIL: 0b, 0x000C 16xs 1d 4i
16xs 1d 4i: Got 00000010 vs 00000020: FAIL
PASS: 0b, 0x000C 1xv 1d 4i
FAIL: 0b, 0x000C 16xv 1d 4i
16xv 1d 4i: Got FFFF vs FFF5: FAIL
PASS: 0b, 0x000C 1xs 2d 4i
FAIL: 0b, 0x000C 16xs 2d 4i
16xs 2d 4i: Got 00000010 vs 00000020: FAIL
PASS: 0b, 0x000C 1xv 2d 4i
FAIL: 0b, 0x000C 16xv 2d 4i
16xv 2d 4i: Got FFFF vs FFF5: FAIL
PASS: 0b, 0x000C 1xs 4d 4i
FAIL: 0b, 0x000C 16xs 4d 4i
16xs 4d 4i: Got 00000010 vs 00000020: FAIL
PASS: 0b, 0x000C 1xv 4d 4i
FAIL: 0b, 0x000C 16xv 4d 4i
16xv 4d 4i: Got FFFF vs FFF5: FAIL
Timer count-up test: 0b, 0x000D
FAIL: 0b, 0x000D 1xs 1d 1i
1xs 1d 1i: Got 00000003 vs 00000004: FAIL
FAIL: 0b, 0x000D 16xs 1d 1i
16xs 1d 1i: Got 00000010 vs 00000020: FAIL
FAIL: 0b, 0x000D 1xv 1d 1i
1xv 1d 1i: Got FFF4 vs FFF6: FAIL
FAIL: 0b, 0x000D 16xv 1d 1i
16xv 1d 1i: Got FFF3 vs FFF5: FAIL
FAIL: 0b, 0x000D 1xs 2d 1i
1xs 2d 1i: Got 00000003 vs 00000004: FAIL
FAIL: 0b, 0x000D 16xs 2d 1i
16xs 2d 1i: Got 00000010 vs 00000020: FAIL
FAIL: 0b, 0x000D 1xv 2d 1i
1xv 2d 1i: Got FFF4 vs FFF6: FAIL
FAIL: 0b, 0x000D 16xv 2d 1i
16xv 2d 1i: Got FFF3 vs FFF5: FAIL
FAIL: 0b, 0x000D 1xs 4d 1i
1xs 4d 1i: Got 00000003 vs 00000004: FAIL
FAIL: 0b, 0x000D 16xs 4d 1i
16xs 4d 1i: Got 00000010 vs 00000020: FAIL
FAIL: 0b, 0x000D 1xv 4d 1i
1xv 4d 1i: Got FFF4 vs FFF6: FAIL
FAIL: 0b, 0x000D 16xv 4d 1i
16xv 4d 1i: Got FFF3 vs FFF5: FAIL
FAIL: 0b, 0x000D 1xs 1d 2i
1xs 1d 2i: Got 00000003 vs 00000004: FAIL
FAIL: 0b, 0x000D 16xs 1d 2i
16xs 1d 2i: Got 00000010 vs 00000020: FAIL
FAIL: 0b, 0x000D 1xv 1d 2i
1xv 1d 2i: Got FFF8 vs FFFA: FAIL
FAIL: 0b, 0x000D 16xv 1d 2i
16xv 1d 2i: Got FFF7 vs FFF9: FAIL
FAIL: 0b, 0x000D 1xs 2d 2i
1xs 2d 2i: Got 00000003 vs 00000004: FAIL
FAIL: 0b, 0x000D 16xs 2d 2i
16xs 2d 2i: Got 00000010 vs 00000020: FAIL
FAIL: 0b, 0x000D 1xv 2d 2i
1xv 2d 2i: Got FFF8 vs FFFA: FAIL
FAIL: 0b, 0x000D 16xv 2d 2i
16xv 2d 2i: Got FFF7 vs FFF9: FAIL
FAIL: 0b, 0x000D 1xs 4d 2i
1xs 4d 2i: Got 00000003 vs 00000004: FAIL
FAIL: 0b, 0x000D 16xs 4d 2i
16xs 4d 2i: Got 00000010 vs 00000020: FAIL
FAIL: 0b, 0x000D 1xv 4d 2i
1xv 4d 2i: Got FFF8 vs FFFA: FAIL
FAIL: 0b, 0x000D 16xv 4d 2i
16xv 4d 2i: Got FFF7 vs FFF9: FAIL
FAIL: 0b, 0x000D 1xs 1d 4i
1xs 1d 4i: Got 00000003 vs 00000004: FAIL
FAIL: 0b, 0x000D 16xs 1d 4i
16xs 1d 4i: Got 00000010 vs 00000020: FAIL
FAIL: 0b, 0x000D 1xv 1d 4i
1xv 1d 4i: Got FFF3 vs FFF5: FAIL
FAIL: 0b, 0x000D 16xv 1d 4i
16xv 1d 4i: Got FFFF vs FFF4: FAIL
FAIL: 0b, 0x000D 1xs 2d 4i
1xs 2d 4i: Got 00000003 vs 00000004: FAIL
FAIL: 0b, 0x000D 16xs 2d 4i
16xs 2d 4i: Got 00000010 vs 00000020: FAIL
FAIL: 0b, 0x000D 1xv 2d 4i
1xv 2d 4i: Got FFF3 vs FFF5: FAIL
FAIL: 0b, 0x000D 16xv 2d 4i
16xv 2d 4i: Got FFFF vs FFF4: FAIL
FAIL: 0b, 0x000D 1xs 4d 4i
1xs 4d 4i: Got 00000003 vs 00000004: FAIL
FAIL: 0b, 0x000D 16xs 4d 4i
16xs 4d 4i: Got 00000010 vs 00000020: FAIL
FAIL: 0b, 0x000D 1xv 4d 4i
1xv 4d 4i: Got FFF3 vs FFF5: FAIL
FAIL: 0b, 0x000D 16xv 4d 4i
16xv 4d 4i: Got FFFF vs FFF4: FAIL
Timer count-up test: 0b, 0x0010
PASS: 0b, 0x0010 1xs 1d 1i
PASS: 0b, 0x0010 16xs 1d 1i
PASS: 0b, 0x0010 1xv 1d 1i
PASS: 0b, 0x0010 16xv 1d 1i
PASS: 0b, 0x0010 1xs 2d 1i
PASS: 0b, 0x0010 16xs 2d 1i
PASS: 0b, 0x0010 1xv 2d 1i
PASS: 0b, 0x0010 16xv 2d 1i
PASS: 0b, 0x0010 1xs 4d 1i
PASS: 0b, 0x0010 16xs 4d 1i
PASS: 0b, 0x0010 1xv 4d 1i
PASS: 0b, 0x0010 16xv 4d 1i
PASS: 0b, 0x0010 1xs 1d 2i
PASS: 0b, 0x0010 16xs 1d 2i
PASS: 0b, 0x0010 1xv 1d 2i
PASS: 0b, 0x0010 16xv 1d 2i
PASS: 0b, 0x0010 1xs 2d 2i
PASS: 0b, 0x0010 16xs 2d 2i
PASS: 0b, 0x0010 1xv 2d 2i
PASS: 0b, 0x0010 16xv 2d 2i
PASS: 0b, 0x0010 1xs 4d 2i
PASS: 0b, 0x0010 16xs 4d 2i
PASS: 0b, 0x0010 1xv 4d 2i
PASS: 0b, 0x0010 16xv 4d 2i
PASS: 0b, 0x0010 1xs 1d 4i
PASS: 0b, 0x0010 16xs 1d 4i
PASS: 0b, 0x0010 1xv 1d 4i
PASS: 0b, 0x0010 16xv 1d 4i
PASS: 0b, 0x0010 1xs 2d 4i
PASS: 0b, 0x0010 16xs 2d 4i
PASS: 0b, 0x0010 1xv 2d 4i
PASS: 0b, 0x0010 16xv 2d 4i
PASS: 0b, 0x0010 1xs 4d 4i
PASS: 0b, 0x0010 16xs 4d 4i
PASS: 0b, 0x0010 1xv 4d 4i
PASS: 0b, 0x0010 16xv 4d 4i
Timer count-up test: 0b, 0x0014
PASS: 0b, 0x0014 1xs 1d 1i
PASS: 0b, 0x0014 16xs 1d 1i
PASS: 0b, 0x0014 1xv 1d 1i
PASS: 0b, 0x0014 16xv 1d 1i
PASS: 0b, 0x0014 1xs 2d 1i
PASS: 0b, 0x0014 16xs 2d 1i
PASS: 0b, 0x0014 1xv 2d 1i
PASS: 0b, 0x0014 16xv 2d 1i
PASS: 0b, 0x0014 1xs 4d 1i
PASS: 0b, 0x0014 16xs 4d 1i
PASS: 0b, 0x0014 1xv 4d 1i
PASS: 0b, 0x0014 16xv 4d 1i
PASS: 0b, 0x0014 1xs 1d 2i
PASS: 0b, 0x0014 16xs 1d 2i
PASS: 0b, 0x0014 1xv 1d 2i
PASS: 0b, 0x0014 16xv 1d 2i
PASS: 0b, 0x0014 1xs 2d 2i
PASS: 0b, 0x0014 16xs 2d 2i
PASS: 0b, 0x0014 1xv 2d 2i
PASS: 0b, 0x0014 16xv 2d 2i
PASS: 0b, 0x0014 1xs 4d 2i
PASS: 0b, 0x0014 16xs 4d 2i
PASS: 0b, 0x0014 1xv 4d 2i
PASS: 0b, 0x0014 16xv 4d 2i
PASS: 0b, 0x0014 1xs 1d 4i
PASS: 0b, 0x0014 16xs 1d 4i
PASS: 0b, 0x0014 1xv 1d 4i
PASS: 0b, 0x0014 16xv 1d 4i
PASS: 0b, 0x0014 1xs 2d 4i
PASS: 0b, 0x0014 16xs 2d 4i
PASS: 0b, 0x0014 1xv 2d 4i
PASS: 0b, 0x0014 16xv 2d 4i
PASS: 0b, 0x0014 1xs 4d 4i
PASS: 0b, 0x0014 16xs 4d 4i
PASS: 0b, 0x0014 1xv 4d 4i
PASS: 0b, 0x0014 16xv 4d 4i
Timer count-up test: 0b, 0x0015
FAIL: 0b, 0x0015 1xs 1d 1i
1xs 1d 1i: Got 00000004 vs 00000005: FAIL
PASS: 0b, 0x0015 16xs 1d 1i
FAIL: 0b, 0x0015 1xv 1d 1i
1xv 1d 1i: Got FFF3 vs FFF5: FAIL
PASS: 0b, 0x0015 16xv 1d 1i
FAIL: 0b, 0x0015 1xs 2d 1i
1xs 2d 1i: Got 00000004 vs 00000005: FAIL
PASS: 0b, 0x0015 16xs 2d 1i
FAIL: 0b, 0x0015 1xv 2d 1i
1xv 2d 1i: Got FFF3 vs FFF5: FAIL
PASS: 0b, 0x0015 16xv 2d 1i
FAIL: 0b, 0x0015 1xs 4d 1i
1xs 4d 1i: Got 00000004 vs 00000005: FAIL
PASS: 0b, 0x0015 16xs 4d 1i
FAIL: 0b, 0x0015 1xv 4d 1i
1xv 4d 1i: Got FFF3 vs FFF5: FAIL
PASS: 0b, 0x0015 16xv 4d 1i
FAIL: 0b, 0x0015 1xs 1d 2i
1xs 1d 2i: Got 00000004 vs 00000005: FAIL
PASS: 0b, 0x0015 16xs 1d 2i
FAIL: 0b, 0x0015 1xv 1d 2i
1xv 1d 2i: Got FFEE vs FFF0: FAIL
PASS: 0b, 0x0015 16xv 1d 2i
FAIL: 0b, 0x0015 1xs 2d 2i
1xs 2d 2i: Got 00000004 vs 00000005: FAIL
PASS: 0b, 0x0015 16xs 2d 2i
FAIL: 0b, 0x0015 1xv 2d 2i
1xv 2d 2i: Got FFEE vs FFF0: FAIL
PASS: 0b, 0x0015 16xv 2d 2i
FAIL: 0b, 0x0015 1xs 4d 2i
1xs 4d 2i: Got 00000004 vs 00000005: FAIL
PASS: 0b, 0x0015 16xs 4d 2i
FAIL: 0b, 0x0015 1xv 4d 2i
1xv 4d 2i: Got FFEE vs FFF0: FAIL
PASS: 0b, 0x0015 16xv 4d 2i
FAIL: 0b, 0x0015 1xs 1d 4i
1xs 1d 4i: Got 00000004 vs 00000005: FAIL
PASS: 0b, 0x0015 16xs 1d 4i
FAIL: 0b, 0x0015 1xv 1d 4i
1xv 1d 4i: Got FFF9 vs FFFB: FAIL
PASS: 0b, 0x0015 16xv 1d 4i
FAIL: 0b, 0x0015 1xs 2d 4i
1xs 2d 4i: Got 00000004 vs 00000005: FAIL
PASS: 0b, 0x0015 16xs 2d 4i
FAIL: 0b, 0x0015 1xv 2d 4i
1xv 2d 4i: Got FFF9 vs FFFB: FAIL
PASS: 0b, 0x0015 16xv 2d 4i
FAIL: 0b, 0x0015 1xs 4d 4i
1xs 4d 4i: Got 00000004 vs 00000005: FAIL
PASS: 0b, 0x0015 16xs 4d 4i
FAIL: 0b, 0x0015 1xv 4d 4i
1xv 4d 4i: Got FFF9 vs FFFB: FAIL
PASS: 0b, 0x0015 16xv 4d 4i
Timer count-up test: 0b, 0x0020
PASS: 0b, 0x0020 1xs 1d 1i
PASS: 0b, 0x0020 16xs 1d 1i
PASS: 0b, 0x0020 1xv 1d 1i
PASS: 0b, 0x0020 16xv 1d 1i
PASS: 0b, 0x0020 1xs 2d 1i
PASS: 0b, 0x0020 16xs 2d 1i
PASS: 0b, 0x0020 1xv 2d 1i
PASS: 0b, 0x0020 16xv 2d 1i
PASS: 0b, 0x0020 1xs 4d 1i
PASS: 0b, 0x0020 16xs 4d 1i
PASS: 0b, 0x0020 1xv 4d 1i
PASS: 0b, 0x0020 16xv 4d 1i
PASS: 0b, 0x0020 1xs 1d 2i
PASS: 0b, 0x0020 16xs 1d 2i
PASS: 0b, 0x0020 1xv 1d 2i
PASS: 0b, 0x0020 16xv 1d 2i
PASS: 0b, 0x0020 1xs 2d 2i
PASS: 0b, 0x0020 16xs 2d 2i
PASS: 0b, 0x0020 1xv 2d 2i
PASS: 0b, 0x0020 16xv 2d 2i
PASS: 0b, 0x0020 1xs 4d 2i
PASS: 0b, 0x0020 16xs 4d 2i
PASS: 0b, 0x0020 1xv 4d 2i
PASS: 0b, 0x0020 16xv 4d 2i
PASS: 0b, 0x0020 1xs 1d 4i
PASS: 0b, 0x0020 16xs 1d 4i
PASS: 0b, 0x0020 1xv 1d 4i
PASS: 0b, 0x0020 16xv 1d 4i
PASS: 0b, 0x0020 1xs 2d 4i
PASS: 0b, 0x0020 16xs 2d 4i
PASS: 0b, 0x0020 1xv 2d 4i
PASS: 0b, 0x0020 16xv 2d 4i
PASS: 0b, 0x0020 1xs 4d 4i
PASS: 0b, 0x0020 16xs 4d 4i
PASS: 0b, 0x0020 1xv 4d 4i
PASS: 0b, 0x0020 16xv 4d 4i
Timer count-up test: 0b, 0x0024
PASS: 0b, 0x0024 1xs 1d 1i
FAIL: 0b, 0x0024 16xs 1d 1i
16xs 1d 1i: Got 00000020 vs 00000030: FAIL
PASS: 0b, 0x0024 1xv 1d 1i
FAIL: 0b, 0x0024 16xv 1d 1i
16xv 1d 1i: Got FFEF vs FFF1: FAIL
PASS: 0b, 0x0024 1xs 2d 1i
FAIL: 0b, 0x0024 16xs 2d 1i
16xs 2d 1i: Got 00000020 vs 00000030: FAIL
PASS: 0b, 0x0024 1xv 2d 1i
FAIL: 0b, 0x0024 16xv 2d 1i
16xv 2d 1i: Got FFEF vs FFF1: FAIL
PASS: 0b, 0x0024 1xs 4d 1i
FAIL: 0b, 0x0024 16xs 4d 1i
16xs 4d 1i: Got 00000020 vs 00000030: FAIL
PASS: 0b, 0x0024 1xv 4d 1i
FAIL: 0b, 0x0024 16xv 4d 1i
16xv 4d 1i: Got FFEF vs FFF1: FAIL
PASS: 0b, 0x0024 1xs 1d 2i
FAIL: 0b, 0x0024 16xs 1d 2i
16xs 1d 2i: Got 00000020 vs 00000030: FAIL
PASS: 0b, 0x0024 1xv 1d 2i
FAIL: 0b, 0x0024 16xv 1d 2i
16xv 1d 2i: Got FFFC vs FFFE: FAIL
PASS: 0b, 0x0024 1xs 2d 2i
FAIL: 0b, 0x0024 16xs 2d 2i
16xs 2d 2i: Got 00000020 vs 00000030: FAIL
PASS: 0b, 0x0024 1xv 2d 2i
FAIL: 0b, 0x0024 16xv 2d 2i
16xv 2d 2i: Got FFFC vs FFFE: FAIL
PASS: 0b, 0x0024 1xs 4d 2i
FAIL: 0b, 0x0024 16xs 4d 2i
16xs 4d 2i: Got 00000020 vs 00000030: FAIL
PASS: 0b, 0x0024 1xv 4d 2i
FAIL: 0b, 0x0024 16xv 4d 2i
16xv 4d 2i: Got FFFC vs FFFE: FAIL
PASS: 0b, 0x0024 1xs 1d 4i
FAIL: 0b, 0x0024 16xs 1d 4i
16xs 1d 4i: Got 00000020 vs 00000030: FAIL
PASS: 0b, 0x0024 1xv 1d 4i
FAIL: 0b, 0x0024 16xv 1d 4i
16xv 1d 4i: Got FFF2 vs FFF4: FAIL
PASS: 0b, 0x0024 1xs 2d 4i
FAIL: 0b, 0x0024 16xs 2d 4i
16xs 2d 4i: Got 00000020 vs 00000030: FAIL
PASS: 0b, 0x0024 1xv 2d 4i
FAIL: 0b, 0x0024 16xv 2d 4i
16xv 2d 4i: Got FFF2 vs FFF4: FAIL
PASS: 0b, 0x0024 1xs 4d 4i
FAIL: 0b, 0x0024 16xs 4d 4i
16xs 4d 4i: Got 00000020 vs 00000030: FAIL
PASS: 0b, 0x0024 1xv 4d 4i
FAIL: 0b, 0x0024 16xv 4d 4i
16xv 4d 4i: Got FFF2 vs FFF4: FAIL
Timer count-up test: 0b, 0x0025
FAIL: 0b, 0x0025 1xs 1d 1i
1xs 1d 1i: Got 00000006 vs 00000007: FAIL
PASS: 0b, 0x0025 16xs 1d 1i
FAIL: 0b, 0x0025 1xv 1d 1i
1xv 1d 1i: Got FFED vs FFEF: FAIL
PASS: 0b, 0x0025 16xv 1d 1i
FAIL: 0b, 0x0025 1xs 2d 1i
1xs 2d 1i: Got 00000006 vs 00000007: FAIL
PASS: 0b, 0x0025 16xs 2d 1i
FAIL: 0b, 0x0025 1xv 2d 1i
1xv 2d 1i: Got FFED vs FFEF: FAIL
PASS: 0b, 0x0025 16xv 2d 1i
FAIL: 0b, 0x0025 1xs 4d 1i
1xs 4d 1i: Got 00000006 vs 00000007: FAIL
PASS: 0b, 0x0025 16xs 4d 1i
FAIL: 0b, 0x0025 1xv 4d 1i
1xv 4d 1i: Got FFED vs FFEF: FAIL
PASS: 0b, 0x0025 16xv 4d 1i
FAIL: 0b, 0x0025 1xs 1d 2i
1xs 1d 2i: Got 00000006 vs 00000007: FAIL
PASS: 0b, 0x0025 16xs 1d 2i
FAIL: 0b, 0x0025 1xv 1d 2i
1xv 1d 2i: Got FFF7 vs FFF9: FAIL
PASS: 0b, 0x0025 16xv 1d 2i
FAIL: 0b, 0x0025 1xs 2d 2i
1xs 2d 2i: Got 00000006 vs 00000007: FAIL
PASS: 0b, 0x0025 16xs 2d 2i
FAIL: 0b, 0x0025 1xv 2d 2i
1xv 2d 2i: Got FFF7 vs FFF9: FAIL
PASS: 0b, 0x0025 16xv 2d 2i
FAIL: 0b, 0x0025 1xs 4d 2i
1xs 4d 2i: Got 00000006 vs 00000007: FAIL
PASS: 0b, 0x0025 16xs 4d 2i
FAIL: 0b, 0x0025 1xv 4d 2i
1xv 4d 2i: Got FFF7 vs FFF9: FAIL
PASS: 0b, 0x0025 16xv 4d 2i
FAIL: 0b, 0x0025 1xs 1d 4i
1xs 1d 4i: Got 00000006 vs 00000007: FAIL
PASS: 0b, 0x0025 16xs 1d 4i
FAIL: 0b, 0x0025 1xv 1d 4i
1xv 1d 4i: Got FFE6 vs FFE8: FAIL
PASS: 0b, 0x0025 16xv 1d 4i
FAIL: 0b, 0x0025 1xs 2d 4i
1xs 2d 4i: Got 00000006 vs 00000007: FAIL
PASS: 0b, 0x0025 16xs 2d 4i
FAIL: 0b, 0x0025 1xv 2d 4i
1xv 2d 4i: Got FFE6 vs FFE8: FAIL
PASS: 0b, 0x0025 16xv 2d 4i
FAIL: 0b, 0x0025 1xs 4d 4i
1xs 4d 4i: Got 00000006 vs 00000007: FAIL
PASS: 0b, 0x0025 16xs 4d 4i
FAIL: 0b, 0x0025 1xv 4d 4i
1xv 4d 4i: Got FFE6 vs FFE8: FAIL
PASS: 0b, 0x0025 16xv 4d 4i
Timer count-up test: 0b, 0x0040
PASS: 0b, 0x0040 1xs 1d 1i
PASS: 0b, 0x0040 16xs 1d 1i
PASS: 0b, 0x0040 1xv 1d 1i
PASS: 0b, 0x0040 16xv 1d 1i
PASS: 0b, 0x0040 1xs 2d 1i
PASS: 0b, 0x0040 16xs 2d 1i
PASS: 0b, 0x0040 1xv 2d 1i
PASS: 0b, 0x0040 16xv 2d 1i
PASS: 0b, 0x0040 1xs 4d 1i
PASS: 0b, 0x0040 16xs 4d 1i
PASS: 0b, 0x0040 1xv 4d 1i
PASS: 0b, 0x0040 16xv 4d 1i
PASS: 0b, 0x0040 1xs 1d 2i
PASS: 0b, 0x0040 16xs 1d 2i
PASS: 0b, 0x0040 1xv 1d 2i
PASS: 0b, 0x0040 16xv 1d 2i
PASS: 0b, 0x0040 1xs 2d 2i
PASS: 0b, 0x0040 16xs 2d 2i
PASS: 0b, 0x0040 1xv 2d 2i
PASS: 0b, 0x0040 16xv 2d 2i
PASS: 0b, 0x0040 1xs 4d 2i
PASS: 0b, 0x0040 16xs 4d 2i
PASS: 0b, 0x0040 1xv 4d 2i
PASS: 0b, 0x0040 16xv 4d 2i
FAIL: 0b, 0x0040 1xs 1d 4i
1xs 1d 4i: Got 0000000C vs 0000000D: FAIL
PASS: 0b, 0x0040 16xs 1d 4i
FAIL: 0b, 0x0040 1xv 1d 4i
1xv 1d 4i: Got FFDC vs FFDE: FAIL
PASS: 0b, 0x0040 16xv 1d 4i
FAIL: 0b, 0x0040 1xs 2d 4i
1xs 2d 4i: Got 0000000C vs 0000000D: FAIL
PASS: 0b, 0x0040 16xs 2d 4i
FAIL: 0b, 0x0040 1xv 2d 4i
1xv 2d 4i: Got FFDC vs FFDE: FAIL
PASS: 0b, 0x0040 16xv 2d 4i
FAIL: 0b, 0x0040 1xs 4d 4i
1xs 4d 4i: Got 0000000C vs 0000000D: FAIL
PASS: 0b, 0x0040 16xs 4d 4i
FAIL: 0b, 0x0040 1xv 4d 4i
1xv 4d 4i: Got FFDC vs FFDE: FAIL
PASS: 0b, 0x0040 16xv 4d 4i
Timer count-up test: 0b, 0x0080
PASS: 0b, 0x0080 1xs 1d 1i
FAIL: 0b, 0x0080 16xs 1d 1i
16xs 1d 1i: Got 00000060 vs 00000070: FAIL
PASS: 0b, 0x0080 1xv 1d 1i
FAIL: 0b, 0x0080 16xv 1d 1i
16xv 1d 1i: Got FFDB vs FFDD: FAIL
PASS: 0b, 0x0080 1xs 2d 1i
FAIL: 0b, 0x0080 16xs 2d 1i
16xs 2d 1i: Got 00000060 vs 00000070: FAIL
PASS: 0b, 0x0080 1xv 2d 1i
FAIL: 0b, 0x0080 16xv 2d 1i
16xv 2d 1i: Got FFDB vs FFDD: FAIL
PASS: 0b, 0x0080 1xs 4d 1i
FAIL: 0b, 0x0080 16xs 4d 1i
16xs 4d 1i: Got 00000060 vs 00000070: FAIL
PASS: 0b, 0x0080 1xv 4d 1i
FAIL: 0b, 0x0080 16xv 4d 1i
16xv 4d 1i: Got FFDB vs FFDD: FAIL
PASS: 0b, 0x0080 1xs 1d 2i
PASS: 0b, 0x0080 16xs 1d 2i
PASS: 0b, 0x0080 1xv 1d 2i
PASS: 0b, 0x0080 16xv 1d 2i
PASS: 0b, 0x0080 1xs 2d 2i
PASS: 0b, 0x0080 16xs 2d 2i
PASS: 0b, 0x0080 1xv 2d 2i
PASS: 0b, 0x0080 16xv 2d 2i
PASS: 0b, 0x0080 1xs 4d 2i
PASS: 0b, 0x0080 16xs 4d 2i
PASS: 0b, 0x0080 1xv 4d 2i
PASS: 0b, 0x0080 16xv 4d 2i
FAIL: 0b, 0x0080 1xs 1d 4i
1xs 1d 4i: Got 00000014 vs 00000015: FAIL
PASS: 0b, 0x0080 16xs 1d 4i
FAIL: 0b, 0x0080 1xv 1d 4i
1xv 1d 4i: Got FFDC vs FFDE: FAIL
PASS: 0b, 0x0080 16xv 1d 4i
FAIL: 0b, 0x0080 1xs 2d 4i
1xs 2d 4i: Got 00000014 vs 00000015: FAIL
PASS: 0b, 0x0080 16xs 2d 4i
FAIL: 0b, 0x0080 1xv 2d 4i
1xv 2d 4i: Got FFDC vs FFDE: FAIL
PASS: 0b, 0x0080 16xv 2d 4i
FAIL: 0b, 0x0080 1xs 4d 4i
1xs 4d 4i: Got 00000014 vs 00000015: FAIL
PASS: 0b, 0x0080 16xs 4d 4i
FAIL: 0b, 0x0080 1xv 4d 4i
1xv 4d 4i: Got FFDC vs FFDE: FAIL
PASS: 0b, 0x0080 16xv 4d 4i
Timer count-up test: 0b, 0x0800
PASS: 0b, 0x0800 1xs 1d 1i
PASS: 0b, 0x0800 16xs 1d 1i
PASS: 0b, 0x0800 1xv 1d 1i
PASS: 0b, 0x0800 16xv 1d 1i
PASS: 0b, 0x0800 1xs 2d 1i
PASS: 0b, 0x0800 16xs 2d 1i
PASS: 0b, 0x0800 1xv 2d 1i
PASS: 0b, 0x0800 16xv 2d 1i
PASS: 0b, 0x0800 1xs 4d 1i
PASS: 0b, 0x0800 16xs 4d 1i
PASS: 0b, 0x0800 1xv 4d 1i
PASS: 0b, 0x0800 16xv 4d 1i
PASS: 0b, 0x0800 1xs 1d 2i
PASS: 0b, 0x0800 16xs 1d 2i
PASS: 0b, 0x0800 1xv 1d 2i
PASS: 0b, 0x0800 16xv 1d 2i
PASS: 0b, 0x0800 1xs 2d 2i
PASS: 0b, 0x0800 16xs 2d 2i
PASS: 0b, 0x0800 1xv 2d 2i
PASS: 0b, 0x0800 16xv 2d 2i
PASS: 0b, 0x0800 1xs 4d 2i
PASS: 0b, 0x0800 16xs 4d 2i
PASS: 0b, 0x0800 1xv 4d 2i
PASS: 0b, 0x0800 16xv 4d 2i
FAIL: 0b, 0x0800 1xs 1d 4i
1xs 1d 4i: Got 000003D4 vs 000003D5: FAIL
PASS: 0b, 0x0800 16xs 1d 4i
FAIL: 0b, 0x0800 1xv 1d 4i
1xv 1d 4i: Got F85C vs F85E: FAIL
PASS: 0b, 0x0800 16xv 1d 4i
FAIL: 0b, 0x0800 1xs 2d 4i
1xs 2d 4i: Got 000003D4 vs 000003D5: FAIL
PASS: 0b, 0x0800 16xs 2d 4i
FAIL: 0b, 0x0800 1xv 2d 4i
1xv 2d 4i: Got F85C vs F85E: FAIL
PASS: 0b, 0x0800 16xv 2d 4i
FAIL: 0b, 0x0800 1xs 4d 4i
1xs 4d 4i: Got 000003D4 vs 000003D5: FAIL
PASS: 0b, 0x0800 16xs 4d 4i
FAIL: 0b, 0x0800 1xv 4d 4i
1xv 4d 4i: Got F85C vs F85E: FAIL
PASS: 0b, 0x0800 16xv 4d 4i
Timer count-up test: 0b, 0x8000
PASS: 0b, 0x8000 1xs 1d 1i
PASS: 0b, 0x8000 16xs 1d 1i
PASS: 0b, 0x8000 1xv 1d 1i
PASS: 0b, 0x8000 16xv 1d 1i
PASS: 0b, 0x8000 1xs 2d 1i
PASS: 0b, 0x8000 16xs 2d 1i
PASS: 0b, 0x8000 1xv 2d 1i
PASS: 0b, 0x8000 16xv 2d 1i
PASS: 0b, 0x8000 1xs 4d 1i
PASS: 0b, 0x8000 16xs 4d 1i
PASS: 0b, 0x8000 1xv 4d 1i
PASS: 0b, 0x8000 16xv 4d 1i
PASS: 0b, 0x8000 1xs 1d 2i
PASS: 0b, 0x8000 16xs 1d 2i
PASS: 0b, 0x8000 1xv 1d 2i
PASS: 0b, 0x8000 16xv 1d 2i
PASS: 0b, 0x8000 1xs 2d 2i
PASS: 0b, 0x8000 16xs 2d 2i
PASS: 0b, 0x8000 1xv 2d 2i
PASS: 0b, 0x8000 16xv 2d 2i
PASS: 0b, 0x8000 1xs 4d 2i
PASS: 0b, 0x8000 16xs 4d 2i
PASS: 0b, 0x8000 1xv 4d 2i
PASS: 0b, 0x8000 16xv 4d 2i
FAIL: 0b, 0x8000 1xs 1d 4i
1xs 1d 4i: Got 00003FD4 vs 00003FD5: FAIL
PASS: 0b, 0x8000 16xs 1d 4i
FAIL: 0b, 0x8000 1xv 1d 4i
1xv 1d 4i: Got 805C vs 805E: FAIL
PASS: 0b, 0x8000 16xv 1d 4i
FAIL: 0b, 0x8000 1xs 2d 4i
1xs 2d 4i: Got 00003FD4 vs 00003FD5: FAIL
PASS: 0b, 0x8000 16xs 2d 4i
FAIL: 0b, 0x8000 1xv 2d 4i
1xv 2d 4i: Got 805C vs 805E: FAIL
PASS: 0b, 0x8000 16xv 2d 4i
FAIL: 0b, 0x8000 1xs 4d 4i
1xs 4d 4i: Got 00003FD4 vs 00003FD5: FAIL
PASS: 0b, 0x8000 16xs 4d 4i
FAIL: 0b, 0x8000 1xv 4d 4i
1xv 4d 4i: Got 805C vs 805E: FAIL
PASS: 0b, 0x8000 16xv 4d 4i
Timer count-up test: 6b, 0x0010
PASS: 6b, 0x0010 1xs 1d 1i
PASS: 6b, 0x0010 16xs 1d 1i
PASS: 6b, 0x0010 1xv 1d 1i
PASS: 6b, 0x0010 16xv 1d 1i
PASS: 6b, 0x0010 1xs 2d 1i
PASS: 6b, 0x0010 16xs 2d 1i
PASS: 6b, 0x0010 1xv 2d 1i
PASS: 6b, 0x0010 16xv 2d 1i
PASS: 6b, 0x0010 1xs 4d 1i
PASS: 6b, 0x0010 16xs 4d 1i
PASS: 6b, 0x0010 1xv 4d 1i
PASS: 6b, 0x0010 16xv 4d 1i
PASS: 6b, 0x0010 1xs 1d 2i
PASS: 6b, 0x0010 16xs 1d 2i
PASS: 6b, 0x0010 1xv 1d 2i
PASS: 6b, 0x0010 16xv 1d 2i
PASS: 6b, 0x0010 1xs 2d 2i
PASS: 6b, 0x0010 16xs 2d 2i
PASS: 6b, 0x0010 1xv 2d 2i
PASS: 6b, 0x0010 16xv 2d 2i
PASS: 6b, 0x0010 1xs 4d 2i
PASS: 6b, 0x0010 16xs 4d 2i
PASS: 6b, 0x0010 1xv 4d 2i
PASS: 6b, 0x0010 16xv 4d 2i
PASS: 6b, 0x0010 1xs 1d 4i
PASS: 6b, 0x0010 16xs 1d 4i
PASS: 6b, 0x0010 1xv 1d 4i
PASS: 6b, 0x0010 16xv 1d 4i
PASS: 6b, 0x0010 1xs 2d 4i
PASS: 6b, 0x0010 16xs 2d 4i
PASS: 6b, 0x0010 1xv 2d 4i
PASS: 6b, 0x0010 16xv 2d 4i
PASS: 6b, 0x0010 1xs 4d 4i
PASS: 6b, 0x0010 16xs 4d 4i
PASS: 6b, 0x0010 1xv 4d 4i
PASS: 6b, 0x0010 16xv 4d 4i
Timer count-up test: 6b, 0x0011
PASS: 6b, 0x0011 1xs 1d 1i
PASS: 6b, 0x0011 16xs 1d 1i
PASS: 6b, 0x0011 1xv 1d 1i
PASS: 6b, 0x0011 16xv 1d 1i
PASS: 6b, 0x0011 1xs 2d 1i
PASS: 6b, 0x0011 16xs 2d 1i
PASS: 6b, 0x0011 1xv 2d 1i
PASS: 6b, 0x0011 16xv 2d 1i
PASS: 6b, 0x0011 1xs 4d 1i
PASS: 6b, 0x0011 16xs 4d 1i
PASS: 6b, 0x0011 1xv 4d 1i
PASS: 6b, 0x0011 16xv 4d 1i
PASS: 6b, 0x0011 1xs 1d 2i
PASS: 6b, 0x0011 16xs 1d 2i
PASS: 6b, 0x0011 1xv 1d 2i
PASS: 6b, 0x0011 16xv 1d 2i
PASS: 6b, 0x0011 1xs 2d 2i
PASS: 6b, 0x0011 16xs 2d 2i
PASS: 6b, 0x0011 1xv 2d 2i
PASS: 6b, 0x0011 16xv 2d 2i
PASS: 6b, 0x0011 1xs 4d 2i
PASS: 6b, 0x0011 16xs 4d 2i
PASS: 6b, 0x0011 1xv 4d 2i
PASS: 6b, 0x0011 16xv 4d 2i
PASS: 6b, 0x0011 1xs 1d 4i
PASS: 6b, 0x0011 16xs 1d 4i
PASS: 6b, 0x0011 1xv 1d 4i
PASS: 6b, 0x0011 16xv 1d 4i
PASS: 6b, 0x0011 1xs 2d 4i
PASS: 6b, 0x0011 16xs 2d 4i
PASS: 6b, 0x0011 1xv 2d 4i
PASS: 6b, 0x0011 16xv 2d 4i
PASS: 6b, 0x0011 1xs 4d 4i
PASS: 6b, 0x0011 16xs 4d 4i
PASS: 6b, 0x0011 1xv 4d 4i
PASS: 6b, 0x0011 16xv 4d 4i
Timer count-up test: 6b, 0x0012
PASS: 6b, 0x0012 1xs 1d 1i
PASS: 6b, 0x0012 16xs 1d 1i
PASS: 6b, 0x0012 1xv 1d 1i
PASS: 6b, 0x0012 16xv 1d 1i
PASS: 6b, 0x0012 1xs 2d 1i
PASS: 6b, 0x0012 16xs 2d 1i
PASS: 6b, 0x0012 1xv 2d 1i
PASS: 6b, 0x0012 16xv 2d 1i
PASS: 6b, 0x0012 1xs 4d 1i
PASS: 6b, 0x0012 16xs 4d 1i
PASS: 6b, 0x0012 1xv 4d 1i
PASS: 6b, 0x0012 16xv 4d 1i
PASS: 6b, 0x0012 1xs 1d 2i
PASS: 6b, 0x0012 16xs 1d 2i
PASS: 6b, 0x0012 1xv 1d 2i
PASS: 6b, 0x0012 16xv 1d 2i
PASS: 6b, 0x0012 1xs 2d 2i
PASS: 6b, 0x0012 16xs 2d 2i
PASS: 6b, 0x0012 1xv 2d 2i
PASS: 6b, 0x0012 16xv 2d 2i
PASS: 6b, 0x0012 1xs 4d 2i
PASS: 6b, 0x0012 16xs 4d 2i
PASS: 6b, 0x0012 1xv 4d 2i
PASS: 6b, 0x0012 16xv 4d 2i
PASS: 6b, 0x0012 1xs 1d 4i
PASS: 6b, 0x0012 16xs 1d 4i
PASS: 6b, 0x0012 1xv 1d 4i
PASS: 6b, 0x0012 16xv 1d 4i
PASS: 6b, 0x0012 1xs 2d 4i
PASS: 6b, 0x0012 16xs 2d 4i
PASS: 6b, 0x0012 1xv 2d 4i
PASS: 6b, 0x0012 16xv 2d 4i
PASS: 6b, 0x0012 1xs 4d 4i
PASS: 6b, 0x0012 16xs 4d 4i
PASS: 6b, 0x0012 1xv 4d 4i
PASS: 6b, 0x0012 16xv 4d 4i
Timer count-up test: 6b, 0x0013
PASS: 6b, 0x0013 1xs 1d 1i
PASS: 6b, 0x0013 16xs 1d 1i
PASS: 6b, 0x0013 1xv 1d 1i
PASS: 6b, 0x0013 16xv 1d 1i
PASS: 6b, 0x0013 1xs 2d 1i
PASS: 6b, 0x0013 16xs 2d 1i
PASS: 6b, 0x0013 1xv 2d 1i
PASS: 6b, 0x0013 16xv 2d 1i
PASS: 6b, 0x0013 1xs 4d 1i
PASS: 6b, 0x0013 16xs 4d 1i
PASS: 6b, 0x0013 1xv 4d 1i
PASS: 6b, 0x0013 16xv 4d 1i
PASS: 6b, 0x0013 1xs 1d 2i
PASS: 6b, 0x0013 16xs 1d 2i
PASS: 6b, 0x0013 1xv 1d 2i
PASS: 6b, 0x0013 16xv 1d 2i
PASS: 6b, 0x0013 1xs 2d 2i
PASS: 6b, 0x0013 16xs 2d 2i
PASS: 6b, 0x0013 1xv 2d 2i
PASS: 6b, 0x0013 16xv 2d 2i
PASS: 6b, 0x0013 1xs 4d 2i
PASS: 6b, 0x0013 16xs 4d 2i
PASS: 6b, 0x0013 1xv 4d 2i
PASS: 6b, 0x0013 16xv 4d 2i
PASS: 6b, 0x0013 1xs 1d 4i
PASS: 6b, 0x0013 16xs 1d 4i
PASS: 6b, 0x0013 1xv 1d 4i
PASS: 6b, 0x0013 16xv 1d 4i
PASS: 6b, 0x0013 1xs 2d 4i
PASS: 6b, 0x0013 16xs 2d 4i
PASS: 6b, 0x0013 1xv 2d 4i
PASS: 6b, 0x0013 16xv 2d 4i
PASS: 6b, 0x0013 1xs 4d 4i
PASS: 6b, 0x0013 16xs 4d 4i
PASS: 6b, 0x0013 1xv 4d 4i
PASS: 6b, 0x0013 16xv 4d 4i
Timer count-up test: 8b, 0x0010
PASS: 8b, 0x0010 1xs 1d 1i
PASS: 8b, 0x0010 16xs 1d 1i
PASS: 8b, 0x0010 1xv 1d 1i
PASS: 8b, 0x0010 16xv 1d 1i
PASS: 8b, 0x0010 1xs 2d 1i
PASS: 8b, 0x0010 16xs 2d 1i
PASS: 8b, 0x0010 1xv 2d 1i
PASS: 8b, 0x0010 16xv 2d 1i
PASS: 8b, 0x0010 1xs 4d 1i
PASS: 8b, 0x0010 16xs 4d 1i
PASS: 8b, 0x0010 1xv 4d 1i
PASS: 8b, 0x0010 16xv 4d 1i
PASS: 8b, 0x0010 1xs 1d 2i
PASS: 8b, 0x0010 16xs 1d 2i
PASS: 8b, 0x0010 1xv 1d 2i
PASS: 8b, 0x0010 16xv 1d 2i
PASS: 8b, 0x0010 1xs 2d 2i
PASS: 8b, 0x0010 16xs 2d 2i
PASS: 8b, 0x0010 1xv 2d 2i
PASS: 8b, 0x0010 16xv 2d 2i
PASS: 8b, 0x0010 1xs 4d 2i
PASS: 8b, 0x0010 16xs 4d 2i
PASS: 8b, 0x0010 1xv 4d 2i
PASS: 8b, 0x0010 16xv 4d 2i
PASS: 8b, 0x0010 1xs 1d 4i
PASS: 8b, 0x0010 16xs 1d 4i
PASS: 8b, 0x0010 1xv 1d 4i
PASS: 8b, 0x0010 16xv 1d 4i
PASS: 8b, 0x0010 1xs 2d 4i
PASS: 8b, 0x0010 16xs 2d 4i
PASS: 8b, 0x0010 1xv 2d 4i
PASS: 8b, 0x0010 16xv 2d 4i
PASS: 8b, 0x0010 1xs 4d 4i
PASS: 8b, 0x0010 16xs 4d 4i
PASS: 8b, 0x0010 1xv 4d 4i
PASS: 8b, 0x0010 16xv 4d 4i
Timer count-up test: 8b, 0x0011
PASS: 8b, 0x0011 1xs 1d 1i
PASS: 8b, 0x0011 16xs 1d 1i
PASS: 8b, 0x0011 1xv 1d 1i
PASS: 8b, 0x0011 16xv 1d 1i
PASS: 8b, 0x0011 1xs 2d 1i
PASS: 8b, 0x0011 16xs 2d 1i
PASS: 8b, 0x0011 1xv 2d 1i
PASS: 8b, 0x0011 16xv 2d 1i
PASS: 8b, 0x0011 1xs 4d 1i
PASS: 8b, 0x0011 16xs 4d 1i
PASS: 8b, 0x0011 1xv 4d 1i
PASS: 8b, 0x0011 16xv 4d 1i
PASS: 8b, 0x0011 1xs 1d 2i
PASS: 8b, 0x0011 16xs 1d 2i
PASS: 8b, 0x0011 1xv 1d 2i
PASS: 8b, 0x0011 16xv 1d 2i
PASS: 8b, 0x0011 1xs 2d 2i
PASS: 8b, 0x0011 16xs 2d 2i
PASS: 8b, 0x0011 1xv 2d 2i
PASS: 8b, 0x0011 16xv 2d 2i
PASS: 8b, 0x0011 1xs 4d 2i
PASS: 8b, 0x0011 16xs 4d 2i
PASS: 8b, 0x0011 1xv 4d 2i
PASS: 8b, 0x0011 16xv 4d 2i
PASS: 8b, 0x0011 1xs 1d 4i
PASS: 8b, 0x0011 16xs 1d 4i
PASS: 8b, 0x0011 1xv 1d 4i
PASS: 8b, 0x0011 16xv 1d 4i
PASS: 8b, 0x0011 1xs 2d 4i
PASS: 8b, 0x0011 16xs 2d 4i
PASS: 8b, 0x0011 1xv 2d 4i
PASS: 8b, 0x0011 16xv 2d 4i
PASS: 8b, 0x0011 1xs 4d 4i
PASS: 8b, 0x0011 16xs 4d 4i
PASS: 8b, 0x0011 1xv 4d 4i
PASS: 8b, 0x0011 16xv 4d 4i
Timer count-up test: 8b, 0x0012
PASS: 8b, 0x0012 1xs 1d 1i
PASS: 8b, 0x0012 16xs 1d 1i
PASS: 8b, 0x0012 1xv 1d 1i
PASS: 8b, 0x0012 16xv 1d 1i
PASS: 8b, 0x0012 1xs 2d 1i
PASS: 8b, 0x0012 16xs 2d 1i
PASS: 8b, 0x0012 1xv 2d 1i
PASS: 8b, 0x0012 16xv 2d 1i
PASS: 8b, 0x0012 1xs 4d 1i
PASS: 8b, 0x0012 16xs 4d 1i
PASS: 8b, 0x0012 1xv 4d 1i
PASS: 8b, 0x0012 16xv 4d 1i
PASS: 8b, 0x0012 1xs 1d 2i
FAIL: 8b, 0x0012 16xs 1d 2i
16xs 1d 2i: Got 00001840 vs 00001850: FAIL
PASS: 8b, 0x0012 1xv 1d 2i
PASS: 8b, 0x0012 16xv 1d 2i
PASS: 8b, 0x0012 1xs 2d 2i
PASS: 8b, 0x0012 16xs 2d 2i
PASS: 8b, 0x0012 1xv 2d 2i
PASS: 8b, 0x0012 16xv 2d 2i
PASS: 8b, 0x0012 1xs 4d 2i
PASS: 8b, 0x0012 16xs 4d 2i
PASS: 8b, 0x0012 1xv 4d 2i
PASS: 8b, 0x0012 16xv 4d 2i
PASS: 8b, 0x0012 1xs 1d 4i
PASS: 8b, 0x0012 16xs 1d 4i
PASS: 8b, 0x0012 1xv 1d 4i
PASS: 8b, 0x0012 16xv 1d 4i
PASS: 8b, 0x0012 1xs 2d 4i
PASS: 8b, 0x0012 16xs 2d 4i
PASS: 8b, 0x0012 1xv 2d 4i
PASS: 8b, 0x0012 16xv 2d 4i
PASS: 8b, 0x0012 1xs 4d 4i
PASS: 8b, 0x0012 16xs 4d 4i
PASS: 8b, 0x0012 1xv 4d 4i
PASS: 8b, 0x0012 16xv 4d 4i
Timer count-up test: 8b, 0x0013
PASS: 8b, 0x0013 1xs 1d 1i
PASS: 8b, 0x0013 16xs 1d 1i
PASS: 8b, 0x0013 1xv 1d 1i
PASS: 8b, 0x0013 16xv 1d 1i
PASS: 8b, 0x0013 1xs 2d 1i
PASS: 8b, 0x0013 16xs 2d 1i
PASS: 8b, 0x0013 1xv 2d 1i
PASS: 8b, 0x0013 16xv 2d 1i
PASS: 8b, 0x0013 1xs 4d 1i
PASS: 8b, 0x0013 16xs 4d 1i
PASS: 8b, 0x0013 1xv 4d 1i
PASS: 8b, 0x0013 16xv 4d 1i
PASS: 8b, 0x0013 1xs 1d 2i
PASS: 8b, 0x0013 16xs 1d 2i
PASS: 8b, 0x0013 1xv 1d 2i
PASS: 8b, 0x0013 16xv 1d 2i
PASS: 8b, 0x0013 1xs 2d 2i
PASS: 8b, 0x0013 16xs 2d 2i
PASS: 8b, 0x0013 1xv 2d 2i
PASS: 8b, 0x0013 16xv 2d 2i
PASS: 8b, 0x0013 1xs 4d 2i
PASS: 8b, 0x0013 16xs 4d 2i
PASS: 8b, 0x0013 1xv 4d 2i
PASS: 8b, 0x0013 16xv 4d 2i
PASS: 8b, 0x0013 1xs 1d 4i
PASS: 8b, 0x0013 16xs 1d 4i
PASS: 8b, 0x0013 1xv 1d 4i
PASS: 8b, 0x0013 16xv 1d 4i
PASS: 8b, 0x0013 1xs 2d 4i
PASS: 8b, 0x0013 16xs 2d 4i
PASS: 8b, 0x0013 1xv 2d 4i
PASS: 8b, 0x0013 16xv 2d 4i
PASS: 8b, 0x0013 1xs 4d 4i
PASS: 8b, 0x0013 16xs 4d 4i
PASS: 8b, 0x0013 1xv 4d 4i
PASS: 8b, 0x0013 16xv 4d 4i
Timer count-up test: 10b, 0x0010
PASS: 10b, 0x0010 1xs 1d 1i
PASS: 10b, 0x0010 16xs 1d 1i
PASS: 10b, 0x0010 1xv 1d 1i
PASS: 10b, 0x0010 16xv 1d 1i
PASS: 10b, 0x0010 1xs 2d 1i
PASS: 10b, 0x0010 16xs 2d 1i
PASS: 10b, 0x0010 1xv 2d 1i
PASS: 10b, 0x0010 16xv 2d 1i
PASS: 10b, 0x0010 1xs 4d 1i
PASS: 10b, 0x0010 16xs 4d 1i
PASS: 10b, 0x0010 1xv 4d 1i
PASS: 10b, 0x0010 16xv 4d 1i
PASS: 10b, 0x0010 1xs 1d 2i
FAIL: 10b, 0x0010 16xs 1d 2i
16xs 1d 2i: Got 00005840 vs 00005850: FAIL
PASS: 10b, 0x0010 1xv 1d 2i
PASS: 10b, 0x0010 16xv 1d 2i
PASS: 10b, 0x0010 1xs 2d 2i
PASS: 10b, 0x0010 16xs 2d 2i
PASS: 10b, 0x0010 1xv 2d 2i
PASS: 10b, 0x0010 16xv 2d 2i
PASS: 10b, 0x0010 1xs 4d 2i
PASS: 10b, 0x0010 16xs 4d 2i
PASS: 10b, 0x0010 1xv 4d 2i
PASS: 10b, 0x0010 16xv 4d 2i
PASS: 10b, 0x0010 1xs 1d 4i
PASS: 10b, 0x0010 16xs 1d 4i
PASS: 10b, 0x0010 1xv 1d 4i
PASS: 10b, 0x0010 16xv 1d 4i
PASS: 10b, 0x0010 1xs 2d 4i
PASS: 10b, 0x0010 16xs 2d 4i
PASS: 10b, 0x0010 1xv 2d 4i
PASS: 10b, 0x0010 16xv 2d 4i
PASS: 10b, 0x0010 1xs 4d 4i
PASS: 10b, 0x0010 16xs 4d 4i
PASS: 10b, 0x0010 1xv 4d 4i
PASS: 10b, 0x0010 16xv 4d 4i
Timer count-up test: 10b, 0x0011
PASS: 10b, 0x0011 1xs 1d 1i
PASS: 10b, 0x0011 16xs 1d 1i
PASS: 10b, 0x0011 1xv 1d 1i
PASS: 10b, 0x0011 16xv 1d 1i
PASS: 10b, 0x0011 1xs 2d 1i
PASS: 10b, 0x0011 16xs 2d 1i
PASS: 10b, 0x0011 1xv 2d 1i
PASS: 10b, 0x0011 16xv 2d 1i
PASS: 10b, 0x0011 1xs 4d 1i
PASS: 10b, 0x0011 16xs 4d 1i
PASS: 10b, 0x0011 1xv 4d 1i
PASS: 10b, 0x0011 16xv 4d 1i
PASS: 10b, 0x0011 1xs 1d 2i
PASS: 10b, 0x0011 16xs 1d 2i
PASS: 10b, 0x0011 1xv 1d 2i
PASS: 10b, 0x0011 16xv 1d 2i
PASS: 10b, 0x0011 1xs 2d 2i
PASS: 10b, 0x0011 16xs 2d 2i
PASS: 10b, 0x0011 1xv 2d 2i
PASS: 10b, 0x0011 16xv 2d 2i
PASS: 10b, 0x0011 1xs 4d 2i
PASS: 10b, 0x0011 16xs 4d 2i
PASS: 10b, 0x0011 1xv 4d 2i
PASS: 10b, 0x0011 16xv 4d 2i
PASS: 10b, 0x0011 1xs 1d 4i
PASS: 10b, 0x0011 16xs 1d 4i
PASS: 10b, 0x0011 1xv 1d 4i
PASS: 10b, 0x0011 16xv 1d 4i
PASS: 10b, 0x0011 1xs 2d 4i
PASS: 10b, 0x0011 16xs 2d 4i
PASS: 10b, 0x0011 1xv 2d 4i
PASS: 10b, 0x0011 16xv 2d 4i
PASS: 10b, 0x0011 1xs 4d 4i
PASS: 10b, 0x0011 16xs 4d 4i
PASS: 10b, 0x0011 1xv 4d 4i
PASS: 10b, 0x0011 16xv 4d 4i
Timer count-up test: 10b, 0x0012
PASS: 10b, 0x0012 1xs 1d 1i
PASS: 10b, 0x0012 16xs 1d 1i
PASS: 10b, 0x0012 1xv 1d 1i
PASS: 10b, 0x0012 16xv 1d 1i
PASS: 10b, 0x0012 1xs 2d 1i
PASS: 10b, 0x0012 16xs 2d 1i
PASS: 10b, 0x0012 1xv 2d 1i
PASS: 10b, 0x0012 16xv 2d 1i
PASS: 10b, 0x0012 1xs 4d 1i
PASS: 10b, 0x0012 16xs 4d 1i
PASS: 10b, 0x0012 1xv 4d 1i
PASS: 10b, 0x0012 16xv 4d 1i
PASS: 10b, 0x0012 1xs 1d 2i
PASS: 10b, 0x0012 16xs 1d 2i
PASS: 10b, 0x0012 1xv 1d 2i
PASS: 10b, 0x0012 16xv 1d 2i
PASS: 10b, 0x0012 1xs 2d 2i
PASS: 10b, 0x0012 16xs 2d 2i
PASS: 10b, 0x0012 1xv 2d 2i
PASS: 10b, 0x0012 16xv 2d 2i
PASS: 10b, 0x0012 1xs 4d 2i
PASS: 10b, 0x0012 16xs 4d 2i
PASS: 10b, 0x0012 1xv 4d 2i
PASS: 10b, 0x0012 16xv 4d 2i
PASS: 10b, 0x0012 1xs 1d 4i
PASS: 10b, 0x0012 16xs 1d 4i
PASS: 10b, 0x0012 1xv 1d 4i
PASS: 10b, 0x0012 16xv 1d 4i
PASS: 10b, 0x0012 1xs 2d 4i
PASS: 10b, 0x0012 16xs 2d 4i
PASS: 10b, 0x0012 1xv 2d 4i
PASS: 10b, 0x0012 16xv 2d 4i
PASS: 10b, 0x0012 1xs 4d 4i
PASS: 10b, 0x0012 16xs 4d 4i
PASS: 10b, 0x0012 1xv 4d 4i
PASS: 10b, 0x0012 16xv 4d 4i
Timer count-up test: 10b, 0x0013
PASS: 10b, 0x0013 1xs 1d 1i
PASS: 10b, 0x0013 16xs 1d 1i
PASS: 10b, 0x0013 1xv 1d 1i
PASS: 10b, 0x0013 16xv 1d 1i
PASS: 10b, 0x0013 1xs 2d 1i
PASS: 10b, 0x0013 16xs 2d 1i
PASS: 10b, 0x0013 1xv 2d 1i
PASS: 10b, 0x0013 16xv 2d 1i
PASS: 10b, 0x0013 1xs 4d 1i
PASS: 10b, 0x0013 16xs 4d 1i
PASS: 10b, 0x0013 1xv 4d 1i
PASS: 10b, 0x0013 16xv 4d 1i
PASS: 10b, 0x0013 1xs 1d 2i
PASS: 10b, 0x0013 16xs 1d 2i
PASS: 10b, 0x0013 1xv 1d 2i
PASS: 10b, 0x0013 16xv 1d 2i
PASS: 10b, 0x0013 1xs 2d 2i
PASS: 10b, 0x0013 16xs 2d 2i
PASS: 10b, 0x0013 1xv 2d 2i
PASS: 10b, 0x0013 16xv 2d 2i
PASS: 10b, 0x0013 1xs 4d 2i
PASS: 10b, 0x0013 16xs 4d 2i
PASS: 10b, 0x0013 1xv 4d 2i
PASS: 10b, 0x0013 16xv 4d 2i
PASS: 10b, 0x0013 1xs 1d 4i
PASS: 10b, 0x0013 16xs 1d 4i
PASS: 10b, 0x0013 1xv 1d 4i
PASS: 10b, 0x0013 16xv 1d 4i
PASS: 10b, 0x0013 1xs 2d 4i
PASS: 10b, 0x0013 16xs 2d 4i
PASS: 10b, 0x0013 1xv 2d 4i
PASS: 10b, 0x0013 16xv 2d 4i
PASS: 10b, 0x0013 1xs 4d 4i
PASS: 10b, 0x0013 16xs 4d 4i
PASS: 10b, 0x0013 1xv 4d 4i
PASS: 10b, 0x0013 16xv 4d 4i
[sram]
Game Boy Advance Test Suite
===
Timer count-up test: 0b, 0x0001
Timer count-up test: 0b, 0x0005
1xs 1d 1i: Got 00000002 vs 00000003: FAIL
1xv 1d 1i: Got FFFD vs FFFF: FAIL
1xs 2d 1i: Got 00000002 vs 00000003: FAIL
1xv 2d 1i: Got FFFD vs FFFF: FAIL
1xs 4d 1i: Got 00000002 vs 00000003: FAIL
1xv 4d 1i: Got FFFD vs FFFF: FAIL
1xs 1d 2i: Got 00000002 vs 00000003: FAIL
1xv 1d 2i: Got FFFE vs FFFB: FAIL
1xs 2d 2i: Got 00000002 vs 00000003: FAIL
1xv 2d 2i: Got FFFE vs FFFB: FAIL
1xs 4d 2i: Got 00000002 vs 00000003: FAIL
1xv 4d 2i: Got FFFE vs FFFB: FAIL
1xs 1d 4i: Got 00000002 vs 00000003: FAIL
1xv 1d 4i: Got FFFB vs FFFD: FAIL
1xs 2d 4i: Got 00000002 vs 00000003: FAIL
1xv 2d 4i: Got FFFB vs FFFD: FAIL
1xs 4d 4i: Got 00000002 vs 00000003: FAIL
1xv 4d 4i: Got FFFB vs FFFD: FAIL
Timer count-up test: 0b, 0x000C
16xs 1d 1i: Got 00000010 vs 00000020: FAIL
16xv 1d 1i: Got FFFC vs FFFE: FAIL
16xs 2d 1i: Got 00000010 vs 00000020: FAIL
16xv 2d 1i: Got FFFC vs FFFE: FAIL
16xs 4d 1i: Got 00000010 vs 00000020: FAIL
16xv 4d 1i: Got FFFC vs FFFE: FAIL
16xs 1d 2i: Got 00000010 vs 00000020: FAIL
16xv 1d 2i: Got FFFD vs FFFF: FAIL
16xs 2d 2i: Got 00000010 vs 00000020: FAIL
16xv 2d 2i: Got FFFD vs FFFF: FAIL
16xs 4d 2i: Got 00000010 vs 00000020: FAIL
16xv 4d 2i: Got FFFD vs FFFF: FAIL
16xs 1d 4i: Got 00000010 vs 00000020: FAIL
16xv 1d 4i: Got FFFF vs FFF5: FAIL
16xs 2d 4i: Got 00000010 vs 00000020: FAIL
16xv 2d 4i: Got FFFF vs FFF5: FAIL
16xs 4d 4i: Got 00000010 vs 00000020: FAIL
16xv 4d 4i: Got FFFF vs FFF5: FAIL
Timer count-up test: 0b, 0x000D
1xs 1d 1i: Got 00000003 vs 00000004: FAIL
16xs 1d 1i: Got 00000010 vs 00000020: FAIL
1xv 1d 1i: Got FFF4 vs FFF6: FAIL
16xv 1d 1i: Got FFF3 vs FFF5: FAIL
1xs 2d 1i: Got 00000003 vs 00000004: FAIL
16xs 2d 1i: Got 00000010 vs 00000020: FAIL
1xv 2d 1i: Got FFF4 vs FFF6: FAIL
16xv 2d 1i: Got FFF3 vs FFF5: FAIL
1xs 4d 1i: Got 00000003 vs 00000004: FAIL
16xs 4d 1i: Got 00000010 vs 00000020: FAIL
1xv 4d 1i: Got FFF4 vs FFF6: FAIL
16xv 4d 1i: Got FFF3 vs FFF5: FAIL
1xs 1d 2i: Got 00000003 vs 00000004: FAIL
16xs 1d 2i: Got 00000010 vs 00000020: FAIL
1xv 1d 2i: Got FFF8 vs FFFA: FAIL
16xv 1d 2i: Got FFF7 vs FFF9: FAIL
1xs 2d 2i: Got 00000003 vs 00000004: FAIL
16xs 2d 2i: Got 00000010 vs 00000020: FAIL
1xv 2d 2i: Got FFF8 vs FFFA: FAIL
16xv 2d 2i: Got FFF7 vs FFF9: FAIL
1xs 4d 2i: Got 00000003 vs 00000004: FAIL
16xs 4d 2i: Got 00000010 vs 00000020: FAIL
1xv 4d 2i: Got FFF8 vs FFFA: FAIL
16xv 4d 2i: Got FFF7 vs FFF9: FAIL
1xs 1d 4i: Got 00000003 vs 00000004: FAIL
16xs 1d 4i: Got 00000010 vs 00000020: FAIL
1xv 1d 4i: Got FFF3 vs FFF5: FAIL
16xv 1d 4i: Got FFFF vs FFF4: FAIL
1xs 2d 4i: Got 00000003 vs 00000004: FAIL
16xs 2d 4i: Got 00000010 vs 00000020: FAIL
1xv 2d 4i: Got FFF3 vs FFF5: FAIL
16xv 2d 4i: Got FFFF vs FFF4: FAIL
1xs 4d 4i: Got 00000003 vs 00000004: FAIL
16xs 4d 4i: Got 00000010 vs 00000020: FAIL
1xv 4d 4i: Got FFF3 vs FFF5: FAIL
16xv 4d 4i: Got FFFF vs FFF4: FAIL
Timer count-up test: 0b, 0x0010
Timer count-up test: 0b, 0x0014
Timer count-up test: 0b, 0x0015
1xs 1d 1i: Got 00000004 vs 00000005: FAIL
1xv 1d 1i: Got FFF3 vs FFF5: FAIL
1xs 2d 1i: Got 00000004 vs 00000005: FAIL
1xv 2d 1i: Got FFF3 vs FFF5: FAIL
1xs 4d 1i: Got 00000004 vs 00000005: FAIL
1xv 4d 1i: Got FFF3 vs FFF5: FAIL
1xs 1d 2i: Got 00000004 vs 00000005: FAIL
1xv 1d 2i: Got FFEE vs FFF0: FAIL
1xs 2d 2i: Got 00000004 vs 00000005: FAIL
1xv 2d 2i: Got FFEE vs FFF0: FAIL
1xs 4d 2i: Got 00000004 vs 00000005: FAIL
1xv 4d 2i: Got FFEE vs FFF0: FAIL
1xs 1d 4i: Got 00000004 vs 00000005: FAIL
1xv 1d 4i: Got FFF9 vs FFFB: FAIL
1xs 2d 4i: Got 00000004 vs 00000005: FAIL
1xv 2d 4i: Got FFF9 vs FFFB: FAIL
1xs 4d 4i: Got 00000004 vs 00000005: FAIL
1xv 4d 4i: Got FFF9 vs FFFB: FAIL
Timer count-up test: 0b, 0x0020
Timer count-up test: 0b, 0x0024
16xs 1d 1i: Got 00000020 vs 00000030: FAIL
16xv 1d 1i: Got FFEF vs FFF1: FAIL
16xs 2d 1i: Got 00000020 vs 00000030: FAIL
16xv 2d 1i: Got FFEF vs FFF1: FAIL
16xs 4d 1i: Got 00000020 vs 00000030: FAIL
16xv 4d 1i: Got FFEF vs FFF1: FAIL
16xs 1d 2i: Got 00000020 vs 00000030: FAIL
16xv 1d 2i: Got FFFC vs FFFE: FAIL
16xs 2d 2i: Got 00000020 vs 00000030: FAIL
16xv 2d 2i: Got FFFC vs FFFE: FAIL
16xs 4d 2i: Got 00000020 vs 00000030: FAIL
16xv 4d 2i: Got FFFC vs FFFE: FAIL
16xs 1d 4i: Got 00000020 vs 00000030: FAIL
16xv 1d 4i: Got FFF2 vs FFF4: FAIL
16xs 2d 4i: Got 00000020 vs 00000030: FAIL
16xv 2d 4i: Got FFF2 vs FFF4: FAIL
16xs 4d 4i: Got 00000020 vs 00000030: FAIL
16xv 4d 4i: Got FFF2 vs FFF4: FAIL
Timer count-up test: 0b, 0x0025
1xs 1d 1i: Got 00000006 vs 00000007: FAIL
1xv 1d 1i: Got FFED vs FFEF: FAIL
1xs 2d 1i: Got 00000006 vs 00000007: FAIL
1xv 2d 1i: Got FFED vs FFEF: FAIL
1xs 4d 1i: Got 00000006 vs 00000007: FAIL
1xv 4d 1i: Got FFED vs FFEF: FAIL
1xs 1d 2i: Got 00000006 vs 00000007: FAIL
1xv 1d 2i: Got FFF7 vs FFF9: FAIL
1xs 2d 2i: Got 00000006 vs 00000007: FAIL
1xv 2d 2i: Got FFF7 vs FFF9: FAIL
1xs 4d 2i: Got 00000006 vs 00000007: FAIL
1xv 4d 2i: Got FFF7 vs FFF9: FAIL
1xs 1d 4i: Got 00000006 vs 00000007: FAIL
1xv 1d 4i: Got FFE6 vs FFE8: FAIL
1xs 2d 4i: Got 00000006 vs 00000007: FAIL
1xv 2d 4i: Got FFE6 vs FFE8: FAIL
1xs 4d 4i: Got 00000006 vs 00000007: FAIL
1xv 4d 4i: Got FFE6 vs FFE8: FAIL
Timer count-up test: 0b, 0x0040
1xs 1d 4i: Got 0000000C vs 0000000D: FAIL
1xv 1d 4i: Got FFDC vs FFDE: FAIL
1xs 2d 4i: Got 0000000C vs 0000000D: FAIL
1xv 2d 4i: Got FFDC vs FFDE: FAIL
1xs 4d 4i: Got 0000000C vs 0000000D: FAIL
1xv 4d 4i: Got FFDC vs FFDE: FAIL
Timer count-up test: 0b, 0x0080
16xs 1d 1i: Got 00000060 vs 00000070: FAIL
16xv 1d 1i: Got FFDB vs FFDD: FAIL
16xs 2d 1i: Got 00000060 vs 00000070: FAIL
16xv 2d 1i: Got FFDB vs FFDD: FAIL
16xs 4d 1i: Got 00000060 vs 00000070: FAIL
16xv 4d 1i: Got FFDB vs FFDD: FAIL
1xs 1d 4i: Got 00000014 vs 00000015: FAIL
1xv 1d 4i: Got FFDC vs FFDE: FAIL
1xs 2d 4i: Got 00000014 vs 00000015: FAIL
1xv 2d 4i: Got FFDC vs FFDE: FAIL
1xs 4d 4i: Got 00000014 vs 00000015: FAIL
1xv 4d 4i: Got FFDC vs FFDE: FAIL
Timer count-up test: 0b, 0x0800
1xs 1d 4i: Got 000003D4 vs 000003D5: FAIL
1xv 1d 4i: Got F85C vs F85E: FAIL
1xs 2d 4i: Got 000003D4 vs 000003D5: FAIL
1xv 2d 4i: Got F85C vs F85E: FAIL
1xs 4d 4i: Got 000003D4 vs 000003D5: FAIL
1xv 4d 4i: Got F85C vs F85E: FAIL
Timer count-up test: 0b, 0x8000
1xs 1d 4i: Got 00003FD4 vs 00003FD5: FAIL
1xv 1d 4i: Got 805C vs 805E: FAIL
1xs 2d 4i: Got 00003FD4 vs 00003FD5: FAIL
1xv 2d 4i: Got 805C vs 805E: FAIL
1xs 4d 4i: Got 00003FD4 vs 00003FD5: FAIL
1xv 4d 4i: Got 805C vs 805E: FAIL
Timer count-up test: 6b, 0x0010
Timer count-up test: 6b, 0x0011
Timer count-up test: 6b, 0x0012
Timer count-up test: 6b, 0x0013
Timer count-up test: 8b, 0x0010
Timer count-up test: 8b, 0x0011
Timer count-up test: 8b, 0x0012
16xs 1d 2i: Got 00001840 vs 00001850: FAIL
Timer count-up test: 8b, 0x0013
Timer count-up test: 10b, 0x0010
16xs 1d 2i: Got 00005840 vs 00005850: FAIL
Timer count-up test: 10b, 0x0011
Timer count-up test: 10b, 0x0012
Timer count-up test: 10b, 0x0013
[score] Timer count-up: 778/936 FAIL

=== Summary ===
Suites: 0/1 passed  Tests: 778/936 passed
