=== GBA Test Suite Runner ===
ROM:  tests/assets/roms/suite.gba
BIOS: tests/assets/roms/gba_bios.bin
Booting...
After 60 frames: PC=0x00000348 CPSR=0x6000005F halted=1 cycle=16769984
[DBG] Game Boy Advance Test Suite
===
[DBG] BEGIN: I/O read tests
[DBG] PASS: BG0CNT
[DBG] PASS: BG1CNT
[DBG] PASS: BG2CNT
[DBG] PASS: BG3CNT
[DBG] PASS: BG0HOFS
[DBG] PASS: BG0VOFS
[DBG] PASS: BG1HOFS
[DBG] PASS: BG1VOFS
[DBG] PASS: BG2HOFS
[DBG] PASS: BG2VOFS
[DBG] PASS: BG3HOFS
[DBG] PASS: BG3VOFS
[DBG] PASS: BG2PA
[DBG] PASS: BG2PB
[DBG] PASS: BG2PC
[DBG] PASS: BG2PD
[DBG] PASS: BG2X_LO
[DBG] PASS: BG2X_HI
[DBG] PASS: BG2Y_LO
[DBG] PASS: BG2Y_HI
[DBG] PASS: BG3PA
[DBG] PASS: BG3PB
[DBG] PASS: BG3PC
[DBG] PASS: BG3PD
[DBG] PASS: BG3X_LO
[DBG] PASS: BG3X_HI
[DBG] PASS: BG3Y_LO
[DBG] PASS: BG3Y_HI
[DBG] PASS: WIN0H
[DBG] PASS: WIN1H
[DBG] PASS: WIN0V
[DBG] PASS: WIN1V
[DBG] PASS: WININ
[DBG] PASS: WINOUT
[DBG] PASS: MOSAIC
[DBG] PASS: INVALID (4E)
[DBG] PASS: BLDCNT
[DBG] PASS: BLDALPHA
[DBG] PASS: BLDY
[DBG] PASS: INVALID (56)
[DBG] PASS: INVALID (58)
[DBG] PASS: INVALID (5A)
[DBG] PASS: INVALID (5C)
[DBG] PASS: INVALID (5E)
[DBG] PASS: SOUND1CNT_LO
[DBG] PASS: SOUND1CNT_HI
[DBG] PASS: SOUND1CNT_X
[DBG] PASS: INVALID (66)
[DBG] PASS: SOUND2CNT_LO
[DBG] PASS: INVALID (6A)
[DBG] PASS: SOUND2CNT_HI
[DBG] PASS: INVALID (6E)
[DBG] PASS: SOUND3CNT_LO
[DBG] PASS: SOUND3CNT_HI
[DBG] PASS: SOUND3CNT_X
[DBG] PASS: INVALID (76)
[DBG] PASS: SOUND4CNT_LO
[DBG] PASS: INVALID (7A)
[DBG] PASS: SOUND4CNT_HI
[DBG] PASS: INVALID (7E)
[DBG] PASS: SOUNDCNT_LO
[DBG] PASS: SOUNDCNT_HI
[DBG] PASS: SOUNDCNT_X
[DBG] PASS: INVALID (86)
[DBG] PASS: INVALID (8A)
[DBG] PASS: INVALID (8C)
[DBG] PASS: INVALID (8E)
[DBG] PASS: WAVE_RAM_0
[DBG] PASS: WAVE_RAM_1
[DBG] PASS: WAVE_RAM_2
[DBG] PASS: WAVE_RAM_3
[DBG] PASS: WAVE_RAM_4
[DBG] PASS: WAVE_RAM_5
[DBG] PASS: WAVE_RAM_6
[DBG] PASS: WAVE_RAM_7
[DBG] PASS: FIFO_A_LO
[DBG] PASS: FIFO_A_HI
[DBG] PASS: FIFO_B_LO
[DBG] PASS: FIFO_B_HI
[DBG] PASS: INVALID (A8)
[DBG] PASS: INVALID (AA)
[DBG] PASS: INVALID (AC)
[DBG] PASS: INVALID (AE)
[DBG] PASS: DMA0SAD_LO
[DBG] PASS: DMA0SAD_HI
[DBG] PASS: DMA0DAD_LO
[DBG] PASS: DMA0DAD_HI
[DBG] PASS: DMA0CNT_LO
[DBG] PASS: DMA0CNT_HI
[DBG] PASS: DMA1SAD_LO
[DBG] PASS: DMA1SAD_HI
[DBG] PASS: DMA1DAD_LO
[DBG] PASS: DMA1DAD_HI
[DBG] PASS: DMA1CNT_LO
[DBG] PASS: DMA1CNT_HI
[DBG] PASS: DMA2SAD_LO
[DBG] PASS: DMA2SAD_HI
[DBG] PASS: DMA2DAD_LO
[DBG] PASS: DMA2DAD_HI
[DBG] PASS: DMA2CNT_LO
[DBG] PASS: DMA2CNT_HI
[DBG] PASS: DMA3SAD_LO
[DBG] PASS: DMA3SAD_HI
[DBG] PASS: DMA3DAD_LO
[DBG] PASS: DMA3DAD_HI
[DBG] PASS: DMA3CNT_LO
[DBG] PASS: DMA3CNT_HI
[DBG] PASS: INVALID (E0)
[DBG] PASS: INVALID (E2)
[DBG] PASS: INVALID (E4)
[DBG] PASS: INVALID (E6)
[DBG] PASS: INVALID (E8)
[DBG] PASS: INVALID (EA)
[DBG] PASS: INVALID (EC)
[DBG] PASS: INVALID (EE)
[DBG] PASS: INVALID (F0)
[DBG] PASS: INVALID (F2)
[DBG] PASS: INVALID (F4)
[DBG] PASS: INVALID (F6)
[DBG] PASS: INVALID (F8)
[DBG] PASS: INVALID (FA)
[DBG] PASS: INVALID (FC)
[DBG] PASS: INVALID (FE)
[DBG] PASS: INVALID (136)
[DBG] PASS: INVALID (142)
[DBG] PASS: INVALID (15A)
[DBG] PASS: INVALID (206)
[DBG] PASS: INVALID (20A)
[DBG] PASS: INVALID (302)
[DBG] PASS: INVALID (100C)

--- Suite 02: I/O read ---
Frames: 91  PC=0x0802BAC0  CPSR=0x2000003F  halted=0  cycle=124914946
[debug]
Game Boy Advance Test Suite
===
BEGIN: I/O read tests
PASS: BG0CNT
PASS: BG1CNT
PASS: BG2CNT
PASS: BG3CNT
PASS: BG0HOFS
PASS: BG0VOFS
PASS: BG1HOFS
PASS: BG1VOFS
PASS: BG2HOFS
PASS: BG2VOFS
PASS: BG3HOFS
PASS: BG3VOFS
PASS: BG2PA
PASS: BG2PB
PASS: BG2PC
PASS: BG2PD
PASS: BG2X_LO
PASS: BG2X_HI
PASS: BG2Y_LO
PASS: BG2Y_HI
PASS: BG3PA
PASS: BG3PB
PASS: BG3PC
PASS: BG3PD
PASS: BG3X_LO
PASS: BG3X_HI
PASS: BG3Y_LO
PASS: BG3Y_HI
PASS: WIN0H
PASS: WIN1H
PASS: WIN0V
PASS: WIN1V
PASS: WININ
PASS: WINOUT
PASS: MOSAIC
PASS: INVALID (4E)
PASS: BLDCNT
PASS: BLDALPHA
PASS: BLDY
PASS: INVALID (56)
PASS: INVALID (58)
PASS: INVALID (5A)
PASS: INVALID (5C)
PASS: INVALID (5E)
PASS: SOUND1CNT_LO
PASS: SOUND1CNT_HI
PASS: SOUND1CNT_X
PASS: INVALID (66)
PASS: SOUND2CNT_LO
PASS: INVALID (6A)
PASS: SOUND2CNT_HI
PASS: INVALID (6E)
PASS: SOUND3CNT_LO
PASS: SOUND3CNT_HI
PASS: SOUND3CNT_X
PASS: INVALID (76)
PASS: SOUND4CNT_LO
PASS: INVALID (7A)
PASS: SOUND4CNT_HI
PASS: INVALID (7E)
PASS: SOUNDCNT_LO
PASS: SOUNDCNT_HI
PASS: SOUNDCNT_X
PASS: INVALID (86)
PASS: INVALID (8A)
PASS: INVALID (8C)
PASS: INVALID (8E)
PASS: WAVE_RAM_0
PASS: WAVE_RAM_1
PASS: WAVE_RAM_2
PASS: WAVE_RAM_3
PASS: WAVE_RAM_4
PASS: WAVE_RAM_5
PASS: WAVE_RAM_6
PASS: WAVE_RAM_7
PASS: FIFO_A_LO
PASS: FIFO_A_HI
PASS: FIFO_B_LO
PASS: FIFO_B_HI
PASS: INVALID (A8)
PASS: INVALID (AA)
PASS: INVALID (AC)
PASS: INVALID (AE)
PASS: DMA0SAD_LO
PASS: DMA0SAD_HI
PASS: DMA0DAD_LO
PASS: DMA0DAD_HI
PASS: DMA0CNT_LO
PASS: DMA0CNT_HI
PASS: DMA1SAD_LO
PASS: DMA1SAD_HI
PASS: DMA1DAD_LO
PASS: DMA1DAD_HI
PASS: DMA1CNT_LO
PASS: DMA1CNT_HI
PASS: DMA2SAD_LO
PASS: DMA2SAD_HI
PASS: DMA2DAD_LO
PASS: DMA2DAD_HI
PASS: DMA2CNT_LO
PASS: DMA2CNT_HI
PASS: DMA3SAD_LO
PASS: DMA3SAD_HI
PASS: DMA3DAD_LO
PASS: DMA3DAD_HI
PASS: DMA3CNT_LO
PASS: DMA3CNT_HI
PASS: INVALID (E0)
PASS: INVALID (E2)
PASS: INVALID (E4)
PASS: INVALID (E6)
PASS: INVALID (E8)
PASS: INVALID (EA)
PASS: INVALID (EC)
PASS: INVALID (EE)
PASS: INVALID (F0)
PASS: INVALID (F2)
PASS: INVALID (F4)
PASS: INVALID (F6)
PASS: INVALID (F8)
PASS: INVALID (FA)
PASS: INVALID (FC)
PASS: INVALID (FE)
PASS: INVALID (136)
PASS: INVALID (142)
PASS: INVALID (15A)
PASS: INVALID (206)
PASS: INVALID (20A)
PASS: INVALID (302)
PASS: INVALID (100C)
[sram]
Game Boy Advance Test Suite
===
[score] I/O read: 130/130 PASS

=== Summary ===
Suites: 1/1 passed  Tests: 130/130 passed
