=== GBA Test Suite Runner ===
ROM:  tests/assets/roms/suite.gba
BIOS: tests/assets/roms/gba_bios.bin
Booting...
After 60 frames: PC=0x00000348 CPSR=0x6000005F halted=1 cycle=16769984
[DBG] Game Boy Advance Test Suite
===
[DBG] BEGIN: SIO register R/W tests
[DBG] PASS: M: SIOMULTI0
[DBG] PASS: M: SIOMULTI1
[DBG] PASS: M: SIOMULTI2
[DBG] PASS: M: SIOMULTI3
[DBG] FAIL: M: SIOCNT
[DBG] M: SIOCNT: Got 0xEFFF vs 0x6F8F: FAIL
[DBG] FAIL: M: SIOMLT_SEND
[DBG] M: SIOMLT_SEND: Got 0x0000 vs 0xFFFF: FAIL
[DBG] FAIL: M: RCNT
[DBG] M: RCNT: Got 0x3FFF vs 0x01FF: FAIL
[DBG] PASS: M: INVALID (136)
[DBG] FAIL: M: JOYCNT
[DBG] M: JOYCNT: Got 0x0000 vs 0x0040: FAIL
[DBG] PASS: M: INVALID (142)
[DBG] PASS: M: JOY_RECV_L
[DBG] FAIL: M: JOY_RECV_H
[DBG] M: JOY_RECV_H: Got 0xDEAD vs 0x0000: FAIL
[DBG] PASS: M: JOY_TRANS_L
[DBG] FAIL: M: JOY_TRANS_H
[DBG] M: JOY_TRANS_H: Got 0xDEAD vs 0x0000: FAIL
[DBG] PASS: M: JOYSTAT
[DBG] PASS: N8: SIODATA32_L
[DBG] PASS: N8: SIODATA32_H
[DBG] PASS: N8: SIOMULTI2
[DBG] PASS: N8: SIOMULTI3
[DBG] FAIL: N8: SIOCNT
[DBG] N8: SIOCNT: Got 0xCFFF vs 0x4F8F: FAIL
[DBG] FAIL: N8: SIODATA8
[DBG] N8: SIODATA8: Got 0x0000 vs 0xFFFF: FAIL
[DBG] FAIL: N8: RCNT
[DBG] N8: RCNT: Got 0x3FFF vs 0x01F5: FAIL
[DBG] PASS: N8: INVALID (136)
[DBG] FAIL: N8: JOYCNT
[DBG] N8: JOYCNT: Got 0x0000 vs 0x0040: FAIL
[DBG] PASS: N8: INVALID (142)
[DBG] PASS: N8: JOY_RECV_L
[DBG] FAIL: N8: JOY_RECV_H
[DBG] N8: JOY_RECV_H: Got 0xDEAD vs 0x0000: FAIL
[DBG] PASS: N8: JOY_TRANS_L
[DBG] FAIL: N8: JOY_TRANS_H
[DBG] N8: JOY_TRANS_H: Got 0xDEAD vs 0x0000: FAIL
[DBG] PASS: N8: JOYSTAT
[DBG] FAIL: N32: SIODATA32_L
[DBG] N32: SIODATA32_L: Got 0x0000 vs 0xFFFF: FAIL
[DBG] FAIL: N32: SIODATA32_H
[DBG] N32: SIODATA32_H: Got 0x0000 vs 0xFFFF: FAIL
[DBG] PASS: N32: SIOMULTI2
[DBG] PASS: N32: SIOMULTI3
[DBG] FAIL: N32: SIOCNT
[DBG] N32: SIOCNT: Got 0xDFFF vs 0x5F8F: FAIL
[DBG] FAIL: N32: SIODATA8
[DBG] N32: SIODATA8: Got 0x0000 vs 0xFFFF: FAIL
[DBG] FAIL: N32: RCNT
[DBG] N32: RCNT: Got 0x3FFF vs 0x01F5: FAIL
[DBG] PASS: N32: INVALID (136)
[DBG] FAIL: N32: JOYCNT
[DBG] N32: JOYCNT: Got 0x0000 vs 0x0040: FAIL
[DBG] PASS: N32: INVALID (142)
[DBG] PASS: N32: JOY_RECV_L
[DBG] FAIL: N32: JOY_RECV_H
[DBG] N32: JOY_RECV_H: Got 0xDEAD vs 0x0000: FAIL
[DBG] PASS: N32: JOY_TRANS_L
[DBG] FAIL: N32: JOY_TRANS_H
[DBG] N32: JOY_TRANS_H: Got 0xDEAD vs 0x0000: FAIL
[DBG] PASS: N32: JOYSTAT
[DBG] PASS: U: SIODATA32_L
[DBG] PASS: U: SIODATA32_H
[DBG] PASS: U: SIOMULTI2
[DBG] PASS: U: SIOMULTI3
[DBG] FAIL: U: SIOCNT
[DBG] U: SIOCNT: Got 0xFFFF vs 0x7FAF: FAIL
[DBG] PASS: U: SIODATA8
[DBG] FAIL: U: RCNT
[DBG] U: RCNT: Got 0x3FFF vs 0x01FF: FAIL
[DBG] PASS: U: INVALID (136)
[DBG] FAIL: U: JOYCNT
[DBG] U: JOYCNT: Got 0x0000 vs 0x0040: FAIL
[DBG] PASS: U: INVALID (142)
[DBG] PASS: U: JOY_RECV_L
[DBG] FAIL: U: JOY_RECV_H
[DBG] U: JOY_RECV_H: Got 0xDEAD vs 0x0000: FAIL
[DBG] PASS: U: JOY_TRANS_L
[DBG] FAIL: U: JOY_TRANS_H
[DBG] U: JOY_TRANS_H: Got 0xDEAD vs 0x0000: FAIL
[DBG] PASS: U: JOYSTAT
[DBG] PASS: G: SIODATA32_L
[DBG] PASS: G: SIODATA32_H
[DBG] PASS: G: SIOMULTI2
[DBG] PASS: G: SIOMULTI3
[DBG] FAIL: G: SIOCNT
[DBG] G: SIOCNT: Got 0xCFFF vs 0x4F8F: FAIL
[DBG] FAIL: G: SIODATA8
[DBG] G: SIODATA8: Got 0x0000 vs 0xFFFF: FAIL
[DBG] FAIL: G: RCNT
[DBG] G: RCNT: Got 0xBFFF vs 0x81FF: FAIL
[DBG] PASS: G: INVALID (136)
[DBG] FAIL: G: JOYCNT
[DBG] G: JOYCNT: Got 0x0000 vs 0x0040: FAIL
[DBG] PASS: G: INVALID (142)
[DBG] PASS: G: JOY_RECV_L
[DBG] FAIL: G: JOY_RECV_H
[DBG] G: JOY_RECV_H: Got 0xDEAD vs 0x0000: FAIL
[DBG] PASS: G: JOY_TRANS_L
[DBG] FAIL: G: JOY_TRANS_H
[DBG] G: JOY_TRANS_H: Got 0xDEAD vs 0x0000: FAIL
[DBG] PASS: G: JOYSTAT
[DBG] PASS: J: SIODATA32_L
[DBG] PASS: J: SIODATA32_H
[DBG] PASS: J: SIOMULTI2
[DBG] PASS: J: SIOMULTI3
[DBG] FAIL: J: SIOCNT
[DBG] J: SIOCNT: Got 0xCFFF vs 0x4F8F: FAIL
[DBG] FAIL: J: SIODATA8
[DBG] J: SIODATA8: Got 0x0000 vs 0xFFFF: FAIL
[DBG] FAIL: J: RCNT
[DBG] J: RCNT: Got 0xFFFF vs 0xC1FC: FAIL
[DBG] PASS: J: INVALID (136)
[DBG] FAIL: J: JOYCNT
[DBG] J: JOYCNT: Got 0x0000 vs 0x0040: FAIL
[DBG] PASS: J: INVALID (142)
[DBG] PASS: J: JOY_RECV_L
[DBG] FAIL: J: JOY_RECV_H
[DBG] J: JOY_RECV_H: Got 0xDEAD vs 0x0000: FAIL
[DBG] PASS: J: JOY_TRANS_L
[DBG] FAIL: J: JOY_TRANS_H
[DBG] J: JOY_TRANS_H: Got 0xDEAD vs 0x0000: FAIL
[DBG] PASS: J: JOYSTAT

--- Suite 11: SIO register R/W ---
Frames: 5  PC=0x0802BAC0  CPSR=0x0000003F  halted=0  cycle=191768198
[debug]
Game Boy Advance Test Suite
===
BEGIN: SIO register R/W tests
PASS: M: SIOMULTI0
PASS: M: SIOMULTI1
PASS: M: SIOMULTI2
PASS: M: SIOMULTI3
FAIL: M: SIOCNT
M: SIOCNT: Got 0xEFFF vs 0x6F8F: FAIL
FAIL: M: SIOMLT_SEND
M: SIOMLT_SEND: Got 0x0000 vs 0xFFFF: FAIL
FAIL: M: RCNT
M: RCNT: Got 0x3FFF vs 0x01FF: FAIL
PASS: M: INVALID (136)
FAIL: M: JOYCNT
M: JOYCNT: Got 0x0000 vs 0x0040: FAIL
PASS: M: INVALID (142)
PASS: M: JOY_RECV_L
FAIL: M: JOY_RECV_H
M: JOY_RECV_H: Got 0xDEAD vs 0x0000: FAIL
PASS: M: JOY_TRANS_L
FAIL: M: JOY_TRANS_H
M: JOY_TRANS_H: Got 0xDEAD vs 0x0000: FAIL
PASS: M: JOYSTAT
PASS: N8: SIODATA32_L
PASS: N8: SIODATA32_H
PASS: N8: SIOMULTI2
PASS: N8: SIOMULTI3
FAIL: N8: SIOCNT
N8: SIOCNT: Got 0xCFFF vs 0x4F8F: FAIL
FAIL: N8: SIODATA8
N8: SIODATA8: Got 0x0000 vs 0xFFFF: FAIL
FAIL: N8: RCNT
N8: RCNT: Got 0x3FFF vs 0x01F5: FAIL
PASS: N8: INVALID (136)
FAIL: N8: JOYCNT
N8: JOYCNT: Got 0x0000 vs 0x0040: FAIL
PASS: N8: INVALID (142)
PASS: N8: JOY_RECV_L
FAIL: N8: JOY_RECV_H
N8: JOY_RECV_H: Got 0xDEAD vs 0x0000: FAIL
PASS: N8: JOY_TRANS_L
FAIL: N8: JOY_TRANS_H
N8: JOY_TRANS_H: Got 0xDEAD vs 0x0000: FAIL
PASS: N8: JOYSTAT
FAIL: N32: SIODATA32_L
N32: SIODATA32_L: Got 0x0000 vs 0xFFFF: FAIL
FAIL: N32: SIODATA32_H
N32: SIODATA32_H: Got 0x0000 vs 0xFFFF: FAIL
PASS: N32: SIOMULTI2
PASS: N32: SIOMULTI3
FAIL: N32: SIOCNT
N32: SIOCNT: Got 0xDFFF vs 0x5F8F: FAIL
FAIL: N32: SIODATA8
N32: SIODATA8: Got 0x0000 vs 0xFFFF: FAIL
FAIL: N32: RCNT
N32: RCNT: Got 0x3FFF vs 0x01F5: FAIL
PASS: N32: INVALID (136)
FAIL: N32: JOYCNT
N32: JOYCNT: Got 0x0000 vs 0x0040: FAIL
PASS: N32: INVALID (142)
PASS: N32: JOY_RECV_L
FAIL: N32: JOY_RECV_H
N32: JOY_RECV_H: Got 0xDEAD vs 0x0000: FAIL
PASS: N32: JOY_TRANS_L
FAIL: N32: JOY_TRANS_H
N32: JOY_TRANS_H: Got 0xDEAD vs 0x0000: FAIL
PASS: N32: JOYSTAT
PASS: U: SIODATA32_L
PASS: U: SIODATA32_H
PASS: U: SIOMULTI2
PASS: U: SIOMULTI3
FAIL: U: SIOCNT
U: SIOCNT: Got 0xFFFF vs 0x7FAF: FAIL
PASS: U: SIODATA8
FAIL: U: RCNT
U: RCNT: Got 0x3FFF vs 0x01FF: FAIL
PASS: U: INVALID (136)
FAIL: U: JOYCNT
U: JOYCNT: Got 0x0000 vs 0x0040: FAIL
PASS: U: INVALID (142)
PASS: U: JOY_RECV_L
FAIL: U: JOY_RECV_H
U: JOY_RECV_H: Got 0xDEAD vs 0x0000: FAIL
PASS: U: JOY_TRANS_L
FAIL: U: JOY_TRANS_H
U: JOY_TRANS_H: Got 0xDEAD vs 0x0000: FAIL
PASS: U: JOYSTAT
PASS: G: SIODATA32_L
PASS: G: SIODATA32_H
PASS: G: SIOMULTI2
PASS: G: SIOMULTI3
FAIL: G: SIOCNT
G: SIOCNT: Got 0xCFFF vs 0x4F8F: FAIL
FAIL: G: SIODATA8
G: SIODATA8: Got 0x0000 vs 0xFFFF: FAIL
FAIL: G: RCNT
G: RCNT: Got 0xBFFF vs 0x81FF: FAIL
PASS: G: INVALID (136)
FAIL: G: JOYCNT
G: JOYCNT: Got 0x0000 vs 0x0040: FAIL
PASS: G: INVALID (142)
PASS: G: JOY_RECV_L
FAIL: G: JOY_RECV_H
G: JOY_RECV_H: Got 0xDEAD vs 0x0000: FAIL
PASS: G: JOY_TRANS_L
FAIL: G: JOY_TRANS_H
G: JOY_TRANS_H: Got 0xDEAD vs 0x0000: FAIL
PASS: G: JOYSTAT
PASS: J: SIODATA32_L
PASS: J: SIODATA32_H
PASS: J: SIOMULTI2
PASS: J: SIOMULTI3
FAIL: J: SIOCNT
J: SIOCNT: Got 0xCFFF vs 0x4F8F: FAIL
FAIL: J: SIODATA8
J: SIODATA8: Got 0x0000 vs 0xFFFF: FAIL
FAIL: J: RCNT
J: RCNT: Got 0xFFFF vs 0xC1FC: FAIL
PASS: J: INVALID (136)
FAIL: J: JOYCNT
J: JOYCNT: Got 0x0000 vs 0x0040: FAIL
PASS: J: INVALID (142)
PASS: J: JOY_RECV_L
FAIL: J: JOY_RECV_H
J: JOY_RECV_H: Got 0xDEAD vs 0x0000: FAIL
PASS: J: JOY_TRANS_L
FAIL: J: JOY_TRANS_H
J: JOY_TRANS_H: Got 0xDEAD vs 0x0000: FAIL
PASS: J: JOYSTAT
[sram]
Game Boy Advance Test Suite
===
M: SIOCNT: Got 0xEFFF vs 0x6F8F: FAIL
M: SIOMLT_SEND: Got 0x0000 vs 0xFFFF: FAIL
M: RCNT: Got 0x3FFF vs 0x01FF: FAIL
M: JOYCNT: Got 0x0000 vs 0x0040: FAIL
M: JOY_RECV_H: Got 0xDEAD vs 0x0000: FAIL
M: JOY_TRANS_H: Got 0xDEAD vs 0x0000: FAIL
N8: SIOCNT: Got 0xCFFF vs 0x4F8F: FAIL
N8: SIODATA8: Got 0x0000 vs 0xFFFF: FAIL
N8: RCNT: Got 0x3FFF vs 0x01F5: FAIL
N8: JOYCNT: Got 0x0000 vs 0x0040: FAIL
N8: JOY_RECV_H: Got 0xDEAD vs 0x0000: FAIL
N8: JOY_TRANS_H: Got 0xDEAD vs 0x0000: FAIL
N32: SIODATA32_L: Got 0x0000 vs 0xFFFF: FAIL
N32: SIODATA32_H: Got 0x0000 vs 0xFFFF: FAIL
N32: SIOCNT: Got 0xDFFF vs 0x5F8F: FAIL
N32: SIODATA8: Got 0x0000 vs 0xFFFF: FAIL
N32: RCNT: Got 0x3FFF vs 0x01F5: FAIL
N32: JOYCNT: Got 0x0000 vs 0x0040: FAIL
N32: JOY_RECV_H: Got 0xDEAD vs 0x0000: FAIL
N32: JOY_TRANS_H: Got 0xDEAD vs 0x0000: FAIL
U: SIOCNT: Got 0xFFFF vs 0x7FAF: FAIL
U: RCNT: Got 0x3FFF vs 0x01FF: FAIL
U: JOYCNT: Got 0x0000 vs 0x0040: FAIL
U: JOY_RECV_H: Got 0xDEAD vs 0x0000: FAIL
U: JOY_TRANS_H: Got 0xDEAD vs 0x0000: FAIL
G: SIOCNT: Got 0xCFFF vs 0x4F8F: FAIL
G: SIODATA8: Got 0x0000 vs 0xFFFF: FAIL
G: RCNT: Got 0xBFFF vs 0x81FF: FAIL
G: JOYCNT: Got 0x0000 vs 0x0040: FAIL
G: JOY_RECV_H: Got 0xDEAD vs 0x0000: FAIL
G: JOY_TRANS_H: Got 0xDEAD vs 0x0000: FAIL
J: SIOCNT: Got 0xCFFF vs 0x4F8F: FAIL
J: SIODATA8: Got 0x0000 vs 0xFFFF: FAIL
J: RCNT: Got 0xFFFF vs 0xC1FC: FAIL
J: JOYCNT: Got 0x0000 vs 0x0040: FAIL
J: JOY_RECV_H: Got 0xDEAD vs 0x0000: FAIL
J: JOY_TRANS_H: Got 0xDEAD vs 0x0000: FAIL
[score] SIO register R/W: 53/90 FAIL

=== Summary ===
Suites: 0/1 passed  Tests: 53/90 passed
