=== GBA Test Suite Runner ===
ROM:  tests/assets/roms/suite.gba
BIOS: tests/assets/roms/gba_bios.bin
Booting...
After 60 frames: PC=0x00000348 CPSR=0x6000005F halted=1 cycle=16769984
[DBG] Game Boy Advance Test Suite
===
[DBG] BEGIN: Timer count-up tests
[DBG] Timer count-up test: 0b, 0x0001
[DBG] PASS: 0b, 0x0001 1xs 1d 1i
[DBG] PASS: 0b, 0x0001 16xs 1d 1i
[DBG] PASS: 0b, 0x0001 1xv 1d 1i
[DBG] PASS: 0b, 0x0001 16xv 1d 1i
[DBG] PASS: 0b, 0x0001 1xs 2d 1i
[DBG] PASS: 0b, 0x0001 16xs 2d 1i
[DBG] PASS: 0b, 0x0001 1xv 2d 1i
[DBG] PASS: 0b, 0x0001 16xv 2d 1i
[DBG] PASS: 0b, 0x0001 1xs 4d 1i
[DBG] PASS: 0b, 0x0001 16xs 4d 1i
[DBG] PASS: 0b, 0x0001 1xv 4d 1i
[DBG] PASS: 0b, 0x0001 16xv 4d 1i
[DBG] PASS: 0b, 0x0001 1xs 1d 2i
[DBG] PASS: 0b, 0x0001 16xs 1d 2i
[DBG] PASS: 0b, 0x0001 1xv 1d 2i
[DBG] PASS: 0b, 0x0001 16xv 1d 2i
[DBG] PASS: 0b, 0x0001 1xs 2d 2i
[DBG] PASS: 0b, 0x0001 16xs 2d 2i
[DBG] PASS: 0b, 0x0001 1xv 2d 2i
[DBG] PASS: 0b, 0x0001 16xv 2d 2i
[DBG] PASS: 0b, 0x0001 1xs 4d 2i
[DBG] PASS: 0b, 0x0001 16xs 4d 2i
[DBG] PASS: 0b, 0x0001 1xv 4d 2i
[DBG] PASS: 0b, 0x0001 16xv 4d 2i
[DBG] PASS: 0b, 0x0001 1xs 1d 4i
[DBG] PASS: 0b, 0x0001 16xs 1d 4i
[DBG] PASS: 0b, 0x0001 1xv 1d 4i
[DBG] PASS: 0b, 0x0001 16xv 1d 4i
[DBG] PASS: 0b, 0x0001 1xs 2d 4i
[DBG] PASS: 0b, 0x0001 16xs 2d 4i
[DBG] PASS: 0b, 0x0001 1xv 2d 4i
[DBG] PASS: 0b, 0x0001 16xv 2d 4i
[DBG] PASS: 0b, 0x0001 1xs 4d 4i
[DBG] PASS: 0b, 0x0001 16xs 4d 4i
[DBG] PASS: 0b, 0x0001 1xv 4d 4i
[DBG] PASS: 0b, 0x0001 16xv 4d 4i
[DBG] Timer count-up test: 0b, 0x0005
[DBG] FAIL: 0b, 0x0005 1xs 1d 1i
[DBG] 1xs 1d 1i: Got 00000002 vs 00000003: FAIL
[DBG] PASS: 0b, 0x0005 16xs 1d 1i
[DBG] FAIL: 0b, 0x0005 1xv 1d 1i
[DBG] 1xv 1d 1i: Got FFFD vs FFFF: FAIL
[DBG] PASS: 0b, 0x0005 16xv 1d 1i
[DBG] FAIL: 0b, 0x0005 1xs 2d 1i
[DBG] 1xs 2d 1i: Got 00000002 vs 00000003: FAIL
[DBG] PASS: 0b, 0x0005 16xs 2d 1i
[DBG] FAIL: 0b, 0x0005 1xv 2d 1i
[DBG] 1xv 2d 1i: Got FFFD vs FFFF: FAIL
[DBG] PASS: 0b, 0x0005 16xv 2d 1i
[DBG] FAIL: 0b, 0x0005 1xs 4d 1i
[DBG] 1xs 4d 1i: Got 00000002 vs 00000003: FAIL
[DBG] PASS: 0b, 0x0005 16xs 4d 1i
[DBG] FAIL: 0b, 0x0005 1xv 4d 1i
[DBG] 1xv 4d 1i: Got FFFD vs FFFF: FAIL
[DBG] PASS: 0b, 0x0005 16xv 4d 1i
[DBG] FAIL: 0b, 0x0005 1xs 1d 2i
[DBG] 1xs 1d 2i: Got 00000002 vs 00000003: FAIL
[DBG] PASS: 0b, 0x0005 16xs 1d 2i
[DBG] FAIL: 0b, 0x0005 1xv 1d 2i
[DBG] 1xv 1d 2i: Got FFFD vs FFFB: FAIL
[DBG] FAIL: 0b, 0x0005 16xv 1d 2i
[DBG] 16xv 1d 2i: Got FFFD vs FFFE: FAIL
[DBG] FAIL: 0b, 0x0005 1xs 2d 2i
[DBG] 1xs 2d 2i: Got 00000002 vs 00000003: FAIL
[DBG] PASS: 0b, 0x0005 16xs 2d 2i
[DBG] FAIL: 0b, 0x0005 1xv 2d 2i
[DBG] 1xv 2d 2i: Got FFFD vs FFFB: FAIL
[DBG] FAIL: 0b, 0x0005 16xv 2d 2i
[DBG] 16xv 2d 2i: Got FFFD vs FFFE: FAIL
[DBG] FAIL: 0b, 0x0005 1xs 4d 2i
[DBG] 1xs 4d 2i: Got 00000002 vs 00000003: FAIL
[DBG] PASS: 0b, 0x0005 16xs 4d 2i
[DBG] FAIL: 0b, 0x0005 1xv 4d 2i
[DBG] 1xv 4d 2i: Got FFFD vs FFFB: FAIL
[DBG] FAIL: 0b, 0x0005 16xv 4d 2i
[DBG] 16xv 4d 2i: Got FFFD vs FFFE: FAIL
[DBG] FAIL: 0b, 0x0005 1xs 1d 4i
[DBG] 1xs 1d 4i: Got 00000002 vs 00000003: FAIL
[DBG] PASS: 0b, 0x0005 16xs 1d 4i
[DBG] PASS: 0b, 0x0005 1xv 1d 4i
[DBG] FAIL: 0b, 0x0005 16xv 1d 4i
[DBG] 16xv 1d 4i: Got FFFD vs FFFB: FAIL
[DBG] FAIL: 0b, 0x0005 1xs 2d 4i
[DBG] 1xs 2d 4i: Got 00000002 vs 00000003: FAIL
[DBG] PASS: 0b, 0x0005 16xs 2d 4i
[DBG] PASS: 0b, 0x0005 1xv 2d 4i
[DBG] FAIL: 0b, 0x0005 16xv 2d 4i
[DBG] 16xv 2d 4i: Got FFFD vs FFFB: FAIL
[DBG] FAIL: 0b, 0x0005 1xs 4d 4i
[DBG] 1xs 4d 4i: Got 00000002 vs 00000003: FAIL
[DBG] PASS: 0b, 0x0005 16xs 4d 4i
[DBG] PASS: 0b, 0x0005 1xv 4d 4i
[DBG] FAIL: 0b, 0x0005 16xv 4d 4i
[DBG] 16xv 4d 4i: Got FFFD vs FFFB: FAIL
[DBG] Timer count-up test: 0b, 0x000C
[DBG] PASS: 0b, 0x000C 1xs 1d 1i
[DBG] FAIL: 0b, 0x000C 16xs 1d 1i
[DBG] 16xs 1d 1i: Got 00000010 vs 00000020: FAIL
[DBG] PASS: 0b, 0x000C 1xv 1d 1i
[DBG] FAIL: 0b, 0x000C 16xv 1d 1i
[DBG] 16xv 1d 1i: Got FFFC vs FFFE: FAIL
[DBG] PASS: 0b, 0x000C 1xs 2d 1i
[DBG] FAIL: 0b, 0x000C 16xs 2d 1i
[DBG] 16xs 2d 1i: Got 00000010 vs 00000020: FAIL
[DBG] PASS: 0b, 0x000C 1xv 2d 1i
[DBG] FAIL: 0b, 0x000C 16xv 2d 1i
[DBG] 16xv 2d 1i: Got FFFC vs FFFE: FAIL
[DBG] PASS: 0b, 0x000C 1xs 4d 1i
[DBG] FAIL: 0b, 0x000C 16xs 4d 1i
[DBG] 16xs 4d 1i: Got 00000010 vs 00000020: FAIL
[DBG] PASS: 0b, 0x000C 1xv 4d 1i
[DBG] FAIL: 0b, 0x000C 16xv 4d 1i
[DBG] 16xv 4d 1i: Got FFFC vs FFFE: FAIL
[DBG] PASS: 0b, 0x000C 1xs 1d 2i
[DBG] FAIL: 0b, 0x000C 16xs 1d 2i
[DBG] 16xs 1d 2i: Got 00000010 vs 00000020: FAIL
[DBG] FAIL: 0b, 0x000C 1xv 1d 2i
[DBG] 1xv 1d 2i: Got FFFC vs FFFD: FAIL
[DBG] FAIL: 0b, 0x000C 16xv 1d 2i
[DBG] 16xv 1d 2i: Got FFFC vs FFFF: FAIL
[DBG] PASS: 0b, 0x000C 1xs 2d 2i
[DBG] FAIL: 0b, 0x000C 16xs 2d 2i
[DBG] 16xs 2d 2i: Got 00000010 vs 00000020: FAIL
[DBG] FAIL: 0b, 0x000C 1xv 2d 2i
[DBG] 1xv 2d 2i: Got FFFC vs FFFD: FAIL
[DBG] FAIL: 0b, 0x000C 16xv 2d 2i
[DBG] 16xv 2d 2i: Got FFFC vs FFFF: FAIL
[DBG] PASS: 0b, 0x000C 1xs 4d 2i
[DBG] FAIL: 0b, 0x000C 16xs 4d 2i
[DBG] 16xs 4d 2i: Got 00000010 vs 00000020: FAIL
[DBG] FAIL: 0b, 0x000C 1xv 4d 2i
[DBG] 1xv 4d 2i: Got FFFC vs FFFD: FAIL
[DBG] FAIL: 0b, 0x000C 16xv 4d 2i
[DBG] 16xv 4d 2i: Got FFFC vs FFFF: FAIL
[DBG] PASS: 0b, 0x000C 1xs 1d 4i
[DBG] FAIL: 0b, 0x000C 16xs 1d 4i
[DBG] 16xs 1d 4i: Got 00000010 vs 00000020: FAIL
[DBG] FAIL: 0b, 0x000C 1xv 1d 4i
[DBG] 1xv 1d 4i: Got FFFC vs FFFF: FAIL
[DBG] FAIL: 0b, 0x000C 16xv 1d 4i
[DBG] 16xv 1d 4i: Got FFFC vs FFF5: FAIL
[DBG] PASS: 0b, 0x000C 1xs 2d 4i
[DBG] FAIL: 0b, 0x000C 16xs 2d 4i
[DBG] 16xs 2d 4i: Got 00000010 vs 00000020: FAIL
[DBG] FAIL: 0b, 0x000C 1xv 2d 4i
[DBG] 1xv 2d 4i: Got FFFC vs FFFF: FAIL
[DBG] FAIL: 0b, 0x000C 16xv 2d 4i
[DBG] 16xv 2d 4i: Got FFFC vs FFF5: FAIL
[DBG] PASS: 0b, 0x000C 1xs 4d 4i
[DBG] FAIL: 0b, 0x000C 16xs 4d 4i
[DBG] 16xs 4d 4i: Got 00000010 vs 00000020: FAIL
[DBG] FAIL: 0b, 0x000C 1xv 4d 4i
[DBG] 1xv 4d 4i: Got FFFC vs FFFF: FAIL
[DBG] FAIL: 0b, 0x000C 16xv 4d 4i
[DBG] 16xv 4d 4i: Got FFFC vs FFF5: FAIL
[DBG] Timer count-up test: 0b, 0x000D
[DBG] FAIL: 0b, 0x000D 1xs 1d 1i
[DBG] 1xs 1d 1i: Got 00000003 vs 00000004: FAIL
[DBG] PASS: 0b, 0x000D 16xs 1d 1i
[DBG] FAIL: 0b, 0x000D 1xv 1d 1i
[DBG] 1xv 1d 1i: Got FFF4 vs FFF6: FAIL
[DBG] FAIL: 0b, 0x000D 16xv 1d 1i
[DBG] 16xv 1d 1i: Got FFF6 vs FFF5: FAIL
[DBG] FAIL: 0b, 0x000D 1xs 2d 1i
[DBG] 1xs 2d 1i: Got 00000003 vs 00000004: FAIL
[DBG] PASS: 0b, 0x000D 16xs 2d 1i
[DBG] FAIL: 0b, 0x000D 1xv 2d 1i
[DBG] 1xv 2d 1i: Got FFF4 vs FFF6: FAIL
[DBG] FAIL: 0b, 0x000D 16xv 2d 1i
[DBG] 16xv 2d 1i: Got FFF6 vs FFF5: FAIL
[DBG] FAIL: 0b, 0x000D 1xs 4d 1i
[DBG] 1xs 4d 1i: Got 00000003 vs 00000004: FAIL
[DBG] PASS: 0b, 0x000D 16xs 4d 1i
[DBG] FAIL: 0b, 0x000D 1xv 4d 1i
[DBG] 1xv 4d 1i: Got FFF4 vs FFF6: FAIL
[DBG] FAIL: 0b, 0x000D 16xv 4d 1i
[DBG] 16xv 4d 1i: Got FFF6 vs FFF5: FAIL
[DBG] FAIL: 0b, 0x000D 1xs 1d 2i
[DBG] 1xs 1d 2i: Got 00000003 vs 00000004: FAIL
[DBG] PASS: 0b, 0x000D 16xs 1d 2i
[DBG] FAIL: 0b, 0x000D 1xv 1d 2i
[DBG] 1xv 1d 2i: Got FFF7 vs FFFA: FAIL
[DBG] PASS: 0b, 0x000D 16xv 1d 2i
[DBG] FAIL: 0b, 0x000D 1xs 2d 2i
[DBG] 1xs 2d 2i: Got 00000003 vs 00000004: FAIL
[DBG] PASS: 0b, 0x000D 16xs 2d 2i
[DBG] FAIL: 0b, 0x000D 1xv 2d 2i
[DBG] 1xv 2d 2i: Got FFF7 vs FFFA: FAIL
[DBG] PASS: 0b, 0x000D 16xv 2d 2i
[DBG] FAIL: 0b, 0x000D 1xs 4d 2i
[DBG] 1xs 4d 2i: Got 00000003 vs 00000004: FAIL
[DBG] PASS: 0b, 0x000D 16xs 4d 2i
[DBG] FAIL: 0b, 0x000D 1xv 4d 2i
[DBG] 1xv 4d 2i: Got FFF7 vs FFFA: FAIL
[DBG] PASS: 0b, 0x000D 16xv 4d 2i
[DBG] FAIL: 0b, 0x000D 1xs 1d 4i
[DBG] 1xs 1d 4i: Got 00000003 vs 00000004: FAIL
[DBG] PASS: 0b, 0x000D 16xs 1d 4i
[DBG] FAIL: 0b, 0x000D 1xv 1d 4i
[DBG] 1xv 1d 4i: Got FFFD vs FFF5: FAIL
[DBG] FAIL: 0b, 0x000D 16xv 1d 4i
[DBG] 16xv 1d 4i: Got FFFF vs FFF4: FAIL
[DBG] FAIL: 0b, 0x000D 1xs 2d 4i
[DBG] 1xs 2d 4i: Got 00000003 vs 00000004: FAIL
[DBG] PASS: 0b, 0x000D 16xs 2d 4i
[DBG] FAIL: 0b, 0x000D 1xv 2d 4i
[DBG] 1xv 2d 4i: Got FFFD vs FFF5: FAIL
[DBG] FAIL: 0b, 0x000D 16xv 2d 4i
[DBG] 16xv 2d 4i: Got FFFF vs FFF4: FAIL
[DBG] FAIL: 0b, 0x000D 1xs 4d 4i
[DBG] 1xs 4d 4i: Got 00000003 vs 00000004: FAIL
[DBG] PASS: 0b, 0x000D 16xs 4d 4i
[DBG] FAIL: 0b, 0x000D 1xv 4d 4i
[DBG] 1xv 4d 4i: Got FFFD vs FFF5: FAIL
[DBG] FAIL: 0b, 0x000D 16xv 4d 4i
[DBG] 16xv 4d 4i: Got FFFF vs FFF4: FAIL
[DBG] Timer count-up test: 0b, 0x0010
[DBG] PASS: 0b, 0x0010 1xs 1d 1i
[DBG] PASS: 0b, 0x0010 16xs 1d 1i
[DBG] PASS: 0b, 0x0010 1xv 1d 1i
[DBG] FAIL: 0b, 0x0010 16xv 1d 1i
[DBG] 16xv 1d 1i: Got FFFC vs FFFE: FAIL
[DBG] PASS: 0b, 0x0010 1xs 2d 1i
[DBG] PASS: 0b, 0x0010 16xs 2d 1i
[DBG] PASS: 0b, 0x0010 1xv 2d 1i
[DBG] FAIL: 0b, 0x0010 16xv 2d 1i
[DBG] 16xv 2d 1i: Got FFFC vs FFFE: FAIL
[DBG] PASS: 0b, 0x0010 1xs 4d 1i
[DBG] PASS: 0b, 0x0010 16xs 4d 1i
[DBG] PASS: 0b, 0x0010 1xv 4d 1i
[DBG] FAIL: 0b, 0x0010 16xv 4d 1i
[DBG] 16xv 4d 1i: Got FFFC vs FFFE: FAIL
[DBG] PASS: 0b, 0x0010 1xs 1d 2i
[DBG] PASS: 0b, 0x0010 16xs 1d 2i
[DBG] FAIL: 0b, 0x0010 1xv 1d 2i
[DBG] 1xv 1d 2i: Got FFF4 vs FFF5: FAIL
[DBG] FAIL: 0b, 0x0010 16xv 1d 2i
[DBG] 16xv 1d 2i: Got FFF4 vs FFF7: FAIL
[DBG] PASS: 0b, 0x0010 1xs 2d 2i
[DBG] PASS: 0b, 0x0010 16xs 2d 2i
[DBG] FAIL: 0b, 0x0010 1xv 2d 2i
[DBG] 1xv 2d 2i: Got FFF4 vs FFF5: FAIL
[DBG] FAIL: 0b, 0x0010 16xv 2d 2i
[DBG] 16xv 2d 2i: Got FFF4 vs FFF7: FAIL
[DBG] PASS: 0b, 0x0010 1xs 4d 2i
[DBG] PASS: 0b, 0x0010 16xs 4d 2i
[DBG] FAIL: 0b, 0x0010 1xv 4d 2i
[DBG] 1xv 4d 2i: Got FFF4 vs FFF5: FAIL
[DBG] FAIL: 0b, 0x0010 16xv 4d 2i
[DBG] 16xv 4d 2i: Got FFF4 vs FFF7: FAIL
[DBG] PASS: 0b, 0x0010 1xs 1d 4i
[DBG] PASS: 0b, 0x0010 16xs 1d 4i
[DBG] FAIL: 0b, 0x0010 1xv 1d 4i
[DBG] 1xv 1d 4i: Got FFF4 vs FFF7: FAIL
[DBG] FAIL: 0b, 0x0010 16xv 1d 4i
[DBG] 16xv 1d 4i: Got FFF4 vs FFF9: FAIL
[DBG] PASS: 0b, 0x0010 1xs 2d 4i
[DBG] PASS: 0b, 0x0010 16xs 2d 4i
[DBG] FAIL: 0b, 0x0010 1xv 2d 4i
[DBG] 1xv 2d 4i: Got FFF4 vs FFF7: FAIL
[DBG] FAIL: 0b, 0x0010 16xv 2d 4i
[DBG] 16xv 2d 4i: Got FFF4 vs FFF9: FAIL
[DBG] PASS: 0b, 0x0010 1xs 4d 4i
[DBG] PASS: 0b, 0x0010 16xs 4d 4i
[DBG] FAIL: 0b, 0x0010 1xv 4d 4i
[DBG] 1xv 4d 4i: Got FFF4 vs FFF7: FAIL
[DBG] FAIL: 0b, 0x0010 16xv 4d 4i
[DBG] 16xv 4d 4i: Got FFF4 vs FFF9: FAIL
[DBG] Timer count-up test: 0b, 0x0014
[DBG] PASS: 0b, 0x0014 1xs 1d 1i
[DBG] PASS: 0b, 0x0014 16xs 1d 1i
[DBG] PASS: 0b, 0x0014 1xv 1d 1i
[DBG] PASS: 0b, 0x0014 16xv 1d 1i
[DBG] PASS: 0b, 0x0014 1xs 2d 1i
[DBG] PASS: 0b, 0x0014 16xs 2d 1i
[DBG] PASS: 0b, 0x0014 1xv 2d 1i
[DBG] PASS: 0b, 0x0014 16xv 2d 1i
[DBG] PASS: 0b, 0x0014 1xs 4d 1i
[DBG] PASS: 0b, 0x0014 16xs 4d 1i
[DBG] PASS: 0b, 0x0014 1xv 4d 1i
[DBG] PASS: 0b, 0x0014 16xv 4d 1i
[DBG] PASS: 0b, 0x0014 1xs 1d 2i
[DBG] PASS: 0b, 0x0014 16xs 1d 2i
[DBG] FAIL: 0b, 0x0014 1xv 1d 2i
[DBG] 1xv 1d 2i: Got FFF8 vs FFF9: FAIL
[DBG] FAIL: 0b, 0x0014 16xv 1d 2i
[DBG] 16xv 1d 2i: Got FFF8 vs FFF9: FAIL
[DBG] PASS: 0b, 0x0014 1xs 2d 2i
[DBG] PASS: 0b, 0x0014 16xs 2d 2i
[DBG] FAIL: 0b, 0x0014 1xv 2d 2i
[DBG] 1xv 2d 2i: Got FFF8 vs FFF9: FAIL
[DBG] FAIL: 0b, 0x0014 16xv 2d 2i
[DBG] 16xv 2d 2i: Got FFF8 vs FFF9: FAIL
[DBG] PASS: 0b, 0x0014 1xs 4d 2i
[DBG] PASS: 0b, 0x0014 16xs 4d 2i
[DBG] FAIL: 0b, 0x0014 1xv 4d 2i
[DBG] 1xv 4d 2i: Got FFF8 vs FFF9: FAIL
[DBG] FAIL: 0b, 0x0014 16xv 4d 2i
[DBG] 16xv 4d 2i: Got FFF8 vs FFF9: FAIL
[DBG] PASS: 0b, 0x0014 1xs 1d 4i
[DBG] PASS: 0b, 0x0014 16xs 1d 4i
[DBG] FAIL: 0b, 0x0014 1xv 1d 4i
[DBG] 1xv 1d 4i: Got FFF8 vs FFFB: FAIL
[DBG] FAIL: 0b, 0x0014 16xv 1d 4i
[DBG] 16xv 1d 4i: Got FFF8 vs FFFB: FAIL
[DBG] PASS: 0b, 0x0014 1xs 2d 4i
[DBG] PASS: 0b, 0x0014 16xs 2d 4i
[DBG] FAIL: 0b, 0x0014 1xv 2d 4i
[DBG] 1xv 2d 4i: Got FFF8 vs FFFB: FAIL
[DBG] FAIL: 0b, 0x0014 16xv 2d 4i
[DBG] 16xv 2d 4i: Got FFF8 vs FFFB: FAIL
[DBG] PASS: 0b, 0x0014 1xs 4d 4i
[DBG] PASS: 0b, 0x0014 16xs 4d 4i
[DBG] FAIL: 0b, 0x0014 1xv 4d 4i
[DBG] 1xv 4d 4i: Got FFF8 vs FFFB: FAIL
[DBG] FAIL: 0b, 0x0014 16xv 4d 4i
[DBG] 16xv 4d 4i: Got FFF8 vs FFFB: FAIL
[DBG] Timer count-up test: 0b, 0x0015
[DBG] FAIL: 0b, 0x0015 1xs 1d 1i
[DBG] 1xs 1d 1i: Got 00000004 vs 00000005: FAIL
[DBG] PASS: 0b, 0x0015 16xs 1d 1i
[DBG] FAIL: 0b, 0x0015 1xv 1d 1i
[DBG] 1xv 1d 1i: Got FFF3 vs FFF5: FAIL
[DBG] PASS: 0b, 0x0015 16xv 1d 1i
[DBG] FAIL: 0b, 0x0015 1xs 2d 1i
[DBG] 1xs 2d 1i: Got 00000004 vs 00000005: FAIL
[DBG] PASS: 0b, 0x0015 16xs 2d 1i
[DBG] FAIL: 0b, 0x0015 1xv 2d 1i
[DBG] 1xv 2d 1i: Got FFF3 vs FFF5: FAIL
[DBG] PASS: 0b, 0x0015 16xv 2d 1i
[DBG] FAIL: 0b, 0x0015 1xs 4d 1i
[DBG] 1xs 4d 1i: Got 00000004 vs 00000005: FAIL
[DBG] PASS: 0b, 0x0015 16xs 4d 1i
[DBG] FAIL: 0b, 0x0015 1xv 4d 1i
[DBG] 1xv 4d 1i: Got FFF3 vs FFF5: FAIL
[DBG] PASS: 0b, 0x0015 16xv 4d 1i
[DBG] FAIL: 0b, 0x0015 1xs 1d 2i
[DBG] 1xs 1d 2i: Got 00000004 vs 00000005: FAIL
[DBG] PASS: 0b, 0x0015 16xs 1d 2i
[DBG] FAIL: 0b, 0x0015 1xv 1d 2i
[DBG] 1xv 1d 2i: Got FFED vs FFF0: FAIL
[DBG] FAIL: 0b, 0x0015 16xv 1d 2i
[DBG] 16xv 1d 2i: Got FFED vs FFEE: FAIL
[DBG] FAIL: 0b, 0x0015 1xs 2d 2i
[DBG] 1xs 2d 2i: Got 00000004 vs 00000005: FAIL
[DBG] PASS: 0b, 0x0015 16xs 2d 2i
[DBG] FAIL: 0b, 0x0015 1xv 2d 2i
[DBG] 1xv 2d 2i: Got FFED vs FFF0: FAIL
[DBG] FAIL: 0b, 0x0015 16xv 2d 2i
[DBG] 16xv 2d 2i: Got FFED vs FFEE: FAIL
[DBG] FAIL: 0b, 0x0015 1xs 4d 2i
[DBG] 1xs 4d 2i: Got 00000004 vs 00000005: FAIL
[DBG] PASS: 0b, 0x0015 16xs 4d 2i
[DBG] FAIL: 0b, 0x0015 1xv 4d 2i
[DBG] 1xv 4d 2i: Got FFED vs FFF0: FAIL
[DBG] FAIL: 0b, 0x0015 16xv 4d 2i
[DBG] 16xv 4d 2i: Got FFED vs FFEE: FAIL
[DBG] FAIL: 0b, 0x0015 1xs 1d 4i
[DBG] 1xs 1d 4i: Got 00000004 vs 00000005: FAIL
[DBG] PASS: 0b, 0x0015 16xs 1d 4i
[DBG] FAIL: 0b, 0x0015 1xv 1d 4i
[DBG] 1xv 1d 4i: Got FFF6 vs FFFB: FAIL
[DBG] FAIL: 0b, 0x0015 16xv 1d 4i
[DBG] 16xv 1d 4i: Got FFF6 vs FFF9: FAIL
[DBG] FAIL: 0b, 0x0015 1xs 2d 4i
[DBG] 1xs 2d 4i: Got 00000004 vs 00000005: FAIL
[DBG] PASS: 0b, 0x0015 16xs 2d 4i
[DBG] FAIL: 0b, 0x0015 1xv 2d 4i
[DBG] 1xv 2d 4i: Got FFF6 vs FFFB: FAIL
[DBG] FAIL: 0b, 0x0015 16xv 2d 4i
[DBG] 16xv 2d 4i: Got FFF6 vs FFF9: FAIL
[DBG] FAIL: 0b, 0x0015 1xs 4d 4i
[DBG] 1xs 4d 4i: Got 00000004 vs 00000005: FAIL
[DBG] PASS: 0b, 0x0015 16xs 4d 4i
[DBG] FAIL: 0b, 0x0015 1xv 4d 4i
[DBG] 1xv 4d 4i: Got FFF6 vs FFFB: FAIL
[DBG] FAIL: 0b, 0x0015 16xv 4d 4i
[DBG] 16xv 4d 4i: Got FFF6 vs FFF9: FAIL
[DBG] Timer count-up test: 0b, 0x0020
[DBG] PASS: 0b, 0x0020 1xs 1d 1i
[DBG] PASS: 0b, 0x0020 16xs 1d 1i
[DBG] PASS: 0b, 0x0020 1xv 1d 1i
[DBG] PASS: 0b, 0x0020 16xv 1d 1i
[DBG] PASS: 0b, 0x0020 1xs 2d 1i
[DBG] PASS: 0b, 0x0020 16xs 2d 1i
[DBG] PASS: 0b, 0x0020 1xv 2d 1i
[DBG] PASS: 0b, 0x0020 16xv 2d 1i
[DBG] PASS: 0b, 0x0020 1xs 4d 1i
[DBG] PASS: 0b, 0x0020 16xs 4d 1i
[DBG] PASS: 0b, 0x0020 1xv 4d 1i
[DBG] PASS: 0b, 0x0020 16xv 4d 1i
[DBG] PASS: 0b, 0x0020 1xs 1d 2i
[DBG] PASS: 0b, 0x0020 16xs 1d 2i
[DBG] FAIL: 0b, 0x0020 1xv 1d 2i
[DBG] 1xv 1d 2i: Got FFF4 vs FFF5: FAIL
[DBG] FAIL: 0b, 0x0020 16xv 1d 2i
[DBG] 16xv 1d 2i: Got FFF4 vs FFF5: FAIL
[DBG] PASS: 0b, 0x0020 1xs 2d 2i
[DBG] PASS: 0b, 0x0020 16xs 2d 2i
[DBG] FAIL: 0b, 0x0020 1xv 2d 2i
[DBG] 1xv 2d 2i: Got FFF4 vs FFF5: FAIL
[DBG] FAIL: 0b, 0x0020 16xv 2d 2i
[DBG] 16xv 2d 2i: Got FFF4 vs FFF5: FAIL
[DBG] PASS: 0b, 0x0020 1xs 4d 2i
[DBG] PASS: 0b, 0x0020 16xs 4d 2i
[DBG] FAIL: 0b, 0x0020 1xv 4d 2i
[DBG] 1xv 4d 2i: Got FFF4 vs FFF5: FAIL
[DBG] FAIL: 0b, 0x0020 16xv 4d 2i
[DBG] 16xv 4d 2i: Got FFF4 vs FFF5: FAIL
[DBG] PASS: 0b, 0x0020 1xs 1d 4i
[DBG] PASS: 0b, 0x0020 16xs 1d 4i
[DBG] FAIL: 0b, 0x0020 1xv 1d 4i
[DBG] 1xv 1d 4i: Got FFE4 vs FFE7: FAIL
[DBG] FAIL: 0b, 0x0020 16xv 1d 4i
[DBG] 16xv 1d 4i: Got FFE4 vs FFE7: FAIL
[DBG] PASS: 0b, 0x0020 1xs 2d 4i
[DBG] PASS: 0b, 0x0020 16xs 2d 4i
[DBG] FAIL: 0b, 0x0020 1xv 2d 4i
[DBG] 1xv 2d 4i: Got FFE4 vs FFE7: FAIL
[DBG] FAIL: 0b, 0x0020 16xv 2d 4i
[DBG] 16xv 2d 4i: Got FFE4 vs FFE7: FAIL
[DBG] PASS: 0b, 0x0020 1xs 4d 4i
[DBG] PASS: 0b, 0x0020 16xs 4d 4i
[DBG] FAIL: 0b, 0x0020 1xv 4d 4i
[DBG] 1xv 4d 4i: Got FFE4 vs FFE7: FAIL
[DBG] FAIL: 0b, 0x0020 16xv 4d 4i
[DBG] 16xv 4d 4i: Got FFE4 vs FFE7: FAIL
[DBG] Timer count-up test: 0b, 0x0024
[DBG] PASS: 0b, 0x0024 1xs 1d 1i
[DBG] PASS: 0b, 0x0024 16xs 1d 1i
[DBG] PASS: 0b, 0x0024 1xv 1d 1i
[DBG] FAIL: 0b, 0x0024 16xv 1d 1i
[DBG] 16xv 1d 1i: Got FFF2 vs FFF1: FAIL
[DBG] PASS: 0b, 0x0024 1xs 2d 1i
[DBG] PASS: 0b, 0x0024 16xs 2d 1i
[DBG] PASS: 0b, 0x0024 1xv 2d 1i
[DBG] FAIL: 0b, 0x0024 16xv 2d 1i
[DBG] 16xv 2d 1i: Got FFF2 vs FFF1: FAIL
[DBG] PASS: 0b, 0x0024 1xs 4d 1i
[DBG] PASS: 0b, 0x0024 16xs 4d 1i
[DBG] PASS: 0b, 0x0024 1xv 4d 1i
[DBG] FAIL: 0b, 0x0024 16xv 4d 1i
[DBG] 16xv 4d 1i: Got FFF2 vs FFF1: FAIL
[DBG] PASS: 0b, 0x0024 1xs 1d 2i
[DBG] PASS: 0b, 0x0024 16xs 1d 2i
[DBG] FAIL: 0b, 0x0024 1xv 1d 2i
[DBG] 1xv 1d 2i: Got FFFC vs FFFD: FAIL
[DBG] PASS: 0b, 0x0024 16xv 1d 2i
[DBG] PASS: 0b, 0x0024 1xs 2d 2i
[DBG] PASS: 0b, 0x0024 16xs 2d 2i
[DBG] FAIL: 0b, 0x0024 1xv 2d 2i
[DBG] 1xv 2d 2i: Got FFFC vs FFFD: FAIL
[DBG] PASS: 0b, 0x0024 16xv 2d 2i
[DBG] PASS: 0b, 0x0024 1xs 4d 2i
[DBG] PASS: 0b, 0x0024 16xs 4d 2i
[DBG] FAIL: 0b, 0x0024 1xv 4d 2i
[DBG] 1xv 4d 2i: Got FFFC vs FFFD: FAIL
[DBG] PASS: 0b, 0x0024 16xv 4d 2i
[DBG] PASS: 0b, 0x0024 1xs 1d 4i
[DBG] PASS: 0b, 0x0024 16xs 1d 4i
[DBG] FAIL: 0b, 0x0024 1xv 1d 4i
[DBG] 1xv 1d 4i: Got FFF0 vs FFF3: FAIL
[DBG] FAIL: 0b, 0x0024 16xv 1d 4i
[DBG] 16xv 1d 4i: Got FFF2 vs FFF4: FAIL
[DBG] PASS: 0b, 0x0024 1xs 2d 4i
[DBG] PASS: 0b, 0x0024 16xs 2d 4i
[DBG] FAIL: 0b, 0x0024 1xv 2d 4i
[DBG] 1xv 2d 4i: Got FFF0 vs FFF3: FAIL
[DBG] FAIL: 0b, 0x0024 16xv 2d 4i
[DBG] 16xv 2d 4i: Got FFF2 vs FFF4: FAIL
[DBG] PASS: 0b, 0x0024 1xs 4d 4i
[DBG] PASS: 0b, 0x0024 16xs 4d 4i
[DBG] FAIL: 0b, 0x0024 1xv 4d 4i
[DBG] 1xv 4d 4i: Got FFF0 vs FFF3: FAIL
[DBG] FAIL: 0b, 0x0024 16xv 4d 4i
[DBG] 16xv 4d 4i: Got FFF2 vs FFF4: FAIL
[DBG] Timer count-up test: 0b, 0x0025
[DBG] FAIL: 0b, 0x0025 1xs 1d 1i
[DBG] 1xs 1d 1i: Got 00000006 vs 00000007: FAIL
[DBG] PASS: 0b, 0x0025 16xs 1d 1i
[DBG] FAIL: 0b, 0x0025 1xv 1d 1i
[DBG] 1xv 1d 1i: Got FFED vs FFEF: FAIL
[DBG] FAIL: 0b, 0x0025 16xv 1d 1i
[DBG] 16xv 1d 1i: Got FFEE vs FFED: FAIL
[DBG] FAIL: 0b, 0x0025 1xs 2d 1i
[DBG] 1xs 2d 1i: Got 00000006 vs 00000007: FAIL
[DBG] PASS: 0b, 0x0025 16xs 2d 1i
[DBG] FAIL: 0b, 0x0025 1xv 2d 1i
[DBG] 1xv 2d 1i: Got FFED vs FFEF: FAIL
[DBG] FAIL: 0b, 0x0025 16xv 2d 1i
[DBG] 16xv 2d 1i: Got FFEE vs FFED: FAIL
[DBG] FAIL: 0b, 0x0025 1xs 4d 1i
[DBG] 1xs 4d 1i: Got 00000006 vs 00000007: FAIL
[DBG] PASS: 0b, 0x0025 16xs 4d 1i
[DBG] FAIL: 0b, 0x0025 1xv 4d 1i
[DBG] 1xv 4d 1i: Got FFED vs FFEF: FAIL
[DBG] FAIL: 0b, 0x0025 16xv 4d 1i
[DBG] 16xv 4d 1i: Got FFEE vs FFED: FAIL
[DBG] FAIL: 0b, 0x0025 1xs 1d 2i
[DBG] 1xs 1d 2i: Got 00000006 vs 00000007: FAIL
[DBG] PASS: 0b, 0x0025 16xs 1d 2i
[DBG] FAIL: 0b, 0x0025 1xv 1d 2i
[DBG] 1xv 1d 2i: Got FFF6 vs FFF9: FAIL
[DBG] PASS: 0b, 0x0025 16xv 1d 2i
[DBG] FAIL: 0b, 0x0025 1xs 2d 2i
[DBG] 1xs 2d 2i: Got 00000006 vs 00000007: FAIL
[DBG] PASS: 0b, 0x0025 16xs 2d 2i
[DBG] FAIL: 0b, 0x0025 1xv 2d 2i
[DBG] 1xv 2d 2i: Got FFF6 vs FFF9: FAIL
[DBG] PASS: 0b, 0x0025 16xv 2d 2i
[DBG] FAIL: 0b, 0x0025 1xs 4d 2i
[DBG] 1xs 4d 2i: Got 00000006 vs 00000007: FAIL
[DBG] PASS: 0b, 0x0025 16xs 4d 2i
[DBG] FAIL: 0b, 0x0025 1xv 4d 2i
[DBG] 1xv 4d 2i: Got FFF6 vs FFF9: FAIL
[DBG] PASS: 0b, 0x0025 16xv 4d 2i
[DBG] FAIL: 0b, 0x0025 1xs 1d 4i
[DBG] 1xs 1d 4i: Got 00000006 vs 00000007: FAIL
[DBG] PASS: 0b, 0x0025 16xs 1d 4i
[DBG] FAIL: 0b, 0x0025 1xv 1d 4i
[DBG] 1xv 1d 4i: Got FFE3 vs FFE8: FAIL
[DBG] FAIL: 0b, 0x0025 16xv 1d 4i
[DBG] 16xv 1d 4i: Got FFE4 vs FFE6: FAIL
[DBG] FAIL: 0b, 0x0025 1xs 2d 4i
[DBG] 1xs 2d 4i: Got 00000006 vs 00000007: FAIL
[DBG] PASS: 0b, 0x0025 16xs 2d 4i
[DBG] FAIL: 0b, 0x0025 1xv 2d 4i
[DBG] 1xv 2d 4i: Got FFE3 vs FFE8: FAIL
[DBG] FAIL: 0b, 0x0025 16xv 2d 4i
[DBG] 16xv 2d 4i: Got FFE4 vs FFE6: FAIL
[DBG] FAIL: 0b, 0x0025 1xs 4d 4i
[DBG] 1xs 4d 4i: Got 00000006 vs 00000007: FAIL
[DBG] PASS: 0b, 0x0025 16xs 4d 4i
[DBG] FAIL: 0b, 0x0025 1xv 4d 4i
[DBG] 1xv 4d 4i: Got FFE3 vs FFE8: FAIL
[DBG] FAIL: 0b, 0x0025 16xv 4d 4i
[DBG] 16xv 4d 4i: Got FFE4 vs FFE6: FAIL
[DBG] Timer count-up test: 0b, 0x0040
[DBG] PASS: 0b, 0x0040 1xs 1d 1i
[DBG] PASS: 0b, 0x0040 16xs 1d 1i
[DBG] PASS: 0b, 0x0040 1xv 1d 1i
[DBG] FAIL: 0b, 0x0040 16xv 1d 1i
[DBG] 16xv 1d 1i: Got FFDD vs FFDC: FAIL
[DBG] PASS: 0b, 0x0040 1xs 2d 1i
[DBG] PASS: 0b, 0x0040 16xs 2d 1i
[DBG] PASS: 0b, 0x0040 1xv 2d 1i
[DBG] FAIL: 0b, 0x0040 16xv 2d 1i
[DBG] 16xv 2d 1i: Got FFDD vs FFDC: FAIL
[DBG] PASS: 0b, 0x0040 1xs 4d 1i
[DBG] PASS: 0b, 0x0040 16xs 4d 1i
[DBG] PASS: 0b, 0x0040 1xv 4d 1i
[DBG] FAIL: 0b, 0x0040 16xv 4d 1i
[DBG] 16xv 4d 1i: Got FFDD vs FFDC: FAIL
[DBG] PASS: 0b, 0x0040 1xs 1d 2i
[DBG] PASS: 0b, 0x0040 16xs 1d 2i
[DBG] PASS: 0b, 0x0040 1xv 1d 2i
[DBG] PASS: 0b, 0x0040 16xv 1d 2i
[DBG] PASS: 0b, 0x0040 1xs 2d 2i
[DBG] PASS: 0b, 0x0040 16xs 2d 2i
[DBG] PASS: 0b, 0x0040 1xv 2d 2i
[DBG] PASS: 0b, 0x0040 16xv 2d 2i
[DBG] PASS: 0b, 0x0040 1xs 4d 2i
[DBG] PASS: 0b, 0x0040 16xs 4d 2i
[DBG] PASS: 0b, 0x0040 1xv 4d 2i
[DBG] PASS: 0b, 0x0040 16xv 4d 2i
[DBG] PASS: 0b, 0x0040 1xs 1d 4i
[DBG] PASS: 0b, 0x0040 16xs 1d 4i
[DBG] FAIL: 0b, 0x0040 1xv 1d 4i
[DBG] 1xv 1d 4i: Got FFDC vs FFDE: FAIL
[DBG] FAIL: 0b, 0x0040 16xv 1d 4i
[DBG] 16xv 1d 4i: Got FFDC vs FFDE: FAIL
[DBG] PASS: 0b, 0x0040 1xs 2d 4i
[DBG] PASS: 0b, 0x0040 16xs 2d 4i
[DBG] FAIL: 0b, 0x0040 1xv 2d 4i
[DBG] 1xv 2d 4i: Got FFDC vs FFDE: FAIL
[DBG] FAIL: 0b, 0x0040 16xv 2d 4i
[DBG] 16xv 2d 4i: Got FFDC vs FFDE: FAIL
[DBG] PASS: 0b, 0x0040 1xs 4d 4i
[DBG] PASS: 0b, 0x0040 16xs 4d 4i
[DBG] FAIL: 0b, 0x0040 1xv 4d 4i
[DBG] 1xv 4d 4i: Got FFDC vs FFDE: FAIL
[DBG] FAIL: 0b, 0x0040 16xv 4d 4i
[DBG] 16xv 4d 4i: Got FFDC vs FFDE: FAIL
[DBG] Timer count-up test: 0b, 0x0080
[DBG] PASS: 0b, 0x0080 1xs 1d 1i
[DBG] PASS: 0b, 0x0080 16xs 1d 1i
[DBG] PASS: 0b, 0x0080 1xv 1d 1i
[DBG] FAIL: 0b, 0x0080 16xv 1d 1i
[DBG] 16xv 1d 1i: Got FFDE vs FFDD: FAIL
[DBG] PASS: 0b, 0x0080 1xs 2d 1i
[DBG] PASS: 0b, 0x0080 16xs 2d 1i
[DBG] PASS: 0b, 0x0080 1xv 2d 1i
[DBG] FAIL: 0b, 0x0080 16xv 2d 1i
[DBG] 16xv 2d 1i: Got FFDE vs FFDD: FAIL
[DBG] PASS: 0b, 0x0080 1xs 4d 1i
[DBG] PASS: 0b, 0x0080 16xs 4d 1i
[DBG] PASS: 0b, 0x0080 1xv 4d 1i
[DBG] FAIL: 0b, 0x0080 16xv 4d 1i
[DBG] 16xv 4d 1i: Got FFDE vs FFDD: FAIL
[DBG] PASS: 0b, 0x0080 1xs 1d 2i
[DBG] PASS: 0b, 0x0080 16xs 1d 2i
[DBG] PASS: 0b, 0x0080 1xv 1d 2i
[DBG] PASS: 0b, 0x0080 16xv 1d 2i
[DBG] PASS: 0b, 0x0080 1xs 2d 2i
[DBG] PASS: 0b, 0x0080 16xs 2d 2i
[DBG] PASS: 0b, 0x0080 1xv 2d 2i
[DBG] PASS: 0b, 0x0080 16xv 2d 2i
[DBG] PASS: 0b, 0x0080 1xs 4d 2i
[DBG] PASS: 0b, 0x0080 16xs 4d 2i
[DBG] PASS: 0b, 0x0080 1xv 4d 2i
[DBG] PASS: 0b, 0x0080 16xv 4d 2i
[DBG] PASS: 0b, 0x0080 1xs 1d 4i
[DBG] FAIL: 0b, 0x0080 16xs 1d 4i
[DBG] 16xs 1d 4i: Got 00000080 vs 00000070: FAIL
[DBG] FAIL: 0b, 0x0080 1xv 1d 4i
[DBG] 1xv 1d 4i: Got FFDC vs FFDE: FAIL
[DBG] FAIL: 0b, 0x0080 16xv 1d 4i
[DBG] 16xv 1d 4i: Got FFDD vs FFDC: FAIL
[DBG] PASS: 0b, 0x0080 1xs 2d 4i
[DBG] FAIL: 0b, 0x0080 16xs 2d 4i
[DBG] 16xs 2d 4i: Got 00000080 vs 00000070: FAIL
[DBG] FAIL: 0b, 0x0080 1xv 2d 4i
[DBG] 1xv 2d 4i: Got FFDC vs FFDE: FAIL
[DBG] FAIL: 0b, 0x0080 16xv 2d 4i
[DBG] 16xv 2d 4i: Got FFDD vs FFDC: FAIL
[DBG] PASS: 0b, 0x0080 1xs 4d 4i
[DBG] FAIL: 0b, 0x0080 16xs 4d 4i
[DBG] 16xs 4d 4i: Got 00000080 vs 00000070: FAIL
[DBG] FAIL: 0b, 0x0080 1xv 4d 4i
[DBG] 1xv 4d 4i: Got FFDC vs FFDE: FAIL
[DBG] FAIL: 0b, 0x0080 16xv 4d 4i
[DBG] 16xv 4d 4i: Got FFDD vs FFDC: FAIL
[DBG] Timer count-up test: 0b, 0x0800
[DBG] PASS: 0b, 0x0800 1xs 1d 1i
[DBG] PASS: 0b, 0x0800 16xs 1d 1i
[DBG] PASS: 0b, 0x0800 1xv 1d 1i
[DBG] PASS: 0b, 0x0800 16xv 1d 1i
[DBG] PASS: 0b, 0x0800 1xs 2d 1i
[DBG] PASS: 0b, 0x0800 16xs 2d 1i
[DBG] PASS: 0b, 0x0800 1xv 2d 1i
[DBG] PASS: 0b, 0x0800 16xv 2d 1i
[DBG] PASS: 0b, 0x0800 1xs 4d 1i
[DBG] PASS: 0b, 0x0800 16xs 4d 1i
[DBG] PASS: 0b, 0x0800 1xv 4d 1i
[DBG] PASS: 0b, 0x0800 16xv 4d 1i
[DBG] PASS: 0b, 0x0800 1xs 1d 2i
[DBG] PASS: 0b, 0x0800 16xs 1d 2i
[DBG] PASS: 0b, 0x0800 1xv 1d 2i
[DBG] PASS: 0b, 0x0800 16xv 1d 2i
[DBG] PASS: 0b, 0x0800 1xs 2d 2i
[DBG] PASS: 0b, 0x0800 16xs 2d 2i
[DBG] PASS: 0b, 0x0800 1xv 2d 2i
[DBG] PASS: 0b, 0x0800 16xv 2d 2i
[DBG] PASS: 0b, 0x0800 1xs 4d 2i
[DBG] PASS: 0b, 0x0800 16xs 4d 2i
[DBG] PASS: 0b, 0x0800 1xv 4d 2i
[DBG] PASS: 0b, 0x0800 16xv 4d 2i
[DBG] PASS: 0b, 0x0800 1xs 1d 4i
[DBG] PASS: 0b, 0x0800 16xs 1d 4i
[DBG] FAIL: 0b, 0x0800 1xv 1d 4i
[DBG] 1xv 1d 4i: Got F85C vs F85E: FAIL
[DBG] PASS: 0b, 0x0800 16xv 1d 4i
[DBG] PASS: 0b, 0x0800 1xs 2d 4i
[DBG] PASS: 0b, 0x0800 16xs 2d 4i
[DBG] FAIL: 0b, 0x0800 1xv 2d 4i
[DBG] 1xv 2d 4i: Got F85C vs F85E: FAIL
[DBG] PASS: 0b, 0x0800 16xv 2d 4i
[DBG] PASS: 0b, 0x0800 1xs 4d 4i
[DBG] PASS: 0b, 0x0800 16xs 4d 4i
[DBG] FAIL: 0b, 0x0800 1xv 4d 4i
[DBG] 1xv 4d 4i: Got F85C vs F85E: FAIL
[DBG] PASS: 0b, 0x0800 16xv 4d 4i
[DBG] Timer count-up test: 0b, 0x8000
[DBG] PASS: 0b, 0x8000 1xs 1d 1i
[DBG] PASS: 0b, 0x8000 16xs 1d 1i
[DBG] PASS: 0b, 0x8000 1xv 1d 1i
[DBG] FAIL: 0b, 0x8000 16xv 1d 1i
[DBG] 16xv 1d 1i: Got 805C vs 805E: FAIL
[DBG] PASS: 0b, 0x8000 1xs 2d 1i
[DBG] PASS: 0b, 0x8000 16xs 2d 1i
[DBG] PASS: 0b, 0x8000 1xv 2d 1i
[DBG] FAIL: 0b, 0x8000 16xv 2d 1i
[DBG] 16xv 2d 1i: Got 805C vs 805E: FAIL
[DBG] PASS: 0b, 0x8000 1xs 4d 1i
[DBG] PASS: 0b, 0x8000 16xs 4d 1i
[DBG] PASS: 0b, 0x8000 1xv 4d 1i
[DBG] FAIL: 0b, 0x8000 16xv 4d 1i
[DBG] 16xv 4d 1i: Got 805C vs 805E: FAIL
[DBG] PASS: 0b, 0x8000 1xs 1d 2i
[DBG] PASS: 0b, 0x8000 16xs 1d 2i
[DBG] PASS: 0b, 0x8000 1xv 1d 2i
[DBG] PASS: 0b, 0x8000 16xv 1d 2i
[DBG] PASS: 0b, 0x8000 1xs 2d 2i
[DBG] PASS: 0b, 0x8000 16xs 2d 2i
[DBG] PASS: 0b, 0x8000 1xv 2d 2i
[DBG] PASS: 0b, 0x8000 16xv 2d 2i
[DBG] PASS: 0b, 0x8000 1xs 4d 2i
[DBG] PASS: 0b, 0x8000 16xs 4d 2i
[DBG] PASS: 0b, 0x8000 1xv 4d 2i
[DBG] PASS: 0b, 0x8000 16xv 4d 2i
[DBG] PASS: 0b, 0x8000 1xs 1d 4i
[DBG] PASS: 0b, 0x8000 16xs 1d 4i
[DBG] FAIL: 0b, 0x8000 1xv 1d 4i
[DBG] 1xv 1d 4i: Got 805C vs 805E: FAIL
[DBG] PASS: 0b, 0x8000 16xv 1d 4i
[DBG] PASS: 0b, 0x8000 1xs 2d 4i
[DBG] PASS: 0b, 0x8000 16xs 2d 4i
[DBG] FAIL: 0b, 0x8000 1xv 2d 4i
[DBG] 1xv 2d 4i: Got 805C vs 805E: FAIL
[DBG] PASS: 0b, 0x8000 16xv 2d 4i
[DBG] PASS: 0b, 0x8000 1xs 4d 4i
[DBG] PASS: 0b, 0x8000 16xs 4d 4i
[DBG] FAIL: 0b, 0x8000 1xv 4d 4i
[DBG] 1xv 4d 4i: Got 805C vs 805E: FAIL
[DBG] PASS: 0b, 0x8000 16xv 4d 4i
[DBG] Timer count-up test: 6b, 0x0010
[DBG] PASS: 6b, 0x0010 1xs 1d 1i
[DBG] PASS: 6b, 0x0010 16xs 1d 1i
[DBG] PASS: 6b, 0x0010 1xv 1d 1i
[DBG] PASS: 6b, 0x0010 16xv 1d 1i
[DBG] PASS: 6b, 0x0010 1xs 2d 1i
[DBG] PASS: 6b, 0x0010 16xs 2d 1i
[DBG] PASS: 6b, 0x0010 1xv 2d 1i
[DBG] PASS: 6b, 0x0010 16xv 2d 1i
[DBG] PASS: 6b, 0x0010 1xs 4d 1i
[DBG] PASS: 6b, 0x0010 16xs 4d 1i
[DBG] PASS: 6b, 0x0010 1xv 4d 1i
[DBG] PASS: 6b, 0x0010 16xv 4d 1i
[DBG] PASS: 6b, 0x0010 1xs 1d 2i
[DBG] PASS: 6b, 0x0010 16xs 1d 2i
[DBG] PASS: 6b, 0x0010 1xv 1d 2i
[DBG] PASS: 6b, 0x0010 16xv 1d 2i
[DBG] FAIL: 6b, 0x0010 1xs 2d 2i
[DBG] 1xs 2d 2i: Got 000000EC vs 000000EB: FAIL
[DBG] PASS: 6b, 0x0010 16xs 2d 2i
[DBG] PASS: 6b, 0x0010 1xv 2d 2i
[DBG] PASS: 6b, 0x0010 16xv 2d 2i
[DBG] PASS: 6b, 0x0010 1xs 4d 2i
[DBG] PASS: 6b, 0x0010 16xs 4d 2i
[DBG] PASS: 6b, 0x0010 1xv 4d 2i
[DBG] PASS: 6b, 0x0010 16xv 4d 2i
[DBG] PASS: 6b, 0x0010 1xs 1d 4i
[DBG] PASS: 6b, 0x0010 16xs 1d 4i
[DBG] PASS: 6b, 0x0010 1xv 1d 4i
[DBG] PASS: 6b, 0x0010 16xv 1d 4i
[DBG] FAIL: 6b, 0x0010 1xs 2d 4i
[DBG] 1xs 2d 4i: Got 000001CE vs 000001CD: FAIL
[DBG] PASS: 6b, 0x0010 16xs 2d 4i
[DBG] PASS: 6b, 0x0010 1xv 2d 4i
[DBG] PASS: 6b, 0x0010 16xv 2d 4i
[DBG] PASS: 6b, 0x0010 1xs 4d 4i
[DBG] PASS: 6b, 0x0010 16xs 4d 4i
[DBG] PASS: 6b, 0x0010 1xv 4d 4i
[DBG] PASS: 6b, 0x0010 16xv 4d 4i
[DBG] Timer count-up test: 6b, 0x0011
[DBG] PASS: 6b, 0x0011 1xs 1d 1i
[DBG] PASS: 6b, 0x0011 16xs 1d 1i
[DBG] PASS: 6b, 0x0011 1xv 1d 1i
[DBG] PASS: 6b, 0x0011 16xv 1d 1i
[DBG] PASS: 6b, 0x0011 1xs 2d 1i
[DBG] PASS: 6b, 0x0011 16xs 2d 1i
[DBG] PASS: 6b, 0x0011 1xv 2d 1i
[DBG] PASS: 6b, 0x0011 16xv 2d 1i
[DBG] PASS: 6b, 0x0011 1xs 4d 1i
[DBG] PASS: 6b, 0x0011 16xs 4d 1i
[DBG] PASS: 6b, 0x0011 1xv 4d 1i
[DBG] PASS: 6b, 0x0011 16xv 4d 1i
[DBG] PASS: 6b, 0x0011 1xs 1d 2i
[DBG] PASS: 6b, 0x0011 16xs 1d 2i
[DBG] PASS: 6b, 0x0011 1xv 1d 2i
[DBG] PASS: 6b, 0x0011 16xv 1d 2i
[DBG] FAIL: 6b, 0x0011 1xs 2d 2i
[DBG] 1xs 2d 2i: Got 000000FC vs 000000FB: FAIL
[DBG] PASS: 6b, 0x0011 16xs 2d 2i
[DBG] PASS: 6b, 0x0011 1xv 2d 2i
[DBG] PASS: 6b, 0x0011 16xv 2d 2i
[DBG] PASS: 6b, 0x0011 1xs 4d 2i
[DBG] PASS: 6b, 0x0011 16xs 4d 2i
[DBG] PASS: 6b, 0x0011 1xv 4d 2i
[DBG] PASS: 6b, 0x0011 16xv 4d 2i
[DBG] PASS: 6b, 0x0011 1xs 1d 4i
[DBG] PASS: 6b, 0x0011 16xs 1d 4i
[DBG] PASS: 6b, 0x0011 1xv 1d 4i
[DBG] PASS: 6b, 0x0011 16xv 1d 4i
[DBG] FAIL: 6b, 0x0011 1xs 2d 4i
[DBG] 1xs 2d 4i: Got 000001EE vs 000001ED: FAIL
[DBG] PASS: 6b, 0x0011 16xs 2d 4i
[DBG] PASS: 6b, 0x0011 1xv 2d 4i
[DBG] PASS: 6b, 0x0011 16xv 2d 4i
[DBG] PASS: 6b, 0x0011 1xs 4d 4i
[DBG] PASS: 6b, 0x0011 16xs 4d 4i
[DBG] PASS: 6b, 0x0011 1xv 4d 4i
[DBG] PASS: 6b, 0x0011 16xv 4d 4i
[DBG] Timer count-up test: 6b, 0x0012
[DBG] PASS: 6b, 0x0012 1xs 1d 1i
[DBG] PASS: 6b, 0x0012 16xs 1d 1i
[DBG] PASS: 6b, 0x0012 1xv 1d 1i
[DBG] PASS: 6b, 0x0012 16xv 1d 1i
[DBG] PASS: 6b, 0x0012 1xs 2d 1i
[DBG] PASS: 6b, 0x0012 16xs 2d 1i
[DBG] PASS: 6b, 0x0012 1xv 2d 1i
[DBG] PASS: 6b, 0x0012 16xv 2d 1i
[DBG] PASS: 6b, 0x0012 1xs 4d 1i
[DBG] PASS: 6b, 0x0012 16xs 4d 1i
[DBG] PASS: 6b, 0x0012 1xv 4d 1i
[DBG] PASS: 6b, 0x0012 16xv 4d 1i
[DBG] PASS: 6b, 0x0012 1xs 1d 2i
[DBG] PASS: 6b, 0x0012 16xs 1d 2i
[DBG] PASS: 6b, 0x0012 1xv 1d 2i
[DBG] PASS: 6b, 0x0012 16xv 1d 2i
[DBG] FAIL: 6b, 0x0012 1xs 2d 2i
[DBG] 1xs 2d 2i: Got 0000010C vs 0000010B: FAIL
[DBG] PASS: 6b, 0x0012 16xs 2d 2i
[DBG] PASS: 6b, 0x0012 1xv 2d 2i
[DBG] PASS: 6b, 0x0012 16xv 2d 2i
[DBG] PASS: 6b, 0x0012 1xs 4d 2i
[DBG] PASS: 6b, 0x0012 16xs 4d 2i
[DBG] PASS: 6b, 0x0012 1xv 4d 2i
[DBG] PASS: 6b, 0x0012 16xv 4d 2i
[DBG] PASS: 6b, 0x0012 1xs 1d 4i
[DBG] PASS: 6b, 0x0012 16xs 1d 4i
[DBG] PASS: 6b, 0x0012 1xv 1d 4i
[DBG] PASS: 6b, 0x0012 16xv 1d 4i
[DBG] FAIL: 6b, 0x0012 1xs 2d 4i
[DBG] 1xs 2d 4i: Got 0000020E vs 0000020D: FAIL
[DBG] PASS: 6b, 0x0012 16xs 2d 4i
[DBG] PASS: 6b, 0x0012 1xv 2d 4i
[DBG] PASS: 6b, 0x0012 16xv 2d 4i
[DBG] PASS: 6b, 0x0012 1xs 4d 4i
[DBG] PASS: 6b, 0x0012 16xs 4d 4i
[DBG] PASS: 6b, 0x0012 1xv 4d 4i
[DBG] PASS: 6b, 0x0012 16xv 4d 4i
[DBG] Timer count-up test: 6b, 0x0013
[DBG] PASS: 6b, 0x0013 1xs 1d 1i
[DBG] PASS: 6b, 0x0013 16xs 1d 1i
[DBG] PASS: 6b, 0x0013 1xv 1d 1i
[DBG] PASS: 6b, 0x0013 16xv 1d 1i
[DBG] PASS: 6b, 0x0013 1xs 2d 1i
[DBG] PASS: 6b, 0x0013 16xs 2d 1i
[DBG] PASS: 6b, 0x0013 1xv 2d 1i
[DBG] PASS: 6b, 0x0013 16xv 2d 1i
[DBG] PASS: 6b, 0x0013 1xs 4d 1i
[DBG] PASS: 6b, 0x0013 16xs 4d 1i
[DBG] PASS: 6b, 0x0013 1xv 4d 1i
[DBG] PASS: 6b, 0x0013 16xv 4d 1i
[DBG] PASS: 6b, 0x0013 1xs 1d 2i
[DBG] PASS: 6b, 0x0013 16xs 1d 2i
[DBG] PASS: 6b, 0x0013 1xv 1d 2i
[DBG] PASS: 6b, 0x0013 16xv 1d 2i
[DBG] FAIL: 6b, 0x0013 1xs 2d 2i
[DBG] 1xs 2d 2i: Got 0000011C vs 0000011B: FAIL
[DBG] PASS: 6b, 0x0013 16xs 2d 2i
[DBG] PASS: 6b, 0x0013 1xv 2d 2i
[DBG] PASS: 6b, 0x0013 16xv 2d 2i
[DBG] PASS: 6b, 0x0013 1xs 4d 2i
[DBG] PASS: 6b, 0x0013 16xs 4d 2i
[DBG] PASS: 6b, 0x0013 1xv 4d 2i
[DBG] PASS: 6b, 0x0013 16xv 4d 2i
[DBG] PASS: 6b, 0x0013 1xs 1d 4i
[DBG] PASS: 6b, 0x0013 16xs 1d 4i
[DBG] PASS: 6b, 0x0013 1xv 1d 4i
[DBG] PASS: 6b, 0x0013 16xv 1d 4i
[DBG] FAIL: 6b, 0x0013 1xs 2d 4i
[DBG] 1xs 2d 4i: Got 0000022E vs 0000022D: FAIL
[DBG] PASS: 6b, 0x0013 16xs 2d 4i
[DBG] PASS: 6b, 0x0013 1xv 2d 4i
[DBG] PASS: 6b, 0x0013 16xv 2d 4i
[DBG] PASS: 6b, 0x0013 1xs 4d 4i
[DBG] FAIL: 6b, 0x0013 16xs 4d 4i
[DBG] 16xs 4d 4i: Got 00000C50 vs 00000C40: FAIL
[DBG] PASS: 6b, 0x0013 1xv 4d 4i
[DBG] PASS: 6b, 0x0013 16xv 4d 4i
[DBG] Timer count-up test: 8b, 0x0010
[DBG] PASS: 8b, 0x0010 1xs 1d 1i
[DBG] PASS: 8b, 0x0010 16xs 1d 1i
[DBG] PASS: 8b, 0x0010 1xv 1d 1i
[DBG] PASS: 8b, 0x0010 16xv 1d 1i
[DBG] PASS: 8b, 0x0010 1xs 2d 1i
[DBG] PASS: 8b, 0x0010 16xs 2d 1i
[DBG] PASS: 8b, 0x0010 1xv 2d 1i
[DBG] PASS: 8b, 0x0010 16xv 2d 1i
[DBG] PASS: 8b, 0x0010 1xs 4d 1i
[DBG] PASS: 8b, 0x0010 16xs 4d 1i
[DBG] PASS: 8b, 0x0010 1xv 4d 1i
[DBG] PASS: 8b, 0x0010 16xv 4d 1i
[DBG] PASS: 8b, 0x0010 1xs 1d 2i
[DBG] PASS: 8b, 0x0010 16xs 1d 2i
[DBG] PASS: 8b, 0x0010 1xv 1d 2i
[DBG] PASS: 8b, 0x0010 16xv 1d 2i
[DBG] FAIL: 8b, 0x0010 1xs 2d 2i
[DBG] 1xs 2d 2i: Got 000003DC vs 000003DB: FAIL
[DBG] PASS: 8b, 0x0010 16xs 2d 2i
[DBG] PASS: 8b, 0x0010 1xv 2d 2i
[DBG] PASS: 8b, 0x0010 16xv 2d 2i
[DBG] PASS: 8b, 0x0010 1xs 4d 2i
[DBG] PASS: 8b, 0x0010 16xs 4d 2i
[DBG] PASS: 8b, 0x0010 1xv 4d 2i
[DBG] PASS: 8b, 0x0010 16xv 4d 2i
[DBG] PASS: 8b, 0x0010 1xs 1d 4i
[DBG] PASS: 8b, 0x0010 16xs 1d 4i
[DBG] PASS: 8b, 0x0010 1xv 1d 4i
[DBG] PASS: 8b, 0x0010 16xv 1d 4i
[DBG] FAIL: 8b, 0x0010 1xs 2d 4i
[DBG] 1xs 2d 4i: Got 000007BE vs 000007BD: FAIL
[DBG] FAIL: 8b, 0x0010 16xs 2d 4i
[DBG] 16xs 2d 4i: Got 00002B20 vs 00002B10: FAIL
[DBG] PASS: 8b, 0x0010 1xv 2d 4i
[DBG] PASS: 8b, 0x0010 16xv 2d 4i
[DBG] PASS: 8b, 0x0010 1xs 4d 4i
[DBG] PASS: 8b, 0x0010 16xs 4d 4i
[DBG] PASS: 8b, 0x0010 1xv 4d 4i
[DBG] PASS: 8b, 0x0010 16xv 4d 4i
[DBG] Timer count-up test: 8b, 0x0011
[DBG] PASS: 8b, 0x0011 1xs 1d 1i
[DBG] PASS: 8b, 0x0011 16xs 1d 1i
[DBG] PASS: 8b, 0x0011 1xv 1d 1i
[DBG] PASS: 8b, 0x0011 16xv 1d 1i
[DBG] PASS: 8b, 0x0011 1xs 2d 1i
[DBG] PASS: 8b, 0x0011 16xs 2d 1i
[DBG] PASS: 8b, 0x0011 1xv 2d 1i
[DBG] PASS: 8b, 0x0011 16xv 2d 1i
[DBG] PASS: 8b, 0x0011 1xs 4d 1i
[DBG] PASS: 8b, 0x0011 16xs 4d 1i
[DBG] PASS: 8b, 0x0011 1xv 4d 1i
[DBG] PASS: 8b, 0x0011 16xv 4d 1i
[DBG] PASS: 8b, 0x0011 1xs 1d 2i
[DBG] PASS: 8b, 0x0011 16xs 1d 2i
[DBG] PASS: 8b, 0x0011 1xv 1d 2i
[DBG] PASS: 8b, 0x0011 16xv 1d 2i
[DBG] FAIL: 8b, 0x0011 1xs 2d 2i
[DBG] 1xs 2d 2i: Got 0000041C vs 0000041B: FAIL
[DBG] PASS: 8b, 0x0011 16xs 2d 2i
[DBG] PASS: 8b, 0x0011 1xv 2d 2i
[DBG] PASS: 8b, 0x0011 16xv 2d 2i
[DBG] PASS: 8b, 0x0011 1xs 4d 2i
[DBG] PASS: 8b, 0x0011 16xs 4d 2i
[DBG] PASS: 8b, 0x0011 1xv 4d 2i
[DBG] PASS: 8b, 0x0011 16xv 4d 2i
[DBG] PASS: 8b, 0x0011 1xs 1d 4i
[DBG] PASS: 8b, 0x0011 16xs 1d 4i
[DBG] PASS: 8b, 0x0011 1xv 1d 4i
[DBG] PASS: 8b, 0x0011 16xv 1d 4i
[DBG] FAIL: 8b, 0x0011 1xs 2d 4i
[DBG] 1xs 2d 4i: Got 0000083E vs 0000083D: FAIL
[DBG] PASS: 8b, 0x0011 16xs 2d 4i
[DBG] PASS: 8b, 0x0011 1xv 2d 4i
[DBG] PASS: 8b, 0x0011 16xv 2d 4i
[DBG] PASS: 8b, 0x0011 1xs 4d 4i
[DBG] PASS: 8b, 0x0011 16xs 4d 4i
[DBG] PASS: 8b, 0x0011 1xv 4d 4i
[DBG] PASS: 8b, 0x0011 16xv 4d 4i
[DBG] Timer count-up test: 8b, 0x0012
[DBG] PASS: 8b, 0x0012 1xs 1d 1i
[DBG] PASS: 8b, 0x0012 16xs 1d 1i
[DBG] PASS: 8b, 0x0012 1xv 1d 1i
[DBG] PASS: 8b, 0x0012 16xv 1d 1i
[DBG] PASS: 8b, 0x0012 1xs 2d 1i
[DBG] PASS: 8b, 0x0012 16xs 2d 1i
[DBG] PASS: 8b, 0x0012 1xv 2d 1i
[DBG] PASS: 8b, 0x0012 16xv 2d 1i
[DBG] PASS: 8b, 0x0012 1xs 4d 1i
[DBG] PASS: 8b, 0x0012 16xs 4d 1i
[DBG] PASS: 8b, 0x0012 1xv 4d 1i
[DBG] PASS: 8b, 0x0012 16xv 4d 1i
[DBG] PASS: 8b, 0x0012 1xs 1d 2i
[DBG] PASS: 8b, 0x0012 16xs 1d 2i
[DBG] PASS: 8b, 0x0012 1xv 1d 2i
[DBG] PASS: 8b, 0x0012 16xv 1d 2i
[DBG] FAIL: 8b, 0x0012 1xs 2d 2i
[DBG] 1xs 2d 2i: Got 0000045C vs 0000045B: FAIL
[DBG] PASS: 8b, 0x0012 16xs 2d 2i
[DBG] PASS: 8b, 0x0012 1xv 2d 2i
[DBG] PASS: 8b, 0x0012 16xv 2d 2i
[DBG] PASS: 8b, 0x0012 1xs 4d 2i
[DBG] PASS: 8b, 0x0012 16xs 4d 2i
[DBG] PASS: 8b, 0x0012 1xv 4d 2i
[DBG] PASS: 8b, 0x0012 16xv 4d 2i
[DBG] PASS: 8b, 0x0012 1xs 1d 4i
[DBG] PASS: 8b, 0x0012 16xs 1d 4i
[DBG] PASS: 8b, 0x0012 1xv 1d 4i
[DBG] PASS: 8b, 0x0012 16xv 1d 4i
[DBG] FAIL: 8b, 0x0012 1xs 2d 4i
[DBG] 1xs 2d 4i: Got 000008BE vs 000008BD: FAIL
[DBG] FAIL: 8b, 0x0012 16xs 2d 4i
[DBG] 16xs 2d 4i: Got 000030B0 vs 000030A0: FAIL
[DBG] PASS: 8b, 0x0012 1xv 2d 4i
[DBG] PASS: 8b, 0x0012 16xv 2d 4i
[DBG] PASS: 8b, 0x0012 1xs 4d 4i
[DBG] PASS: 8b, 0x0012 16xs 4d 4i
[DBG] PASS: 8b, 0x0012 1xv 4d 4i
[DBG] PASS: 8b, 0x0012 16xv 4d 4i
[DBG] Timer count-up test: 8b, 0x0013
[DBG] PASS: 8b, 0x0013 1xs 1d 1i
[DBG] PASS: 8b, 0x0013 16xs 1d 1i
[DBG] PASS: 8b, 0x0013 1xv 1d 1i
[DBG] PASS: 8b, 0x0013 16xv 1d 1i
[DBG] PASS: 8b, 0x0013 1xs 2d 1i
[DBG] PASS: 8b, 0x0013 16xs 2d 1i
[DBG] PASS: 8b, 0x0013 1xv 2d 1i
[DBG] PASS: 8b, 0x0013 16xv 2d 1i
[DBG] PASS: 8b, 0x0013 1xs 4d 1i
[DBG] PASS: 8b, 0x0013 16xs 4d 1i
[DBG] PASS: 8b, 0x0013 1xv 4d 1i
[DBG] PASS: 8b, 0x0013 16xv 4d 1i
[DBG] PASS: 8b, 0x0013 1xs 1d 2i
[DBG] PASS: 8b, 0x0013 16xs 1d 2i
[DBG] PASS: 8b, 0x0013 1xv 1d 2i
[DBG] PASS: 8b, 0x0013 16xv 1d 2i
[DBG] FAIL: 8b, 0x0013 1xs 2d 2i
[DBG] 1xs 2d 2i: Got 0000049C vs 0000049B: FAIL
[DBG] PASS: 8b, 0x0013 16xs 2d 2i
[DBG] PASS: 8b, 0x0013 1xv 2d 2i
[DBG] PASS: 8b, 0x0013 16xv 2d 2i
[DBG] PASS: 8b, 0x0013 1xs 4d 2i
[DBG] PASS: 8b, 0x0013 16xs 4d 2i
[DBG] PASS: 8b, 0x0013 1xv 4d 2i
[DBG] PASS: 8b, 0x0013 16xv 4d 2i
[DBG] PASS: 8b, 0x0013 1xs 1d 4i
[DBG] PASS: 8b, 0x0013 16xs 1d 4i
[DBG] PASS: 8b, 0x0013 1xv 1d 4i
[DBG] PASS: 8b, 0x0013 16xv 1d 4i
[DBG] FAIL: 8b, 0x0013 1xs 2d 4i
[DBG] 1xs 2d 4i: Got 0000093E vs 0000093D: FAIL
[DBG] PASS: 8b, 0x0013 16xs 2d 4i
[DBG] PASS: 8b, 0x0013 1xv 2d 4i
[DBG] PASS: 8b, 0x0013 16xv 2d 4i
[DBG] PASS: 8b, 0x0013 1xs 4d 4i
[DBG] PASS: 8b, 0x0013 16xs 4d 4i
[DBG] PASS: 8b, 0x0013 1xv 4d 4i
[DBG] PASS: 8b, 0x0013 16xv 4d 4i
[DBG] Timer count-up test: 10b, 0x0010
[DBG] PASS: 10b, 0x0010 1xs 1d 1i
[DBG] PASS: 10b, 0x0010 16xs 1d 1i
[DBG] PASS: 10b, 0x0010 1xv 1d 1i
[DBG] PASS: 10b, 0x0010 16xv 1d 1i
[DBG] PASS: 10b, 0x0010 1xs 2d 1i
[DBG] PASS: 10b, 0x0010 16xs 2d 1i
[DBG] PASS: 10b, 0x0010 1xv 2d 1i
[DBG] PASS: 10b, 0x0010 16xv 2d 1i
[DBG] PASS: 10b, 0x0010 1xs 4d 1i
[DBG] PASS: 10b, 0x0010 16xs 4d 1i
[DBG] PASS: 10b, 0x0010 1xv 4d 1i
[DBG] PASS: 10b, 0x0010 16xv 4d 1i
[DBG] PASS: 10b, 0x0010 1xs 1d 2i
[DBG] PASS: 10b, 0x0010 16xs 1d 2i
[DBG] PASS: 10b, 0x0010 1xv 1d 2i
[DBG] PASS: 10b, 0x0010 16xv 1d 2i
[DBG] FAIL: 10b, 0x0010 1xs 2d 2i
[DBG] 1xs 2d 2i: Got 00000FDC vs 00000FDB: FAIL
[DBG] PASS: 10b, 0x0010 16xs 2d 2i
[DBG] PASS: 10b, 0x0010 1xv 2d 2i
[DBG] PASS: 10b, 0x0010 16xv 2d 2i
[DBG] PASS: 10b, 0x0010 1xs 4d 2i
[DBG] PASS: 10b, 0x0010 16xs 4d 2i
[DBG] PASS: 10b, 0x0010 1xv 4d 2i
[DBG] PASS: 10b, 0x0010 16xv 4d 2i
[DBG] PASS: 10b, 0x0010 1xs 1d 4i
[DBG] PASS: 10b, 0x0010 16xs 1d 4i
[DBG] PASS: 10b, 0x0010 1xv 1d 4i
[DBG] PASS: 10b, 0x0010 16xv 1d 4i
[DBG] FAIL: 10b, 0x0010 1xs 2d 4i
[DBG] 1xs 2d 4i: Got 00001FBE vs 00001FBD: FAIL
[DBG] FAIL: 10b, 0x0010 16xs 2d 4i
[DBG] 16xs 2d 4i: Got 0000B0B0 vs 0000B0A0: FAIL
[DBG] PASS: 10b, 0x0010 1xv 2d 4i
[DBG] PASS: 10b, 0x0010 16xv 2d 4i
[DBG] PASS: 10b, 0x0010 1xs 4d 4i
[DBG] PASS: 10b, 0x0010 16xs 4d 4i
[DBG] PASS: 10b, 0x0010 1xv 4d 4i
[DBG] PASS: 10b, 0x0010 16xv 4d 4i
[DBG] Timer count-up test: 10b, 0x0011
[DBG] PASS: 10b, 0x0011 1xs 1d 1i
[DBG] PASS: 10b, 0x0011 16xs 1d 1i
[DBG] PASS: 10b, 0x0011 1xv 1d 1i
[DBG] PASS: 10b, 0x0011 16xv 1d 1i
[DBG] PASS: 10b, 0x0011 1xs 2d 1i
[DBG] PASS: 10b, 0x0011 16xs 2d 1i
[DBG] PASS: 10b, 0x0011 1xv 2d 1i
[DBG] PASS: 10b, 0x0011 16xv 2d 1i
[DBG] PASS: 10b, 0x0011 1xs 4d 1i
[DBG] PASS: 10b, 0x0011 16xs 4d 1i
[DBG] PASS: 10b, 0x0011 1xv 4d 1i
[DBG] PASS: 10b, 0x0011 16xv 4d 1i
[DBG] PASS: 10b, 0x0011 1xs 1d 2i
[DBG] PASS: 10b, 0x0011 16xs 1d 2i
[DBG] PASS: 10b, 0x0011 1xv 1d 2i
[DBG] PASS: 10b, 0x0011 16xv 1d 2i
[DBG] FAIL: 10b, 0x0011 1xs 2d 2i
[DBG] 1xs 2d 2i: Got 000010DC vs 000010DB: FAIL
[DBG] PASS: 10b, 0x0011 16xs 2d 2i
[DBG] PASS: 10b, 0x0011 1xv 2d 2i
[DBG] PASS: 10b, 0x0011 16xv 2d 2i
[DBG] PASS: 10b, 0x0011 1xs 4d 2i
[DBG] PASS: 10b, 0x0011 16xs 4d 2i
[DBG] PASS: 10b, 0x0011 1xv 4d 2i
[DBG] PASS: 10b, 0x0011 16xv 4d 2i
[DBG] PASS: 10b, 0x0011 1xs 1d 4i
[DBG] PASS: 10b, 0x0011 16xs 1d 4i
[DBG] PASS: 10b, 0x0011 1xv 1d 4i
[DBG] PASS: 10b, 0x0011 16xv 1d 4i
[DBG] FAIL: 10b, 0x0011 1xs 2d 4i
[DBG] 1xs 2d 4i: Got 000021BE vs 000021BD: FAIL
[DBG] PASS: 10b, 0x0011 16xs 2d 4i
[DBG] PASS: 10b, 0x0011 1xv 2d 4i
[DBG] PASS: 10b, 0x0011 16xv 2d 4i
[DBG] PASS: 10b, 0x0011 1xs 4d 4i
[DBG] PASS: 10b, 0x0011 16xs 4d 4i
[DBG] PASS: 10b, 0x0011 1xv 4d 4i
[DBG] PASS: 10b, 0x0011 16xv 4d 4i
[DBG] Timer count-up test: 10b, 0x0012
[DBG] PASS: 10b, 0x0012 1xs 1d 1i
[DBG] PASS: 10b, 0x0012 16xs 1d 1i
[DBG] PASS: 10b, 0x0012 1xv 1d 1i
[DBG] PASS: 10b, 0x0012 16xv 1d 1i
[DBG] PASS: 10b, 0x0012 1xs 2d 1i
[DBG] PASS: 10b, 0x0012 16xs 2d 1i
[DBG] PASS: 10b, 0x0012 1xv 2d 1i
[DBG] PASS: 10b, 0x0012 16xv 2d 1i
[DBG] PASS: 10b, 0x0012 1xs 4d 1i
[DBG] PASS: 10b, 0x0012 16xs 4d 1i
[DBG] PASS: 10b, 0x0012 1xv 4d 1i
[DBG] PASS: 10b, 0x0012 16xv 4d 1i
[DBG] PASS: 10b, 0x0012 1xs 1d 2i
[DBG] PASS: 10b, 0x0012 16xs 1d 2i
[DBG] PASS: 10b, 0x0012 1xv 1d 2i
[DBG] PASS: 10b, 0x0012 16xv 1d 2i
[DBG] FAIL: 10b, 0x0012 1xs 2d 2i
[DBG] 1xs 2d 2i: Got 000011DC vs 000011DB: FAIL
[DBG] PASS: 10b, 0x0012 16xs 2d 2i
[DBG] PASS: 10b, 0x0012 1xv 2d 2i
[DBG] PASS: 10b, 0x0012 16xv 2d 2i
[DBG] PASS: 10b, 0x0012 1xs 4d 2i
[DBG] PASS: 10b, 0x0012 16xs 4d 2i
[DBG] PASS: 10b, 0x0012 1xv 4d 2i
[DBG] PASS: 10b, 0x0012 16xv 4d 2i
[DBG] PASS: 10b, 0x0012 1xs 1d 4i
[DBG] PASS: 10b, 0x0012 16xs 1d 4i
[DBG] PASS: 10b, 0x0012 1xv 1d 4i
[DBG] PASS: 10b, 0x0012 16xv 1d 4i
[DBG] FAIL: 10b, 0x0012 1xs 2d 4i
[DBG] 1xs 2d 4i: Got 000023BE vs 000023BD: FAIL
[DBG] PASS: 10b, 0x0012 16xs 2d 4i
[DBG] PASS: 10b, 0x0012 1xv 2d 4i
[DBG] PASS: 10b, 0x0012 16xv 2d 4i
[DBG] PASS: 10b, 0x0012 1xs 4d 4i
[DBG] PASS: 10b, 0x0012 16xs 4d 4i
[DBG] PASS: 10b, 0x0012 1xv 4d 4i
[DBG] PASS: 10b, 0x0012 16xv 4d 4i
[DBG] Timer count-up test: 10b, 0x0013
[DBG] PASS: 10b, 0x0013 1xs 1d 1i
[DBG] PASS: 10b, 0x0013 16xs 1d 1i
[DBG] PASS: 10b, 0x0013 1xv 1d 1i
[DBG] PASS: 10b, 0x0013 16xv 1d 1i
[DBG] PASS: 10b, 0x0013 1xs 2d 1i
[DBG] PASS: 10b, 0x0013 16xs 2d 1i
[DBG] PASS: 10b, 0x0013 1xv 2d 1i
[DBG] PASS: 10b, 0x0013 16xv 2d 1i
[DBG] PASS: 10b, 0x0013 1xs 4d 1i
[DBG] PASS: 10b, 0x0013 16xs 4d 1i
[DBG] PASS: 10b, 0x0013 1xv 4d 1i
[DBG] PASS: 10b, 0x0013 16xv 4d 1i
[DBG] PASS: 10b, 0x0013 1xs 1d 2i
[DBG] PASS: 10b, 0x0013 16xs 1d 2i
[DBG] PASS: 10b, 0x0013 1xv 1d 2i
[DBG] PASS: 10b, 0x0013 16xv 1d 2i
[DBG] FAIL: 10b, 0x0013 1xs 2d 2i
[DBG] 1xs 2d 2i: Got 000012DC vs 000012DB: FAIL
[DBG] PASS: 10b, 0x0013 16xs 2d 2i
[DBG] PASS: 10b, 0x0013 1xv 2d 2i
[DBG] PASS: 10b, 0x0013 16xv 2d 2i
[DBG] PASS: 10b, 0x0013 1xs 4d 2i
[DBG] PASS: 10b, 0x0013 16xs 4d 2i
[DBG] PASS: 10b, 0x0013 1xv 4d 2i
[DBG] PASS: 10b, 0x0013 16xv 4d 2i
[DBG] PASS: 10b, 0x0013 1xs 1d 4i
[DBG] PASS: 10b, 0x0013 16xs 1d 4i
[DBG] PASS: 10b, 0x0013 1xv 1d 4i
[DBG] PASS: 10b, 0x0013 16xv 1d 4i
[DBG] FAIL: 10b, 0x0013 1xs 2d 4i
[DBG] 1xs 2d 4i: Got 000025BE vs 000025BD: FAIL
[DBG] PASS: 10b, 0x0013 16xs 2d 4i
[DBG] PASS: 10b, 0x0013 1xv 2d 4i
[DBG] PASS: 10b, 0x0013 16xv 2d 4i
[DBG] PASS: 10b, 0x0013 1xs 4d 4i
[DBG] PASS: 10b, 0x0013 16xs 4d 4i
[DBG] PASS: 10b, 0x0013 1xv 4d 4i
[DBG] PASS: 10b, 0x0013 16xv 4d 4i

--- Suite 04: Timer count-up ---
Frames: 199  PC=0x0802BA0A  CPSR=0x0000003F  halted=0  cycle=175476224
[debug]
Game Boy Advance Test Suite
===
BEGIN: Timer count-up tests
Timer count-up test: 0b, 0x0001
PASS: 0b, 0x0001 1xs 1d 1i
PASS: 0b, 0x0001 16xs 1d 1i
PASS: 0b, 0x0001 1xv 1d 1i
PASS: 0b, 0x0001 16xv 1d 1i
PASS: 0b, 0x0001 1xs 2d 1i
PASS: 0b, 0x0001 16xs 2d 1i
PASS: 0b, 0x0001 1xv 2d 1i
PASS: 0b, 0x0001 16xv 2d 1i
PASS: 0b, 0x0001 1xs 4d 1i
PASS: 0b, 0x0001 16xs 4d 1i
PASS: 0b, 0x0001 1xv 4d 1i
PASS: 0b, 0x0001 16xv 4d 1i
PASS: 0b, 0x0001 1xs 1d 2i
PASS: 0b, 0x0001 16xs 1d 2i
PASS: 0b, 0x0001 1xv 1d 2i
PASS: 0b, 0x0001 16xv 1d 2i
PASS: 0b, 0x0001 1xs 2d 2i
PASS: 0b, 0x0001 16xs 2d 2i
PASS: 0b, 0x0001 1xv 2d 2i
PASS: 0b, 0x0001 16xv 2d 2i
PASS: 0b, 0x0001 1xs 4d 2i
PASS: 0b, 0x0001 16xs 4d 2i
PASS: 0b, 0x0001 1xv 4d 2i
PASS: 0b, 0x0001 16xv 4d 2i
PASS: 0b, 0x0001 1xs 1d 4i
PASS: 0b, 0x0001 16xs 1d 4i
PASS: 0b, 0x0001 1xv 1d 4i
PASS: 0b, 0x0001 16xv 1d 4i
PASS: 0b, 0x0001 1xs 2d 4i
PASS: 0b, 0x0001 16xs 2d 4i
PASS: 0b, 0x0001 1xv 2d 4i
PASS: 0b, 0x0001 16xv 2d 4i
PASS: 0b, 0x0001 1xs 4d 4i
PASS: 0b, 0x0001 16xs 4d 4i
PASS: 0b, 0x0001 1xv 4d 4i
PASS: 0b, 0x0001 16xv 4d 4i
Timer count-up test: 0b, 0x0005
FAIL: 0b, 0x0005 1xs 1d 1i
1xs 1d 1i: Got 00000002 vs 00000003: FAIL
PASS: 0b, 0x0005 16xs 1d 1i
FAIL: 0b, 0x0005 1xv 1d 1i
1xv 1d 1i: Got FFFD vs FFFF: FAIL
PASS: 0b, 0x0005 16xv 1d 1i
FAIL: 0b, 0x0005 1xs 2d 1i
1xs 2d 1i: Got 00000002 vs 00000003: FAIL
PASS: 0b, 0x0005 16xs 2d 1i
FAIL: 0b, 0x0005 1xv 2d 1i
1xv 2d 1i: Got FFFD vs FFFF: FAIL
PASS: 0b, 0x0005 16xv 2d 1i
FAIL: 0b, 0x0005 1xs 4d 1i
1xs 4d 1i: Got 00000002 vs 00000003: FAIL
PASS: 0b, 0x0005 16xs 4d 1i
FAIL: 0b, 0x0005 1xv 4d 1i
1xv 4d 1i: Got FFFD vs FFFF: FAIL
PASS: 0b, 0x0005 16xv 4d 1i
FAIL: 0b, 0x0005 1xs 1d 2i
1xs 1d 2i: Got 00000002 vs 00000003: FAIL
PASS: 0b, 0x0005 16xs 1d 2i
FAIL: 0b, 0x0005 1xv 1d 2i
1xv 1d 2i: Got FFFD vs FFFB: FAIL
FAIL: 0b, 0x0005 16xv 1d 2i
16xv 1d 2i: Got FFFD vs FFFE: FAIL
FAIL: 0b, 0x0005 1xs 2d 2i
1xs 2d 2i: Got 00000002 vs 00000003: FAIL
PASS: 0b, 0x0005 16xs 2d 2i
FAIL: 0b, 0x0005 1xv 2d 2i
1xv 2d 2i: Got FFFD vs FFFB: FAIL
FAIL: 0b, 0x0005 16xv 2d 2i
16xv 2d 2i: Got FFFD vs FFFE: FAIL
FAIL: 0b, 0x0005 1xs 4d 2i
1xs 4d 2i: Got 00000002 vs 00000003: FAIL
PASS: 0b, 0x0005 16xs 4d 2i
FAIL: 0b, 0x0005 1xv 4d 2i
1xv 4d 2i: Got FFFD vs FFFB: FAIL
FAIL: 0b, 0x0005 16xv 4d 2i
16xv 4d 2i: Got FFFD vs FFFE: FAIL
FAIL: 0b, 0x0005 1xs 1d 4i
1xs 1d 4i: Got 00000002 vs 00000003: FAIL
PASS: 0b, 0x0005 16xs 1d 4i
PASS: 0b, 0x0005 1xv 1d 4i
FAIL: 0b, 0x0005 16xv 1d 4i
16xv 1d 4i: Got FFFD vs FFFB: FAIL
FAIL: 0b, 0x0005 1xs 2d 4i
1xs 2d 4i: Got 00000002 vs 00000003: FAIL
PASS: 0b, 0x0005 16xs 2d 4i
PASS: 0b, 0x0005 1xv 2d 4i
FAIL: 0b, 0x0005 16xv 2d 4i
16xv 2d 4i: Got FFFD vs FFFB: FAIL
FAIL: 0b, 0x0005 1xs 4d 4i
1xs 4d 4i: Got 00000002 vs 00000003: FAIL
PASS: 0b, 0x0005 16xs 4d 4i
PASS: 0b, 0x0005 1xv 4d 4i
FAIL: 0b, 0x0005 16xv 4d 4i
16xv 4d 4i: Got FFFD vs FFFB: FAIL
Timer count-up test: 0b, 0x000C
PASS: 0b, 0x000C 1xs 1d 1i
FAIL: 0b, 0x000C 16xs 1d 1i
16xs 1d 1i: Got 00000010 vs 00000020: FAIL
PASS: 0b, 0x000C 1xv 1d 1i
FAIL: 0b, 0x000C 16xv 1d 1i
16xv 1d 1i: Got FFFC vs FFFE: FAIL
PASS: 0b, 0x000C 1xs 2d 1i
FAIL: 0b, 0x000C 16xs 2d 1i
16xs 2d 1i: Got 00000010 vs 00000020: FAIL
PASS: 0b, 0x000C 1xv 2d 1i
FAIL: 0b, 0x000C 16xv 2d 1i
16xv 2d 1i: Got FFFC vs FFFE: FAIL
PASS: 0b, 0x000C 1xs 4d 1i
FAIL: 0b, 0x000C 16xs 4d 1i
16xs 4d 1i: Got 00000010 vs 00000020: FAIL
PASS: 0b, 0x000C 1xv 4d 1i
FAIL: 0b, 0x000C 16xv 4d 1i
16xv 4d 1i: Got FFFC vs FFFE: FAIL
PASS: 0b, 0x000C 1xs 1d 2i
FAIL: 0b, 0x000C 16xs 1d 2i
16xs 1d 2i: Got 00000010 vs 00000020: FAIL
FAIL: 0b, 0x000C 1xv 1d 2i
1xv 1d 2i: Got FFFC vs FFFD: FAIL
FAIL: 0b, 0x000C 16xv 1d 2i
16xv 1d 2i: Got FFFC vs FFFF: FAIL
PASS: 0b, 0x000C 1xs 2d 2i
FAIL: 0b, 0x000C 16xs 2d 2i
16xs 2d 2i: Got 00000010 vs 00000020: FAIL
FAIL: 0b, 0x000C 1xv 2d 2i
1xv 2d 2i: Got FFFC vs FFFD: FAIL
FAIL: 0b, 0x000C 16xv 2d 2i
16xv 2d 2i: Got FFFC vs FFFF: FAIL
PASS: 0b, 0x000C 1xs 4d 2i
FAIL: 0b, 0x000C 16xs 4d 2i
16xs 4d 2i: Got 00000010 vs 00000020: FAIL
FAIL: 0b, 0x000C 1xv 4d 2i
1xv 4d 2i: Got FFFC vs FFFD: FAIL
FAIL: 0b, 0x000C 16xv 4d 2i
16xv 4d 2i: Got FFFC vs FFFF: FAIL
PASS: 0b, 0x000C 1xs 1d 4i
FAIL: 0b, 0x000C 16xs 1d 4i
16xs 1d 4i: Got 00000010 vs 00000020: FAIL
FAIL: 0b, 0x000C 1xv 1d 4i
1xv 1d 4i: Got FFFC vs FFFF: FAIL
FAIL: 0b, 0x000C 16xv 1d 4i
16xv 1d 4i: Got FFFC vs FFF5: FAIL
PASS: 0b, 0x000C 1xs 2d 4i
FAIL: 0b, 0x000C 16xs 2d 4i
16xs 2d 4i: Got 00000010 vs 00000020: FAIL
FAIL: 0b, 0x000C 1xv 2d 4i
1xv 2d 4i: Got FFFC vs FFFF: FAIL
FAIL: 0b, 0x000C 16xv 2d 4i
16xv 2d 4i: Got FFFC vs FFF5: FAIL
PASS: 0b, 0x000C 1xs 4d 4i
FAIL: 0b, 0x000C 16xs 4d 4i
16xs 4d 4i: Got 00000010 vs 00000020: FAIL
FAIL: 0b, 0x000C 1xv 4d 4i
1xv 4d 4i: Got FFFC vs FFFF: FAIL
FAIL: 0b, 0x000C 16xv 4d 4i
16xv 4d 4i: Got FFFC vs FFF5: FAIL
Timer count-up test: 0b, 0x000D
FAIL: 0b, 0x000D 1xs 1d 1i
1xs 1d 1i: Got 00000003 vs 00000004: FAIL
PASS: 0b, 0x000D 16xs 1d 1i
FAIL: 0b, 0x000D 1xv 1d 1i
1xv 1d 1i: Got FFF4 vs FFF6: FAIL
FAIL: 0b, 0x000D 16xv 1d 1i
16xv 1d 1i: Got FFF6 vs FFF5: FAIL
FAIL: 0b, 0x000D 1xs 2d 1i
1xs 2d 1i: Got 00000003 vs 00000004: FAIL
PASS: 0b, 0x000D 16xs 2d 1i
FAIL: 0b, 0x000D 1xv 2d 1i
1xv 2d 1i: Got FFF4 vs FFF6: FAIL
FAIL: 0b, 0x000D 16xv 2d 1i
16xv 2d 1i: Got FFF6 vs FFF5: FAIL
FAIL: 0b, 0x000D 1xs 4d 1i
1xs 4d 1i: Got 00000003 vs 00000004: FAIL
PASS: 0b, 0x000D 16xs 4d 1i
FAIL: 0b, 0x000D 1xv 4d 1i
1xv 4d 1i: Got FFF4 vs FFF6: FAIL
FAIL: 0b, 0x000D 16xv 4d 1i
16xv 4d 1i: Got FFF6 vs FFF5: FAIL
FAIL: 0b, 0x000D 1xs 1d 2i
1xs 1d 2i: Got 00000003 vs 00000004: FAIL
PASS: 0b, 0x000D 16xs 1d 2i
FAIL: 0b, 0x000D 1xv 1d 2i
1xv 1d 2i: Got FFF7 vs FFFA: FAIL
PASS: 0b, 0x000D 16xv 1d 2i
FAIL: 0b, 0x000D 1xs 2d 2i
1xs 2d 2i: Got 00000003 vs 00000004: FAIL
PASS: 0b, 0x000D 16xs 2d 2i
FAIL: 0b, 0x000D 1xv 2d 2i
1xv 2d 2i: Got FFF7 vs FFFA: FAIL
PASS: 0b, 0x000D 16xv 2d 2i
FAIL: 0b, 0x000D 1xs 4d 2i
1xs 4d 2i: Got 00000003 vs 00000004: FAIL
PASS: 0b, 0x000D 16xs 4d 2i
FAIL: 0b, 0x000D 1xv 4d 2i
1xv 4d 2i: Got FFF7 vs FFFA: FAIL
PASS: 0b, 0x000D 16xv 4d 2i
FAIL: 0b, 0x000D 1xs 1d 4i
1xs 1d 4i: Got 00000003 vs 00000004: FAIL
PASS: 0b, 0x000D 16xs 1d 4i
FAIL: 0b, 0x000D 1xv 1d 4i
1xv 1d 4i: Got FFFD vs FFF5: FAIL
FAIL: 0b, 0x000D 16xv 1d 4i
16xv 1d 4i: Got FFFF vs FFF4: FAIL
FAIL: 0b, 0x000D 1xs 2d 4i
1xs 2d 4i: Got 00000003 vs 00000004: FAIL
PASS: 0b, 0x000D 16xs 2d 4i
FAIL: 0b, 0x000D 1xv 2d 4i
1xv 2d 4i: Got FFFD vs FFF5: FAIL
FAIL: 0b, 0x000D 16xv 2d 4i
16xv 2d 4i: Got FFFF vs FFF4: FAIL
FAIL: 0b, 0x000D 1xs 4d 4i
1xs 4d 4i: Got 00000003 vs 00000004: FAIL
PASS: 0b, 0x000D 16xs 4d 4i
FAIL: 0b, 0x000D 1xv 4d 4i
1xv 4d 4i: Got FFFD vs FFF5: FAIL
FAIL: 0b, 0x000D 16xv 4d 4i
16xv 4d 4i: Got FFFF vs FFF4: FAIL
Timer count-up test: 0b, 0x0010
PASS: 0b, 0x0010 1xs 1d 1i
PASS: 0b, 0x0010 16xs 1d 1i
PASS: 0b, 0x0010 1xv 1d 1i
FAIL: 0b, 0x0010 16xv 1d 1i
16xv 1d 1i: Got FFFC vs FFFE: FAIL
PASS: 0b, 0x0010 1xs 2d 1i
PASS: 0b, 0x0010 16xs 2d 1i
PASS: 0b, 0x0010 1xv 2d 1i
FAIL: 0b, 0x0010 16xv 2d 1i
16xv 2d 1i: Got FFFC vs FFFE: FAIL
PASS: 0b, 0x0010 1xs 4d 1i
PASS: 0b, 0x0010 16xs 4d 1i
PASS: 0b, 0x0010 1xv 4d 1i
FAIL: 0b, 0x0010 16xv 4d 1i
16xv 4d 1i: Got FFFC vs FFFE: FAIL
PASS: 0b, 0x0010 1xs 1d 2i
PASS: 0b, 0x0010 16xs 1d 2i
FAIL: 0b, 0x0010 1xv 1d 2i
1xv 1d 2i: Got FFF4 vs FFF5: FAIL
FAIL: 0b, 0x0010 16xv 1d 2i
16xv 1d 2i: Got FFF4 vs FFF7: FAIL
PASS: 0b, 0x0010 1xs 2d 2i
PASS: 0b, 0x0010 16xs 2d 2i
FAIL: 0b, 0x0010 1xv 2d 2i
1xv 2d 2i: Got FFF4 vs FFF5: FAIL
FAIL: 0b, 0x0010 16xv 2d 2i
16xv 2d 2i: Got FFF4 vs FFF7: FAIL
PASS: 0b, 0x0010 1xs 4d 2i
PASS: 0b, 0x0010 16xs 4d 2i
FAIL: 0b, 0x0010 1xv 4d 2i
1xv 4d 2i: Got FFF4 vs FFF5: FAIL
FAIL: 0b, 0x0010 16xv 4d 2i
16xv 4d 2i: Got FFF4 vs FFF7: FAIL
PASS: 0b, 0x0010 1xs 1d 4i
PASS: 0b, 0x0010 16xs 1d 4i
FAIL: 0b, 0x0010 1xv 1d 4i
1xv 1d 4i: Got FFF4 vs FFF7: FAIL
FAIL: 0b, 0x0010 16xv 1d 4i
16xv 1d 4i: Got FFF4 vs FFF9: FAIL
PASS: 0b, 0x0010 1xs 2d 4i
PASS: 0b, 0x0010 16xs 2d 4i
FAIL: 0b, 0x0010 1xv 2d 4i
1xv 2d 4i: Got FFF4 vs FFF7: FAIL
FAIL: 0b, 0x0010 16xv 2d 4i
16xv 2d 4i: Got FFF4 vs FFF9: FAIL
PASS: 0b, 0x0010 1xs 4d 4i
PASS: 0b, 0x0010 16xs 4d 4i
FAIL: 0b, 0x0010 1xv 4d 4i
1xv 4d 4i: Got FFF4 vs FFF7: FAIL
FAIL: 0b, 0x0010 16xv 4d 4i
16xv 4d 4i: Got FFF4 vs FFF9: FAIL
Timer count-up test: 0b, 0x0014
PASS: 0b, 0x0014 1xs 1d 1i
PASS: 0b, 0x0014 16xs 1d 1i
PASS: 0b, 0x0014 1xv 1d 1i
PASS: 0b, 0x0014 16xv 1d 1i
PASS: 0b, 0x0014 1xs 2d 1i
PASS: 0b, 0x0014 16xs 2d 1i
PASS: 0b, 0x0014 1xv 2d 1i
PASS: 0b, 0x0014 16xv 2d 1i
PASS: 0b, 0x0014 1xs 4d 1i
PASS: 0b, 0x0014 16xs 4d 1i
PASS: 0b, 0x0014 1xv 4d 1i
PASS: 0b, 0x0014 16xv 4d 1i
PASS: 0b, 0x0014 1xs 1d 2i
PASS: 0b, 0x0014 16xs 1d 2i
FAIL: 0b, 0x0014 1xv 1d 2i
1xv 1d 2i: Got FFF8 vs FFF9: FAIL
FAIL: 0b, 0x0014 16xv 1d 2i
16xv 1d 2i: Got FFF8 vs FFF9: FAIL
PASS: 0b, 0x0014 1xs 2d 2i
PASS: 0b, 0x0014 16xs 2d 2i
FAIL: 0b, 0x0014 1xv 2d 2i
1xv 2d 2i: Got FFF8 vs FFF9: FAIL
FAIL: 0b, 0x0014 16xv 2d 2i
16xv 2d 2i: Got FFF8 vs FFF9: FAIL
PASS: 0b, 0x0014 1xs 4d 2i
PASS: 0b, 0x0014 16xs 4d 2i
FAIL: 0b, 0x0014 1xv 4d 2i
1xv 4d 2i: Got FFF8 vs FFF9: FAIL
FAIL: 0b, 0x0014 16xv 4d 2i
16xv 4d 2i: Got FFF8 vs FFF9: FAIL
PASS: 0b, 0x0014 1xs 1d 4i
PASS: 0b, 0x0014 16xs 1d 4i
FAIL: 0b, 0x0014 1xv 1d 4i
1xv 1d 4i: Got FFF8 vs FFFB: FAIL
FAIL: 0b, 0x0014 16xv 1d 4i
16xv 1d 4i: Got FFF8 vs FFFB: FAIL
PASS: 0b, 0x0014 1xs 2d 4i
PASS: 0b, 0x0014 16xs 2d 4i
FAIL: 0b, 0x0014 1xv 2d 4i
1xv 2d 4i: Got FFF8 vs FFFB: FAIL
FAIL: 0b, 0x0014 16xv 2d 4i
16xv 2d 4i: Got FFF8 vs FFFB: FAIL
PASS: 0b, 0x0014 1xs 4d 4i
PASS: 0b, 0x0014 16xs 4d 4i
FAIL: 0b, 0x0014 1xv 4d 4i
1xv 4d 4i: Got FFF8 vs FFFB: FAIL
FAIL: 0b, 0x0014 16xv 4d 4i
16xv 4d 4i: Got FFF8 vs FFFB: FAIL
Timer count-up test: 0b, 0x0015
FAIL: 0b, 0x0015 1xs 1d 1i
1xs 1d 1i: Got 00000004 vs 00000005: FAIL
PASS: 0b, 0x0015 16xs 1d 1i
FAIL: 0b, 0x0015 1xv 1d 1i
1xv 1d 1i: Got FFF3 vs FFF5: FAIL
PASS: 0b, 0x0015 16xv 1d 1i
FAIL: 0b, 0x0015 1xs 2d 1i
1xs 2d 1i: Got 00000004 vs 00000005: FAIL
PASS: 0b, 0x0015 16xs 2d 1i
FAIL: 0b, 0x0015 1xv 2d 1i
1xv 2d 1i: Got FFF3 vs FFF5: FAIL
PASS: 0b, 0x0015 16xv 2d 1i
FAIL: 0b, 0x0015 1xs 4d 1i
1xs 4d 1i: Got 00000004 vs 00000005: FAIL
PASS: 0b, 0x0015 16xs 4d 1i
FAIL: 0b, 0x0015 1xv 4d 1i
1xv 4d 1i: Got FFF3 vs FFF5: FAIL
PASS: 0b, 0x0015 16xv 4d 1i
FAIL: 0b, 0x0015 1xs 1d 2i
1xs 1d 2i: Got 00000004 vs 00000005: FAIL
PASS: 0b, 0x0015 16xs 1d 2i
FAIL: 0b, 0x0015 1xv 1d 2i
1xv 1d 2i: Got FFED vs FFF0: FAIL
FAIL: 0b, 0x0015 16xv 1d 2i
16xv 1d 2i: Got FFED vs FFEE: FAIL
FAIL: 0b, 0x0015 1xs 2d 2i
1xs 2d 2i: Got 00000004 vs 00000005: FAIL
PASS: 0b, 0x0015 16xs 2d 2i
FAIL: 0b, 0x0015 1xv 2d 2i
1xv 2d 2i: Got FFED vs FFF0: FAIL
FAIL: 0b, 0x0015 16xv 2d 2i
16xv 2d 2i: Got FFED vs FFEE: FAIL
FAIL: 0b, 0x0015 1xs 4d 2i
1xs 4d 2i: Got 00000004 vs 00000005: FAIL
PASS: 0b, 0x0015 16xs 4d 2i
FAIL: 0b, 0x0015 1xv 4d 2i
1xv 4d 2i: Got FFED vs FFF0: FAIL
FAIL: 0b, 0x0015 16xv 4d 2i
16xv 4d 2i: Got FFED vs FFEE: FAIL
FAIL: 0b, 0x0015 1xs 1d 4i
1xs 1d 4i: Got 00000004 vs 00000005: FAIL
PASS: 0b, 0x0015 16xs 1d 4i
FAIL: 0b, 0x0015 1xv 1d 4i
1xv 1d 4i: Got FFF6 vs FFFB: FAIL
FAIL: 0b, 0x0015 16xv 1d 4i
16xv 1d 4i: Got FFF6 vs FFF9: FAIL
FAIL: 0b, 0x0015 1xs 2d 4i
1xs 2d 4i: Got 00000004 vs 00000005: FAIL
PASS: 0b, 0x0015 16xs 2d 4i
FAIL: 0b, 0x0015 1xv 2d 4i
1xv 2d 4i: Got FFF6 vs FFFB: FAIL
FAIL: 0b, 0x0015 16xv 2d 4i
16xv 2d 4i: Got FFF6 vs FFF9: FAIL
FAIL: 0b, 0x0015 1xs 4d 4i
1xs 4d 4i: Got 00000004 vs 00000005: FAIL
PASS: 0b, 0x0015 16xs 4d 4i
FAIL: 0b, 0x0015 1xv 4d 4i
1xv 4d 4i: Got FFF6 vs FFFB: FAIL
FAIL: 0b, 0x0015 16xv 4d 4i
16xv 4d 4i: Got FFF6 vs FFF9: FAIL
Timer count-up test: 0b, 0x0020
PASS: 0b, 0x0020 1xs 1d 1i
PASS: 0b, 0x0020 16xs 1d 1i
PASS: 0b, 0x0020 1xv 1d 1i
PASS: 0b, 0x0020 16xv 1d 1i
PASS: 0b, 0x0020 1xs 2d 1i
PASS: 0b, 0x0020 16xs 2d 1i
PASS: 0b, 0x0020 1xv 2d 1i
PASS: 0b, 0x0020 16xv 2d 1i
PASS: 0b, 0x0020 1xs 4d 1i
PASS: 0b, 0x0020 16xs 4d 1i
PASS: 0b, 0x0020 1xv 4d 1i
PASS: 0b, 0x0020 16xv 4d 1i
PASS: 0b, 0x0020 1xs 1d 2i
PASS: 0b, 0x0020 16xs 1d 2i
FAIL: 0b, 0x0020 1xv 1d 2i
1xv 1d 2i: Got FFF4 vs FFF5: FAIL
FAIL: 0b, 0x0020 16xv 1d 2i
16xv 1d 2i: Got FFF4 vs FFF5: FAIL
PASS: 0b, 0x0020 1xs 2d 2i
PASS: 0b, 0x0020 16xs 2d 2i
FAIL: 0b, 0x0020 1xv 2d 2i
1xv 2d 2i: Got FFF4 vs FFF5: FAIL
FAIL: 0b, 0x0020 16xv 2d 2i
16xv 2d 2i: Got FFF4 vs FFF5: FAIL
PASS: 0b, 0x0020 1xs 4d 2i
PASS: 0b, 0x0020 16xs 4d 2i
FAIL: 0b, 0x0020 1xv 4d 2i
1xv 4d 2i: Got FFF4 vs FFF5: FAIL
FAIL: 0b, 0x0020 16xv 4d 2i
16xv 4d 2i: Got FFF4 vs FFF5: FAIL
PASS: 0b, 0x0020 1xs 1d 4i
PASS: 0b, 0x0020 16xs 1d 4i
FAIL: 0b, 0x0020 1xv 1d 4i
1xv 1d 4i: Got FFE4 vs FFE7: FAIL
FAIL: 0b, 0x0020 16xv 1d 4i
16xv 1d 4i: Got FFE4 vs FFE7: FAIL
PASS: 0b, 0x0020 1xs 2d 4i
PASS: 0b, 0x0020 16xs 2d 4i
FAIL: 0b, 0x0020 1xv 2d 4i
1xv 2d 4i: Got FFE4 vs FFE7: FAIL
FAIL: 0b, 0x0020 16xv 2d 4i
16xv 2d 4i: Got FFE4 vs FFE7: FAIL
PASS: 0b, 0x0020 1xs 4d 4i
PASS: 0b, 0x0020 16xs 4d 4i
FAIL: 0b, 0x0020 1xv 4d 4i
1xv 4d 4i: Got FFE4 vs FFE7: FAIL
FAIL: 0b, 0x0020 16xv 4d 4i
16xv 4d 4i: Got FFE4 vs FFE7: FAIL
Timer count-up test: 0b, 0x0024
PASS: 0b, 0x0024 1xs 1d 1i
PASS: 0b, 0x0024 16xs 1d 1i
PASS: 0b, 0x0024 1xv 1d 1i
FAIL: 0b, 0x0024 16xv 1d 1i
16xv 1d 1i: Got FFF2 vs FFF1: FAIL
PASS: 0b, 0x0024 1xs 2d 1i
PASS: 0b, 0x0024 16xs 2d 1i
PASS: 0b, 0x0024 1xv 2d 1i
FAIL: 0b, 0x0024 16xv 2d 1i
16xv 2d 1i: Got FFF2 vs FFF1: FAIL
PASS: 0b, 0x0024 1xs 4d 1i
PASS: 0b, 0x0024 16xs 4d 1i
PASS: 0b, 0x0024 1xv 4d 1i
FAIL: 0b, 0x0024 16xv 4d 1i
16xv 4d 1i: Got FFF2 vs FFF1: FAIL
PASS: 0b, 0x0024 1xs 1d 2i
PASS: 0b, 0x0024 16xs 1d 2i
FAIL: 0b, 0x0024 1xv 1d 2i
1xv 1d 2i: Got FFFC vs FFFD: FAIL
PASS: 0b, 0x0024 16xv 1d 2i
PASS: 0b, 0x0024 1xs 2d 2i
PASS: 0b, 0x0024 16xs 2d 2i
FAIL: 0b, 0x0024 1xv 2d 2i
1xv 2d 2i: Got FFFC vs FFFD: FAIL
PASS: 0b, 0x0024 16xv 2d 2i
PASS: 0b, 0x0024 1xs 4d 2i
PASS: 0b, 0x0024 16xs 4d 2i
FAIL: 0b, 0x0024 1xv 4d 2i
1xv 4d 2i: Got FFFC vs FFFD: FAIL
PASS: 0b, 0x0024 16xv 4d 2i
PASS: 0b, 0x0024 1xs 1d 4i
PASS: 0b, 0x0024 16xs 1d 4i
FAIL: 0b, 0x0024 1xv 1d 4i
1xv 1d 4i: Got FFF0 vs FFF3: FAIL
FAIL: 0b, 0x0024 16xv 1d 4i
16xv 1d 4i: Got FFF2 vs FFF4: FAIL
PASS: 0b, 0x0024 1xs 2d 4i
PASS: 0b, 0x0024 16xs 2d 4i
FAIL: 0b, 0x0024 1xv 2d 4i
1xv 2d 4i: Got FFF0 vs FFF3: FAIL
FAIL: 0b, 0x0024 16xv 2d 4i
16xv 2d 4i: Got FFF2 vs FFF4: FAIL
PASS: 0b, 0x0024 1xs 4d 4i
PASS: 0b, 0x0024 16xs 4d 4i
FAIL: 0b, 0x0024 1xv 4d 4i
1xv 4d 4i: Got FFF0 vs FFF3: FAIL
FAIL: 0b, 0x0024 16xv 4d 4i
16xv 4d 4i: Got FFF2 vs FFF4: FAIL
Timer count-up test: 0b, 0x0025
FAIL: 0b, 0x0025 1xs 1d 1i
1xs 1d 1i: Got 00000006 vs 00000007: FAIL
PASS: 0b, 0x0025 16xs 1d 1i
FAIL: 0b, 0x0025 1xv 1d 1i
1xv 1d 1i: Got FFED vs FFEF: FAIL
FAIL: 0b, 0x0025 16xv 1d 1i
16xv 1d 1i: Got FFEE vs FFED: FAIL
FAIL: 0b, 0x0025 1xs 2d 1i
1xs 2d 1i: Got 00000006 vs 00000007: FAIL
PASS: 0b, 0x0025 16xs 2d 1i
FAIL: 0b, 0x0025 1xv 2d 1i
1xv 2d 1i: Got FFED vs FFEF: FAIL
FAIL: 0b, 0x0025 16xv 2d 1i
16xv 2d 1i: Got FFEE vs FFED: FAIL
FAIL: 0b, 0x0025 1xs 4d 1i
1xs 4d 1i: Got 00000006 vs 00000007: FAIL
PASS: 0b, 0x0025 16xs 4d 1i
FAIL: 0b, 0x0025 1xv 4d 1i
1xv 4d 1i: Got FFED vs FFEF: FAIL
FAIL: 0b, 0x0025 16xv 4d 1i
16xv 4d 1i: Got FFEE vs FFED: FAIL
FAIL: 0b, 0x0025 1xs 1d 2i
1xs 1d 2i: Got 00000006 vs 00000007: FAIL
PASS: 0b, 0x0025 16xs 1d 2i
FAIL: 0b, 0x0025 1xv 1d 2i
1xv 1d 2i: Got FFF6 vs FFF9: FAIL
PASS: 0b, 0x0025 16xv 1d 2i
FAIL: 0b, 0x0025 1xs 2d 2i
1xs 2d 2i: Got 00000006 vs 00000007: FAIL
PASS: 0b, 0x0025 16xs 2d 2i
FAIL: 0b, 0x0025 1xv 2d 2i
1xv 2d 2i: Got FFF6 vs FFF9: FAIL
PASS: 0b, 0x0025 16xv 2d 2i
FAIL: 0b, 0x0025 1xs 4d 2i
1xs 4d 2i: Got 00000006 vs 00000007: FAIL
PASS: 0b, 0x0025 16xs 4d 2i
FAIL: 0b, 0x0025 1xv 4d 2i
1xv 4d 2i: Got FFF6 vs FFF9: FAIL
PASS: 0b, 0x0025 16xv 4d 2i
FAIL: 0b, 0x0025 1xs 1d 4i
1xs 1d 4i: Got 00000006 vs 00000007: FAIL
PASS: 0b, 0x0025 16xs 1d 4i
FAIL: 0b, 0x0025 1xv 1d 4i
1xv 1d 4i: Got FFE3 vs FFE8: FAIL
FAIL: 0b, 0x0025 16xv 1d 4i
16xv 1d 4i: Got FFE4 vs FFE6: FAIL
FAIL: 0b, 0x0025 1xs 2d 4i
1xs 2d 4i: Got 00000006 vs 00000007: FAIL
PASS: 0b, 0x0025 16xs 2d 4i
FAIL: 0b, 0x0025 1xv 2d 4i
1xv 2d 4i: Got FFE3 vs FFE8: FAIL
FAIL: 0b, 0x0025 16xv 2d 4i
16xv 2d 4i: Got FFE4 vs FFE6: FAIL
FAIL: 0b, 0x0025 1xs 4d 4i
1xs 4d 4i: Got 00000006 vs 00000007: FAIL
PASS: 0b, 0x0025 16xs 4d 4i
FAIL: 0b, 0x0025 1xv 4d 4i
1xv 4d 4i: Got FFE3 vs FFE8: FAIL
FAIL: 0b, 0x0025 16xv 4d 4i
16xv 4d 4i: Got FFE4 vs FFE6: FAIL
Timer count-up test: 0b, 0x0040
PASS: 0b, 0x0040 1xs 1d 1i
PASS: 0b, 0x0040 16xs 1d 1i
PASS: 0b, 0x0040 1xv 1d 1i
FAIL: 0b, 0x0040 16xv 1d 1i
16xv 1d 1i: Got FFDD vs FFDC: FAIL
PASS: 0b, 0x0040 1xs 2d 1i
PASS: 0b, 0x0040 16xs 2d 1i
PASS: 0b, 0x0040 1xv 2d 1i
FAIL: 0b, 0x0040 16xv 2d 1i
16xv 2d 1i: Got FFDD vs FFDC: FAIL
PASS: 0b, 0x0040 1xs 4d 1i
PASS: 0b, 0x0040 16xs 4d 1i
PASS: 0b, 0x0040 1xv 4d 1i
FAIL: 0b, 0x0040 16xv 4d 1i
16xv 4d 1i: Got FFDD vs FFDC: FAIL
PASS: 0b, 0x0040 1xs 1d 2i
PASS: 0b, 0x0040 16xs 1d 2i
PASS: 0b, 0x0040 1xv 1d 2i
PASS: 0b, 0x0040 16xv 1d 2i
PASS: 0b, 0x0040 1xs 2d 2i
PASS: 0b, 0x0040 16xs 2d 2i
PASS: 0b, 0x0040 1xv 2d 2i
PASS: 0b, 0x0040 16xv 2d 2i
PASS: 0b, 0x0040 1xs 4d 2i
PASS: 0b, 0x0040 16xs 4d 2i
PASS: 0b, 0x0040 1xv 4d 2i
PASS: 0b, 0x0040 16xv 4d 2i
PASS: 0b, 0x0040 1xs 1d 4i
PASS: 0b, 0x0040 16xs 1d 4i
FAIL: 0b, 0x0040 1xv 1d 4i
1xv 1d 4i: Got FFDC vs FFDE: FAIL
FAIL: 0b, 0x0040 16xv 1d 4i
16xv 1d 4i: Got FFDC vs FFDE: FAIL
PASS: 0b, 0x0040 1xs 2d 4i
PASS: 0b, 0x0040 16xs 2d 4i
FAIL: 0b, 0x0040 1xv 2d 4i
1xv 2d 4i: Got FFDC vs FFDE: FAIL
FAIL: 0b, 0x0040 16xv 2d 4i
16xv 2d 4i: Got FFDC vs FFDE: FAIL
PASS: 0b, 0x0040 1xs 4d 4i
PASS: 0b, 0x0040 16xs 4d 4i
FAIL: 0b, 0x0040 1xv 4d 4i
1xv 4d 4i: Got FFDC vs FFDE: FAIL
FAIL: 0b, 0x0040 16xv 4d 4i
16xv 4d 4i: Got FFDC vs FFDE: FAIL
Timer count-up test: 0b, 0x0080
PASS: 0b, 0x0080 1xs 1d 1i
PASS: 0b, 0x0080 16xs 1d 1i
PASS: 0b, 0x0080 1xv 1d 1i
FAIL: 0b, 0x0080 16xv 1d 1i
16xv 1d 1i: Got FFDE vs FFDD: FAIL
PASS: 0b, 0x0080 1xs 2d 1i
PASS: 0b, 0x0080 16xs 2d 1i
PASS: 0b, 0x0080 1xv 2d 1i
FAIL: 0b, 0x0080 16xv 2d 1i
16xv 2d 1i: Got FFDE vs FFDD: FAIL
PASS: 0b, 0x0080 1xs 4d 1i
PASS: 0b, 0x0080 16xs 4d 1i
PASS: 0b, 0x0080 1xv 4d 1i
FAIL: 0b, 0x0080 16xv 4d 1i
16xv 4d 1i: Got FFDE vs FFDD: FAIL
PASS: 0b, 0x0080 1xs 1d 2i
PASS: 0b, 0x0080 16xs 1d 2i
PASS: 0b, 0x0080 1xv 1d 2i
PASS: 0b, 0x0080 16xv 1d 2i
PASS: 0b, 0x0080 1xs 2d 2i
PASS: 0b, 0x0080 16xs 2d 2i
PASS: 0b, 0x0080 1xv 2d 2i
PASS: 0b, 0x0080 16xv 2d 2i
PASS: 0b, 0x0080 1xs 4d 2i
PASS: 0b, 0x0080 16xs 4d 2i
PASS: 0b, 0x0080 1xv 4d 2i
PASS: 0b, 0x0080 16xv 4d 2i
PASS: 0b, 0x0080 1xs 1d 4i
FAIL: 0b, 0x0080 16xs 1d 4i
16xs 1d 4i: Got 00000080 vs 00000070: FAIL
FAIL: 0b, 0x0080 1xv 1d 4i
1xv 1d 4i: Got FFDC vs FFDE: FAIL
FAIL: 0b, 0x0080 16xv 1d 4i
16xv 1d 4i: Got FFDD vs FFDC: FAIL
PASS: 0b, 0x0080 1xs 2d 4i
FAIL: 0b, 0x0080 16xs 2d 4i
16xs 2d 4i: Got 00000080 vs 00000070: FAIL
FAIL: 0b, 0x0080 1xv 2d 4i
1xv 2d 4i: Got FFDC vs FFDE: FAIL
FAIL: 0b, 0x0080 16xv 2d 4i
16xv 2d 4i: Got FFDD vs FFDC: FAIL
PASS: 0b, 0x0080 1xs 4d 4i
FAIL: 0b, 0x0080 16xs 4d 4i
16xs 4d 4i: Got 00000080 vs 00000070: FAIL
FAIL: 0b, 0x0080 1xv 4d 4i
1xv 4d 4i: Got FFDC vs FFDE: FAIL
FAIL: 0b, 0x0080 16xv 4d 4i
16xv 4d 4i: Got FFDD vs FFDC: FAIL
Timer count-up test: 0b, 0x0800
PASS: 0b, 0x0800 1xs 1d 1i
PASS: 0b, 0x0800 16xs 1d 1i
PASS: 0b, 0x0800 1xv 1d 1i
PASS: 0b, 0x0800 16xv 1d 1i
PASS: 0b, 0x0800 1xs 2d 1i
PASS: 0b, 0x0800 16xs 2d 1i
PASS: 0b, 0x0800 1xv 2d 1i
PASS: 0b, 0x0800 16xv 2d 1i
PASS: 0b, 0x0800 1xs 4d 1i
PASS: 0b, 0x0800 16xs 4d 1i
PASS: 0b, 0x0800 1xv 4d 1i
PASS: 0b, 0x0800 16xv 4d 1i
PASS: 0b, 0x0800 1xs 1d 2i
PASS: 0b, 0x0800 16xs 1d 2i
PASS: 0b, 0x0800 1xv 1d 2i
PASS: 0b, 0x0800 16xv 1d 2i
PASS: 0b, 0x0800 1xs 2d 2i
PASS: 0b, 0x0800 16xs 2d 2i
PASS: 0b, 0x0800 1xv 2d 2i
PASS: 0b, 0x0800 16xv 2d 2i
PASS: 0b, 0x0800 1xs 4d 2i
PASS: 0b, 0x0800 16xs 4d 2i
PASS: 0b, 0x0800 1xv 4d 2i
PASS: 0b, 0x0800 16xv 4d 2i
PASS: 0b, 0x0800 1xs 1d 4i
PASS: 0b, 0x0800 16xs 1d 4i
FAIL: 0b, 0x0800 1xv 1d 4i
1xv 1d 4i: Got F85C vs F85E: FAIL
PASS: 0b, 0x0800 16xv 1d 4i
PASS: 0b, 0x0800 1xs 2d 4i
PASS: 0b, 0x0800 16xs 2d 4i
FAIL: 0b, 0x0800 1xv 2d 4i
1xv 2d 4i: Got F85C vs F85E: FAIL
PASS: 0b, 0x0800 16xv 2d 4i
PASS: 0b, 0x0800 1xs 4d 4i
PASS: 0b, 0x0800 16xs 4d 4i
FAIL: 0b, 0x0800 1xv 4d 4i
1xv 4d 4i: Got F85C vs F85E: FAIL
PASS: 0b, 0x0800 16xv 4d 4i
Timer count-up test: 0b, 0x8000
PASS: 0b, 0x8000 1xs 1d 1i
PASS: 0b, 0x8000 16xs 1d 1i
PASS: 0b, 0x8000 1xv 1d 1i
FAIL: 0b, 0x8000 16xv 1d 1i
16xv 1d 1i: Got 805C vs 805E: FAIL
PASS: 0b, 0x8000 1xs 2d 1i
PASS: 0b, 0x8000 16xs 2d 1i
PASS: 0b, 0x8000 1xv 2d 1i
FAIL: 0b, 0x8000 16xv 2d 1i
16xv 2d 1i: Got 805C vs 805E: FAIL
PASS: 0b, 0x8000 1xs 4d 1i
PASS: 0b, 0x8000 16xs 4d 1i
PASS: 0b, 0x8000 1xv 4d 1i
FAIL: 0b, 0x8000 16xv 4d 1i
16xv 4d 1i: Got 805C vs 805E: FAIL
PASS: 0b, 0x8000 1xs 1d 2i
PASS: 0b, 0x8000 16xs 1d 2i
PASS: 0b, 0x8000 1xv 1d 2i
PASS: 0b, 0x8000 16xv 1d 2i
PASS: 0b, 0x8000 1xs 2d 2i
PASS: 0b, 0x8000 16xs 2d 2i
PASS: 0b, 0x8000 1xv 2d 2i
PASS: 0b, 0x8000 16xv 2d 2i
PASS: 0b, 0x8000 1xs 4d 2i
PASS: 0b, 0x8000 16xs 4d 2i
PASS: 0b, 0x8000 1xv 4d 2i
PASS: 0b, 0x8000 16xv 4d 2i
PASS: 0b, 0x8000 1xs 1d 4i
PASS: 0b, 0x8000 16xs 1d 4i
FAIL: 0b, 0x8000 1xv 1d 4i
1xv 1d 4i: Got 805C vs 805E: FAIL
PASS: 0b, 0x8000 16xv 1d 4i
PASS: 0b, 0x8000 1xs 2d 4i
PASS: 0b, 0x8000 16xs 2d 4i
FAIL: 0b, 0x8000 1xv 2d 4i
1xv 2d 4i: Got 805C vs 805E: FAIL
PASS: 0b, 0x8000 16xv 2d 4i
PASS: 0b, 0x8000 1xs 4d 4i
PASS: 0b, 0x8000 16xs 4d 4i
FAIL: 0b, 0x8000 1xv 4d 4i
1xv 4d 4i: Got 805C vs 805E: FAIL
PASS: 0b, 0x8000 16xv 4d 4i
Timer count-up test: 6b, 0x0010
PASS: 6b, 0x0010 1xs 1d 1i
PASS: 6b, 0x0010 16xs 1d 1i
PASS: 6b, 0x0010 1xv 1d 1i
PASS: 6b, 0x0010 16xv 1d 1i
PASS: 6b, 0x0010 1xs 2d 1i
PASS: 6b, 0x0010 16xs 2d 1i
PASS: 6b, 0x0010 1xv 2d 1i
PASS: 6b, 0x0010 16xv 2d 1i
PASS: 6b, 0x0010 1xs 4d 1i
PASS: 6b, 0x0010 16xs 4d 1i
PASS: 6b, 0x0010 1xv 4d 1i
PASS: 6b, 0x0010 16xv 4d 1i
PASS: 6b, 0x0010 1xs 1d 2i
PASS: 6b, 0x0010 16xs 1d 2i
PASS: 6b, 0x0010 1xv 1d 2i
PASS: 6b, 0x0010 16xv 1d 2i
FAIL: 6b, 0x0010 1xs 2d 2i
1xs 2d 2i: Got 000000EC vs 000000EB: FAIL
PASS: 6b, 0x0010 16xs 2d 2i
PASS: 6b, 0x0010 1xv 2d 2i
PASS: 6b, 0x0010 16xv 2d 2i
PASS: 6b, 0x0010 1xs 4d 2i
PASS: 6b, 0x0010 16xs 4d 2i
PASS: 6b, 0x0010 1xv 4d 2i
PASS: 6b, 0x0010 16xv 4d 2i
PASS: 6b, 0x0010 1xs 1d 4i
PASS: 6b, 0x0010 16xs 1d 4i
PASS: 6b, 0x0010 1xv 1d 4i
PASS: 6b, 0x0010 16xv 1d 4i
FAIL: 6b, 0x0010 1xs 2d 4i
1xs 2d 4i: Got 000001CE vs 000001CD: FAIL
PASS: 6b, 0x0010 16xs 2d 4i
PASS: 6b, 0x0010 1xv 2d 4i
PASS: 6b, 0x0010 16xv 2d 4i
PASS: 6b, 0x0010 1xs 4d 4i
PASS: 6b, 0x0010 16xs 4d 4i
PASS: 6b, 0x0010 1xv 4d 4i
PASS: 6b, 0x0010 16xv 4d 4i
Timer count-up test: 6b, 0x0011
PASS: 6b, 0x0011 1xs 1d 1i
PASS: 6b, 0x0011 16xs 1d 1i
PASS: 6b, 0x0011 1xv 1d 1i
PASS: 6b, 0x0011 16xv 1d 1i
PASS: 6b, 0x0011 1xs 2d 1i
PASS: 6b, 0x0011 16xs 2d 1i
PASS: 6b, 0x0011 1xv 2d 1i
PASS: 6b, 0x0011 16xv 2d 1i
PASS: 6b, 0x0011 1xs 4d 1i
PASS: 6b, 0x0011 16xs 4d 1i
PASS: 6b, 0x0011 1xv 4d 1i
PASS: 6b, 0x0011 16xv 4d 1i
PASS: 6b, 0x0011 1xs 1d 2i
PASS: 6b, 0x0011 16xs 1d 2i
PASS: 6b, 0x0011 1xv 1d 2i
PASS: 6b, 0x0011 16xv 1d 2i
FAIL: 6b, 0x0011 1xs 2d 2i
1xs 2d 2i: Got 000000FC vs 000000FB: FAIL
PASS: 6b, 0x0011 16xs 2d 2i
PASS: 6b, 0x0011 1xv 2d 2i
PASS: 6b, 0x0011 16xv 2d 2i
PASS: 6b, 0x0011 1xs 4d 2i
PASS: 6b, 0x0011 16xs 4d 2i
PASS: 6b, 0x0011 1xv 4d 2i
PASS: 6b, 0x0011 16xv 4d 2i
PASS: 6b, 0x0011 1xs 1d 4i
PASS: 6b, 0x0011 16xs 1d 4i
PASS: 6b, 0x0011 1xv 1d 4i
PASS: 6b, 0x0011 16xv 1d 4i
FAIL: 6b, 0x0011 1xs 2d 4i
1xs 2d 4i: Got 000001EE vs 000001ED: FAIL
PASS: 6b, 0x0011 16xs 2d 4i
PASS: 6b, 0x0011 1xv 2d 4i
PASS: 6b, 0x0011 16xv 2d 4i
PASS: 6b, 0x0011 1xs 4d 4i
PASS: 6b, 0x0011 16xs 4d 4i
PASS: 6b, 0x0011 1xv 4d 4i
PASS: 6b, 0x0011 16xv 4d 4i
Timer count-up test: 6b, 0x0012
PASS: 6b, 0x0012 1xs 1d 1i
PASS: 6b, 0x0012 16xs 1d 1i
PASS: 6b, 0x0012 1xv 1d 1i
PASS: 6b, 0x0012 16xv 1d 1i
PASS: 6b, 0x0012 1xs 2d 1i
PASS: 6b, 0x0012 16xs 2d 1i
PASS: 6b, 0x0012 1xv 2d 1i
PASS: 6b, 0x0012 16xv 2d 1i
PASS: 6b, 0x0012 1xs 4d 1i
PASS: 6b, 0x0012 16xs 4d 1i
PASS: 6b, 0x0012 1xv 4d 1i
PASS: 6b, 0x0012 16xv 4d 1i
PASS: 6b, 0x0012 1xs 1d 2i
PASS: 6b, 0x0012 16xs 1d 2i
PASS: 6b, 0x0012 1xv 1d 2i
PASS: 6b, 0x0012 16xv 1d 2i
FAIL: 6b, 0x0012 1xs 2d 2i
1xs 2d 2i: Got 0000010C vs 0000010B: FAIL
PASS: 6b, 0x0012 16xs 2d 2i
PASS: 6b, 0x0012 1xv 2d 2i
PASS: 6b, 0x0012 16xv 2d 2i
PASS: 6b, 0x0012 1xs 4d 2i
PASS: 6b, 0x0012 16xs 4d 2i
PASS: 6b, 0x0012 1xv 4d 2i
PASS: 6b, 0x0012 16xv 4d 2i
PASS: 6b, 0x0012 1xs 1d 4i
PASS: 6b, 0x0012 16xs 1d 4i
PASS: 6b, 0x0012 1xv 1d 4i
PASS: 6b, 0x0012 16xv 1d 4i
FAIL: 6b, 0x0012 1xs 2d 4i
1xs 2d 4i: Got 0000020E vs 0000020D: FAIL
PASS: 6b, 0x0012 16xs 2d 4i
PASS: 6b, 0x0012 1xv 2d 4i
PASS: 6b, 0x0012 16xv 2d 4i
PASS: 6b, 0x0012 1xs 4d 4i
PASS: 6b, 0x0012 16xs 4d 4i
PASS: 6b, 0x0012 1xv 4d 4i
PASS: 6b, 0x0012 16xv 4d 4i
Timer count-up test: 6b, 0x0013
PASS: 6b, 0x0013 1xs 1d 1i
PASS: 6b, 0x0013 16xs 1d 1i
PASS: 6b, 0x0013 1xv 1d 1i
PASS: 6b, 0x0013 16xv 1d 1i
PASS: 6b, 0x0013 1xs 2d 1i
PASS: 6b, 0x0013 16xs 2d 1i
PASS: 6b, 0x0013 1xv 2d 1i
PASS: 6b, 0x0013 16xv 2d 1i
PASS: 6b, 0x0013 1xs 4d 1i
PASS: 6b, 0x0013 16xs 4d 1i
PASS: 6b, 0x0013 1xv 4d 1i
PASS: 6b, 0x0013 16xv 4d 1i
PASS: 6b, 0x0013 1xs 1d 2i
PASS: 6b, 0x0013 16xs 1d 2i
PASS: 6b, 0x0013 1xv 1d 2i
PASS: 6b, 0x0013 16xv 1d 2i
FAIL: 6b, 0x0013 1xs 2d 2i
1xs 2d 2i: Got 0000011C vs 0000011B: FAIL
PASS: 6b, 0x0013 16xs 2d 2i
PASS: 6b, 0x0013 1xv 2d 2i
PASS: 6b, 0x0013 16xv 2d 2i
PASS: 6b, 0x0013 1xs 4d 2i
PASS: 6b, 0x0013 16xs 4d 2i
PASS: 6b, 0x0013 1xv 4d 2i
PASS: 6b, 0x0013 16xv 4d 2i
PASS: 6b, 0x0013 1xs 1d 4i
PASS: 6b, 0x0013 16xs 1d 4i
PASS: 6b, 0x0013 1xv 1d 4i
PASS: 6b, 0x0013 16xv 1d 4i
FAIL: 6b, 0x0013 1xs 2d 4i
1xs 2d 4i: Got 0000022E vs 0000022D: FAIL
PASS: 6b, 0x0013 16xs 2d 4i
PASS: 6b, 0x0013 1xv 2d 4i
PASS: 6b, 0x0013 16xv 2d 4i
PASS: 6b, 0x0013 1xs 4d 4i
FAIL: 6b, 0x0013 16xs 4d 4i
16xs 4d 4i: Got 00000C50 vs 00000C40: FAIL
PASS: 6b, 0x0013 1xv 4d 4i
PASS: 6b, 0x0013 16xv 4d 4i
Timer count-up test: 8b, 0x0010
PASS: 8b, 0x0010 1xs 1d 1i
PASS: 8b, 0x0010 16xs 1d 1i
PASS: 8b, 0x0010 1xv 1d 1i
PASS: 8b, 0x0010 16xv 1d 1i
PASS: 8b, 0x0010 1xs 2d 1i
PASS: 8b, 0x0010 16xs 2d 1i
PASS: 8b, 0x0010 1xv 2d 1i
PASS: 8b, 0x0010 16xv 2d 1i
PASS: 8b, 0x0010 1xs 4d 1i
PASS: 8b, 0x0010 16xs 4d 1i
PASS: 8b, 0x0010 1xv 4d 1i
PASS: 8b, 0x0010 16xv 4d 1i
PASS: 8b, 0x0010 1xs 1d 2i
PASS: 8b, 0x0010 16xs 1d 2i
PASS: 8b, 0x0010 1xv 1d 2i
PASS: 8b, 0x0010 16xv 1d 2i
FAIL: 8b, 0x0010 1xs 2d 2i
1xs 2d 2i: Got 000003DC vs 000003DB: FAIL
PASS: 8b, 0x0010 16xs 2d 2i
PASS: 8b, 0x0010 1xv 2d 2i
PASS: 8b, 0x0010 16xv 2d 2i
PASS: 8b, 0x0010 1xs 4d 2i
PASS: 8b, 0x0010 16xs 4d 2i
PASS: 8b, 0x0010 1xv 4d 2i
PASS: 8b, 0x0010 16xv 4d 2i
PASS: 8b, 0x0010 1xs 1d 4i
PASS: 8b, 0x0010 16xs 1d 4i
PASS: 8b, 0x0010 1xv 1d 4i
PASS: 8b, 0x0010 16xv 1d 4i
FAIL: 8b, 0x0010 1xs 2d 4i
1xs 2d 4i: Got 000007BE vs 000007BD: FAIL
FAIL: 8b, 0x0010 16xs 2d 4i
16xs 2d 4i: Got 00002B20 vs 00002B10: FAIL
PASS: 8b, 0x0010 1xv 2d 4i
PASS: 8b, 0x0010 16xv 2d 4i
PASS: 8b, 0x0010 1xs 4d 4i
PASS: 8b, 0x0010 16xs 4d 4i
PASS: 8b, 0x0010 1xv 4d 4i
PASS: 8b, 0x0010 16xv 4d 4i
Timer count-up test: 8b, 0x0011
PASS: 8b, 0x0011 1xs 1d 1i
PASS: 8b, 0x0011 16xs 1d 1i
PASS: 8b, 0x0011 1xv 1d 1i
PASS: 8b, 0x0011 16xv 1d 1i
PASS: 8b, 0x0011 1xs 2d 1i
PASS: 8b, 0x0011 16xs 2d 1i
PASS: 8b, 0x0011 1xv 2d 1i
PASS: 8b, 0x0011 16xv 2d 1i
PASS: 8b, 0x0011 1xs 4d 1i
PASS: 8b, 0x0011 16xs 4d 1i
PASS: 8b, 0x0011 1xv 4d 1i
PASS: 8b, 0x0011 16xv 4d 1i
PASS: 8b, 0x0011 1xs 1d 2i
PASS: 8b, 0x0011 16xs 1d 2i
PASS: 8b, 0x0011 1xv 1d 2i
PASS: 8b, 0x0011 16xv 1d 2i
FAIL: 8b, 0x0011 1xs 2d 2i
1xs 2d 2i: Got 0000041C vs 0000041B: FAIL
PASS: 8b, 0x0011 16xs 2d 2i
PASS: 8b, 0x0011 1xv 2d 2i
PASS: 8b, 0x0011 16xv 2d 2i
PASS: 8b, 0x0011 1xs 4d 2i
PASS: 8b, 0x0011 16xs 4d 2i
PASS: 8b, 0x0011 1xv 4d 2i
PASS: 8b, 0x0011 16xv 4d 2i
PASS: 8b, 0x0011 1xs 1d 4i
PASS: 8b, 0x0011 16xs 1d 4i
PASS: 8b, 0x0011 1xv 1d 4i
PASS: 8b, 0x0011 16xv 1d 4i
FAIL: 8b, 0x0011 1xs 2d 4i
1xs 2d 4i: Got 0000083E vs 0000083D: FAIL
PASS: 8b, 0x0011 16xs 2d 4i
PASS: 8b, 0x0011 1xv 2d 4i
PASS: 8b, 0x0011 16xv 2d 4i
PASS: 8b, 0x0011 1xs 4d 4i
PASS: 8b, 0x0011 16xs 4d 4i
PASS: 8b, 0x0011 1xv 4d 4i
PASS: 8b, 0x0011 16xv 4d 4i
Timer count-up test: 8b, 0x0012
PASS: 8b, 0x0012 1xs 1d 1i
PASS: 8b, 0x0012 16xs 1d 1i
PASS: 8b, 0x0012 1xv 1d 1i
PASS: 8b, 0x0012 16xv 1d 1i
PASS: 8b, 0x0012 1xs 2d 1i
PASS: 8b, 0x0012 16xs 2d 1i
PASS: 8b, 0x0012 1xv 2d 1i
PASS: 8b, 0x0012 16xv 2d 1i
PASS: 8b, 0x0012 1xs 4d 1i
PASS: 8b, 0x0012 16xs 4d 1i
PASS: 8b, 0x0012 1xv 4d 1i
PASS: 8b, 0x0012 16xv 4d 1i
PASS: 8b, 0x0012 1xs 1d 2i
PASS: 8b, 0x0012 16xs 1d 2i
PASS: 8b, 0x0012 1xv 1d 2i
PASS: 8b, 0x0012 16xv 1d 2i
FAIL: 8b, 0x0012 1xs 2d 2i
1xs 2d 2i: Got 0000045C vs 0000045B: FAIL
PASS: 8b, 0x0012 16xs 2d 2i
PASS: 8b, 0x0012 1xv 2d 2i
PASS: 8b, 0x0012 16xv 2d 2i
PASS: 8b, 0x0012 1xs 4d 2i
PASS: 8b, 0x0012 16xs 4d 2i
PASS: 8b, 0x0012 1xv 4d 2i
PASS: 8b, 0x0012 16xv 4d 2i
PASS: 8b, 0x0012 1xs 1d 4i
PASS: 8b, 0x0012 16xs 1d 4i
PASS: 8b, 0x0012 1xv 1d 4i
PASS: 8b, 0x0012 16xv 1d 4i
FAIL: 8b, 0x0012 1xs 2d 4i
1xs 2d 4i: Got 000008BE vs 000008BD: FAIL
FAIL: 8b, 0x0012 16xs 2d 4i
16xs 2d 4i: Got 000030B0 vs 000030A0: FAIL
PASS: 8b, 0x0012 1xv 2d 4i
PASS: 8b, 0x0012 16xv 2d 4i
PASS: 8b, 0x0012 1xs 4d 4i
PASS: 8b, 0x0012 16xs 4d 4i
PASS: 8b, 0x0012 1xv 4d 4i
PASS: 8b, 0x0012 16xv 4d 4i
Timer count-up test: 8b, 0x0013
PASS: 8b, 0x0013 1xs 1d 1i
PASS: 8b, 0x0013 16xs 1d 1i
PASS: 8b, 0x0013 1xv 1d 1i
PASS: 8b, 0x0013 16xv 1d 1i
PASS: 8b, 0x0013 1xs 2d 1i
PASS: 8b, 0x0013 16xs 2d 1i
PASS: 8b, 0x0013 1xv 2d 1i
PASS: 8b, 0x0013 16xv 2d 1i
PASS: 8b, 0x0013 1xs 4d 1i
PASS: 8b, 0x0013 16xs 4d 1i
PASS: 8b, 0x0013 1xv 4d 1i
PASS: 8b, 0x0013 16xv 4d 1i
PASS: 8b, 0x0013 1xs 1d 2i
PASS: 8b, 0x0013 16xs 1d 2i
PASS: 8b, 0x0013 1xv 1d 2i
PASS: 8b, 0x0013 16xv 1d 2i
FAIL: 8b, 0x0013 1xs 2d 2i
1xs 2d 2i: Got 0000049C vs 0000049B: FAIL
PASS: 8b, 0x0013 16xs 2d 2i
PASS: 8b, 0x0013 1xv 2d 2i
PASS: 8b, 0x0013 16xv 2d 2i
PASS: 8b, 0x0013 1xs 4d 2i
PASS: 8b, 0x0013 16xs 4d 2i
PASS: 8b, 0x0013 1xv 4d 2i
PASS: 8b, 0x0013 16xv 4d 2i
PASS: 8b, 0x0013 1xs 1d 4i
PASS: 8b, 0x0013 16xs 1d 4i
PASS: 8b, 0x0013 1xv 1d 4i
PASS: 8b, 0x0013 16xv 1d 4i
FAIL: 8b, 0x0013 1xs 2d 4i
1xs 2d 4i: Got 0000093E vs 0000093D: FAIL
PASS: 8b, 0x0013 16xs 2d 4i
PASS: 8b, 0x0013 1xv 2d 4i
PASS: 8b, 0x0013 16xv 2d 4i
PASS: 8b, 0x0013 1xs 4d 4i
PASS: 8b, 0x0013 16xs 4d 4i
PASS: 8b, 0x0013 1xv 4d 4i
PASS: 8b, 0x0013 16xv 4d 4i
Timer count-up test: 10b, 0x0010
PASS: 10b, 0x0010 1xs 1d 1i
PASS: 10b, 0x0010 16xs 1d 1i
PASS: 10b, 0x0010 1xv 1d 1i
PASS: 10b, 0x0010 16xv 1d 1i
PASS: 10b, 0x0010 1xs 2d 1i
PASS: 10b, 0x0010 16xs 2d 1i
PASS: 10b, 0x0010 1xv 2d 1i
PASS: 10b, 0x0010 16xv 2d 1i
PASS: 10b, 0x0010 1xs 4d 1i
PASS: 10b, 0x0010 16xs 4d 1i
PASS: 10b, 0x0010 1xv 4d 1i
PASS: 10b, 0x0010 16xv 4d 1i
PASS: 10b, 0x0010 1xs 1d 2i
PASS: 10b, 0x0010 16xs 1d 2i
PASS: 10b, 0x0010 1xv 1d 2i
PASS: 10b, 0x0010 16xv 1d 2i
FAIL: 10b, 0x0010 1xs 2d 2i
1xs 2d 2i: Got 00000FDC vs 00000FDB: FAIL
PASS: 10b, 0x0010 16xs 2d 2i
PASS: 10b, 0x0010 1xv 2d 2i
PASS: 10b, 0x0010 16xv 2d 2i
PASS: 10b, 0x0010 1xs 4d 2i
PASS: 10b, 0x0010 16xs 4d 2i
PASS: 10b, 0x0010 1xv 4d 2i
PASS: 10b, 0x0010 16xv 4d 2i
PASS: 10b, 0x0010 1xs 1d 4i
PASS: 10b, 0x0010 16xs 1d 4i
PASS: 10b, 0x0010 1xv 1d 4i
PASS: 10b, 0x0010 16xv 1d 4i
FAIL: 10b, 0x0010 1xs 2d 4i
1xs 2d 4i: Got 00001FBE vs 00001FBD: FAIL
FAIL: 10b, 0x0010 16xs 2d 4i
16xs 2d 4i: Got 0000B0B0 vs 0000B0A0: FAIL
PASS: 10b, 0x0010 1xv 2d 4i
PASS: 10b, 0x0010 16xv 2d 4i
PASS: 10b, 0x0010 1xs 4d 4i
PASS: 10b, 0x0010 16xs 4d 4i
PASS: 10b, 0x0010 1xv 4d 4i
PASS: 10b, 0x0010 16xv 4d 4i
Timer count-up test: 10b, 0x0011
PASS: 10b, 0x0011 1xs 1d 1i
PASS: 10b, 0x0011 16xs 1d 1i
PASS: 10b, 0x0011 1xv 1d 1i
PASS: 10b, 0x0011 16xv 1d 1i
PASS: 10b, 0x0011 1xs 2d 1i
PASS: 10b, 0x0011 16xs 2d 1i
PASS: 10b, 0x0011 1xv 2d 1i
PASS: 10b, 0x0011 16xv 2d 1i
PASS: 10b, 0x0011 1xs 4d 1i
PASS: 10b, 0x0011 16xs 4d 1i
PASS: 10b, 0x0011 1xv 4d 1i
PASS: 10b, 0x0011 16xv 4d 1i
PASS: 10b, 0x0011 1xs 1d 2i
PASS: 10b, 0x0011 16xs 1d 2i
PASS: 10b, 0x0011 1xv 1d 2i
PASS: 10b, 0x0011 16xv 1d 2i
FAIL: 10b, 0x0011 1xs 2d 2i
1xs 2d 2i: Got 000010DC vs 000010DB: FAIL
PASS: 10b, 0x0011 16xs 2d 2i
PASS: 10b, 0x0011 1xv 2d 2i
PASS: 10b, 0x0011 16xv 2d 2i
PASS: 10b, 0x0011 1xs 4d 2i
PASS: 10b, 0x0011 16xs 4d 2i
PASS: 10b, 0x0011 1xv 4d 2i
PASS: 10b, 0x0011 16xv 4d 2i
PASS: 10b, 0x0011 1xs 1d 4i
PASS: 10b, 0x0011 16xs 1d 4i
PASS: 10b, 0x0011 1xv 1d 4i
PASS: 10b, 0x0011 16xv 1d 4i
FAIL: 10b, 0x0011 1xs 2d 4i
1xs 2d 4i: Got 000021BE vs 000021BD: FAIL
PASS: 10b, 0x0011 16xs 2d 4i
PASS: 10b, 0x0011 1xv 2d 4i
PASS: 10b, 0x0011 16xv 2d 4i
PASS: 10b, 0x0011 1xs 4d 4i
PASS: 10b, 0x0011 16xs 4d 4i
PASS: 10b, 0x0011 1xv 4d 4i
PASS: 10b, 0x0011 16xv 4d 4i
Timer count-up test: 10b, 0x0012
PASS: 10b, 0x0012 1xs 1d 1i
PASS: 10b, 0x0012 16xs 1d 1i
PASS: 10b, 0x0012 1xv 1d 1i
PASS: 10b, 0x0012 16xv 1d 1i
PASS: 10b, 0x0012 1xs 2d 1i
PASS: 10b, 0x0012 16xs 2d 1i
PASS: 10b, 0x0012 1xv 2d 1i
PASS: 10b, 0x0012 16xv 2d 1i
PASS: 10b, 0x0012 1xs 4d 1i
PASS: 10b, 0x0012 16xs 4d 1i
PASS: 10b, 0x0012 1xv 4d 1i
PASS: 10b, 0x0012 16xv 4d 1i
PASS: 10b, 0x0012 1xs 1d 2i
PASS: 10b, 0x0012 16xs 1d 2i
PASS: 10b, 0x0012 1xv 1d 2i
PASS: 10b, 0x0012 16xv 1d 2i
FAIL: 10b, 0x0012 1xs 2d 2i
1xs 2d 2i: Got 000011DC vs 000011DB: FAIL
PASS: 10b, 0x0012 16xs 2d 2i
PASS: 10b, 0x0012 1xv 2d 2i
PASS: 10b, 0x0012 16xv 2d 2i
PASS: 10b, 0x0012 1xs 4d 2i
PASS: 10b, 0x0012 16xs 4d 2i
PASS: 10b, 0x0012 1xv 4d 2i
PASS: 10b, 0x0012 16xv 4d 2i
PASS: 10b, 0x0012 1xs 1d 4i
PASS: 10b, 0x0012 16xs 1d 4i
PASS: 10b, 0x0012 1xv 1d 4i
PASS: 10b, 0x0012 16xv 1d 4i
FAIL: 10b, 0x0012 1xs 2d 4i
1xs 2d 4i: Got 000023BE vs 000023BD: FAIL
PASS: 10b, 0x0012 16xs 2d 4i
PASS: 10b, 0x0012 1xv 2d 4i
PASS: 10b, 0x0012 16xv 2d 4i
PASS: 10b, 0x0012 1xs 4d 4i
PASS: 10b, 0x0012 16xs 4d 4i
PASS: 10b, 0x0012 1xv 4d 4i
PASS: 10b, 0x0012 16xv 4d 4i
Timer count-up test: 10b, 0x0013
PASS: 10b, 0x0013 1xs 1d 1i
PASS: 10b, 0x0013 16xs 1d 1i
PASS: 10b, 0x0013 1xv 1d 1i
PASS: 10b, 0x0013 16xv 1d 1i
PASS: 10b, 0x0013 1xs 2d 1i
PASS: 10b, 0x0013 16xs 2d 1i
PASS: 10b, 0x0013 1xv 2d 1i
PASS: 10b, 0x0013 16xv 2d 1i
PASS: 10b, 0x0013 1xs 4d 1i
PASS: 10b, 0x0013 16xs 4d 1i
PASS: 10b, 0x0013 1xv 4d 1i
PASS: 10b, 0x0013 16xv 4d 1i
PASS: 10b, 0x0013 1xs 1d 2i
PASS: 10b, 0x0013 16xs 1d 2i
PASS: 10b, 0x0013 1xv 1d 2i
PASS: 10b, 0x0013 16xv 1d 2i
FAIL: 10b, 0x0013 1xs 2d 2i
1xs 2d 2i: Got 000012DC vs 000012DB: FAIL
PASS: 10b, 0x0013 16xs 2d 2i
PASS: 10b, 0x0013 1xv 2d 2i
PASS: 10b, 0x0013 16xv 2d 2i
PASS: 10b, 0x0013 1xs 4d 2i
PASS: 10b, 0x0013 16xs 4d 2i
PASS: 10b, 0x0013 1xv 4d 2i
PASS: 10b, 0x0013 16xv 4d 2i
PASS: 10b, 0x0013 1xs 1d 4i
PASS: 10b, 0x0013 16xs 1d 4i
PASS: 10b, 0x0013 1xv 1d 4i
PASS: 10b, 0x0013 16xv 1d 4i
FAIL: 10b, 0x0013 1xs 2d 4i
1xs 2d 4i: Got 000025BE vs 000025BD: FAIL
PASS: 10b, 0x0013 16xs 2d 4i
PASS: 10b, 0x0013 1xv 2d 4i
PASS: 10b, 0x0013 16xv 2d 4i
PASS: 10b, 0x0013 1xs 4d 4i
PASS: 10b, 0x0013 16xs 4d 4i
PASS: 10b, 0x0013 1xv 4d 4i
PASS: 10b, 0x0013 16xv 4d 4i
[sram]
Game Boy Advance Test Suite
===
Timer count-up test: 0b, 0x0001
Timer count-up test: 0b, 0x0005
1xs 1d 1i: Got 00000002 vs 00000003: FAIL
1xv 1d 1i: Got FFFD vs FFFF: FAIL
1xs 2d 1i: Got 00000002 vs 00000003: FAIL
1xv 2d 1i: Got FFFD vs FFFF: FAIL
1xs 4d 1i: Got 00000002 vs 00000003: FAIL
1xv 4d 1i: Got FFFD vs FFFF: FAIL
1xs 1d 2i: Got 00000002 vs 00000003: FAIL
1xv 1d 2i: Got FFFD vs FFFB: FAIL
16xv 1d 2i: Got FFFD vs FFFE: FAIL
1xs 2d 2i: Got 00000002 vs 00000003: FAIL
1xv 2d 2i: Got FFFD vs FFFB: FAIL
16xv 2d 2i: Got FFFD vs FFFE: FAIL
1xs 4d 2i: Got 00000002 vs 00000003: FAIL
1xv 4d 2i: Got FFFD vs FFFB: FAIL
16xv 4d 2i: Got FFFD vs FFFE: FAIL
1xs 1d 4i: Got 00000002 vs 00000003: FAIL
16xv 1d 4i: Got FFFD vs FFFB: FAIL
1xs 2d 4i: Got 00000002 vs 00000003: FAIL
16xv 2d 4i: Got FFFD vs FFFB: FAIL
1xs 4d 4i: Got 00000002 vs 00000003: FAIL
16xv 4d 4i: Got FFFD vs FFFB: FAIL
Timer count-up test: 0b, 0x000C
16xs 1d 1i: Got 00000010 vs 00000020: FAIL
16xv 1d 1i: Got FFFC vs FFFE: FAIL
16xs 2d 1i: Got 00000010 vs 00000020: FAIL
16xv 2d 1i: Got FFFC vs FFFE: FAIL
16xs 4d 1i: Got 00000010 vs 00000020: FAIL
16xv 4d 1i: Got FFFC vs FFFE: FAIL
16xs 1d 2i: Got 00000010 vs 00000020: FAIL
1xv 1d 2i: Got FFFC vs FFFD: FAIL
16xv 1d 2i: Got FFFC vs FFFF: FAIL
16xs 2d 2i: Got 00000010 vs 00000020: FAIL
1xv 2d 2i: Got FFFC vs FFFD: FAIL
16xv 2d 2i: Got FFFC vs FFFF: FAIL
16xs 4d 2i: Got 00000010 vs 00000020: FAIL
1xv 4d 2i: Got FFFC vs FFFD: FAIL
16xv 4d 2i: Got FFFC vs FFFF: FAIL
16xs 1d 4i: Got 00000010 vs 00000020: FAIL
1xv 1d 4i: Got FFFC vs FFFF: FAIL
16xv 1d 4i: Got FFFC vs FFF5: FAIL
16xs 2d 4i: Got 00000010 vs 00000020: FAIL
1xv 2d 4i: Got FFFC vs FFFF: FAIL
16xv 2d 4i: Got FFFC vs FFF5: FAIL
16xs 4d 4i: Got 00000010 vs 00000020: FAIL
1xv 4d 4i: Got FFFC vs FFFF: FAIL
16xv 4d 4i: Got FFFC vs FFF5: FAIL
Timer count-up test: 0b, 0x000D
1xs 1d 1i: Got 00000003 vs 00000004: FAIL
1xv 1d 1i: Got FFF4 vs FFF6: FAIL
16xv 1d 1i: Got FFF6 vs FFF5: FAIL
1xs 2d 1i: Got 00000003 vs 00000004: FAIL
1xv 2d 1i: Got FFF4 vs FFF6: FAIL
16xv 2d 1i: Got FFF6 vs FFF5: FAIL
1xs 4d 1i: Got 00000003 vs 00000004: FAIL
1xv 4d 1i: Got FFF4 vs FFF6: FAIL
16xv 4d 1i: Got FFF6 vs FFF5: FAIL
1xs 1d 2i: Got 00000003 vs 00000004: FAIL
1xv 1d 2i: Got FFF7 vs FFFA: FAIL
1xs 2d 2i: Got 00000003 vs 00000004: FAIL
1xv 2d 2i: Got FFF7 vs FFFA: FAIL
1xs 4d 2i: Got 00000003 vs 00000004: FAIL
1xv 4d 2i: Got FFF7 vs FFFA: FAIL
1xs 1d 4i: Got 00000003 vs 00000004: FAIL
1xv 1d 4i: Got FFFD vs FFF5: FAIL
16xv 1d 4i: Got FFFF vs FFF4: FAIL
1xs 2d 4i: Got 00000003 vs 00000004: FAIL
1xv 2d 4i: Got FFFD vs FFF5: FAIL
16xv 2d 4i: Got FFFF vs FFF4: FAIL
1xs 4d 4i: Got 00000003 vs 00000004: FAIL
1xv 4d 4i: Got FFFD vs FFF5: FAIL
16xv 4d 4i: Got FFFF vs FFF4: FAIL
Timer count-up test: 0b, 0x0010
16xv 1d 1i: Got FFFC vs FFFE: FAIL
16xv 2d 1i: Got FFFC vs FFFE: FAIL
16xv 4d 1i: Got FFFC vs FFFE: FAIL
1xv 1d 2i: Got FFF4 vs FFF5: FAIL
16xv 1d 2i: Got FFF4 vs FFF7: FAIL
1xv 2d 2i: Got FFF4 vs FFF5: FAIL
16xv 2d 2i: Got FFF4 vs FFF7: FAIL
1xv 4d 2i: Got FFF4 vs FFF5: FAIL
16xv 4d 2i: Got FFF4 vs FFF7: FAIL
1xv 1d 4i: Got FFF4 vs FFF7: FAIL
16xv 1d 4i: Got FFF4 vs FFF9: FAIL
1xv 2d 4i: Got FFF4 vs FFF7: FAIL
16xv 2d 4i: Got FFF4 vs FFF9: FAIL
1xv 4d 4i: Got FFF4 vs FFF7: FAIL
16xv 4d 4i: Got FFF4 vs FFF9: FAIL
Timer count-up test: 0b, 0x0014
1xv 1d 2i: Got FFF8 vs FFF9: FAIL
16xv 1d 2i: Got FFF8 vs FFF9: FAIL
1xv 2d 2i: Got FFF8 vs FFF9: FAIL
16xv 2d 2i: Got FFF8 vs FFF9: FAIL
1xv 4d 2i: Got FFF8 vs FFF9: FAIL
16xv 4d 2i: Got FFF8 vs FFF9: FAIL
1xv 1d 4i: Got FFF8 vs FFFB: FAIL
16xv 1d 4i: Got FFF8 vs FFFB: FAIL
1xv 2d 4i: Got FFF8 vs FFFB: FAIL
16xv 2d 4i: Got FFF8 vs FFFB: FAIL
1xv 4d 4i: Got FFF8 vs FFFB: FAIL
16xv 4d 4i: Got FFF8 vs FFFB: FAIL
Timer count-up test: 0b, 0x0015
1xs 1d 1i: Got 00000004 vs 00000005: FAIL
1xv 1d 1i: Got FFF3 vs FFF5: FAIL
1xs 2d 1i: Got 00000004 vs 00000005: FAIL
1xv 2d 1i: Got FFF3 vs FFF5: FAIL
1xs 4d 1i: Got 00000004 vs 00000005: FAIL
1xv 4d 1i: Got FFF3 vs FFF5: FAIL
1xs 1d 2i: Got 00000004 vs 00000005: FAIL
1xv 1d 2i: Got FFED vs FFF0: FAIL
16xv 1d 2i: Got FFED vs FFEE: FAIL
1xs 2d 2i: Got 00000004 vs 00000005: FAIL
1xv 2d 2i: Got FFED vs FFF0: FAIL
16xv 2d 2i: Got FFED vs FFEE: FAIL
1xs 4d 2i: Got 00000004 vs 00000005: FAIL
1xv 4d 2i: Got FFED vs FFF0: FAIL
16xv 4d 2i: Got FFED vs FFEE: FAIL
1xs 1d 4i: Got 00000004 vs 00000005: FAIL
1xv 1d 4i: Got FFF6 vs FFFB: FAIL
16xv 1d 4i: Got FFF6 vs FFF9: FAIL
1xs 2d 4i: Got 00000004 vs 00000005: FAIL
1xv 2d 4i: Got FFF6 vs FFFB: FAIL
16xv 2d 4i: Got FFF6 vs FFF9: FAIL
1xs 4d 4i: Got 00000004 vs 00000005: FAIL
1xv 4d 4i: Got FFF6 vs FFFB: FAIL
16xv 4d 4i: Got FFF6 vs FFF9: FAIL
Timer count-up test: 0b, 0x0020
1xv 1d 2i: Got FFF4 vs FFF5: FAIL
16xv 1d 2i: Got FFF4 vs FFF5: FAIL
1xv 2d 2i: Got FFF4 vs FFF5: FAIL
16xv 2d 2i: Got FFF4 vs FFF5: FAIL
1xv 4d 2i: Got FFF4 vs FFF5: FAIL
16xv 4d 2i: Got FFF4 vs FFF5: FAIL
1xv 1d 4i: Got FFE4 vs FFE7: FAIL
16xv 1d 4i: Got FFE4 vs FFE7: FAIL
1xv 2d 4i: Got FFE4 vs FFE7: FAIL
16xv 2d 4i: Got FFE4 vs FFE7: FAIL
1xv 4d 4i: Got FFE4 vs FFE7: FAIL
16xv 4d 4i: Got FFE4 vs FFE7: FAIL
Timer count-up test: 0b, 0x0024
16xv 1d 1i: Got FFF2 vs FFF1: FAIL
16xv 2d 1i: Got FFF2 vs FFF1: FAIL
16xv 4d 1i: Got FFF2 vs FFF1: FAIL
1xv 1d 2i: Got FFFC vs FFFD: FAIL
1xv 2d 2i: Got FFFC vs FFFD: FAIL
1xv 4d 2i: Got FFFC vs FFFD: FAIL
1xv 1d 4i: Got FFF0 vs FFF3: FAIL
16xv 1d 4i: Got FFF2 vs FFF4: FAIL
1xv 2d 4i: Got FFF0 vs FFF3: FAIL
16xv 2d 4i: Got FFF2 vs FFF4: FAIL
1xv 4d 4i: Got FFF0 vs FFF3: FAIL
16xv 4d 4i: Got FFF2 vs FFF4: FAIL
Timer count-up test: 0b, 0x0025
1xs 1d 1i: Got 00000006 vs 00000007: FAIL
1xv 1d 1i: Got FFED vs FFEF: FAIL
16xv 1d 1i: Got FFEE vs FFED: FAIL
1xs 2d 1i: Got 00000006 vs 00000007: FAIL
1xv 2d 1i: Got FFED vs FFEF: FAIL
16xv 2d 1i: Got FFEE vs FFED: FAIL
1xs 4d 1i: Got 00000006 vs 00000007: FAIL
1xv 4d 1i: Got FFED vs FFEF: FAIL
16xv 4d 1i: Got FFEE vs FFED: FAIL
1xs 1d 2i: Got 00000006 vs 00000007: FAIL
1xv 1d 2i: Got FFF6 vs FFF9: FAIL
1xs 2d 2i: Got 00000006 vs 00000007: FAIL
1xv 2d 2i: Got FFF6 vs FFF9: FAIL
1xs 4d 2i: Got 00000006 vs 00000007: FAIL
1xv 4d 2i: Got FFF6 vs FFF9: FAIL
1xs 1d 4i: Got 00000006 vs 00000007: FAIL
1xv 1d 4i: Got FFE3 vs FFE8: FAIL
16xv 1d 4i: Got FFE4 vs FFE6: FAIL
1xs 2d 4i: Got 00000006 vs 00000007: FAIL
1xv 2d 4i: Got FFE3 vs FFE8: FAIL
16xv 2d 4i: Got FFE4 vs FFE6: FAIL
1xs 4d 4i: Got 00000006 vs 00000007: FAIL
1xv 4d 4i: Got FFE3 vs FFE8: FAIL
16xv 4d 4i: Got FFE4 vs FFE6: FAIL
Timer count-up test: 0b, 0x0040
16xv 1d 1i: Got FFDD vs FFDC: FAIL
16xv 2d 1i: Got FFDD vs FFDC: FAIL
16xv 4d 1i: Got FFDD vs FFDC: FAIL
1xv 1d 4i: Got FFDC vs FFDE: FAIL
16xv 1d 4i: Got FFDC vs FFDE: FAIL
1xv 2d 4i: Got FFDC vs FFDE: FAIL
16xv 2d 4i: Got FFDC vs FFDE: FAIL
1xv 4d 4i: Got FFDC vs FFDE: FAIL
16xv 4d 4i: Got FFDC vs FFDE: FAIL
Timer count-up test: 0b, 0x0080
16xv 1d 1i: Got FFDE vs FFDD: FAIL
16xv 2d 1i: Got FFDE vs FFDD: FAIL
16xv 4d 1i: Got FFDE vs FFDD: FAIL
16xs 1d 4i: Got 00000080 vs 00000070: FAIL
1xv 1d 4i: Got FFDC vs FFDE: FAIL
16xv 1d 4i: Got FFDD vs FFDC: FAIL
16xs 2d 4i: Got 00000080 vs 00000070: FAIL
1xv 2d 4i: Got FFDC vs FFDE: FAIL
16xv 2d 4i: Got FFDD vs FFDC: FAIL
16xs 4d 4i: Got 00000080 vs 00000070: FAIL
1xv 4d 4i: Got FFDC vs FFDE: FAIL
16xv 4d 4i: Got FFDD vs FFDC: FAIL
Timer count-up test: 0b, 0x0800
1xv 1d 4i: Got F85C vs F85E: FAIL
1xv 2d 4i: Got F85C vs F85E: FAIL
1xv 4d 4i: Got F85C vs F85E: FAIL
Timer count-up test: 0b, 0x8000
16xv 1d 1i: Got 805C vs 805E: FAIL
16xv 2d 1i: Got 805C vs 805E: FAIL
16xv 4d 1i: Got 805C vs 805E: FAIL
1xv 1d 4i: Got 805C vs 805E: FAIL
1xv 2d 4i: Got 805C vs 805E: FAIL
1xv 4d 4i: Got 805C vs 805E: FAIL
Timer count-up test: 6b, 0x0010
1xs 2d 2i: Got 000000EC vs 000000EB: FAIL
1xs 2d 4i: Got 000001CE vs 000001CD: FAIL
Timer count-up test: 6b, 0x0011
1xs 2d 2i: Got 000000FC vs 000000FB: FAIL
1xs 2d 4i: Got 000001EE vs 000001ED: FAIL
Timer count-up test: 6b, 0x0012
1xs 2d 2i: Got 0000010C vs 0000010B: FAIL
1xs 2d 4i: Got 0000020E vs 0000020D: FAIL
Timer count-up test: 6b, 0x0013
1xs 2d 2i: Got 0000011C vs 0000011B: FAIL
1xs 2d 4i: Got 0000022E vs 0000022D: FAIL
16xs 4d 4i: Got 00000C50 vs 00000C40: FAIL
Timer count-up test: 8b, 0x0010
1xs 2d 2i: Got 000003DC vs 000003DB: FAIL
1xs 2d 4i: Got 000007BE vs 000007BD: FAIL
16xs 2d 4i: Got 00002B20 vs 00002B10: FAIL
Timer count-up test: 8b, 0x0011
1xs 2d 2i: Got 0000041C vs 0000041B: FAIL
1xs 2d 4i: Got 0000083E vs 0000083D: FAIL
Timer count-up test: 8b, 0x0012
1xs 2d 2i: Got 0000045C vs 0000045B: FAIL
1xs 2d 4i: Got 000008BE vs 000008BD: FAIL
16xs 2d 4i: Got 000030B0 vs 000030A0: FAIL
Timer count-up test: 8b, 0x0013
1xs 2d 2i: Got 0000049C vs 0000049B: FAIL
1xs 2d 4i: Got 0000093E vs 0000093D: FAIL
Timer count-up test: 10b, 0x0010
1xs 2d 2i: Got 00000FDC vs 00000FDB: FAIL
1xs 2d 4i: Got 00001FBE vs 00001FBD: FAIL
16xs 2d 4i: Got 0000B0B0 vs 0000B0A0: FAIL
Timer count-up test: 10b, 0x0011
1xs 2d 2i: Got 000010DC vs 000010DB: FAIL
1xs 2d 4i: Got 000021BE vs 000021BD: FAIL
Timer count-up test: 10b, 0x0012
1xs 2d 2i: Got 000011DC vs 000011DB: FAIL
1xs 2d 4i: Got 000023BE vs 000023BD: FAIL
Timer count-up test: 10b, 0x0013
1xs 2d 2i: Got 000012DC vs 000012DB: FAIL
1xs 2d 4i: Got 000025BE vs 000025BD: FAIL

=== Summary ===
No END: summaries were emitted yet; use the per-suite SRAM output above.
